flutter : /C:/Users/Jacob/AppData/Local/Temp/flutter_tools.
5efd271/flutter_test_listener.c2bcf285/listener.dart:19:21:
 Error: Undefined name 'main'.
At line:1 char:1
+ flutter test > test_output.txt 2>&1
+ ~~~~~~~~~~~~~~~~~~~~~~~~~~~~~~~~~~~
    + CategoryInfo          : NotSpecified: (/C:/Users/Jac 
   ob...ed name 'main'.:String) [], RemoteException
    + FullyQualifiedErrorId : NativeCommandError
 
  await Future(test.main);
                    ^^^^
00:00 +0 -1: loading C:/dev/AstroYorumAI/test/integration/cloud_sync_integration_test.dart [E]
  Failed to load "C:/dev/AstroYorumAI/test/integration/cloud_sync_integration_test.dart": Compilation failed for testPath=C:/dev/AstroYorumAI/test/integration/cloud_sync_integration_test.dart
  Exception: the Dart compiler exited unexpectedly.
  package:flutter_tools/src/base/common.dart 10:3  throwToolExit
  package:flutter_tools/src/compile.dart 828:9     DefaultResidentCompiler._compile.<fn>
  dart:async/zone.dart 1407:47                     _rootRunUnary
  dart:async/zone.dart 1308:19                     _CustomZone.runUnary
  
/C:/Users/Jacob/AppData/Local/Temp/flutter_tools.5efd271/fl
utter_test_listener.1c91d89d/listener.dart:19:21: Error: Un
defined name 'main'.
  await Future(test.main);
                    ^^^^
00:00 +0 -2: loading C:/dev/AstroYorumAI/test/mock_test.dart [E]
  Failed to load "C:/dev/AstroYorumAI/test/mock_test.dart": Compilation failed for testPath=C:/dev/AstroYorumAI/test/mock_test.dart
00:00 +0 -2: loading C:/dev/AstroYorumAI/test/integration/cloud_sync_integration_test.dart [E]
  Exception: the Dart compiler exited unexpectedly.
  package:flutter_tools/src/base/common.dart 10:3  throwToolExit
  package:flutter_tools/src/compile.dart 828:9     DefaultResidentCompiler._compile.<fn>
  dart:async/zone.dart 1407:47                     _rootRunUnary
  dart:async/zone.dart 1308:19                     _CustomZone.runUnary
  
00:00 +0 -2: C:/dev/AstroYorumAI/test/screens/astrology_calendar_screen_test.dart: AstrologyCalendarScreen Widget Tests Displays correct events for selected date range
00:00 +1 -2: C:/dev/AstroYorumAI/test/screens/auth_screen_test.dart: AuthScreen Widget Tests should display sign in form by default
00:00 +2 -2: C:/dev/AstroYorumAI/test/screens/auth_screen_test.dart: AuthScreen Widget Tests should display sign in form by default
00:00 +3 -2: C:/dev/AstroYorumAI/test/screens/auth_screen_test.dart: AuthScreen Widget Tests should display sign in form by default
00:00 +3 -2: C:/dev/AstroYorumAI/test/screens/astrology_calendar_screen_test.dart: AstrologyCalendarScreen Widget Tests Date range selection filters events correctly
ÔòÉÔòÉÔòí EXCEPTION CAUGHT BY FLUTTER TEST FRAMEWORK ÔòŞÔòÉÔòÉÔòÉÔòÉÔòÉÔòÉÔòÉÔòÉÔòÉÔòÉÔòÉÔòÉÔòÉÔòÉÔòÉÔòÉÔòÉÔòÉÔòÉÔòÉÔòÉÔòÉÔòÉÔòÉÔòÉÔòÉÔòÉÔòÉÔòÉÔòÉÔòÉÔòÉÔòÉÔòÉÔòÉÔòÉÔòÉÔòÉÔòÉÔòÉÔòÉÔòÉÔòÉÔòÉÔòÉÔòÉÔòÉÔòÉÔòÉÔòÉÔòÉÔòÉ
The following TestFailure was thrown running a test:
Expected: exactly one matching node in the widget tree
  Actual: _KeyFinder:<zero widgets with key [<'dateRangeButton'>] (ignoring offstage widgets)>
   Which: means none were found but one was expected

When the exception was thrown, this was the stack:
#4      main.<anonymous closure>.<anonymous closure> (file:///C:/dev/AstroYorumAI/test/screens/astrology_calendar_screen_test.dart:40:7)
<asynchronous suspension>
<asynchronous suspension>
(elided one frame from package:stack_trace)

This was caught by the test expectation on the following line:
  file:///C:/dev/AstroYorumAI/test/screens/astrology_calendar_screen_test.dart line 40
The test description was:
  Date range selection filters events correctly
ÔòÉÔòÉÔòÉÔòÉÔòÉÔòÉÔòÉÔòÉÔòÉÔòÉÔòÉÔòÉÔòÉÔòÉÔòÉÔòÉÔòÉÔòÉÔòÉÔòÉÔòÉÔòÉÔòÉÔòÉÔòÉÔòÉÔòÉÔòÉÔòÉÔòÉÔòÉÔòÉÔòÉÔòÉÔòÉÔòÉÔòÉÔòÉÔòÉÔòÉÔòÉÔòÉÔòÉÔòÉÔòÉÔòÉÔòÉÔòÉÔòÉÔòÉÔòÉÔòÉÔòÉÔòÉÔòÉÔòÉÔòÉÔòÉÔòÉÔòÉÔòÉÔòÉÔòÉÔòÉÔòÉÔòÉÔòÉÔòÉÔòÉÔòÉÔòÉÔòÉÔòÉÔòÉÔòÉÔòÉÔòÉÔòÉÔòÉÔòÉÔòÉÔòÉÔòÉÔòÉÔòÉÔòÉÔòÉÔòÉÔòÉÔòÉÔòÉÔòÉÔòÉÔòÉÔòÉÔòÉÔòÉÔòÉÔòÉÔòÉ
00:00 +3 -3: C:/dev/AstroYorumAI/test/screens/auth_screen_test.dart: AuthScreen Widget Tests should display sign in form by default
00:00 +3 -3: C:/dev/AstroYorumAI/test/screens/astrology_calendar_screen_test.dart: AstrologyCalendarScreen Widget Tests Date range selection filters events correctly [E]
  Test failed. See exception logs above.
  The test description was: Date range selection filters events correctly
  
00:00 +3 -3: C:/dev/AstroYorumAI/test/screens/astrology_calendar_screen_test.dart: AstrologyCalendarScreen Widget Tests Today filter displays only todayÔÇÖs events
ÔòÉÔòÉÔòí EXCEPTION CAUGHT BY FLUTTER TEST FRAMEWORK ÔòŞÔòÉÔòÉÔòÉÔòÉÔòÉÔòÉÔòÉÔòÉÔòÉÔòÉÔòÉÔòÉÔòÉÔòÉÔòÉÔòÉÔòÉÔòÉÔòÉÔòÉÔòÉÔòÉÔòÉÔòÉÔòÉÔòÉÔòÉÔòÉÔòÉÔòÉÔòÉÔòÉÔòÉÔòÉÔòÉÔòÉÔòÉÔòÉÔòÉÔòÉÔòÉÔòÉÔòÉÔòÉÔòÉÔòÉÔòÉÔòÉÔòÉÔòÉÔòÉÔòÉ
The following assertion was thrown running a test:
The finder "zero widgets with text "Today" (ignoring offstage widgets)" (used in a call to "tap()")
could not find any matching widgets.

When the exception was thrown, this was the stack:
#0      WidgetController._getElementPoint (package:flutter_test/src/controller.dart:1293:7)
#1      WidgetController.getCenter (package:flutter_test/src/controller.dart:1232:12)
#2      WidgetController.tap (package:flutter_test/src/controller.dart:554:18)
#3      main.<anonymous closure>.<anonymous closure> (file:///C:/dev/AstroYorumAI/test/screens/astrology_calendar_screen_test.dart:55:20)
<asynchronous suspension>
<asynchronous suspension>
(elided one frame from package:stack_trace)

The test description was:
  Today filter displays only todayÔÇÖs events
ÔòÉÔòÉÔòÉÔòÉÔòÉÔòÉÔòÉÔòÉÔòÉÔòÉÔòÉÔòÉÔòÉÔòÉÔòÉÔòÉÔòÉÔòÉÔòÉÔòÉÔòÉÔòÉÔòÉÔòÉÔòÉÔòÉÔòÉÔòÉÔòÉÔòÉÔòÉÔòÉÔòÉÔòÉÔòÉÔòÉÔòÉÔòÉÔòÉÔòÉÔòÉÔòÉÔòÉÔòÉÔòÉÔòÉÔòÉÔòÉÔòÉÔòÉÔòÉÔòÉÔòÉÔòÉÔòÉÔòÉÔòÉÔòÉÔòÉÔòÉÔòÉÔòÉÔòÉÔòÉÔòÉÔòÉÔòÉÔòÉÔòÉÔòÉÔòÉÔòÉÔòÉÔòÉÔòÉÔòÉÔòÉÔòÉÔòÉÔòÉÔòÉÔòÉÔòÉÔòÉÔòÉÔòÉÔòÉÔòÉÔòÉÔòÉÔòÉÔòÉÔòÉÔòÉÔòÉÔòÉÔòÉÔòÉÔòÉÔòÉ
00:00 +3 -4: C:/dev/AstroYorumAI/test/screens/auth_screen_test.dart: AuthScreen Widget Tests should display sign in form by default
00:00 +3 -4: C:/dev/AstroYorumAI/test/screens/astrology_calendar_screen_test.dart: AstrologyCalendarScreen Widget Tests Today filter displays only todayÔÇÖs events [E]
  Test failed. See exception logs above.
  The test description was: Today filter displays only todayÔÇÖs events
  
00:00 +3 -4: C:/dev/AstroYorumAI/test/screens/astrology_calendar_screen_test.dart: AstrologyCalendarScreen Widget Tests Add New Event opens form and saves event
ÔòÉÔòÉÔòí EXCEPTION CAUGHT BY FLUTTER TEST FRAMEWORK ÔòŞÔòÉÔòÉÔòÉÔòÉÔòÉÔòÉÔòÉÔòÉÔòÉÔòÉÔòÉÔòÉÔòÉÔòÉÔòÉÔòÉÔòÉÔòÉÔòÉÔòÉÔòÉÔòÉÔòÉÔòÉÔòÉÔòÉÔòÉÔòÉÔòÉÔòÉÔòÉÔòÉÔòÉÔòÉÔòÉÔòÉÔòÉÔòÉÔòÉÔòÉÔòÉÔòÉÔòÉÔòÉÔòÉÔòÉÔòÉÔòÉÔòÉÔòÉÔòÉÔòÉ
The following TestFailure was thrown running a test:
Expected: exactly one matching node in the widget tree
  Actual: _KeyFinder:<zero widgets with key [<'addEventButton'>] (ignoring offstage widgets)>
   Which: means none were found but one was expected

When the exception was thrown, this was the stack:
#4      main.<anonymous closure>.<anonymous closure> (file:///C:/dev/AstroYorumAI/test/screens/astrology_calendar_screen_test.dart:66:7)
<asynchronous suspension>
<asynchronous suspension>
(elided one frame from package:stack_trace)

This was caught by the test expectation on the following line:
  file:///C:/dev/AstroYorumAI/test/screens/astrology_calendar_screen_test.dart line 66
The test description was:
  Add New Event opens form and saves event
ÔòÉÔòÉÔòÉÔòÉÔòÉÔòÉÔòÉÔòÉÔòÉÔòÉÔòÉÔòÉÔòÉÔòÉÔòÉÔòÉÔòÉÔòÉÔòÉÔòÉÔòÉÔòÉÔòÉÔòÉÔòÉÔòÉÔòÉÔòÉÔòÉÔòÉÔòÉÔòÉÔòÉÔòÉÔòÉÔòÉÔòÉÔòÉÔòÉÔòÉÔòÉÔòÉÔòÉÔòÉÔòÉÔòÉÔòÉÔòÉÔòÉÔòÉÔòÉÔòÉÔòÉÔòÉÔòÉÔòÉÔòÉÔòÉÔòÉÔòÉÔòÉÔòÉÔòÉÔòÉÔòÉÔòÉÔòÉÔòÉÔòÉÔòÉÔòÉÔòÉÔòÉÔòÉÔòÉÔòÉÔòÉÔòÉÔòÉÔòÉÔòÉÔòÉÔòÉÔòÉÔòÉÔòÉÔòÉÔòÉÔòÉÔòÉÔòÉÔòÉÔòÉÔòÉÔòÉÔòÉÔòÉÔòÉÔòÉÔòÉ
00:00 +3 -5: C:/dev/AstroYorumAI/test/screens/auth_screen_test.dart: AuthScreen Widget Tests should display sign in form by default
00:00 +3 -5: C:/dev/AstroYorumAI/test/screens/astrology_calendar_screen_test.dart: AstrologyCalendarScreen Widget Tests Add New Event opens form and saves event [E]
  Test failed. See exception logs above.
  The test description was: Add New Event opens form and saves event
  
00:00 +4 -5: C:/dev/AstroYorumAI/test/screens/basic_form_validation_test.dart: Basic form validation test
00:01 +5 -5: C:/dev/AstroYorumAI/test/screens/basic_form_validation_test.dart: Basic form validation test
00:01 +6 -5: C:/dev/AstroYorumAI/test/screens/basic_form_validation_test.dart: Basic form validation test
Validation error found: true
00:01 +7 -5: C:/dev/AstroYorumAI/test/screens/birth_info_comprehensive_test.dart: BirthInfoScreen Comprehensive Validation Tests Should show validation errors for invalid coordinates with all required fields
00:01 +8 -5: C:/dev/AstroYorumAI/test/screens/birth_info_comprehensive_test.dart: BirthInfoScreen Comprehensive Validation Tests Should show validation errors for invalid coordinates with all required fields
00:01 +9 -5: C:/dev/AstroYorumAI/test/screens/birth_info_comprehensive_test.dart: BirthInfoScreen Comprehensive Validation Tests Should show validation errors for invalid coordinates with all required fields
00:01 +10 -5: C:/dev/AstroYorumAI/test/screens/birth_info_comprehensive_test.dart: BirthInfoScreen Comprehensive Validation Tests Should show validation errors for invalid coordinates with all required fields
00:01 +11 -5: C:/dev/AstroYorumAI/test/screens/birth_info_comprehensive_test.dart: BirthInfoScreen Comprehensive Validation Tests Should show validation errors for invalid coordinates with all required fields
=== BEFORE SUBMIT (all fields set) ===
00:01 +12 -5: C:/dev/AstroYorumAI/test/screens/birth_info_comprehensive_test.dart: BirthInfoScreen Comprehensive Validation Tests Should show validation errors for invalid coordinates with all required fields
Name field value: "Test User"
Latitude field value: "95.0"
Longitude field value: "190.0"
Submit button found: 1
Button onPressed is null (disabled): false
Attempting to tap submit button...
=== AFTER SUBMIT (all fields set) ===
All text widgets:
  Text: "Ad Soyad"
  Text: "Do─şum Tarihi: 01/01/2000"
  Text: "Tarih Se├ğ"
  Text: "Do─şum Saati: 12:00"
  Text: "Saat Se├ğ"
  Text: "Do─şum Yeri (┼Şehir, ├£lke)"
  Text: "├ûrn: Ankara, T├╝rkiye (─░ste─şe ba─şl─▒)"
  Text: "Do─şum yerini girerseniz, enlem ve boylam otomatik olarak doldurulmaya ├ğal─▒┼ş─▒lacakt─▒r. Dilerseniz bu alanlar─▒ manuel olarak da girebilir veya d├╝zeltebilirsiniz."
  Text: "Enlem (Latitude)"
  Text: "├ûrn: 39.925533"
  Text: "Enlem -90 ile 90 aras─▒nda olmal─▒d─▒r"
  Text: "Boylam (Longitude)"
  Text: "├ûrn: 32.866287"
  Text: "Boylam -180 ile 180 aras─▒nda olmal─▒d─▒r"
  Text: "Natal Haritam─▒ Hesapla"
  Text: "Do─şum Bilgilerini Girin"
SUCCESS: Both validation error messages found!
00:02 +13 -5: C:/dev/AstroYorumAI/test/screens/birth_info_debug_test.dart: BirthInfoScreen Debug Tests DEBUG: What happens with invalid latitude?
00:02 +13 -5: C:/dev/AstroYorumAI/test/screens/birth_info_comprehensive_test.dart: BirthInfoScreen Comprehensive Validation Tests Should show LoadingIndicator during geocoding
=== DURING GEOCODING ===
LoadingIndicator found: 0
ÔòÉÔòÉÔòí EXCEPTION CAUGHT BY FLUTTER TEST FRAMEWORK ÔòŞÔòÉÔòÉÔòÉÔòÉÔòÉÔòÉÔòÉÔòÉÔòÉÔòÉÔòÉÔòÉÔòÉÔòÉÔòÉÔòÉÔòÉÔòÉÔòÉÔòÉÔòÉÔòÉÔòÉÔòÉÔòÉÔòÉÔòÉÔòÉÔòÉÔòÉÔòÉÔòÉÔòÉÔòÉÔòÉÔòÉÔòÉÔòÉÔòÉÔòÉÔòÉÔòÉÔòÉÔòÉÔòÉÔòÉÔòÉÔòÉÔòÉÔòÉÔòÉÔòÉ
The following TestFailure was thrown running a test:
Expected: exactly one matching node in the widget tree
  Actual: _WidgetTypeFinder:<zero widgets with type "LoadingIndicator" (ignoring offstage widgets)>
   Which: means none were found but one was expected

When the exception was thrown, this was the stack:
#4      main.<anonymous closure>.<anonymous closure> (file:///C:/dev/AstroYorumAI/test/screens/birth_info_comprehensive_test.dart:163:7)
<asynchronous suspension>
<asynchronous suspension>
(elided one frame from package:stack_trace)

This was caught by the test expectation on the following line:
  file:///C:/dev/AstroYorumAI/test/screens/birth_info_comprehensive_test.dart line 163
The test description was:
  Should show LoadingIndicator during geocoding
ÔòÉÔòÉÔòÉÔòÉÔòÉÔòÉÔòÉÔòÉÔòÉÔòÉÔòÉÔòÉÔòÉÔòÉÔòÉÔòÉÔòÉÔòÉÔòÉÔòÉÔòÉÔòÉÔòÉÔòÉÔòÉÔòÉÔòÉÔòÉÔòÉÔòÉÔòÉÔòÉÔòÉÔòÉÔòÉÔòÉÔòÉÔòÉÔòÉÔòÉÔòÉÔòÉÔòÉÔòÉÔòÉÔòÉÔòÉÔòÉÔòÉÔòÉÔòÉÔòÉÔòÉÔòÉÔòÉÔòÉÔòÉÔòÉÔòÉÔòÉÔòÉÔòÉÔòÉÔòÉÔòÉÔòÉÔòÉÔòÉÔòÉÔòÉÔòÉÔòÉÔòÉÔòÉÔòÉÔòÉÔòÉÔòÉÔòÉÔòÉÔòÉÔòÉÔòÉÔòÉÔòÉÔòÉÔòÉÔòÉÔòÉÔòÉÔòÉÔòÉÔòÉÔòÉÔòÉÔòÉÔòÉÔòÉÔòÉÔòÉ
00:02 +13 -6: C:/dev/AstroYorumAI/test/screens/birth_info_debug_test.dart: BirthInfoScreen Debug Tests DEBUG: What happens with invalid latitude?
00:02 +13 -6: C:/dev/AstroYorumAI/test/screens/birth_info_comprehensive_test.dart: BirthInfoScreen Comprehensive Validation Tests Should show LoadingIndicator during geocoding [E]
  Test failed. See exception logs above.
  The test description was: Should show LoadingIndicator during geocoding
  
00:02 +13 -6: C:/dev/AstroYorumAI/test/screens/birth_info_comprehensive_test.dart: BirthInfoScreen Comprehensive Validation Tests Should trigger onComplete callback with valid data
=== AFTER VALID SUBMIT ===
00:02 +13 -6: C:/dev/AstroYorumAI/test/screens/birth_info_direct_validation_test.dart: BirthInfoScreen Direct Validation Tests DEBUG: Force validation with Form.validate()
=== FORCING VALIDATION ===
Form validation result: false
=== AFTER FORCED VALIDATION ===
All text widgets:
  Text: "Ad Soyad"
  Text: "L├╝tfen ad─▒n─▒z─▒ ve soyad─▒n─▒z─▒ girin"
  Text: "Do─şum Tarihi Se├ğilmedi"
00:02 +13 -6: C:/dev/AstroYorumAI/test/screens/birth_info_debug_test.dart: BirthInfoScreen Debug Tests DEBUG: What happens with invalid latitude?
ÔòÉÔòÉÔòí EXCEPTION CAUGHT BY FLUTTER TEST FRAMEWORK ÔòŞÔòÉÔòÉÔòÉÔòÉÔòÉÔòÉÔòÉÔòÉÔòÉÔòÉÔòÉÔòÉÔòÉÔòÉÔòÉÔòÉÔòÉÔòÉÔòÉÔòÉÔòÉÔòÉÔòÉÔòÉÔòÉÔòÉÔòÉÔòÉÔòÉÔòÉÔòÉÔòÉÔòÉÔòÉÔòÉÔòÉÔòÉÔòÉÔòÉÔòÉÔòÉÔòÉÔòÉÔòÉÔòÉÔòÉÔòÉÔòÉÔòÉÔòÉÔòÉÔòÉ
The following assertion was thrown running a test:
The finder "zero widgets with text "OK" (ignoring offstage widgets)" (used in a call to "tap()")
could not find any matching widgets.

When the exception was thrown, this was the stack:
#0      WidgetController._getElementPoint (package:flutter_test/src/controller.dart:1293:7)
#1      WidgetController.getCenter (package:flutter_test/src/controller.dart:1232:12)
#2      WidgetController.tap (package:flutter_test/src/controller.dart:554:18)
#3      main.<anonymous closure>.<anonymous closure> (file:///C:/dev/AstroYorumAI/test/screens/birth_info_debug_test.dart:53:20)
<asynchronous suspension>
<asynchronous suspension>
(elided one frame from package:stack_trace)

The test description was:
  DEBUG: What happens with invalid latitude?
ÔòÉÔòÉÔòÉÔòÉÔòÉÔòÉÔòÉÔòÉÔòÉÔòÉÔòÉÔòÉÔòÉÔòÉÔòÉÔòÉÔòÉÔòÉÔòÉÔòÉÔòÉÔòÉÔòÉÔòÉÔòÉÔòÉÔòÉÔòÉÔòÉÔòÉÔòÉÔòÉÔòÉÔòÉÔòÉÔòÉÔòÉÔòÉÔòÉÔòÉÔòÉÔòÉÔòÉÔòÉÔòÉÔòÉÔòÉÔòÉÔòÉÔòÉÔòÉÔòÉÔòÉÔòÉÔòÉÔòÉÔòÉÔòÉÔòÉÔòÉÔòÉÔòÉÔòÉÔòÉÔòÉÔòÉÔòÉÔòÉÔòÉÔòÉÔòÉÔòÉÔòÉÔòÉÔòÉÔòÉÔòÉÔòÉÔòÉÔòÉÔòÉÔòÉÔòÉÔòÉÔòÉÔòÉÔòÉÔòÉÔòÉÔòÉÔòÉÔòÉÔòÉÔòÉÔòÉÔòÉÔòÉÔòÉÔòÉÔòÉ
00:02 +13 -7: C:/dev/AstroYorumAI/test/screens/birth_info_detailed_debug_test.dart: BirthInfoScreen Detailed Debug Tests DEBUG: Why do form validation messages not appear?
00:02 +13 -7: C:/dev/AstroYorumAI/test/screens/birth_info_debug_test.dart: BirthInfoScreen Debug Tests DEBUG: What happens with invalid latitude? [E]
  Test failed. See exception logs above.
  The test description was: DEBUG: What happens with invalid latitude?
  
00:02 +13 -7: C:/dev/AstroYorumAI/test/screens/birth_info_detailed_debug_test.dart: BirthInfoScreen Detailed Debug Tests DEBUG: Why do form validation messages not appear?
=== STEP 1: Initial State ===
Total widgets found: 0
=== STEP 2: Entering Invalid Latitude ===
=== STEP 3: Manual Form Validation ===
Form validation result: false
=== STEP 4: Checking for Validation Messages ===
All text widgets after manual validation:
  Found relevant text 8: "Enlem (Latitude)"
00:02 +13 -7: C:/dev/AstroYorumAI/test/screens/birth_info_comprehensive_test.dart: BirthInfoScreen Comprehensive Validation Tests Should trigger onComplete callback with valid data
onComplete callback triggered: false
00:02 +13 -7: C:/dev/AstroYorumAI/test/screens/birth_info_detailed_debug_test.dart: BirthInfoScreen Detailed Debug Tests DEBUG: Why do form validation messages not appear?
  Text style: null
  Found relevant text 10: "Enlem -90 ile 90 aras─▒nda olmal─▒d─▒r"
  Text style: TextStyle(debugLabel: ((englishLike bodySmall 2014).merge(blackMountainView bodySmall)).copyWith, inherit: false, color: Color(0xffd32f2f), family: Roboto, size: 12.0, weight: 400, baseline: alphabetic, decoration: TextDecoration.none)
=== STEP 5: Looking for Error Styling ===
Error color from theme: Color(0xffd32f2f)
=== STEP 6: Submit Form Validation ===
All text widgets after form submission:
  Found validation text 8: "Enlem (Latitude)"
  Found validation text 10: "Enlem -90 ile 90 aras─▒nda olmal─▒d─▒r"
00:02 +14 -7: C:/dev/AstroYorumAI/test/screens/birth_info_direct_validation_test.dart: BirthInfoScreen Direct Validation Tests DEBUG: Force validation with Form.validate()
00:02 +14 -7: C:/dev/AstroYorumAI/test/screens/birth_info_comprehensive_test.dart: BirthInfoScreen Comprehensive Validation Tests Should trigger onComplete callback with valid data
ÔòÉÔòÉÔòí EXCEPTION CAUGHT BY FLUTTER TEST FRAMEWORK ÔòŞÔòÉÔòÉÔòÉÔòÉÔòÉÔòÉÔòÉÔòÉÔòÉÔòÉÔòÉÔòÉÔòÉÔòÉÔòÉÔòÉÔòÉÔòÉÔòÉÔòÉÔòÉÔòÉÔòÉÔòÉÔòÉÔòÉÔòÉÔòÉÔòÉÔòÉÔòÉÔòÉÔòÉÔòÉÔòÉÔòÉÔòÉÔòÉÔòÉÔòÉÔòÉÔòÉÔòÉÔòÉÔòÉÔòÉÔòÉÔòÉÔòÉÔòÉÔòÉÔòÉ
The following TestFailure was thrown running a test:
Expected: not null
  Actual: <null>

When the exception was thrown, this was the stack:
#4      main.<anonymous closure>.<anonymous closure> (file:///C:/dev/AstroYorumAI/test/screens/birth_info_comprehensive_test.dart:208:7)
<asynchronous suspension>
<asynchronous suspension>
(elided one frame from package:stack_trace)

This was caught by the test expectation on the following line:
  file:///C:/dev/AstroYorumAI/test/screens/birth_info_comprehensive_test.dart line 208
The test description was:
  Should trigger onComplete callback with valid data
ÔòÉÔòÉÔòÉÔòÉÔòÉÔòÉÔòÉÔòÉÔòÉÔòÉÔòÉÔòÉÔòÉÔòÉÔòÉÔòÉÔòÉÔòÉÔòÉÔòÉÔòÉÔòÉÔòÉÔòÉÔòÉÔòÉÔòÉÔòÉÔòÉÔòÉÔòÉÔòÉÔòÉÔòÉÔòÉÔòÉÔòÉÔòÉÔòÉÔòÉÔòÉÔòÉÔòÉÔòÉÔòÉÔòÉÔòÉÔòÉÔòÉÔòÉÔòÉÔòÉÔòÉÔòÉÔòÉÔòÉÔòÉÔòÉÔòÉÔòÉÔòÉÔòÉÔòÉÔòÉÔòÉÔòÉÔòÉÔòÉÔòÉÔòÉÔòÉÔòÉÔòÉÔòÉÔòÉÔòÉÔòÉÔòÉÔòÉÔòÉÔòÉÔòÉÔòÉÔòÉÔòÉÔòÉÔòÉÔòÉÔòÉÔòÉÔòÉÔòÉÔòÉÔòÉÔòÉÔòÉÔòÉÔòÉÔòÉÔòÉ
00:02 +14 -8: C:/dev/AstroYorumAI/test/screens/birth_info_direct_validation_test.dart: BirthInfoScreen Direct Validation Tests DEBUG: Force validation with Form.validate()
00:02 +14 -8: C:/dev/AstroYorumAI/test/screens/birth_info_comprehensive_test.dart: BirthInfoScreen Comprehensive Validation Tests Should trigger onComplete callback with valid data [E]
  Test failed. See exception logs above.
  The test description was: Should trigger onComplete callback with valid data
  
00:02 +14 -8: C:/dev/AstroYorumAI/test/screens/birth_info_direct_validation_test.dart: BirthInfoScreen Direct Validation Tests DEBUG: Force validation with Form.validate()
  Text: "Tarih Se├ğ"
  Text: "Do─şum Saati Se├ğilmedi"
  Text: "Saat Se├ğ"
  Text: "Do─şum Yeri (┼Şehir, ├£lke)"
  Text: "├ûrn: Ankara, T├╝rkiye (─░ste─şe ba─şl─▒)"
  Text: "Do─şum yerini girerseniz, enlem ve boylam otomatik olarak doldurulmaya ├ğal─▒┼ş─▒lacakt─▒r. Dilerseniz bu alanlar─▒ manuel olarak da girebilir veya d├╝zeltebilirsiniz."
  Text: "Enlem (Latitude)"
  Text: "├ûrn: 39.925533"
  Text: "Enlem -90 ile 90 aras─▒nda olmal─▒d─▒r"
  Text: "Boylam (Longitude)"
  Text: "├ûrn: 32.866287"
  Text: "L├╝tfen boylam girin (├ûrn: 32.866287)"
  Text: "Do─şum Bilgilerini Girin"
Exact validation message found: 1
00:02 +15 -8: C:/dev/AstroYorumAI/test/screens/birth_info_integration_widget_test.dart: BirthInfoScreen Integration Widget Tests BirthInfoScreen loads correctly with all required fields
00:02 +15 -8: C:/dev/AstroYorumAI/test/screens/birth_info_detailed_debug_test.dart: BirthInfoScreen Detailed Debug Tests DEBUG: Why is LoadingIndicator not showing?
=== STEP 1: Initial State Check ===
00:02 +15 -8: C:/dev/AstroYorumAI/test/screens/birth_info_direct_validation_test.dart: BirthInfoScreen Direct Validation Tests DEBUG: Check autovalidate behavior
=== FORM STATE ANALYSIS ===
Initial autovalidate mode: AutovalidateMode.disabled
00:02 +15 -8: C:/dev/AstroYorumAI/test/screens/birth_info_detailed_debug_test.dart: BirthInfoScreen Detailed Debug Tests DEBUG: Why is LoadingIndicator not showing?
=== STEP 2: Submitting Form ===
Form submitted, checking for processing state...
=== STEP 3: Checking for LoadingIndicator ===
LoadingIndicator found: 0
Processing text found: 0
All widgets in tree:
  Widget: View
  Widget: _ViewScope
  Widget: _MediaQueryFromView
  Widget: MediaQuery
  Widget: MaterialApp
  Widget: ScrollConfiguration
  Widget: HeroControllerScope
  Widget: Focus
  Widget: _FocusInheritedScope
  Widget: Semantics
  Widget: WidgetsApp
  Widget: RootRestorationScope
  Widget: UnmanagedRestorationScope
  Widget: RestorationScope
  Widget: UnmanagedRestorationScope
  Widget: SharedAppData
  Widget: _SharedAppModel
  Widget: Shortcuts
  Widget: Focus
  Widget: _FocusInheritedScope
After 100ms - LoadingIndicator: 0
After completion - still on form: 1
00:02 +16 -8: C:/dev/AstroYorumAI/test/screens/birth_info_integration_widget_test.dart: BirthInfoScreen Integration Widget Tests BirthInfoScreen loads correctly with all required fields
00:02 +16 -8: C:/dev/AstroYorumAI/test/screens/birth_info_direct_validation_test.dart: BirthInfoScreen Direct Validation Tests DEBUG: Check autovalidate behavior
After text entry autovalidate mode: AutovalidateMode.disabled
00:02 +16 -8: C:/dev/AstroYorumAI/test/screens/birth_info_detailed_debug_test.dart: BirthInfoScreen Detailed Debug Tests DEBUG: Direct LoadingIndicator test
LoadingIndicator works correctly in isolation
00:02 +17 -8: C:/dev/AstroYorumAI/test/screens/birth_info_integration_widget_test.dart: BirthInfoScreen Integration Widget Tests BirthInfoScreen loads correctly with all required fields
00:02 +18 -8: C:/dev/AstroYorumAI/test/screens/birth_info_integration_widget_test.dart: BirthInfoScreen Integration Widget Tests BirthInfoScreen loads correctly with all required fields
00:03 +18 -8: C:/dev/AstroYorumAI/test/screens/birth_info_debug_test.dart: BirthInfoScreen Debug Tests DEBUG: What happens when submitting without date?
=== BEFORE SUBMIT (no date) ===
=== AFTER SUBMIT (no date) ===
00:03 +19 -8: C:/dev/AstroYorumAI/test/screens/birth_info_screen_debug_test.dart: BirthInfoScreen Debug Tests debug validation behavior
00:03 +19 -8: C:/dev/AstroYorumAI/test/screens/birth_info_debug_test.dart: BirthInfoScreen Debug Tests DEBUG: What happens when submitting without date?
All text widgets:
SnackBars found: 0
SnackBar message found: 0
00:03 +20 -8: C:/dev/AstroYorumAI/test/screens/birth_info_screen_debug_test.dart: BirthInfoScreen Debug Tests debug validation behavior
00:03 +20 -8: C:/dev/AstroYorumAI/test/screens/birth_info_screen_fixed_final_test.dart: BirthInfoScreen Fixed Tests validates latitude field correctly - WORKING FIX
ÔòÉÔòÉÔòí EXCEPTION CAUGHT BY WIDGETS ÔòŞÔòÉÔòÉÔòÉÔòÉÔòÉÔòÉÔòÉÔòÉÔòÉÔòÉÔòÉÔòÉÔòÉÔòÉÔòÉÔòÉÔòÉÔòÉÔòÉÔòÉÔòÉÔòÉÔòÉÔòÉÔòÉÔòÉÔòÉÔòÉÔòÉÔòÉÔòÉÔòÉÔòÉÔòÉÔòÉÔòÉÔòÉÔòÉÔòÉÔòÉÔòÉÔòÉÔòÉÔòÉÔòÉÔòÉÔòÉÔòÉÔòÉÔòÉÔòÉÔòÉÔòÉÔòÉÔòÉÔòÉÔòÉÔòÉÔòÉÔòÉÔòÉÔòÉÔòÉÔòÉÔòÉÔòÉÔòÉ
The following message was thrown:
Warning: This application's locale, tr_TR, is not supported by all of its localization delegates.

ÔÇó A MaterialLocalizations delegate that supports the tr_TR locale was not found.
ÔÇó A CupertinoLocalizations delegate that supports the tr_TR locale was not found.

The declared supported locales for this app are: tr_TR

See https://flutter.dev/tutorials/internationalization/ for more information about configuring an
app's locale, supportedLocales, and localizationsDelegates parameters.
ÔòÉÔòÉÔòÉÔòÉÔòÉÔòÉÔòÉÔòÉÔòÉÔòÉÔòÉÔòÉÔòÉÔòÉÔòÉÔòÉÔòÉÔòÉÔòÉÔòÉÔòÉÔòÉÔòÉÔòÉÔòÉÔòÉÔòÉÔòÉÔòÉÔòÉÔòÉÔòÉÔòÉÔòÉÔòÉÔòÉÔòÉÔòÉÔòÉÔòÉÔòÉÔòÉÔòÉÔòÉÔòÉÔòÉÔòÉÔòÉÔòÉÔòÉÔòÉÔòÉÔòÉÔòÉÔòÉÔòÉÔòÉÔòÉÔòÉÔòÉÔòÉÔòÉÔòÉÔòÉÔòÉÔòÉÔòÉÔòÉÔòÉÔòÉÔòÉÔòÉÔòÉÔòÉÔòÉÔòÉÔòÉÔòÉÔòÉÔòÉÔòÉÔòÉÔòÉÔòÉÔòÉÔòÉÔòÉÔòÉÔòÉÔòÉÔòÉÔòÉÔòÉÔòÉÔòÉÔòÉÔòÉÔòÉÔòÉÔòÉ
00:03 +21 -8: C:/dev/AstroYorumAI/test/screens/birth_info_screen_debug_test.dart: BirthInfoScreen Debug Tests debug validation behavior
00:03 +21 -8: C:/dev/AstroYorumAI/test/screens/birth_info_screen_fixed_final_test.dart: BirthInfoScreen Fixed Tests validates latitude field correctly - WORKING FIX
ÔòÉÔòÉÔòí EXCEPTION CAUGHT BY WIDGETS LIBRARY ÔòŞÔòÉÔòÉÔòÉÔòÉÔòÉÔòÉÔòÉÔòÉÔòÉÔòÉÔòÉÔòÉÔòÉÔòÉÔòÉÔòÉÔòÉÔòÉÔòÉÔòÉÔòÉÔòÉÔòÉÔòÉÔòÉÔòÉÔòÉÔòÉÔòÉÔòÉÔòÉÔòÉÔòÉÔòÉÔòÉÔòÉÔòÉÔòÉÔòÉÔòÉÔòÉÔòÉÔòÉÔòÉÔòÉÔòÉÔòÉÔòÉÔòÉÔòÉÔòÉÔòÉÔòÉÔòÉÔòÉÔòÉÔòÉÔòÉÔòÉ
The following assertion was thrown building AppBar(dirty, dependencies:
[_LocalizationsScope-[GlobalKey#93ac7], _ScrollNotificationObserverScope], state:
_AppBarState#1b484):
No MaterialLocalizations found.
AppBar widgets require MaterialLocalizations to be provided by a Localizations widget ancestor.
The material library uses Localizations to generate messages, labels, and abbreviations.
To introduce a MaterialLocalizations, either use a MaterialApp at the root of your application to
include them automatically, or add a Localization widget with a MaterialLocalizations delegate.
The specific widget that could not find a MaterialLocalizations ancestor was:
  AppBar
The ancestors of this widget were:
  ...
  FlexibleSpaceBarSettings
  ConstrainedBox
  MediaQuery
  LayoutId-[<_ScaffoldSlot.appBar>]
  CustomMultiChildLayout
  ...

The relevant error-causing widget was:
  AppBar AppBar:file:///C:/dev/AstroYorumAI/lib/screens/birth_info_screen.dart:315:15

When the exception was thrown, this was the stack:
#0      debugCheckHasMaterialLocalizations.<anonymous closure> (package:flutter/src/material/debug.dart:93:7)
#1      debugCheckHasMaterialLocalizations (package:flutter/src/material/debug.dart:113:4)
#2      _AppBarState.build (package:flutter/src/material/app_bar.dart:813:12)
#3      StatefulElement.build (package:flutter/src/widgets/framework.dart:5198:27)
#4      ComponentElement.performRebuild (package:flutter/src/widgets/framework.dart:5086:15)
#5      StatefulElement.performRebuild (package:flutter/src/widgets/framework.dart:5251:11)
#6      Element.rebuild (package:flutter/src/widgets/framework.dart:4805:7)
#7      ComponentElement._firstBuild (package:flutter/src/widgets/framework.dart:5068:5)
#8      StatefulElement._firstBuild (package:flutter/src/widgets/framework.dart:5242:11)
#9      ComponentElement.mount (package:flutter/src/widgets/framework.dart:5062:5)
...     Normal element mounting (22 frames)
#31     Element.inflateWidget (package:flutter/src/widgets/framework.dart:3971:16)
#32     MultiChildRenderObjectElement.inflateWidget (package:flutter/src/widgets/framework.dart:6570:36)
#33     MultiChildRenderObjectElement.mount (package:flutter/src/widgets/framework.dart:6582:32)
...     Normal element mounting (332 frames)
#365    Element.inflateWidget (package:flutter/src/widgets/framework.dart:3971:16)
#366    MultiChildRenderObjectElement.inflateWidget (package:flutter/src/widgets/framework.dart:6570:36)
#367    MultiChildRenderObjectElement.mount (package:flutter/src/widgets/framework.dart:6582:32)
...     Normal element mounting (435 frames)
#802    Element.inflateWidget (package:flutter/src/widgets/framework.dart:3971:16)
#803    Element.updateChild (package:flutter/src/widgets/framework.dart:3702:20)
#804    ComponentElement.performRebuild (package:flutter/src/widgets/framework.dart:5111:16)
#805    Element.rebuild (package:flutter/src/widgets/framework.dart:4805:7)
#806    ProxyElement.update (package:flutter/src/widgets/framework.dart:5417:5)
#807    Element.updateChild (package:flutter/src/widgets/framework.dart:3686:15)
#808    ComponentElement.performRebuild (package:flutter/src/widgets/framework.dart:5111:16)
#809    StatefulElement.performRebuild (package:flutter/src/widgets/framework.dart:5251:11)
#810    Element.rebuild (package:flutter/src/widgets/framework.dart:4805:7)
#811    StatefulElement.update (package:flutter/src/widgets/framework.dart:5274:5)
#812    Element.updateChild (package:flutter/src/widgets/framework.dart:3686:15)
#813    ComponentElement.performRebuild (package:flutter/src/widgets/framework.dart:5111:16)
#814    Element.rebuild (package:flutter/src/widgets/framework.dart:4805:7)
#815    ProxyElement.update (package:flutter/src/widgets/framework.dart:5417:5)
#816    Element.updateChild (package:flutter/src/widgets/framework.dart:3686:15)
#817    ComponentElement.performRebuild (package:flutter/src/widgets/framework.dart:5111:16)
#818    Element.rebuild (package:flutter/src/widgets/framework.dart:4805:7)
#819    StatelessElement.update (package:flutter/src/widgets/framework.dart:5162:5)
#820    Element.updateChild (package:flutter/src/widgets/framework.dart:3686:15)
#821    RenderObjectToWidgetElement._rebuild (package:flutter/src/widgets/binding.dart:1240:16)
#822    RenderObjectToWidgetElement.update (package:flutter/src/widgets/binding.dart:1217:5)
#823    RenderObjectToWidgetElement.performRebuild (package:flutter/src/widgets/binding.dart:1231:7)
#824    Element.rebuild (package:flutter/src/widgets/framework.dart:4805:7)
#825    BuildOwner.buildScope (package:flutter/src/widgets/framework.dart:2780:19)
#826    AutomatedTestWidgetsFlutterBinding.drawFrame (package:flutter_test/src/binding.dart:1386:19)
#827    RendererBinding._handlePersistentFrameCallback (package:flutter/src/rendering/binding.dart:358:5)
#828    SchedulerBinding._invokeFrameCallback (package:flutter/src/scheduler/binding.dart:1284:15)
#829    SchedulerBinding.handleDrawFrame (package:flutter/src/scheduler/binding.dart:1214:9)
#830    AutomatedTestWidgetsFlutterBinding.pump.<anonymous closure> (package:flutter_test/src/binding.dart:1236:9)
#833    TestAsyncUtils.guard (package:flutter_test/src/test_async_utils.dart:68:41)
#834    AutomatedTestWidgetsFlutterBinding.pump (package:flutter_test/src/binding.dart:1222:27)
#835    WidgetTester._pumpWidget (package:flutter_test/src/widget_tester.dart:592:20)
#836    WidgetTester.pumpWidget.<anonymous closure> (package:flutter_test/src/widget_tester.dart:577:14)
#839    TestAsyncUtils.guard (package:flutter_test/src/test_async_utils.dart:68:41)
#840    WidgetTester.pumpWidget (package:flutter_test/src/widget_tester.dart:576:27)
#841    main.<anonymous closure>.<anonymous closure> (file:///C:/dev/AstroYorumAI/test/screens/birth_info_screen_fixed_final_test.dart:44:20)
#842    testWidgets.<anonymous closure>.<anonymous closure> (package:flutter_test/src/widget_tester.dart:170:29)
<asynchronous suspension>
<asynchronous suspension>
(elided 5 frames from dart:async and package:stack_trace)

ÔòÉÔòÉÔòÉÔòÉÔòÉÔòÉÔòÉÔòÉÔòÉÔòÉÔòÉÔòÉÔòÉÔòÉÔòÉÔòÉÔòÉÔòÉÔòÉÔòÉÔòÉÔòÉÔòÉÔòÉÔòÉÔòÉÔòÉÔòÉÔòÉÔòÉÔòÉÔòÉÔòÉÔòÉÔòÉÔòÉÔòÉÔòÉÔòÉÔòÉÔòÉÔòÉÔòÉÔòÉÔòÉÔòÉÔòÉÔòÉÔòÉÔòÉÔòÉÔòÉÔòÉÔòÉÔòÉÔòÉÔòÉÔòÉÔòÉÔòÉÔòÉÔòÉÔòÉÔòÉÔòÉÔòÉÔòÉÔòÉÔòÉÔòÉÔòÉÔòÉÔòÉÔòÉÔòÉÔòÉÔòÉÔòÉÔòÉÔòÉÔòÉÔòÉÔòÉÔòÉÔòÉÔòÉÔòÉÔòÉÔòÉÔòÉÔòÉÔòÉÔòÉÔòÉÔòÉÔòÉÔòÉÔòÉÔòÉÔòÉ
ÔòÉÔòÉÔòí EXCEPTION CAUGHT BY WIDGETS LIBRARY ÔòŞÔòÉÔòÉÔòÉÔòÉÔòÉÔòÉÔòÉÔòÉÔòÉÔòÉÔòÉÔòÉÔòÉÔòÉÔòÉÔòÉÔòÉÔòÉÔòÉÔòÉÔòÉÔòÉÔòÉÔòÉÔòÉÔòÉÔòÉÔòÉÔòÉÔòÉÔòÉÔòÉÔòÉÔòÉÔòÉÔòÉÔòÉÔòÉÔòÉÔòÉÔòÉÔòÉÔòÉÔòÉÔòÉÔòÉÔòÉÔòÉÔòÉÔòÉÔòÉÔòÉÔòÉÔòÉÔòÉÔòÉÔòÉÔòÉÔòÉ
The following assertion was thrown building TextField(controller:
TextEditingController#e2c99(TextEditingValue(text: ÔöñÔö£, selection: TextSelection.invalid, composing:
TextRange(start: -1, end: -1))), enabled: true, decoration: InputDecoration(labelText: "Ad Soyad",
floatingLabelBehavior: FloatingLabelBehavior.auto, floatingLabelAlignment:
FloatingLabelAlignment.start, alignLabelWithHint: false), dirty, dependencies: [MediaQuery,
UnmanagedRestorationScope, _LocalizationsScope-[GlobalKey#93ac7]], state: _TextFieldState#e499e):
No MaterialLocalizations found.
TextField widgets require MaterialLocalizations to be provided by a Localizations widget ancestor.
The material library uses Localizations to generate messages, labels, and abbreviations.
To introduce a MaterialLocalizations, either use a MaterialApp at the root of your application to
include them automatically, or add a Localization widget with a MaterialLocalizations delegate.
The specific widget that could not find a MaterialLocalizations ancestor was:
  TextField
The ancestors of this widget were:
  ...
  UnmanagedRestorationScope
  TextFormField-[<'name_field'>]
  RepaintBoundary
  IndexedSemantics
  _SelectionKeepAlive
  ...

The relevant error-causing widget was:
  TextFormField-[<'name_field'>]
  TextFormField:file:///C:/dev/AstroYorumAI/lib/screens/birth_info_screen.dart:325:46

When the exception was thrown, this was the stack:
#0      debugCheckHasMaterialLocalizations.<anonymous closure> (package:flutter/src/material/debug.dart:93:7)
#1      debugCheckHasMaterialLocalizations (package:flutter/src/material/debug.dart:113:4)
#2      _TextFieldState.build (package:flutter/src/material/text_field.dart:1234:12)
#3      StatefulElement.build (package:flutter/src/widgets/framework.dart:5198:27)
#4      ComponentElement.performRebuild (package:flutter/src/widgets/framework.dart:5086:15)
#5      StatefulElement.performRebuild (package:flutter/src/widgets/framework.dart:5251:11)
#6      Element.rebuild (package:flutter/src/widgets/framework.dart:4805:7)
#7      ComponentElement._firstBuild (package:flutter/src/widgets/framework.dart:5068:5)
#8      StatefulElement._firstBuild (package:flutter/src/widgets/framework.dart:5242:11)
#9      ComponentElement.mount (package:flutter/src/widgets/framework.dart:5062:5)
...     Normal element mounting (55 frames)
#64     Element.inflateWidget (package:flutter/src/widgets/framework.dart:3971:16)
#65     Element.updateChild (package:flutter/src/widgets/framework.dart:3708:18)
#66     SliverMultiBoxAdaptorElement.updateChild (package:flutter/src/widgets/sliver.dart:857:37)
#67     SliverMultiBoxAdaptorElement.createChild.<anonymous closure> (package:flutter/src/widgets/sliver.dart:842:20)
#68     BuildOwner.buildScope (package:flutter/src/widgets/framework.dart:2720:19)
#69     SliverMultiBoxAdaptorElement.createChild (package:flutter/src/widgets/sliver.dart:834:12)
#70     RenderSliverMultiBoxAdaptor._createOrObtainChild.<anonymous closure> (package:flutter/src/rendering/sliver_multi_box_adaptor.dart:351:23)
#71     RenderObject.invokeLayoutCallback.<anonymous closure> (package:flutter/src/rendering/object.dart:2506:59)
#72     PipelineOwner._enableMutationsToDirtySubtrees (package:flutter/src/rendering/object.dart:1062:15)
#73     RenderObject.invokeLayoutCallback (package:flutter/src/rendering/object.dart:2506:14)
#74     RenderSliverMultiBoxAdaptor._createOrObtainChild (package:flutter/src/rendering/sliver_multi_box_adaptor.dart:340:5)
#75     RenderSliverMultiBoxAdaptor.addInitialChild (package:flutter/src/rendering/sliver_multi_box_adaptor.dart:426:5)
#76     RenderSliverList.performLayout (package:flutter/src/rendering/sliver_list.dart:79:12)
#77     RenderObject.layout (package:flutter/src/rendering/object.dart:2395:7)
#78     RenderSliverEdgeInsetsPadding.performLayout (package:flutter/src/rendering/sliver_padding.dart:139:12)
#79     RenderSliverPadding.performLayout (package:flutter/src/rendering/sliver_padding.dart:361:11)
#80     RenderObject.layout (package:flutter/src/rendering/object.dart:2395:7)
#81     RenderViewportBase.layoutChildSequence (package:flutter/src/rendering/viewport.dart:534:13)
#82     RenderViewport._attemptLayout (package:flutter/src/rendering/viewport.dart:1511:12)
#83     RenderViewport.performLayout (package:flutter/src/rendering/viewport.dart:1420:20)
#84     RenderObject.layout (package:flutter/src/rendering/object.dart:2395:7)
#85     RenderBox.layout (package:flutter/src/rendering/box.dart:2386:11)
#86     RenderProxyBoxMixin.performLayout (package:flutter/src/rendering/proxy_box.dart:122:14)
#87     RenderObject.layout (package:flutter/src/rendering/object.dart:2395:7)
#88     RenderBox.layout (package:flutter/src/rendering/box.dart:2386:11)
#89     RenderProxyBoxMixin.performLayout (package:flutter/src/rendering/proxy_box.dart:122:14)
#90     RenderObject.layout (package:flutter/src/rendering/object.dart:2395:7)
#91     RenderBox.layout (package:flutter/src/rendering/box.dart:2386:11)
#92     RenderProxyBoxMixin.performLayout (package:flutter/src/rendering/proxy_box.dart:122:14)
#93     RenderObject.layout (package:flutter/src/rendering/object.dart:2395:7)
#94     RenderBox.layout (package:flutter/src/rendering/box.dart:2386:11)
#95     RenderProxyBoxMixin.performLayout (package:flutter/src/rendering/proxy_box.dart:122:14)
#96     RenderObject.layout (package:flutter/src/rendering/object.dart:2395:7)
#97     RenderBox.layout (package:flutter/src/rendering/box.dart:2386:11)
#98     RenderProxyBoxMixin.performLayout (package:flutter/src/rendering/proxy_box.dart:122:14)
#99     RenderObject.layout (package:flutter/src/rendering/object.dart:2395:7)
#100    RenderBox.layout (package:flutter/src/rendering/box.dart:2386:11)
#101    RenderProxyBoxMixin.performLayout (package:flutter/src/rendering/proxy_box.dart:122:14)
#102    RenderObject.layout (package:flutter/src/rendering/object.dart:2395:7)
#103    RenderBox.layout (package:flutter/src/rendering/box.dart:2386:11)
#104    RenderProxyBoxMixin.performLayout (package:flutter/src/rendering/proxy_box.dart:122:14)
#105    RenderObject.layout (package:flutter/src/rendering/object.dart:2395:7)
#106    RenderBox.layout (package:flutter/src/rendering/box.dart:2386:11)
#107    RenderProxyBoxMixin.performLayout (package:flutter/src/rendering/proxy_box.dart:122:14)
#108    RenderCustomPaint.performLayout (package:flutter/src/rendering/custom_paint.dart:554:11)
#109    RenderObject.layout (package:flutter/src/rendering/object.dart:2395:7)
#110    RenderBox.layout (package:flutter/src/rendering/box.dart:2386:11)
#111    RenderProxyBoxMixin.performLayout (package:flutter/src/rendering/proxy_box.dart:122:14)
#112    RenderObject.layout (package:flutter/src/rendering/object.dart:2395:7)
#113    RenderBox.layout (package:flutter/src/rendering/box.dart:2386:11)
#114    RenderPadding.performLayout (package:flutter/src/rendering/shifted_box.dart:238:12)
#115    RenderObject.layout (package:flutter/src/rendering/object.dart:2395:7)
#116    RenderBox.layout (package:flutter/src/rendering/box.dart:2386:11)
#117    MultiChildLayoutDelegate.layoutChild (package:flutter/src/rendering/custom_layout.dart:171:12)
#118    _ScaffoldLayout.performLayout (package:flutter/src/material/scaffold.dart:1056:7)
#119    MultiChildLayoutDelegate._callPerformLayout (package:flutter/src/rendering/custom_layout.dart:235:7)
#120    RenderCustomMultiChildLayoutBox.performLayout (package:flutter/src/rendering/custom_layout.dart:403:14)
#121    RenderObject.layout (package:flutter/src/rendering/object.dart:2395:7)
#122    RenderBox.layout (package:flutter/src/rendering/box.dart:2386:11)
#123    RenderProxyBoxMixin.performLayout (package:flutter/src/rendering/proxy_box.dart:122:14)
#124    RenderObject.layout (package:flutter/src/rendering/object.dart:2395:7)
#125    RenderBox.layout (package:flutter/src/rendering/box.dart:2386:11)
#126    RenderProxyBoxMixin.performLayout (package:flutter/src/rendering/proxy_box.dart:122:14)
#127    _RenderCustomClip.performLayout (package:flutter/src/rendering/proxy_box.dart:1449:11)
#128    RenderObject.layout (package:flutter/src/rendering/object.dart:2395:7)
#129    RenderBox.layout (package:flutter/src/rendering/box.dart:2386:11)
#130    RenderProxyBoxMixin.performLayout (package:flutter/src/rendering/proxy_box.dart:122:14)
#131    RenderObject.layout (package:flutter/src/rendering/object.dart:2395:7)
#132    RenderBox.layout (package:flutter/src/rendering/box.dart:2386:11)
#133    RenderProxyBoxMixin.performLayout (package:flutter/src/rendering/proxy_box.dart:122:14)
#134    RenderObject.layout (package:flutter/src/rendering/object.dart:2395:7)
#135    RenderBox.layout (package:flutter/src/rendering/box.dart:2386:11)
#136    RenderProxyBoxMixin.performLayout (package:flutter/src/rendering/proxy_box.dart:122:14)
#137    RenderObject.layout (package:flutter/src/rendering/object.dart:2395:7)
#138    RenderBox.layout (package:flutter/src/rendering/box.dart:2386:11)
#139    RenderProxyBoxMixin.performLayout (package:flutter/src/rendering/proxy_box.dart:122:14)
#140    RenderObject.layout (package:flutter/src/rendering/object.dart:2395:7)
#141    RenderBox.layout (package:flutter/src/rendering/box.dart:2386:11)
#142    RenderProxyBoxMixin.performLayout (package:flutter/src/rendering/proxy_box.dart:122:14)
#143    RenderObject.layout (package:flutter/src/rendering/object.dart:2395:7)
#144    RenderBox.layout (package:flutter/src/rendering/box.dart:2386:11)
#145    RenderProxyBoxMixin.performLayout (package:flutter/src/rendering/proxy_box.dart:122:14)
#146    RenderObject.layout (package:flutter/src/rendering/object.dart:2395:7)
#147    RenderBox.layout (package:flutter/src/rendering/box.dart:2386:11)
#148    RenderProxyBoxMixin.performLayout (package:flutter/src/rendering/proxy_box.dart:122:14)
#149    RenderObject.layout (package:flutter/src/rendering/object.dart:2395:7)
#150    RenderBox.layout (package:flutter/src/rendering/box.dart:2386:11)
#151    RenderProxyBoxMixin.performLayout (package:flutter/src/rendering/proxy_box.dart:122:14)
#152    RenderObject.layout (package:flutter/src/rendering/object.dart:2395:7)
#153    RenderBox.layout (package:flutter/src/rendering/box.dart:2386:11)
#154    RenderProxyBoxMixin.performLayout (package:flutter/src/rendering/proxy_box.dart:122:14)
#155    RenderObject.layout (package:flutter/src/rendering/object.dart:2395:7)
#156    RenderBox.layout (package:flutter/src/rendering/box.dart:2386:11)
#157    RenderProxyBoxMixin.performLayout (package:flutter/src/rendering/proxy_box.dart:122:14)
#158    RenderOffstage.performLayout (package:flutter/src/rendering/proxy_box.dart:3751:13)
#159    RenderObject.layout (package:flutter/src/rendering/object.dart:2395:7)
#160    RenderBox.layout (package:flutter/src/rendering/box.dart:2386:11)
#161    RenderProxyBoxMixin.performLayout (package:flutter/src/rendering/proxy_box.dart:122:14)
#162    RenderObject.layout (package:flutter/src/rendering/object.dart:2395:7)
#163    RenderBox.layout (package:flutter/src/rendering/box.dart:2386:11)
#164    _RenderTheaterMixin.performLayout (package:flutter/src/widgets/overlay.dart:832:15)
#165    RenderObject.layout (package:flutter/src/rendering/object.dart:2395:7)
#166    RenderBox.layout (package:flutter/src/rendering/box.dart:2386:11)
#167    RenderProxyBoxMixin.performLayout (package:flutter/src/rendering/proxy_box.dart:122:14)
#168    RenderObject.layout (package:flutter/src/rendering/object.dart:2395:7)
#169    RenderBox.layout (package:flutter/src/rendering/box.dart:2386:11)
#170    RenderProxyBoxMixin.performLayout (package:flutter/src/rendering/proxy_box.dart:122:14)
#171    RenderObject.layout (package:flutter/src/rendering/object.dart:2395:7)
#172    RenderBox.layout (package:flutter/src/rendering/box.dart:2386:11)
#173    RenderProxyBoxMixin.performLayout (package:flutter/src/rendering/proxy_box.dart:122:14)
#174    RenderObject.layout (package:flutter/src/rendering/object.dart:2395:7)
#175    RenderBox.layout (package:flutter/src/rendering/box.dart:2386:11)
#176    RenderProxyBoxMixin.performLayout (package:flutter/src/rendering/proxy_box.dart:122:14)
#177    RenderCustomPaint.performLayout (package:flutter/src/rendering/custom_paint.dart:554:11)
#178    RenderObject.layout (package:flutter/src/rendering/object.dart:2395:7)
#179    RenderBox.layout (package:flutter/src/rendering/box.dart:2386:11)
#180    RenderProxyBoxMixin.performLayout (package:flutter/src/rendering/proxy_box.dart:122:14)
#181    RenderObject.layout (package:flutter/src/rendering/object.dart:2395:7)
#182    RenderBox.layout (package:flutter/src/rendering/box.dart:2386:11)
#183    RenderProxyBoxMixin.performLayout (package:flutter/src/rendering/proxy_box.dart:122:14)
#184    RenderObject.layout (package:flutter/src/rendering/object.dart:2395:7)
#185    RenderBox.layout (package:flutter/src/rendering/box.dart:2386:11)
#186    RenderProxyBoxMixin.performLayout (package:flutter/src/rendering/proxy_box.dart:122:14)
#187    RenderObject.layout (package:flutter/src/rendering/object.dart:2395:7)
#188    RenderBox.layout (package:flutter/src/rendering/box.dart:2386:11)
#189    RenderProxyBoxMixin.performLayout (package:flutter/src/rendering/proxy_box.dart:122:14)
#190    RenderObject.layout (package:flutter/src/rendering/object.dart:2395:7)
#191    RenderBox.layout (package:flutter/src/rendering/box.dart:2386:11)
#192    RenderProxyBoxMixin.performLayout (package:flutter/src/rendering/proxy_box.dart:122:14)
#193    RenderObject.layout (package:flutter/src/rendering/object.dart:2395:7)
#194    RenderBox.layout (package:flutter/src/rendering/box.dart:2386:11)
#195    RenderProxyBoxMixin.performLayout (package:flutter/src/rendering/proxy_box.dart:122:14)
#196    RenderObject.layout (package:flutter/src/rendering/object.dart:2395:7)
#197    RenderBox.layout (package:flutter/src/rendering/box.dart:2386:11)
#198    RenderView.performLayout (package:flutter/src/rendering/view.dart:173:14)
#199    RenderObject._layoutWithoutResize (package:flutter/src/rendering/object.dart:2234:7)
#200    PipelineOwner.flushLayout (package:flutter/src/rendering/object.dart:1016:18)
#201    AutomatedTestWidgetsFlutterBinding.drawFrame (package:flutter_test/src/binding.dart:1388:23)
#202    RendererBinding._handlePersistentFrameCallback (package:flutter/src/rendering/binding.dart:358:5)
#203    SchedulerBinding._invokeFrameCallback (package:flutter/src/scheduler/binding.dart:1284:15)
#204    SchedulerBinding.handleDrawFrame (package:flutter/src/scheduler/binding.dart:1214:9)
#205    AutomatedTestWidgetsFlutterBinding.pump.<anonymous closure> (package:flutter_test/src/binding.dart:1236:9)
#208    TestAsyncUtils.guard (package:flutter_test/src/test_async_utils.dart:68:41)
#209    AutomatedTestWidgetsFlutterBinding.pump (package:flutter_test/src/binding.dart:1222:27)
#210    WidgetTester._pumpWidget (package:flutter_test/src/widget_tester.dart:592:20)
#211    WidgetTester.pumpWidget.<anonymous closure> (package:flutter_test/src/widget_tester.dart:577:14)
#214    TestAsyncUtils.guard (package:flutter_test/src/test_async_utils.dart:68:41)
#215    WidgetTester.pumpWidget (package:flutter_test/src/widget_tester.dart:576:27)
#216    main.<anonymous closure>.<anonymous closure> (file:///C:/dev/AstroYorumAI/test/screens/birth_info_screen_fixed_final_test.dart:44:20)
#217    testWidgets.<anonymous closure>.<anonymous closure> (package:flutter_test/src/widget_tester.dart:170:29)
<asynchronous suspension>
<asynchronous suspension>
(elided 5 frames from dart:async and package:stack_trace)

ÔòÉÔòÉÔòÉÔòÉÔòÉÔòÉÔòÉÔòÉÔòÉÔòÉÔòÉÔòÉÔòÉÔòÉÔòÉÔòÉÔòÉÔòÉÔòÉÔòÉÔòÉÔòÉÔòÉÔòÉÔòÉÔòÉÔòÉÔòÉÔòÉÔòÉÔòÉÔòÉÔòÉÔòÉÔòÉÔòÉÔòÉÔòÉÔòÉÔòÉÔòÉÔòÉÔòÉÔòÉÔòÉÔòÉÔòÉÔòÉÔòÉÔòÉÔòÉÔòÉÔòÉÔòÉÔòÉÔòÉÔòÉÔòÉÔòÉÔòÉÔòÉÔòÉÔòÉÔòÉÔòÉÔòÉÔòÉÔòÉÔòÉÔòÉÔòÉÔòÉÔòÉÔòÉÔòÉÔòÉÔòÉÔòÉÔòÉÔòÉÔòÉÔòÉÔòÉÔòÉÔòÉÔòÉÔòÉÔòÉÔòÉÔòÉÔòÉÔòÉÔòÉÔòÉÔòÉÔòÉÔòÉÔòÉÔòÉÔòÉ
ÔòÉÔòÉÔòí EXCEPTION CAUGHT BY FLUTTER TEST FRAMEWORK ÔòŞÔòÉÔòÉÔòÉÔòÉÔòÉÔòÉÔòÉÔòÉÔòÉÔòÉÔòÉÔòÉÔòÉÔòÉÔòÉÔòÉÔòÉÔòÉÔòÉÔòÉÔòÉÔòÉÔòÉÔòÉÔòÉÔòÉÔòÉÔòÉÔòÉÔòÉÔòÉÔòÉÔòÉÔòÉÔòÉÔòÉÔòÉÔòÉÔòÉÔòÉÔòÉÔòÉÔòÉÔòÉÔòÉÔòÉÔòÉÔòÉÔòÉÔòÉÔòÉÔòÉ
The following StateError was thrown running a test:
Bad state: No element

When the exception was thrown, this was the stack:
#0      Iterable.single (dart:core/iterable.dart:670:25)
#1      WidgetController.state (package:flutter_test/src/controller.dart:436:42)
#2      WidgetTester.showKeyboard.<anonymous closure> (package:flutter_test/src/widget_tester.dart:1095:42)
#5      TestAsyncUtils.guard (package:flutter_test/src/test_async_utils.dart:68:41)
#6      WidgetTester.showKeyboard (package:flutter_test/src/widget_tester.dart:1094:27)
#7      WidgetTester.enterText.<anonymous closure> (package:flutter_test/src/widget_tester.dart:1130:13)
#10     TestAsyncUtils.guard (package:flutter_test/src/test_async_utils.dart:68:41)
#11     WidgetTester.enterText (package:flutter_test/src/widget_tester.dart:1129:27)
#12     main.<anonymous closure>.<anonymous closure> (file:///C:/dev/AstroYorumAI/test/screens/birth_info_screen_fixed_final_test.dart:54:20)
<asynchronous suspension>
<asynchronous suspension>
(elided 5 frames from dart:async and package:stack_trace)

The test description was:
  validates latitude field correctly - WORKING FIX
ÔòÉÔòÉÔòÉÔòÉÔòÉÔòÉÔòÉÔòÉÔòÉÔòÉÔòÉÔòÉÔòÉÔòÉÔòÉÔòÉÔòÉÔòÉÔòÉÔòÉÔòÉÔòÉÔòÉÔòÉÔòÉÔòÉÔòÉÔòÉÔòÉÔòÉÔòÉÔòÉÔòÉÔòÉÔòÉÔòÉÔòÉÔòÉÔòÉÔòÉÔòÉÔòÉÔòÉÔòÉÔòÉÔòÉÔòÉÔòÉÔòÉÔòÉÔòÉÔòÉÔòÉÔòÉÔòÉÔòÉÔòÉÔòÉÔòÉÔòÉÔòÉÔòÉÔòÉÔòÉÔòÉÔòÉÔòÉÔòÉÔòÉÔòÉÔòÉÔòÉÔòÉÔòÉÔòÉÔòÉÔòÉÔòÉÔòÉÔòÉÔòÉÔòÉÔòÉÔòÉÔòÉÔòÉÔòÉÔòÉÔòÉÔòÉÔòÉÔòÉÔòÉÔòÉÔòÉÔòÉÔòÉÔòÉÔòÉÔòÉ
ÔòÉÔòÉÔòí EXCEPTION CAUGHT BY FLUTTER TEST FRAMEWORK ÔòŞÔòÉÔòÉÔòÉÔòÉÔòÉÔòÉÔòÉÔòÉÔòÉÔòÉÔòÉÔòÉÔòÉÔòÉÔòÉÔòÉÔòÉÔòÉÔòÉÔòÉÔòÉÔòÉÔòÉÔòÉÔòÉÔòÉÔòÉÔòÉÔòÉÔòÉÔòÉÔòÉÔòÉÔòÉÔòÉÔòÉÔòÉÔòÉÔòÉÔòÉÔòÉÔòÉÔòÉÔòÉÔòÉÔòÉÔòÉÔòÉÔòÉÔòÉÔòÉÔòÉ
The following message was thrown:
Multiple exceptions (4) were detected during the running of the current test, and at least one was
unexpected.
ÔòÉÔòÉÔòÉÔòÉÔòÉÔòÉÔòÉÔòÉÔòÉÔòÉÔòÉÔòÉÔòÉÔòÉÔòÉÔòÉÔòÉÔòÉÔòÉÔòÉÔòÉÔòÉÔòÉÔòÉÔòÉÔòÉÔòÉÔòÉÔòÉÔòÉÔòÉÔòÉÔòÉÔòÉÔòÉÔòÉÔòÉÔòÉÔòÉÔòÉÔòÉÔòÉÔòÉÔòÉÔòÉÔòÉÔòÉÔòÉÔòÉÔòÉÔòÉÔòÉÔòÉÔòÉÔòÉÔòÉÔòÉÔòÉÔòÉÔòÉÔòÉÔòÉÔòÉÔòÉÔòÉÔòÉÔòÉÔòÉÔòÉÔòÉÔòÉÔòÉÔòÉÔòÉÔòÉÔòÉÔòÉÔòÉÔòÉÔòÉÔòÉÔòÉÔòÉÔòÉÔòÉÔòÉÔòÉÔòÉÔòÉÔòÉÔòÉÔòÉÔòÉÔòÉÔòÉÔòÉÔòÉÔòÉÔòÉÔòÉ
00:03 +21 -9: C:/dev/AstroYorumAI/test/screens/birth_info_screen_debug_test.dart: BirthInfoScreen Debug Tests debug validation behavior
00:03 +21 -9: C:/dev/AstroYorumAI/test/screens/birth_info_screen_fixed_final_test.dart: BirthInfoScreen Fixed Tests validates latitude field correctly - WORKING FIX [E]
  Test failed. See exception logs above.
  The test description was: validates latitude field correctly - WORKING FIX
  
00:03 +21 -9: C:/dev/AstroYorumAI/test/screens/birth_info_screen_fixed_final_test.dart: BirthInfoScreen Fixed Tests validates longitude field correctly - WORKING FIX
ÔòÉÔòÉÔòí EXCEPTION CAUGHT BY WIDGETS ÔòŞÔòÉÔòÉÔòÉÔòÉÔòÉÔòÉÔòÉÔòÉÔòÉÔòÉÔòÉÔòÉÔòÉÔòÉÔòÉÔòÉÔòÉÔòÉÔòÉÔòÉÔòÉÔòÉÔòÉÔòÉÔòÉÔòÉÔòÉÔòÉÔòÉÔòÉÔòÉÔòÉÔòÉÔòÉÔòÉÔòÉÔòÉÔòÉÔòÉÔòÉÔòÉÔòÉÔòÉÔòÉÔòÉÔòÉÔòÉÔòÉÔòÉÔòÉÔòÉÔòÉÔòÉÔòÉÔòÉÔòÉÔòÉÔòÉÔòÉÔòÉÔòÉÔòÉÔòÉÔòÉÔòÉÔòÉÔòÉ
The following message was thrown:
Warning: This application's locale, tr_TR, is not supported by all of its localization delegates.

ÔÇó A MaterialLocalizations delegate that supports the tr_TR locale was not found.
ÔÇó A CupertinoLocalizations delegate that supports the tr_TR locale was not found.

The declared supported locales for this app are: tr_TR

See https://flutter.dev/tutorials/internationalization/ for more information about configuring an
app's locale, supportedLocales, and localizationsDelegates parameters.
ÔòÉÔòÉÔòÉÔòÉÔòÉÔòÉÔòÉÔòÉÔòÉÔòÉÔòÉÔòÉÔòÉÔòÉÔòÉÔòÉÔòÉÔòÉÔòÉÔòÉÔòÉÔòÉÔòÉÔòÉÔòÉÔòÉÔòÉÔòÉÔòÉÔòÉÔòÉÔòÉÔòÉÔòÉÔòÉÔòÉÔòÉÔòÉÔòÉÔòÉÔòÉÔòÉÔòÉÔòÉÔòÉÔòÉÔòÉÔòÉÔòÉÔòÉÔòÉÔòÉÔòÉÔòÉÔòÉÔòÉÔòÉÔòÉÔòÉÔòÉÔòÉÔòÉÔòÉÔòÉÔòÉÔòÉÔòÉÔòÉÔòÉÔòÉÔòÉÔòÉÔòÉÔòÉÔòÉÔòÉÔòÉÔòÉÔòÉÔòÉÔòÉÔòÉÔòÉÔòÉÔòÉÔòÉÔòÉÔòÉÔòÉÔòÉÔòÉÔòÉÔòÉÔòÉÔòÉÔòÉÔòÉÔòÉÔòÉÔòÉ
ÔòÉÔòÉÔòí EXCEPTION CAUGHT BY WIDGETS LIBRARY ÔòŞÔòÉÔòÉÔòÉÔòÉÔòÉÔòÉÔòÉÔòÉÔòÉÔòÉÔòÉÔòÉÔòÉÔòÉÔòÉÔòÉÔòÉÔòÉÔòÉÔòÉÔòÉÔòÉÔòÉÔòÉÔòÉÔòÉÔòÉÔòÉÔòÉÔòÉÔòÉÔòÉÔòÉÔòÉÔòÉÔòÉÔòÉÔòÉÔòÉÔòÉÔòÉÔòÉÔòÉÔòÉÔòÉÔòÉÔòÉÔòÉÔòÉÔòÉÔòÉÔòÉÔòÉÔòÉÔòÉÔòÉÔòÉÔòÉÔòÉ
The following assertion was thrown building AppBar(dirty, dependencies:
[_LocalizationsScope-[GlobalKey#9e1d6], _ScrollNotificationObserverScope], state:
_AppBarState#df6ea):
No MaterialLocalizations found.
AppBar widgets require MaterialLocalizations to be provided by a Localizations widget ancestor.
The material library uses Localizations to generate messages, labels, and abbreviations.
To introduce a MaterialLocalizations, either use a MaterialApp at the root of your application to
include them automatically, or add a Localization widget with a MaterialLocalizations delegate.
The specific widget that could not find a MaterialLocalizations ancestor was:
  AppBar
The ancestors of this widget were:
  ...
  FlexibleSpaceBarSettings
  ConstrainedBox
  MediaQuery
  LayoutId-[<_ScaffoldSlot.appBar>]
  CustomMultiChildLayout
  ...

The relevant error-causing widget was:
  AppBar AppBar:file:///C:/dev/AstroYorumAI/lib/screens/birth_info_screen.dart:315:15

When the exception was thrown, this was the stack:
#0      debugCheckHasMaterialLocalizations.<anonymous closure> (package:flutter/src/material/debug.dart:93:7)
#1      debugCheckHasMaterialLocalizations (package:flutter/src/material/debug.dart:113:4)
#2      _AppBarState.build (package:flutter/src/material/app_bar.dart:813:12)
#3      StatefulElement.build (package:flutter/src/widgets/framework.dart:5198:27)
#4      ComponentElement.performRebuild (package:flutter/src/widgets/framework.dart:5086:15)
#5      StatefulElement.performRebuild (package:flutter/src/widgets/framework.dart:5251:11)
#6      Element.rebuild (package:flutter/src/widgets/framework.dart:4805:7)
#7      ComponentElement._firstBuild (package:flutter/src/widgets/framework.dart:5068:5)
#8      StatefulElement._firstBuild (package:flutter/src/widgets/framework.dart:5242:11)
#9      ComponentElement.mount (package:flutter/src/widgets/framework.dart:5062:5)
...     Normal element mounting (22 frames)
#31     Element.inflateWidget (package:flutter/src/widgets/framework.dart:3971:16)
#32     MultiChildRenderObjectElement.inflateWidget (package:flutter/src/widgets/framework.dart:6570:36)
#33     MultiChildRenderObjectElement.mount (package:flutter/src/widgets/framework.dart:6582:32)
...     Normal element mounting (332 frames)
#365    Element.inflateWidget (package:flutter/src/widgets/framework.dart:3971:16)
#366    MultiChildRenderObjectElement.inflateWidget (package:flutter/src/widgets/framework.dart:6570:36)
#367    MultiChildRenderObjectElement.mount (package:flutter/src/widgets/framework.dart:6582:32)
...     Normal element mounting (435 frames)
#802    Element.inflateWidget (package:flutter/src/widgets/framework.dart:3971:16)
#803    Element.updateChild (package:flutter/src/widgets/framework.dart:3702:20)
#804    ComponentElement.performRebuild (package:flutter/src/widgets/framework.dart:5111:16)
#805    Element.rebuild (package:flutter/src/widgets/framework.dart:4805:7)
#806    ProxyElement.update (package:flutter/src/widgets/framework.dart:5417:5)
#807    Element.updateChild (package:flutter/src/widgets/framework.dart:3686:15)
#808    ComponentElement.performRebuild (package:flutter/src/widgets/framework.dart:5111:16)
#809    StatefulElement.performRebuild (package:flutter/src/widgets/framework.dart:5251:11)
#810    Element.rebuild (package:flutter/src/widgets/framework.dart:4805:7)
#811    StatefulElement.update (package:flutter/src/widgets/framework.dart:5274:5)
#812    Element.updateChild (package:flutter/src/widgets/framework.dart:3686:15)
#813    ComponentElement.performRebuild (package:flutter/src/widgets/framework.dart:5111:16)
#814    Element.rebuild (package:flutter/src/widgets/framework.dart:4805:7)
#815    ProxyElement.update (package:flutter/src/widgets/framework.dart:5417:5)
#816    Element.updateChild (package:flutter/src/widgets/framework.dart:3686:15)
#817    ComponentElement.performRebuild (package:flutter/src/widgets/framework.dart:5111:16)
#818    Element.rebuild (package:flutter/src/widgets/framework.dart:4805:7)
#819    StatelessElement.update (package:flutter/src/widgets/framework.dart:5162:5)
#820    Element.updateChild (package:flutter/src/widgets/framework.dart:3686:15)
#821    RenderObjectToWidgetElement._rebuild (package:flutter/src/widgets/binding.dart:1240:16)
#822    RenderObjectToWidgetElement.update (package:flutter/src/widgets/binding.dart:1217:5)
#823    RenderObjectToWidgetElement.performRebuild (package:flutter/src/widgets/binding.dart:1231:7)
#824    Element.rebuild (package:flutter/src/widgets/framework.dart:4805:7)
#825    BuildOwner.buildScope (package:flutter/src/widgets/framework.dart:2780:19)
#826    AutomatedTestWidgetsFlutterBinding.drawFrame (package:flutter_test/src/binding.dart:1386:19)
#827    RendererBinding._handlePersistentFrameCallback (package:flutter/src/rendering/binding.dart:358:5)
#828    SchedulerBinding._invokeFrameCallback (package:flutter/src/scheduler/binding.dart:1284:15)
#829    SchedulerBinding.handleDrawFrame (package:flutter/src/scheduler/binding.dart:1214:9)
#830    AutomatedTestWidgetsFlutterBinding.pump.<anonymous closure> (package:flutter_test/src/binding.dart:1236:9)
#833    TestAsyncUtils.guard (package:flutter_test/src/test_async_utils.dart:68:41)
#834    AutomatedTestWidgetsFlutterBinding.pump (package:flutter_test/src/binding.dart:1222:27)
#835    WidgetTester._pumpWidget (package:flutter_test/src/widget_tester.dart:592:20)
#836    WidgetTester.pumpWidget.<anonymous closure> (package:flutter_test/src/widget_tester.dart:577:14)
#839    TestAsyncUtils.guard (package:flutter_test/src/test_async_utils.dart:68:41)
#840    WidgetTester.pumpWidget (package:flutter_test/src/widget_tester.dart:576:27)
#841    main.<anonymous closure>.<anonymous closure> (file:///C:/dev/AstroYorumAI/test/screens/birth_info_screen_fixed_final_test.dart:101:20)
#842    testWidgets.<anonymous closure>.<anonymous closure> (package:flutter_test/src/widget_tester.dart:170:29)
<asynchronous suspension>
<asynchronous suspension>
(elided 5 frames from dart:async and package:stack_trace)

ÔòÉÔòÉÔòÉÔòÉÔòÉÔòÉÔòÉÔòÉÔòÉÔòÉÔòÉÔòÉÔòÉÔòÉÔòÉÔòÉÔòÉÔòÉÔòÉÔòÉÔòÉÔòÉÔòÉÔòÉÔòÉÔòÉÔòÉÔòÉÔòÉÔòÉÔòÉÔòÉÔòÉÔòÉÔòÉÔòÉÔòÉÔòÉÔòÉÔòÉÔòÉÔòÉÔòÉÔòÉÔòÉÔòÉÔòÉÔòÉÔòÉÔòÉÔòÉÔòÉÔòÉÔòÉÔòÉÔòÉÔòÉÔòÉÔòÉÔòÉÔòÉÔòÉÔòÉÔòÉÔòÉÔòÉÔòÉÔòÉÔòÉÔòÉÔòÉÔòÉÔòÉÔòÉÔòÉÔòÉÔòÉÔòÉÔòÉÔòÉÔòÉÔòÉÔòÉÔòÉÔòÉÔòÉÔòÉÔòÉÔòÉÔòÉÔòÉÔòÉÔòÉÔòÉÔòÉÔòÉÔòÉÔòÉÔòÉÔòÉ
ÔòÉÔòÉÔòí EXCEPTION CAUGHT BY WIDGETS LIBRARY ÔòŞÔòÉÔòÉÔòÉÔòÉÔòÉÔòÉÔòÉÔòÉÔòÉÔòÉÔòÉÔòÉÔòÉÔòÉÔòÉÔòÉÔòÉÔòÉÔòÉÔòÉÔòÉÔòÉÔòÉÔòÉÔòÉÔòÉÔòÉÔòÉÔòÉÔòÉÔòÉÔòÉÔòÉÔòÉÔòÉÔòÉÔòÉÔòÉÔòÉÔòÉÔòÉÔòÉÔòÉÔòÉÔòÉÔòÉÔòÉÔòÉÔòÉÔòÉÔòÉÔòÉÔòÉÔòÉÔòÉÔòÉÔòÉÔòÉÔòÉ
The following assertion was thrown building TextField(controller:
TextEditingController#58a8b(TextEditingValue(text: ÔöñÔö£, selection: TextSelection.invalid, composing:
TextRange(start: -1, end: -1))), enabled: true, decoration: InputDecoration(labelText: "Ad Soyad",
floatingLabelBehavior: FloatingLabelBehavior.auto, floatingLabelAlignment:
FloatingLabelAlignment.start, alignLabelWithHint: false), dirty, dependencies: [MediaQuery,
UnmanagedRestorationScope, _LocalizationsScope-[GlobalKey#9e1d6]], state: _TextFieldState#20fd3):
No MaterialLocalizations found.
TextField widgets require MaterialLocalizations to be provided by a Localizations widget ancestor.
The material library uses Localizations to generate messages, labels, and abbreviations.
To introduce a MaterialLocalizations, either use a MaterialApp at the root of your application to
include them automatically, or add a Localization widget with a MaterialLocalizations delegate.
The specific widget that could not find a MaterialLocalizations ancestor was:
  TextField
The ancestors of this widget were:
  ...
  UnmanagedRestorationScope
  TextFormField-[<'name_field'>]
  RepaintBoundary
  IndexedSemantics
  _SelectionKeepAlive
  ...

The relevant error-causing widget was:
  TextFormField-[<'name_field'>]
  TextFormField:file:///C:/dev/AstroYorumAI/lib/screens/birth_info_screen.dart:325:46

When the exception was thrown, this was the stack:
#0      debugCheckHasMaterialLocalizations.<anonymous closure> (package:flutter/src/material/debug.dart:93:7)
#1      debugCheckHasMaterialLocalizations (package:flutter/src/material/debug.dart:113:4)
#2      _TextFieldState.build (package:flutter/src/material/text_field.dart:1234:12)
#3      StatefulElement.build (package:flutter/src/widgets/framework.dart:5198:27)
#4      ComponentElement.performRebuild (package:flutter/src/widgets/framework.dart:5086:15)
#5      StatefulElement.performRebuild (package:flutter/src/widgets/framework.dart:5251:11)
#6      Element.rebuild (package:flutter/src/widgets/framework.dart:4805:7)
#7      ComponentElement._firstBuild (package:flutter/src/widgets/framework.dart:5068:5)
#8      StatefulElement._firstBuild (package:flutter/src/widgets/framework.dart:5242:11)
#9      ComponentElement.mount (package:flutter/src/widgets/framework.dart:5062:5)
...     Normal element mounting (55 frames)
#64     Element.inflateWidget (package:flutter/src/widgets/framework.dart:3971:16)
#65     Element.updateChild (package:flutter/src/widgets/framework.dart:3708:18)
#66     SliverMultiBoxAdaptorElement.updateChild (package:flutter/src/widgets/sliver.dart:857:37)
#67     SliverMultiBoxAdaptorElement.createChild.<anonymous closure> (package:flutter/src/widgets/sliver.dart:842:20)
#68     BuildOwner.buildScope (package:flutter/src/widgets/framework.dart:2720:19)
#69     SliverMultiBoxAdaptorElement.createChild (package:flutter/src/widgets/sliver.dart:834:12)
#70     RenderSliverMultiBoxAdaptor._createOrObtainChild.<anonymous closure> (package:flutter/src/rendering/sliver_multi_box_adaptor.dart:351:23)
#71     RenderObject.invokeLayoutCallback.<anonymous closure> (package:flutter/src/rendering/object.dart:2506:59)
#72     PipelineOwner._enableMutationsToDirtySubtrees (package:flutter/src/rendering/object.dart:1062:15)
#73     RenderObject.invokeLayoutCallback (package:flutter/src/rendering/object.dart:2506:14)
#74     RenderSliverMultiBoxAdaptor._createOrObtainChild (package:flutter/src/rendering/sliver_multi_box_adaptor.dart:340:5)
#75     RenderSliverMultiBoxAdaptor.addInitialChild (package:flutter/src/rendering/sliver_multi_box_adaptor.dart:426:5)
#76     RenderSliverList.performLayout (package:flutter/src/rendering/sliver_list.dart:79:12)
#77     RenderObject.layout (package:flutter/src/rendering/object.dart:2395:7)
#78     RenderSliverEdgeInsetsPadding.performLayout (package:flutter/src/rendering/sliver_padding.dart:139:12)
#79     RenderSliverPadding.performLayout (package:flutter/src/rendering/sliver_padding.dart:361:11)
#80     RenderObject.layout (package:flutter/src/rendering/object.dart:2395:7)
#81     RenderViewportBase.layoutChildSequence (package:flutter/src/rendering/viewport.dart:534:13)
#82     RenderViewport._attemptLayout (package:flutter/src/rendering/viewport.dart:1511:12)
#83     RenderViewport.performLayout (package:flutter/src/rendering/viewport.dart:1420:20)
#84     RenderObject.layout (package:flutter/src/rendering/object.dart:2395:7)
#85     RenderBox.layout (package:flutter/src/rendering/box.dart:2386:11)
#86     RenderProxyBoxMixin.performLayout (package:flutter/src/rendering/proxy_box.dart:122:14)
#87     RenderObject.layout (package:flutter/src/rendering/object.dart:2395:7)
#88     RenderBox.layout (package:flutter/src/rendering/box.dart:2386:11)
#89     RenderProxyBoxMixin.performLayout (package:flutter/src/rendering/proxy_box.dart:122:14)
#90     RenderObject.layout (package:flutter/src/rendering/object.dart:2395:7)
#91     RenderBox.layout (package:flutter/src/rendering/box.dart:2386:11)
#92     RenderProxyBoxMixin.performLayout (package:flutter/src/rendering/proxy_box.dart:122:14)
#93     RenderObject.layout (package:flutter/src/rendering/object.dart:2395:7)
#94     RenderBox.layout (package:flutter/src/rendering/box.dart:2386:11)
#95     RenderProxyBoxMixin.performLayout (package:flutter/src/rendering/proxy_box.dart:122:14)
#96     RenderObject.layout (package:flutter/src/rendering/object.dart:2395:7)
#97     RenderBox.layout (package:flutter/src/rendering/box.dart:2386:11)
#98     RenderProxyBoxMixin.performLayout (package:flutter/src/rendering/proxy_box.dart:122:14)
#99     RenderObject.layout (package:flutter/src/rendering/object.dart:2395:7)
#100    RenderBox.layout (package:flutter/src/rendering/box.dart:2386:11)
#101    RenderProxyBoxMixin.performLayout (package:flutter/src/rendering/proxy_box.dart:122:14)
#102    RenderObject.layout (package:flutter/src/rendering/object.dart:2395:7)
#103    RenderBox.layout (package:flutter/src/rendering/box.dart:2386:11)
#104    RenderProxyBoxMixin.performLayout (package:flutter/src/rendering/proxy_box.dart:122:14)
#105    RenderObject.layout (package:flutter/src/rendering/object.dart:2395:7)
#106    RenderBox.layout (package:flutter/src/rendering/box.dart:2386:11)
#107    RenderProxyBoxMixin.performLayout (package:flutter/src/rendering/proxy_box.dart:122:14)
#108    RenderCustomPaint.performLayout (package:flutter/src/rendering/custom_paint.dart:554:11)
#109    RenderObject.layout (package:flutter/src/rendering/object.dart:2395:7)
#110    RenderBox.layout (package:flutter/src/rendering/box.dart:2386:11)
#111    RenderProxyBoxMixin.performLayout (package:flutter/src/rendering/proxy_box.dart:122:14)
#112    RenderObject.layout (package:flutter/src/rendering/object.dart:2395:7)
#113    RenderBox.layout (package:flutter/src/rendering/box.dart:2386:11)
#114    RenderPadding.performLayout (package:flutter/src/rendering/shifted_box.dart:238:12)
#115    RenderObject.layout (package:flutter/src/rendering/object.dart:2395:7)
#116    RenderBox.layout (package:flutter/src/rendering/box.dart:2386:11)
#117    MultiChildLayoutDelegate.layoutChild (package:flutter/src/rendering/custom_layout.dart:171:12)
#118    _ScaffoldLayout.performLayout (package:flutter/src/material/scaffold.dart:1056:7)
#119    MultiChildLayoutDelegate._callPerformLayout (package:flutter/src/rendering/custom_layout.dart:235:7)
#120    RenderCustomMultiChildLayoutBox.performLayout (package:flutter/src/rendering/custom_layout.dart:403:14)
#121    RenderObject.layout (package:flutter/src/rendering/object.dart:2395:7)
#122    RenderBox.layout (package:flutter/src/rendering/box.dart:2386:11)
#123    RenderProxyBoxMixin.performLayout (package:flutter/src/rendering/proxy_box.dart:122:14)
#124    RenderObject.layout (package:flutter/src/rendering/object.dart:2395:7)
#125    RenderBox.layout (package:flutter/src/rendering/box.dart:2386:11)
#126    RenderProxyBoxMixin.performLayout (package:flutter/src/rendering/proxy_box.dart:122:14)
#127    _RenderCustomClip.performLayout (package:flutter/src/rendering/proxy_box.dart:1449:11)
#128    RenderObject.layout (package:flutter/src/rendering/object.dart:2395:7)
#129    RenderBox.layout (package:flutter/src/rendering/box.dart:2386:11)
#130    RenderProxyBoxMixin.performLayout (package:flutter/src/rendering/proxy_box.dart:122:14)
#131    RenderObject.layout (package:flutter/src/rendering/object.dart:2395:7)
#132    RenderBox.layout (package:flutter/src/rendering/box.dart:2386:11)
#133    RenderProxyBoxMixin.performLayout (package:flutter/src/rendering/proxy_box.dart:122:14)
#134    RenderObject.layout (package:flutter/src/rendering/object.dart:2395:7)
#135    RenderBox.layout (package:flutter/src/rendering/box.dart:2386:11)
#136    RenderProxyBoxMixin.performLayout (package:flutter/src/rendering/proxy_box.dart:122:14)
#137    RenderObject.layout (package:flutter/src/rendering/object.dart:2395:7)
#138    RenderBox.layout (package:flutter/src/rendering/box.dart:2386:11)
#139    RenderProxyBoxMixin.performLayout (package:flutter/src/rendering/proxy_box.dart:122:14)
#140    RenderObject.layout (package:flutter/src/rendering/object.dart:2395:7)
#141    RenderBox.layout (package:flutter/src/rendering/box.dart:2386:11)
#142    RenderProxyBoxMixin.performLayout (package:flutter/src/rendering/proxy_box.dart:122:14)
#143    RenderObject.layout (package:flutter/src/rendering/object.dart:2395:7)
#144    RenderBox.layout (package:flutter/src/rendering/box.dart:2386:11)
#145    RenderProxyBoxMixin.performLayout (package:flutter/src/rendering/proxy_box.dart:122:14)
#146    RenderObject.layout (package:flutter/src/rendering/object.dart:2395:7)
#147    RenderBox.layout (package:flutter/src/rendering/box.dart:2386:11)
#148    RenderProxyBoxMixin.performLayout (package:flutter/src/rendering/proxy_box.dart:122:14)
#149    RenderObject.layout (package:flutter/src/rendering/object.dart:2395:7)
#150    RenderBox.layout (package:flutter/src/rendering/box.dart:2386:11)
#151    RenderProxyBoxMixin.performLayout (package:flutter/src/rendering/proxy_box.dart:122:14)
#152    RenderObject.layout (package:flutter/src/rendering/object.dart:2395:7)
#153    RenderBox.layout (package:flutter/src/rendering/box.dart:2386:11)
#154    RenderProxyBoxMixin.performLayout (package:flutter/src/rendering/proxy_box.dart:122:14)
#155    RenderObject.layout (package:flutter/src/rendering/object.dart:2395:7)
#156    RenderBox.layout (package:flutter/src/rendering/box.dart:2386:11)
#157    RenderProxyBoxMixin.performLayout (package:flutter/src/rendering/proxy_box.dart:122:14)
#158    RenderOffstage.performLayout (package:flutter/src/rendering/proxy_box.dart:3751:13)
#159    RenderObject.layout (package:flutter/src/rendering/object.dart:2395:7)
#160    RenderBox.layout (package:flutter/src/rendering/box.dart:2386:11)
#161    RenderProxyBoxMixin.performLayout (package:flutter/src/rendering/proxy_box.dart:122:14)
#162    RenderObject.layout (package:flutter/src/rendering/object.dart:2395:7)
#163    RenderBox.layout (package:flutter/src/rendering/box.dart:2386:11)
#164    _RenderTheaterMixin.performLayout (package:flutter/src/widgets/overlay.dart:832:15)
#165    RenderObject.layout (package:flutter/src/rendering/object.dart:2395:7)
#166    RenderBox.layout (package:flutter/src/rendering/box.dart:2386:11)
#167    RenderProxyBoxMixin.performLayout (package:flutter/src/rendering/proxy_box.dart:122:14)
#168    RenderObject.layout (package:flutter/src/rendering/object.dart:2395:7)
#169    RenderBox.layout (package:flutter/src/rendering/box.dart:2386:11)
#170    RenderProxyBoxMixin.performLayout (package:flutter/src/rendering/proxy_box.dart:122:14)
#171    RenderObject.layout (package:flutter/src/rendering/object.dart:2395:7)
#172    RenderBox.layout (package:flutter/src/rendering/box.dart:2386:11)
#173    RenderProxyBoxMixin.performLayout (package:flutter/src/rendering/proxy_box.dart:122:14)
#174    RenderObject.layout (package:flutter/src/rendering/object.dart:2395:7)
#175    RenderBox.layout (package:flutter/src/rendering/box.dart:2386:11)
#176    RenderProxyBoxMixin.performLayout (package:flutter/src/rendering/proxy_box.dart:122:14)
#177    RenderCustomPaint.performLayout (package:flutter/src/rendering/custom_paint.dart:554:11)
#178    RenderObject.layout (package:flutter/src/rendering/object.dart:2395:7)
#179    RenderBox.layout (package:flutter/src/rendering/box.dart:2386:11)
#180    RenderProxyBoxMixin.performLayout (package:flutter/src/rendering/proxy_box.dart:122:14)
#181    RenderObject.layout (package:flutter/src/rendering/object.dart:2395:7)
#182    RenderBox.layout (package:flutter/src/rendering/box.dart:2386:11)
#183    RenderProxyBoxMixin.performLayout (package:flutter/src/rendering/proxy_box.dart:122:14)
#184    RenderObject.layout (package:flutter/src/rendering/object.dart:2395:7)
#185    RenderBox.layout (package:flutter/src/rendering/box.dart:2386:11)
#186    RenderProxyBoxMixin.performLayout (package:flutter/src/rendering/proxy_box.dart:122:14)
#187    RenderObject.layout (package:flutter/src/rendering/object.dart:2395:7)
#188    RenderBox.layout (package:flutter/src/rendering/box.dart:2386:11)
#189    RenderProxyBoxMixin.performLayout (package:flutter/src/rendering/proxy_box.dart:122:14)
#190    RenderObject.layout (package:flutter/src/rendering/object.dart:2395:7)
#191    RenderBox.layout (package:flutter/src/rendering/box.dart:2386:11)
#192    RenderProxyBoxMixin.performLayout (package:flutter/src/rendering/proxy_box.dart:122:14)
#193    RenderObject.layout (package:flutter/src/rendering/object.dart:2395:7)
#194    RenderBox.layout (package:flutter/src/rendering/box.dart:2386:11)
#195    RenderProxyBoxMixin.performLayout (package:flutter/src/rendering/proxy_box.dart:122:14)
#196    RenderObject.layout (package:flutter/src/rendering/object.dart:2395:7)
#197    RenderBox.layout (package:flutter/src/rendering/box.dart:2386:11)
#198    RenderView.performLayout (package:flutter/src/rendering/view.dart:173:14)
#199    RenderObject._layoutWithoutResize (package:flutter/src/rendering/object.dart:2234:7)
#200    PipelineOwner.flushLayout (package:flutter/src/rendering/object.dart:1016:18)
#201    AutomatedTestWidgetsFlutterBinding.drawFrame (package:flutter_test/src/binding.dart:1388:23)
#202    RendererBinding._handlePersistentFrameCallback (package:flutter/src/rendering/binding.dart:358:5)
#203    SchedulerBinding._invokeFrameCallback (package:flutter/src/scheduler/binding.dart:1284:15)
#204    SchedulerBinding.handleDrawFrame (package:flutter/src/scheduler/binding.dart:1214:9)
#205    AutomatedTestWidgetsFlutterBinding.pump.<anonymous closure> (package:flutter_test/src/binding.dart:1236:9)
#208    TestAsyncUtils.guard (package:flutter_test/src/test_async_utils.dart:68:41)
#209    AutomatedTestWidgetsFlutterBinding.pump (package:flutter_test/src/binding.dart:1222:27)
#210    WidgetTester._pumpWidget (package:flutter_test/src/widget_tester.dart:592:20)
#211    WidgetTester.pumpWidget.<anonymous closure> (package:flutter_test/src/widget_tester.dart:577:14)
#214    TestAsyncUtils.guard (package:flutter_test/src/test_async_utils.dart:68:41)
#215    WidgetTester.pumpWidget (package:flutter_test/src/widget_tester.dart:576:27)
#216    main.<anonymous closure>.<anonymous closure> (file:///C:/dev/AstroYorumAI/test/screens/birth_info_screen_fixed_final_test.dart:101:20)
#217    testWidgets.<anonymous closure>.<anonymous closure> (package:flutter_test/src/widget_tester.dart:170:29)
<asynchronous suspension>
<asynchronous suspension>
(elided 5 frames from dart:async and package:stack_trace)

ÔòÉÔòÉÔòÉÔòÉÔòÉÔòÉÔòÉÔòÉÔòÉÔòÉÔòÉÔòÉÔòÉÔòÉÔòÉÔòÉÔòÉÔòÉÔòÉÔòÉÔòÉÔòÉÔòÉÔòÉÔòÉÔòÉÔòÉÔòÉÔòÉÔòÉÔòÉÔòÉÔòÉÔòÉÔòÉÔòÉÔòÉÔòÉÔòÉÔòÉÔòÉÔòÉÔòÉÔòÉÔòÉÔòÉÔòÉÔòÉÔòÉÔòÉÔòÉÔòÉÔòÉÔòÉÔòÉÔòÉÔòÉÔòÉÔòÉÔòÉÔòÉÔòÉÔòÉÔòÉÔòÉÔòÉÔòÉÔòÉÔòÉÔòÉÔòÉÔòÉÔòÉÔòÉÔòÉÔòÉÔòÉÔòÉÔòÉÔòÉÔòÉÔòÉÔòÉÔòÉÔòÉÔòÉÔòÉÔòÉÔòÉÔòÉÔòÉÔòÉÔòÉÔòÉÔòÉÔòÉÔòÉÔòÉÔòÉÔòÉ
ÔòÉÔòÉÔòí EXCEPTION CAUGHT BY FLUTTER TEST FRAMEWORK ÔòŞÔòÉÔòÉÔòÉÔòÉÔòÉÔòÉÔòÉÔòÉÔòÉÔòÉÔòÉÔòÉÔòÉÔòÉÔòÉÔòÉÔòÉÔòÉÔòÉÔòÉÔòÉÔòÉÔòÉÔòÉÔòÉÔòÉÔòÉÔòÉÔòÉÔòÉÔòÉÔòÉÔòÉÔòÉÔòÉÔòÉÔòÉÔòÉÔòÉÔòÉÔòÉÔòÉÔòÉÔòÉÔòÉÔòÉÔòÉÔòÉÔòÉÔòÉÔòÉÔòÉ
The following StateError was thrown running a test:
Bad state: No element

When the exception was thrown, this was the stack:
#0      Iterable.single (dart:core/iterable.dart:670:25)
#1      WidgetController.state (package:flutter_test/src/controller.dart:436:42)
#2      WidgetTester.showKeyboard.<anonymous closure> (package:flutter_test/src/widget_tester.dart:1095:42)
#5      TestAsyncUtils.guard (package:flutter_test/src/test_async_utils.dart:68:41)
#6      WidgetTester.showKeyboard (package:flutter_test/src/widget_tester.dart:1094:27)
#7      WidgetTester.enterText.<anonymous closure> (package:flutter_test/src/widget_tester.dart:1130:13)
#10     TestAsyncUtils.guard (package:flutter_test/src/test_async_utils.dart:68:41)
#11     WidgetTester.enterText (package:flutter_test/src/widget_tester.dart:1129:27)
#12     main.<anonymous closure>.<anonymous closure> (file:///C:/dev/AstroYorumAI/test/screens/birth_info_screen_fixed_final_test.dart:111:20)
<asynchronous suspension>
<asynchronous suspension>
(elided 5 frames from dart:async and package:stack_trace)

The test description was:
  validates longitude field correctly - WORKING FIX
ÔòÉÔòÉÔòÉÔòÉÔòÉÔòÉÔòÉÔòÉÔòÉÔòÉÔòÉÔòÉÔòÉÔòÉÔòÉÔòÉÔòÉÔòÉÔòÉÔòÉÔòÉÔòÉÔòÉÔòÉÔòÉÔòÉÔòÉÔòÉÔòÉÔòÉÔòÉÔòÉÔòÉÔòÉÔòÉÔòÉÔòÉÔòÉÔòÉÔòÉÔòÉÔòÉÔòÉÔòÉÔòÉÔòÉÔòÉÔòÉÔòÉÔòÉÔòÉÔòÉÔòÉÔòÉÔòÉÔòÉÔòÉÔòÉÔòÉÔòÉÔòÉÔòÉÔòÉÔòÉÔòÉÔòÉÔòÉÔòÉÔòÉÔòÉÔòÉÔòÉÔòÉÔòÉÔòÉÔòÉÔòÉÔòÉÔòÉÔòÉÔòÉÔòÉÔòÉÔòÉÔòÉÔòÉÔòÉÔòÉÔòÉÔòÉÔòÉÔòÉÔòÉÔòÉÔòÉÔòÉÔòÉÔòÉÔòÉÔòÉ
ÔòÉÔòÉÔòí EXCEPTION CAUGHT BY FLUTTER TEST FRAMEWORK ÔòŞÔòÉÔòÉÔòÉÔòÉÔòÉÔòÉÔòÉÔòÉÔòÉÔòÉÔòÉÔòÉÔòÉÔòÉÔòÉÔòÉÔòÉÔòÉÔòÉÔòÉÔòÉÔòÉÔòÉÔòÉÔòÉÔòÉÔòÉÔòÉÔòÉÔòÉÔòÉÔòÉÔòÉÔòÉÔòÉÔòÉÔòÉÔòÉÔòÉÔòÉÔòÉÔòÉÔòÉÔòÉÔòÉÔòÉÔòÉÔòÉÔòÉÔòÉÔòÉÔòÉ
The following message was thrown:
Multiple exceptions (4) were detected during the running of the current test, and at least one was
unexpected.
ÔòÉÔòÉÔòÉÔòÉÔòÉÔòÉÔòÉÔòÉÔòÉÔòÉÔòÉÔòÉÔòÉÔòÉÔòÉÔòÉÔòÉÔòÉÔòÉÔòÉÔòÉÔòÉÔòÉÔòÉÔòÉÔòÉÔòÉÔòÉÔòÉÔòÉÔòÉÔòÉÔòÉÔòÉÔòÉÔòÉÔòÉÔòÉÔòÉÔòÉÔòÉÔòÉÔòÉÔòÉÔòÉÔòÉÔòÉÔòÉÔòÉÔòÉÔòÉÔòÉÔòÉÔòÉÔòÉÔòÉÔòÉÔòÉÔòÉÔòÉÔòÉÔòÉÔòÉÔòÉÔòÉÔòÉÔòÉÔòÉÔòÉÔòÉÔòÉÔòÉÔòÉÔòÉÔòÉÔòÉÔòÉÔòÉÔòÉÔòÉÔòÉÔòÉÔòÉÔòÉÔòÉÔòÉÔòÉÔòÉÔòÉÔòÉÔòÉÔòÉÔòÉÔòÉÔòÉÔòÉÔòÉÔòÉÔòÉÔòÉ
00:03 +21 -10: C:/dev/AstroYorumAI/test/screens/birth_info_screen_debug_test.dart: BirthInfoScreen Debug Tests debug validation behavior
00:03 +21 -10: C:/dev/AstroYorumAI/test/screens/birth_info_screen_fixed_final_test.dart: BirthInfoScreen Fixed Tests validates longitude field correctly - WORKING FIX [E]
  Test failed. See exception logs above.
  The test description was: validates longitude field correctly - WORKING FIX
  
00:03 +21 -10: C:/dev/AstroYorumAI/test/screens/birth_info_screen_fixed_final_test.dart: BirthInfoScreen Fixed Tests displays processing state during geocoding - WORKING FIX
ÔòÉÔòÉÔòí EXCEPTION CAUGHT BY WIDGETS ÔòŞÔòÉÔòÉÔòÉÔòÉÔòÉÔòÉÔòÉÔòÉÔòÉÔòÉÔòÉÔòÉÔòÉÔòÉÔòÉÔòÉÔòÉÔòÉÔòÉÔòÉÔòÉÔòÉÔòÉÔòÉÔòÉÔòÉÔòÉÔòÉÔòÉÔòÉÔòÉÔòÉÔòÉÔòÉÔòÉÔòÉÔòÉÔòÉÔòÉÔòÉÔòÉÔòÉÔòÉÔòÉÔòÉÔòÉÔòÉÔòÉÔòÉÔòÉÔòÉÔòÉÔòÉÔòÉÔòÉÔòÉÔòÉÔòÉÔòÉÔòÉÔòÉÔòÉÔòÉÔòÉÔòÉÔòÉÔòÉ
The following message was thrown:
Warning: This application's locale, tr_TR, is not supported by all of its localization delegates.

ÔÇó A MaterialLocalizations delegate that supports the tr_TR locale was not found.
ÔÇó A CupertinoLocalizations delegate that supports the tr_TR locale was not found.

The declared supported locales for this app are: tr_TR

See https://flutter.dev/tutorials/internationalization/ for more information about configuring an
app's locale, supportedLocales, and localizationsDelegates parameters.
ÔòÉÔòÉÔòÉÔòÉÔòÉÔòÉÔòÉÔòÉÔòÉÔòÉÔòÉÔòÉÔòÉÔòÉÔòÉÔòÉÔòÉÔòÉÔòÉÔòÉÔòÉÔòÉÔòÉÔòÉÔòÉÔòÉÔòÉÔòÉÔòÉÔòÉÔòÉÔòÉÔòÉÔòÉÔòÉÔòÉÔòÉÔòÉÔòÉÔòÉÔòÉÔòÉÔòÉÔòÉÔòÉÔòÉÔòÉÔòÉÔòÉÔòÉÔòÉÔòÉÔòÉÔòÉÔòÉÔòÉÔòÉÔòÉÔòÉÔòÉÔòÉÔòÉÔòÉÔòÉÔòÉÔòÉÔòÉÔòÉÔòÉÔòÉÔòÉÔòÉÔòÉÔòÉÔòÉÔòÉÔòÉÔòÉÔòÉÔòÉÔòÉÔòÉÔòÉÔòÉÔòÉÔòÉÔòÉÔòÉÔòÉÔòÉÔòÉÔòÉÔòÉÔòÉÔòÉÔòÉÔòÉÔòÉÔòÉÔòÉ
ÔòÉÔòÉÔòí EXCEPTION CAUGHT BY WIDGETS LIBRARY ÔòŞÔòÉÔòÉÔòÉÔòÉÔòÉÔòÉÔòÉÔòÉÔòÉÔòÉÔòÉÔòÉÔòÉÔòÉÔòÉÔòÉÔòÉÔòÉÔòÉÔòÉÔòÉÔòÉÔòÉÔòÉÔòÉÔòÉÔòÉÔòÉÔòÉÔòÉÔòÉÔòÉÔòÉÔòÉÔòÉÔòÉÔòÉÔòÉÔòÉÔòÉÔòÉÔòÉÔòÉÔòÉÔòÉÔòÉÔòÉÔòÉÔòÉÔòÉÔòÉÔòÉÔòÉÔòÉÔòÉÔòÉÔòÉÔòÉÔòÉ
The following assertion was thrown building AppBar(dirty, dependencies:
[_LocalizationsScope-[GlobalKey#a1d3d], _ScrollNotificationObserverScope], state:
_AppBarState#f3c53):
No MaterialLocalizations found.
AppBar widgets require MaterialLocalizations to be provided by a Localizations widget ancestor.
The material library uses Localizations to generate messages, labels, and abbreviations.
To introduce a MaterialLocalizations, either use a MaterialApp at the root of your application to
include them automatically, or add a Localization widget with a MaterialLocalizations delegate.
The specific widget that could not find a MaterialLocalizations ancestor was:
  AppBar
The ancestors of this widget were:
  ...
  FlexibleSpaceBarSettings
  ConstrainedBox
  MediaQuery
  LayoutId-[<_ScaffoldSlot.appBar>]
  CustomMultiChildLayout
  ...

The relevant error-causing widget was:
  AppBar AppBar:file:///C:/dev/AstroYorumAI/lib/screens/birth_info_screen.dart:315:15

When the exception was thrown, this was the stack:
#0      debugCheckHasMaterialLocalizations.<anonymous closure> (package:flutter/src/material/debug.dart:93:7)
#1      debugCheckHasMaterialLocalizations (package:flutter/src/material/debug.dart:113:4)
#2      _AppBarState.build (package:flutter/src/material/app_bar.dart:813:12)
#3      StatefulElement.build (package:flutter/src/widgets/framework.dart:5198:27)
#4      ComponentElement.performRebuild (package:flutter/src/widgets/framework.dart:5086:15)
#5      StatefulElement.performRebuild (package:flutter/src/widgets/framework.dart:5251:11)
#6      Element.rebuild (package:flutter/src/widgets/framework.dart:4805:7)
#7      ComponentElement._firstBuild (package:flutter/src/widgets/framework.dart:5068:5)
#8      StatefulElement._firstBuild (package:flutter/src/widgets/framework.dart:5242:11)
#9      ComponentElement.mount (package:flutter/src/widgets/framework.dart:5062:5)
...     Normal element mounting (22 frames)
#31     Element.inflateWidget (package:flutter/src/widgets/framework.dart:3971:16)
#32     MultiChildRenderObjectElement.inflateWidget (package:flutter/src/widgets/framework.dart:6570:36)
#33     MultiChildRenderObjectElement.mount (package:flutter/src/widgets/framework.dart:6582:32)
...     Normal element mounting (332 frames)
#365    Element.inflateWidget (package:flutter/src/widgets/framework.dart:3971:16)
#366    MultiChildRenderObjectElement.inflateWidget (package:flutter/src/widgets/framework.dart:6570:36)
#367    MultiChildRenderObjectElement.mount (package:flutter/src/widgets/framework.dart:6582:32)
...     Normal element mounting (435 frames)
#802    Element.inflateWidget (package:flutter/src/widgets/framework.dart:3971:16)
#803    Element.updateChild (package:flutter/src/widgets/framework.dart:3702:20)
#804    ComponentElement.performRebuild (package:flutter/src/widgets/framework.dart:5111:16)
#805    Element.rebuild (package:flutter/src/widgets/framework.dart:4805:7)
#806    ProxyElement.update (package:flutter/src/widgets/framework.dart:5417:5)
#807    Element.updateChild (package:flutter/src/widgets/framework.dart:3686:15)
#808    ComponentElement.performRebuild (package:flutter/src/widgets/framework.dart:5111:16)
#809    StatefulElement.performRebuild (package:flutter/src/widgets/framework.dart:5251:11)
#810    Element.rebuild (package:flutter/src/widgets/framework.dart:4805:7)
#811    StatefulElement.update (package:flutter/src/widgets/framework.dart:5274:5)
#812    Element.updateChild (package:flutter/src/widgets/framework.dart:3686:15)
#813    ComponentElement.performRebuild (package:flutter/src/widgets/framework.dart:5111:16)
#814    Element.rebuild (package:flutter/src/widgets/framework.dart:4805:7)
#815    ProxyElement.update (package:flutter/src/widgets/framework.dart:5417:5)
#816    Element.updateChild (package:flutter/src/widgets/framework.dart:3686:15)
#817    ComponentElement.performRebuild (package:flutter/src/widgets/framework.dart:5111:16)
#818    Element.rebuild (package:flutter/src/widgets/framework.dart:4805:7)
#819    StatelessElement.update (package:flutter/src/widgets/framework.dart:5162:5)
#820    Element.updateChild (package:flutter/src/widgets/framework.dart:3686:15)
#821    RenderObjectToWidgetElement._rebuild (package:flutter/src/widgets/binding.dart:1240:16)
#822    RenderObjectToWidgetElement.update (package:flutter/src/widgets/binding.dart:1217:5)
#823    RenderObjectToWidgetElement.performRebuild (package:flutter/src/widgets/binding.dart:1231:7)
#824    Element.rebuild (package:flutter/src/widgets/framework.dart:4805:7)
#825    BuildOwner.buildScope (package:flutter/src/widgets/framework.dart:2780:19)
#826    AutomatedTestWidgetsFlutterBinding.drawFrame (package:flutter_test/src/binding.dart:1386:19)
#827    RendererBinding._handlePersistentFrameCallback (package:flutter/src/rendering/binding.dart:358:5)
#828    SchedulerBinding._invokeFrameCallback (package:flutter/src/scheduler/binding.dart:1284:15)
#829    SchedulerBinding.handleDrawFrame (package:flutter/src/scheduler/binding.dart:1214:9)
#830    AutomatedTestWidgetsFlutterBinding.pump.<anonymous closure> (package:flutter_test/src/binding.dart:1236:9)
#833    TestAsyncUtils.guard (package:flutter_test/src/test_async_utils.dart:68:41)
#834    AutomatedTestWidgetsFlutterBinding.pump (package:flutter_test/src/binding.dart:1222:27)
#835    WidgetTester._pumpWidget (package:flutter_test/src/widget_tester.dart:592:20)
#836    WidgetTester.pumpWidget.<anonymous closure> (package:flutter_test/src/widget_tester.dart:577:14)
#839    TestAsyncUtils.guard (package:flutter_test/src/test_async_utils.dart:68:41)
#840    WidgetTester.pumpWidget (package:flutter_test/src/widget_tester.dart:576:27)
#841    main.<anonymous closure>.<anonymous closure> (file:///C:/dev/AstroYorumAI/test/screens/birth_info_screen_fixed_final_test.dart:154:20)
#842    testWidgets.<anonymous closure>.<anonymous closure> (package:flutter_test/src/widget_tester.dart:170:29)
<asynchronous suspension>
<asynchronous suspension>
(elided 5 frames from dart:async and package:stack_trace)

ÔòÉÔòÉÔòÉÔòÉÔòÉÔòÉÔòÉÔòÉÔòÉÔòÉÔòÉÔòÉÔòÉÔòÉÔòÉÔòÉÔòÉÔòÉÔòÉÔòÉÔòÉÔòÉÔòÉÔòÉÔòÉÔòÉÔòÉÔòÉÔòÉÔòÉÔòÉÔòÉÔòÉÔòÉÔòÉÔòÉÔòÉÔòÉÔòÉÔòÉÔòÉÔòÉÔòÉÔòÉÔòÉÔòÉÔòÉÔòÉÔòÉÔòÉÔòÉÔòÉÔòÉÔòÉÔòÉÔòÉÔòÉÔòÉÔòÉÔòÉÔòÉÔòÉÔòÉÔòÉÔòÉÔòÉÔòÉÔòÉÔòÉÔòÉÔòÉÔòÉÔòÉÔòÉÔòÉÔòÉÔòÉÔòÉÔòÉÔòÉÔòÉÔòÉÔòÉÔòÉÔòÉÔòÉÔòÉÔòÉÔòÉÔòÉÔòÉÔòÉÔòÉÔòÉÔòÉÔòÉÔòÉÔòÉÔòÉÔòÉ
00:03 +22 -10: C:/dev/AstroYorumAI/test/screens/birth_info_screen_debug_test.dart: BirthInfoScreen Debug Tests debug validation behavior
00:03 +22 -10: C:/dev/AstroYorumAI/test/screens/birth_info_screen_fixed_final_test.dart: BirthInfoScreen Fixed Tests displays processing state during geocoding - WORKING FIX
ÔòÉÔòÉÔòí EXCEPTION CAUGHT BY WIDGETS LIBRARY ÔòŞÔòÉÔòÉÔòÉÔòÉÔòÉÔòÉÔòÉÔòÉÔòÉÔòÉÔòÉÔòÉÔòÉÔòÉÔòÉÔòÉÔòÉÔòÉÔòÉÔòÉÔòÉÔòÉÔòÉÔòÉÔòÉÔòÉÔòÉÔòÉÔòÉÔòÉÔòÉÔòÉÔòÉÔòÉÔòÉÔòÉÔòÉÔòÉÔòÉÔòÉÔòÉÔòÉÔòÉÔòÉÔòÉÔòÉÔòÉÔòÉÔòÉÔòÉÔòÉÔòÉÔòÉÔòÉÔòÉÔòÉÔòÉÔòÉÔòÉ
The following assertion was thrown building TextField(controller:
TextEditingController#8a4f9(TextEditingValue(text: ÔöñÔö£, selection: TextSelection.invalid, composing:
TextRange(start: -1, end: -1))), enabled: true, decoration: InputDecoration(labelText: "Ad Soyad",
floatingLabelBehavior: FloatingLabelBehavior.auto, floatingLabelAlignment:
FloatingLabelAlignment.start, alignLabelWithHint: false), dirty, dependencies: [MediaQuery,
UnmanagedRestorationScope, _LocalizationsScope-[GlobalKey#a1d3d]], state: _TextFieldState#fece0):
No MaterialLocalizations found.
TextField widgets require MaterialLocalizations to be provided by a Localizations widget ancestor.
The material library uses Localizations to generate messages, labels, and abbreviations.
To introduce a MaterialLocalizations, either use a MaterialApp at the root of your application to
include them automatically, or add a Localization widget with a MaterialLocalizations delegate.
The specific widget that could not find a MaterialLocalizations ancestor was:
  TextField
The ancestors of this widget were:
  ...
  UnmanagedRestorationScope
  TextFormField-[<'name_field'>]
  RepaintBoundary
  IndexedSemantics
  _SelectionKeepAlive
  ...

The relevant error-causing widget was:
  TextFormField-[<'name_field'>]
  TextFormField:file:///C:/dev/AstroYorumAI/lib/screens/birth_info_screen.dart:325:46

When the exception was thrown, this was the stack:
#0      debugCheckHasMaterialLocalizations.<anonymous closure> (package:flutter/src/material/debug.dart:93:7)
#1      debugCheckHasMaterialLocalizations (package:flutter/src/material/debug.dart:113:4)
#2      _TextFieldState.build (package:flutter/src/material/text_field.dart:1234:12)
#3      StatefulElement.build (package:flutter/src/widgets/framework.dart:5198:27)
#4      ComponentElement.performRebuild (package:flutter/src/widgets/framework.dart:5086:15)
#5      StatefulElement.performRebuild (package:flutter/src/widgets/framework.dart:5251:11)
#6      Element.rebuild (package:flutter/src/widgets/framework.dart:4805:7)
#7      ComponentElement._firstBuild (package:flutter/src/widgets/framework.dart:5068:5)
#8      StatefulElement._firstBuild (package:flutter/src/widgets/framework.dart:5242:11)
#9      ComponentElement.mount (package:flutter/src/widgets/framework.dart:5062:5)
...     Normal element mounting (55 frames)
#64     Element.inflateWidget (package:flutter/src/widgets/framework.dart:3971:16)
#65     Element.updateChild (package:flutter/src/widgets/framework.dart:3708:18)
#66     SliverMultiBoxAdaptorElement.updateChild (package:flutter/src/widgets/sliver.dart:857:37)
#67     SliverMultiBoxAdaptorElement.createChild.<anonymous closure> (package:flutter/src/widgets/sliver.dart:842:20)
#68     BuildOwner.buildScope (package:flutter/src/widgets/framework.dart:2720:19)
#69     SliverMultiBoxAdaptorElement.createChild (package:flutter/src/widgets/sliver.dart:834:12)
#70     RenderSliverMultiBoxAdaptor._createOrObtainChild.<anonymous closure> (package:flutter/src/rendering/sliver_multi_box_adaptor.dart:351:23)
#71     RenderObject.invokeLayoutCallback.<anonymous closure> (package:flutter/src/rendering/object.dart:2506:59)
#72     PipelineOwner._enableMutationsToDirtySubtrees (package:flutter/src/rendering/object.dart:1062:15)
#73     RenderObject.invokeLayoutCallback (package:flutter/src/rendering/object.dart:2506:14)
#74     RenderSliverMultiBoxAdaptor._createOrObtainChild (package:flutter/src/rendering/sliver_multi_box_adaptor.dart:340:5)
#75     RenderSliverMultiBoxAdaptor.addInitialChild (package:flutter/src/rendering/sliver_multi_box_adaptor.dart:426:5)
#76     RenderSliverList.performLayout (package:flutter/src/rendering/sliver_list.dart:79:12)
#77     RenderObject.layout (package:flutter/src/rendering/object.dart:2395:7)
#78     RenderSliverEdgeInsetsPadding.performLayout (package:flutter/src/rendering/sliver_padding.dart:139:12)
#79     RenderSliverPadding.performLayout (package:flutter/src/rendering/sliver_padding.dart:361:11)
#80     RenderObject.layout (package:flutter/src/rendering/object.dart:2395:7)
#81     RenderViewportBase.layoutChildSequence (package:flutter/src/rendering/viewport.dart:534:13)
#82     RenderViewport._attemptLayout (package:flutter/src/rendering/viewport.dart:1511:12)
#83     RenderViewport.performLayout (package:flutter/src/rendering/viewport.dart:1420:20)
#84     RenderObject.layout (package:flutter/src/rendering/object.dart:2395:7)
#85     RenderBox.layout (package:flutter/src/rendering/box.dart:2386:11)
#86     RenderProxyBoxMixin.performLayout (package:flutter/src/rendering/proxy_box.dart:122:14)
#87     RenderObject.layout (package:flutter/src/rendering/object.dart:2395:7)
#88     RenderBox.layout (package:flutter/src/rendering/box.dart:2386:11)
#89     RenderProxyBoxMixin.performLayout (package:flutter/src/rendering/proxy_box.dart:122:14)
#90     RenderObject.layout (package:flutter/src/rendering/object.dart:2395:7)
#91     RenderBox.layout (package:flutter/src/rendering/box.dart:2386:11)
#92     RenderProxyBoxMixin.performLayout (package:flutter/src/rendering/proxy_box.dart:122:14)
#93     RenderObject.layout (package:flutter/src/rendering/object.dart:2395:7)
#94     RenderBox.layout (package:flutter/src/rendering/box.dart:2386:11)
#95     RenderProxyBoxMixin.performLayout (package:flutter/src/rendering/proxy_box.dart:122:14)
#96     RenderObject.layout (package:flutter/src/rendering/object.dart:2395:7)
#97     RenderBox.layout (package:flutter/src/rendering/box.dart:2386:11)
#98     RenderProxyBoxMixin.performLayout (package:flutter/src/rendering/proxy_box.dart:122:14)
#99     RenderObject.layout (package:flutter/src/rendering/object.dart:2395:7)
#100    RenderBox.layout (package:flutter/src/rendering/box.dart:2386:11)
#101    RenderProxyBoxMixin.performLayout (package:flutter/src/rendering/proxy_box.dart:122:14)
#102    RenderObject.layout (package:flutter/src/rendering/object.dart:2395:7)
#103    RenderBox.layout (package:flutter/src/rendering/box.dart:2386:11)
#104    RenderProxyBoxMixin.performLayout (package:flutter/src/rendering/proxy_box.dart:122:14)
#105    RenderObject.layout (package:flutter/src/rendering/object.dart:2395:7)
#106    RenderBox.layout (package:flutter/src/rendering/box.dart:2386:11)
#107    RenderProxyBoxMixin.performLayout (package:flutter/src/rendering/proxy_box.dart:122:14)
#108    RenderCustomPaint.performLayout (package:flutter/src/rendering/custom_paint.dart:554:11)
#109    RenderObject.layout (package:flutter/src/rendering/object.dart:2395:7)
#110    RenderBox.layout (package:flutter/src/rendering/box.dart:2386:11)
#111    RenderProxyBoxMixin.performLayout (package:flutter/src/rendering/proxy_box.dart:122:14)
#112    RenderObject.layout (package:flutter/src/rendering/object.dart:2395:7)
#113    RenderBox.layout (package:flutter/src/rendering/box.dart:2386:11)
#114    RenderPadding.performLayout (package:flutter/src/rendering/shifted_box.dart:238:12)
#115    RenderObject.layout (package:flutter/src/rendering/object.dart:2395:7)
#116    RenderBox.layout (package:flutter/src/rendering/box.dart:2386:11)
#117    MultiChildLayoutDelegate.layoutChild (package:flutter/src/rendering/custom_layout.dart:171:12)
#118    _ScaffoldLayout.performLayout (package:flutter/src/material/scaffold.dart:1056:7)
#119    MultiChildLayoutDelegate._callPerformLayout (package:flutter/src/rendering/custom_layout.dart:235:7)
#120    RenderCustomMultiChildLayoutBox.performLayout (package:flutter/src/rendering/custom_layout.dart:403:14)
#121    RenderObject.layout (package:flutter/src/rendering/object.dart:2395:7)
#122    RenderBox.layout (package:flutter/src/rendering/box.dart:2386:11)
#123    RenderProxyBoxMixin.performLayout (package:flutter/src/rendering/proxy_box.dart:122:14)
#124    RenderObject.layout (package:flutter/src/rendering/object.dart:2395:7)
#125    RenderBox.layout (package:flutter/src/rendering/box.dart:2386:11)
#126    RenderProxyBoxMixin.performLayout (package:flutter/src/rendering/proxy_box.dart:122:14)
#127    _RenderCustomClip.performLayout (package:flutter/src/rendering/proxy_box.dart:1449:11)
#128    RenderObject.layout (package:flutter/src/rendering/object.dart:2395:7)
#129    RenderBox.layout (package:flutter/src/rendering/box.dart:2386:11)
#130    RenderProxyBoxMixin.performLayout (package:flutter/src/rendering/proxy_box.dart:122:14)
#131    RenderObject.layout (package:flutter/src/rendering/object.dart:2395:7)
#132    RenderBox.layout (package:flutter/src/rendering/box.dart:2386:11)
#133    RenderProxyBoxMixin.performLayout (package:flutter/src/rendering/proxy_box.dart:122:14)
#134    RenderObject.layout (package:flutter/src/rendering/object.dart:2395:7)
#135    RenderBox.layout (package:flutter/src/rendering/box.dart:2386:11)
#136    RenderProxyBoxMixin.performLayout (package:flutter/src/rendering/proxy_box.dart:122:14)
#137    RenderObject.layout (package:flutter/src/rendering/object.dart:2395:7)
#138    RenderBox.layout (package:flutter/src/rendering/box.dart:2386:11)
#139    RenderProxyBoxMixin.performLayout (package:flutter/src/rendering/proxy_box.dart:122:14)
#140    RenderObject.layout (package:flutter/src/rendering/object.dart:2395:7)
#141    RenderBox.layout (package:flutter/src/rendering/box.dart:2386:11)
#142    RenderProxyBoxMixin.performLayout (package:flutter/src/rendering/proxy_box.dart:122:14)
#143    RenderObject.layout (package:flutter/src/rendering/object.dart:2395:7)
#144    RenderBox.layout (package:flutter/src/rendering/box.dart:2386:11)
#145    RenderProxyBoxMixin.performLayout (package:flutter/src/rendering/proxy_box.dart:122:14)
#146    RenderObject.layout (package:flutter/src/rendering/object.dart:2395:7)
#147    RenderBox.layout (package:flutter/src/rendering/box.dart:2386:11)
#148    RenderProxyBoxMixin.performLayout (package:flutter/src/rendering/proxy_box.dart:122:14)
#149    RenderObject.layout (package:flutter/src/rendering/object.dart:2395:7)
#150    RenderBox.layout (package:flutter/src/rendering/box.dart:2386:11)
#151    RenderProxyBoxMixin.performLayout (package:flutter/src/rendering/proxy_box.dart:122:14)
#152    RenderObject.layout (package:flutter/src/rendering/object.dart:2395:7)
#153    RenderBox.layout (package:flutter/src/rendering/box.dart:2386:11)
#154    RenderProxyBoxMixin.performLayout (package:flutter/src/rendering/proxy_box.dart:122:14)
#155    RenderObject.layout (package:flutter/src/rendering/object.dart:2395:7)
#156    RenderBox.layout (package:flutter/src/rendering/box.dart:2386:11)
#157    RenderProxyBoxMixin.performLayout (package:flutter/src/rendering/proxy_box.dart:122:14)
#158    RenderOffstage.performLayout (package:flutter/src/rendering/proxy_box.dart:3751:13)
#159    RenderObject.layout (package:flutter/src/rendering/object.dart:2395:7)
#160    RenderBox.layout (package:flutter/src/rendering/box.dart:2386:11)
#161    RenderProxyBoxMixin.performLayout (package:flutter/src/rendering/proxy_box.dart:122:14)
#162    RenderObject.layout (package:flutter/src/rendering/object.dart:2395:7)
#163    RenderBox.layout (package:flutter/src/rendering/box.dart:2386:11)
#164    _RenderTheaterMixin.performLayout (package:flutter/src/widgets/overlay.dart:832:15)
#165    RenderObject.layout (package:flutter/src/rendering/object.dart:2395:7)
#166    RenderBox.layout (package:flutter/src/rendering/box.dart:2386:11)
#167    RenderProxyBoxMixin.performLayout (package:flutter/src/rendering/proxy_box.dart:122:14)
#168    RenderObject.layout (package:flutter/src/rendering/object.dart:2395:7)
#169    RenderBox.layout (package:flutter/src/rendering/box.dart:2386:11)
#170    RenderProxyBoxMixin.performLayout (package:flutter/src/rendering/proxy_box.dart:122:14)
#171    RenderObject.layout (package:flutter/src/rendering/object.dart:2395:7)
#172    RenderBox.layout (package:flutter/src/rendering/box.dart:2386:11)
#173    RenderProxyBoxMixin.performLayout (package:flutter/src/rendering/proxy_box.dart:122:14)
#174    RenderObject.layout (package:flutter/src/rendering/object.dart:2395:7)
#175    RenderBox.layout (package:flutter/src/rendering/box.dart:2386:11)
#176    RenderProxyBoxMixin.performLayout (package:flutter/src/rendering/proxy_box.dart:122:14)
#177    RenderCustomPaint.performLayout (package:flutter/src/rendering/custom_paint.dart:554:11)
#178    RenderObject.layout (package:flutter/src/rendering/object.dart:2395:7)
#179    RenderBox.layout (package:flutter/src/rendering/box.dart:2386:11)
#180    RenderProxyBoxMixin.performLayout (package:flutter/src/rendering/proxy_box.dart:122:14)
#181    RenderObject.layout (package:flutter/src/rendering/object.dart:2395:7)
#182    RenderBox.layout (package:flutter/src/rendering/box.dart:2386:11)
#183    RenderProxyBoxMixin.performLayout (package:flutter/src/rendering/proxy_box.dart:122:14)
#184    RenderObject.layout (package:flutter/src/rendering/object.dart:2395:7)
#185    RenderBox.layout (package:flutter/src/rendering/box.dart:2386:11)
#186    RenderProxyBoxMixin.performLayout (package:flutter/src/rendering/proxy_box.dart:122:14)
#187    RenderObject.layout (package:flutter/src/rendering/object.dart:2395:7)
#188    RenderBox.layout (package:flutter/src/rendering/box.dart:2386:11)
#189    RenderProxyBoxMixin.performLayout (package:flutter/src/rendering/proxy_box.dart:122:14)
#190    RenderObject.layout (package:flutter/src/rendering/object.dart:2395:7)
#191    RenderBox.layout (package:flutter/src/rendering/box.dart:2386:11)
#192    RenderProxyBoxMixin.performLayout (package:flutter/src/rendering/proxy_box.dart:122:14)
#193    RenderObject.layout (package:flutter/src/rendering/object.dart:2395:7)
#194    RenderBox.layout (package:flutter/src/rendering/box.dart:2386:11)
#195    RenderProxyBoxMixin.performLayout (package:flutter/src/rendering/proxy_box.dart:122:14)
#196    RenderObject.layout (package:flutter/src/rendering/object.dart:2395:7)
#197    RenderBox.layout (package:flutter/src/rendering/box.dart:2386:11)
#198    RenderView.performLayout (package:flutter/src/rendering/view.dart:173:14)
#199    RenderObject._layoutWithoutResize (package:flutter/src/rendering/object.dart:2234:7)
#200    PipelineOwner.flushLayout (package:flutter/src/rendering/object.dart:1016:18)
#201    AutomatedTestWidgetsFlutterBinding.drawFrame (package:flutter_test/src/binding.dart:1388:23)
#202    RendererBinding._handlePersistentFrameCallback (package:flutter/src/rendering/binding.dart:358:5)
#203    SchedulerBinding._invokeFrameCallback (package:flutter/src/scheduler/binding.dart:1284:15)
#204    SchedulerBinding.handleDrawFrame (package:flutter/src/scheduler/binding.dart:1214:9)
#205    AutomatedTestWidgetsFlutterBinding.pump.<anonymous closure> (package:flutter_test/src/binding.dart:1236:9)
#208    TestAsyncUtils.guard (package:flutter_test/src/test_async_utils.dart:68:41)
#209    AutomatedTestWidgetsFlutterBinding.pump (package:flutter_test/src/binding.dart:1222:27)
#210    WidgetTester._pumpWidget (package:flutter_test/src/widget_tester.dart:592:20)
#211    WidgetTester.pumpWidget.<anonymous closure> (package:flutter_test/src/widget_tester.dart:577:14)
#214    TestAsyncUtils.guard (package:flutter_test/src/test_async_utils.dart:68:41)
#215    WidgetTester.pumpWidget (package:flutter_test/src/widget_tester.dart:576:27)
#216    main.<anonymous closure>.<anonymous closure> (file:///C:/dev/AstroYorumAI/test/screens/birth_info_screen_fixed_final_test.dart:154:20)
#217    testWidgets.<anonymous closure>.<anonymous closure> (package:flutter_test/src/widget_tester.dart:170:29)
<asynchronous suspension>
<asynchronous suspension>
(elided 5 frames from dart:async and package:stack_trace)

ÔòÉÔòÉÔòÉÔòÉÔòÉÔòÉÔòÉÔòÉÔòÉÔòÉÔòÉÔòÉÔòÉÔòÉÔòÉÔòÉÔòÉÔòÉÔòÉÔòÉÔòÉÔòÉÔòÉÔòÉÔòÉÔòÉÔòÉÔòÉÔòÉÔòÉÔòÉÔòÉÔòÉÔòÉÔòÉÔòÉÔòÉÔòÉÔòÉÔòÉÔòÉÔòÉÔòÉÔòÉÔòÉÔòÉÔòÉÔòÉÔòÉÔòÉÔòÉÔòÉÔòÉÔòÉÔòÉÔòÉÔòÉÔòÉÔòÉÔòÉÔòÉÔòÉÔòÉÔòÉÔòÉÔòÉÔòÉÔòÉÔòÉÔòÉÔòÉÔòÉÔòÉÔòÉÔòÉÔòÉÔòÉÔòÉÔòÉÔòÉÔòÉÔòÉÔòÉÔòÉÔòÉÔòÉÔòÉÔòÉÔòÉÔòÉÔòÉÔòÉÔòÉÔòÉÔòÉÔòÉÔòÉÔòÉÔòÉÔòÉ
ÔòÉÔòÉÔòí EXCEPTION CAUGHT BY FLUTTER TEST FRAMEWORK ÔòŞÔòÉÔòÉÔòÉÔòÉÔòÉÔòÉÔòÉÔòÉÔòÉÔòÉÔòÉÔòÉÔòÉÔòÉÔòÉÔòÉÔòÉÔòÉÔòÉÔòÉÔòÉÔòÉÔòÉÔòÉÔòÉÔòÉÔòÉÔòÉÔòÉÔòÉÔòÉÔòÉÔòÉÔòÉÔòÉÔòÉÔòÉÔòÉÔòÉÔòÉÔòÉÔòÉÔòÉÔòÉÔòÉÔòÉÔòÉÔòÉÔòÉÔòÉÔòÉÔòÉ
The following StateError was thrown running a test:
Bad state: No element

When the exception was thrown, this was the stack:
#0      Iterable.single (dart:core/iterable.dart:670:25)
#1      WidgetController.state (package:flutter_test/src/controller.dart:436:42)
#2      WidgetTester.showKeyboard.<anonymous closure> (package:flutter_test/src/widget_tester.dart:1095:42)
#5      TestAsyncUtils.guard (package:flutter_test/src/test_async_utils.dart:68:41)
#6      WidgetTester.showKeyboard (package:flutter_test/src/widget_tester.dart:1094:27)
#7      WidgetTester.enterText.<anonymous closure> (package:flutter_test/src/widget_tester.dart:1130:13)
#10     TestAsyncUtils.guard (package:flutter_test/src/test_async_utils.dart:68:41)
#11     WidgetTester.enterText (package:flutter_test/src/widget_tester.dart:1129:27)
#12     main.<anonymous closure>.<anonymous closure> (file:///C:/dev/AstroYorumAI/test/screens/birth_info_screen_fixed_final_test.dart:164:20)
<asynchronous suspension>
<asynchronous suspension>
(elided 5 frames from dart:async and package:stack_trace)

The test description was:
  displays processing state during geocoding - WORKING FIX
ÔòÉÔòÉÔòÉÔòÉÔòÉÔòÉÔòÉÔòÉÔòÉÔòÉÔòÉÔòÉÔòÉÔòÉÔòÉÔòÉÔòÉÔòÉÔòÉÔòÉÔòÉÔòÉÔòÉÔòÉÔòÉÔòÉÔòÉÔòÉÔòÉÔòÉÔòÉÔòÉÔòÉÔòÉÔòÉÔòÉÔòÉÔòÉÔòÉÔòÉÔòÉÔòÉÔòÉÔòÉÔòÉÔòÉÔòÉÔòÉÔòÉÔòÉÔòÉÔòÉÔòÉÔòÉÔòÉÔòÉÔòÉÔòÉÔòÉÔòÉÔòÉÔòÉÔòÉÔòÉÔòÉÔòÉÔòÉÔòÉÔòÉÔòÉÔòÉÔòÉÔòÉÔòÉÔòÉÔòÉÔòÉÔòÉÔòÉÔòÉÔòÉÔòÉÔòÉÔòÉÔòÉÔòÉÔòÉÔòÉÔòÉÔòÉÔòÉÔòÉÔòÉÔòÉÔòÉÔòÉÔòÉÔòÉÔòÉÔòÉ
ÔòÉÔòÉÔòí EXCEPTION CAUGHT BY FLUTTER TEST FRAMEWORK ÔòŞÔòÉÔòÉÔòÉÔòÉÔòÉÔòÉÔòÉÔòÉÔòÉÔòÉÔòÉÔòÉÔòÉÔòÉÔòÉÔòÉÔòÉÔòÉÔòÉÔòÉÔòÉÔòÉÔòÉÔòÉÔòÉÔòÉÔòÉÔòÉÔòÉÔòÉÔòÉÔòÉÔòÉÔòÉÔòÉÔòÉÔòÉÔòÉÔòÉÔòÉÔòÉÔòÉÔòÉÔòÉÔòÉÔòÉÔòÉÔòÉÔòÉÔòÉÔòÉÔòÉ
The following message was thrown:
Multiple exceptions (4) were detected during the running of the current test, and at least one was
unexpected.
ÔòÉÔòÉÔòÉÔòÉÔòÉÔòÉÔòÉÔòÉÔòÉÔòÉÔòÉÔòÉÔòÉÔòÉÔòÉÔòÉÔòÉÔòÉÔòÉÔòÉÔòÉÔòÉÔòÉÔòÉÔòÉÔòÉÔòÉÔòÉÔòÉÔòÉÔòÉÔòÉÔòÉÔòÉÔòÉÔòÉÔòÉÔòÉÔòÉÔòÉÔòÉÔòÉÔòÉÔòÉÔòÉÔòÉÔòÉÔòÉÔòÉÔòÉÔòÉÔòÉÔòÉÔòÉÔòÉÔòÉÔòÉÔòÉÔòÉÔòÉÔòÉÔòÉÔòÉÔòÉÔòÉÔòÉÔòÉÔòÉÔòÉÔòÉÔòÉÔòÉÔòÉÔòÉÔòÉÔòÉÔòÉÔòÉÔòÉÔòÉÔòÉÔòÉÔòÉÔòÉÔòÉÔòÉÔòÉÔòÉÔòÉÔòÉÔòÉÔòÉÔòÉÔòÉÔòÉÔòÉÔòÉÔòÉÔòÉÔòÉ
00:03 +22 -11: C:/dev/AstroYorumAI/test/screens/birth_info_screen_debug_test.dart: BirthInfoScreen Debug Tests debug validation behavior
00:03 +22 -11: C:/dev/AstroYorumAI/test/screens/birth_info_screen_fixed_final_test.dart: BirthInfoScreen Fixed Tests displays processing state during geocoding - WORKING FIX [E]
  Test failed. See exception logs above.
  The test description was: displays processing state during geocoding - WORKING FIX
  
00:03 +22 -11: C:/dev/AstroYorumAI/test/screens/birth_info_screen_debug_test.dart: BirthInfoScreen Debug Tests debug validation behavior
AutomatedTestWidgetsFlutterBinding - DEBUG MODE
[root](renderObject: RenderView#46c48)
ÔööView-[GlobalObjectKey TestFlutterView#4f55a]
 Ôöö_ViewScope
  Ôöö_MediaQueryFromView(state: _MediaQueryFromViewState#0cab8)
   ÔööMediaQuery(MediaQueryData(size: Size(800.0, 600.0), devicePixelRatio: 3.0, textScaleFactor: 1.0, platformBrightness: Brightness.light, padding: EdgeInsets.zero, viewPadding: EdgeInsets.zero, viewInsets: EdgeInsets.zero, systemGestureInsets: EdgeInsets.zero, alwaysUse24HourFormat: false, accessibleNavigation: false, highContrast: false, disableAnimations: false, invertColors: false, boldText: false, navigationMode: traditional, gestureSettings: DeviceGestureSettings(touchSlop: null), displayFeatures: []))
    ÔööMaterialApp(state: _MaterialAppState#bc630)
     ÔööScrollConfiguration(behavior: MaterialScrollBehavior)
      ÔööHeroControllerScope
       ÔööFocus(state: _FocusState#135de)
        Ôöö_FocusInheritedScope
         ÔööSemantics(container: false, properties: SemanticsProperties, tooltip: null, renderObject: RenderSemanticsAnnotations#736ab)
          ÔööWidgetsApp-[GlobalObjectKey _MaterialAppState#bc630](state: _WidgetsAppState#b0885)
           ÔööRootRestorationScope(state: _RootRestorationScopeState#f6ca7)
            ÔööUnmanagedRestorationScope
             ÔööRestorationScope(dependencies: [UnmanagedRestorationScope], state: _RestorationScopeState#e8c55)
              ÔööUnmanagedRestorationScope
               ÔööSharedAppData(state: _SharedAppDataState#de19c)
                Ôöö_SharedAppModel
                 ÔööShortcuts(shortcuts: <Default WidgetsApp Shortcuts>, state: _ShortcutsState#3c926)
                  ÔööFocus(debugLabel: "Shortcuts", dependencies: [_FocusInheritedScope], state: _FocusState#1519a)
                   Ôöö_FocusInheritedScope
                    ÔööSemantics(container: false, properties: SemanticsProperties, tooltip: null, renderObject: RenderSemanticsAnnotations#6c1ff)
                     ÔööDefaultTextEditingShortcuts
                      ÔööShortcuts(shortcuts: <Default Text Editing Shortcuts>, state: _ShortcutsState#4e097)
                       ÔööFocus(debugLabel: "Shortcuts", dependencies: [_FocusInheritedScope], state: _FocusState#96adf)
                        Ôöö_FocusInheritedScope
                         ÔööSemantics(container: false, properties: SemanticsProperties, tooltip: null, renderObject: RenderSemanticsAnnotations#93b9a)
                          ÔööActions(dispatcher: null, actions: {DoNothingIntent: DoNothingAction#33bef, DoNothingAndStopPropagationIntent: DoNothingAction#5b36d, RequestFocusIntent: RequestFocusAction#9f1f2, NextFocusIntent: NextFocusAction#05914, PreviousFocusIntent: PreviousFocusAction#2a6b7, DirectionalFocusIntent: DirectionalFocusAction#23bc2, ScrollIntent: _OverridableAction<ScrollIntent>#c6214(defaultAction: ScrollAction#002b1), PrioritizedIntents: PrioritizedAction#4534c, VoidCallbackIntent: VoidCallbackAction#2989c}, state: _ActionsState#3e5c0)
                           Ôöö_ActionsScope
                            ÔööFocusTraversalGroup(policy: ReadingOrderTraversalPolicy#f7a87, state: _FocusTraversalGroupState#13d48)
                             ÔööFocus(debugLabel: "FocusTraversalGroup", focusNode: _FocusTraversalGroupNode#42920(FocusTraversalGroup [IN FOCUS PATH]), dependencies: [_FocusInheritedScope], state: _FocusState#eec89)
                              Ôöö_FocusInheritedScope
                               ÔööTapRegionSurface(renderObject: RenderTapRegionSurface#c76b2)
                                ÔööShortcutRegistrar(state: _ShortcutRegistrarState#96959)
                                 Ôöö_ShortcutRegistrarScope
                                  ÔööShortcuts(manager: ShortcutManager#a1de9(shortcuts: {}), shortcuts: {}, state: _ShortcutsState#e2224)
                                   ÔööFocus(debugLabel: "Shortcuts", dependencies: [_FocusInheritedScope], state: _FocusState#391fd)
                                    Ôöö_FocusInheritedScope
                                     ÔööSemantics(container: false, properties: SemanticsProperties, tooltip: null, renderObject: RenderSemanticsAnnotations#cc974)
                                      ÔööLocalizations(locale: tr_TR, delegates: [GlobalMaterialLocalizations.delegate(79 locales), GlobalWidgetsLocalizations.delegate(79 locales), GlobalCupertinoLocalizations.delegate(78 locales), DefaultMaterialLocalizations.delegate(en_US), DefaultCupertinoLocalizations.delegate(en_US), DefaultWidgetsLocalizations.delegate(en_US)], state: _LocalizationsState#4a4fe)
                                       ÔööSemantics(container: false, properties: SemanticsProperties, tooltip: null, textDirection: ltr, renderObject: RenderSemanticsAnnotations#17e3c)
                                        Ôöö_LocalizationsScope-[GlobalKey#400b7]
                                         ÔööDirectionality(textDirection: ltr)
                                          ÔööTitle(color: Color(0xff2196f3))
                                           ÔööCheckedModeBanner("DEBUG")
                                            ÔööBanner("DEBUG", textDirection: ltr, location: topEnd, Color(0xa0b71c1c), text inherit: true, text color: Color(0xffffffff), text size: 10.2, text weight: 900, text height: 1.0x, dependencies: [Directionality])
                                             ÔööCustomPaint(renderObject: RenderCustomPaint#ab80b)
                                              ÔööDefaultTextStyle(debugLabel: fallback style; consider putting your text in a Material, inherit: true, color: Color(0xd0ff0000), family: monospace, size: 48.0, weight: 900, decoration: double Color(0xffffff00) TextDecoration.underline, softWrap: wrapping at box width, overflow: clip)
                                               ÔööBuilder(dependencies: [MediaQuery])
                                                ÔööScaffoldMessenger(dependencies: [MediaQuery], state: ScaffoldMessengerState#886a4)
                                                 Ôöö_ScaffoldMessengerScope
                                                  ÔööDefaultSelectionStyle
                                                   ÔööAnimatedTheme(duration: 200ms, state: _AnimatedThemeState#71641(ticker inactive, ThemeDataTween(ThemeData#6209f ÔåÆ ThemeData#6209f)))
                                                    ÔööTheme(ThemeData#6209f, dependencies: [DefaultSelectionStyle])
                                                     Ôöö_InheritedTheme
                                                      ÔööCupertinoTheme(brightness: light, primaryColor: MaterialColor(primary value: Color(0xff2196f3)), primaryContrastingColor: Color(0xffffffff), scaffoldBackgroundColor: Color(0xfffafafa), actionTextStyle: TextStyle(inherit: false, color: MaterialColor(primary value: Color(0xff2196f3)), family: .SF Pro Text, size: 17.0, letterSpacing: -0.4, decoration: TextDecoration.none), navActionTextStyle: TextStyle(inherit: false, color: MaterialColor(primary value: Color(0xff2196f3)), family: .SF Pro Text, size: 17.0, letterSpacing: -0.4, decoration: TextDecoration.none))
                                                       Ôöö_InheritedCupertinoTheme
                                                        ÔööIconTheme(color: MaterialColor(primary value: Color(0xff2196f3)))
                                                         ÔööIconTheme(color: Color(0xdd000000))
                                                          ÔööDefaultSelectionStyle
                                                           ÔööFocusScope(debugLabel: "Navigator Scope", AUTOFOCUS, dependencies: [_FocusInheritedScope], state: _FocusScopeState#6f0bd)
                                                            ÔööSemantics(container: false, properties: SemanticsProperties, tooltip: null, renderObject: RenderSemanticsAnnotations#1a2c2)
                                                             Ôöö_FocusInheritedScope
                                                              ÔööNavigator-[GlobalObjectKey<NavigatorState> _WidgetsAppState#b0885](dependencies: [HeroControllerScope, UnmanagedRestorationScope], state: NavigatorState#2c475(tickers: tracking 1 ticker))
                                                               ÔööHeroControllerScope
                                                                ÔööListener(listeners: [down, up, cancel], behavior: deferToChild, renderObject: RenderPointerListener#cb8dc)
                                                                 ÔööAbsorbPointer(absorbing: false, renderObject: RenderAbsorbPointer#2f30a)
                                                                  ÔööFocusTraversalGroup(policy: ReadingOrderTraversalPolicy#f7a87, state: _FocusTraversalGroupState#73993)
                                                                   ÔööFocus(debugLabel: "FocusTraversalGroup", focusNode: _FocusTraversalGroupNode#33efc(FocusTraversalGroup [IN FOCUS PATH]), dependencies: [_FocusInheritedScope], state: _FocusState#3db51)
                                                                    Ôöö_FocusInheritedScope
                                                                     ÔööFocus(debugLabel: "Navigator", AUTOFOCUS, focusNode: FocusNode#ce5cb(Navigator [IN FOCUS PATH]), dependencies: [_FocusInheritedScope], state: _FocusState#f3340)
                                                                      Ôöö_FocusInheritedScope
                                                                       ÔööUnmanagedRestorationScope
                                                                        ÔööOverlay-[LabeledGlobalKey<OverlayState>#6c2cd](state: OverlayState#aaff8(entries: [OverlayEntry#cef0e(opaque: true; maintainState: false), OverlayEntry#52c3a(opaque: false; maintainState: true), OverlayEntry#1f988(opaque: false; maintainState: false), OverlayEntry#a6e02(opaque: false; maintainState: false)]))
                                                                         Ôöö_Theater(skipCount: 0, dependencies: [Directionality], renderObject: _RenderTheater#1393d)
                                                                          Ôö£_OverlayEntryWidget-[LabeledGlobalKey<_OverlayEntryWidgetState>#90a8f](state: _OverlayEntryWidgetState#1f267)
                                                                          ÔöéÔööTickerMode(state: _TickerModeState#2a702(requested mode: enabled))
                                                                          Ôöé Ôöö_EffectiveTickerMode(effective mode: enabled)
                                                                          Ôöé  Ôöö_RenderTheaterMarker
                                                                          Ôöé   ÔööIgnorePointer(ignoring: false, renderObject: RenderIgnorePointer#8dbdd)
                                                                          Ôöé    ÔööModalBarrier
                                                                          Ôöé     ÔööBlockSemantics(blocking: true, renderObject: RenderBlockSemantics#b0ab6)
                                                                          Ôöé      ÔööExcludeSemantics(excluding: true, renderObject: RenderExcludeSemantics#0d109)
                                                                          Ôöé       Ôöö_ModalBarrierGestureDetector
                                                                          Ôöé        ÔööRawGestureDetector(state: RawGestureDetectorState#2e3c0(gestures: [any tap], behavior: opaque))
                                                                          Ôöé         Ôöö_GestureSemantics(renderObject: RenderSemanticsGestureHandler#a7f31)
                                                                          Ôöé          ÔööListener(listeners: [down, panZoomStart], behavior: opaque, renderObject: RenderPointerListener#bcc7f)
                                                                          Ôöé           ÔööSemantics(container: false, properties: SemanticsProperties, tooltip: null, renderObject: RenderSemanticsAnnotations#80e3a)
                                                                          Ôöé            ÔööMouseRegion(listeners: <none>, cursor: SystemMouseCursor(basic), renderObject: RenderMouseRegion#c74b7)
                                                                          Ôöé             ÔööConstrainedBox(BoxConstraints(biggest), renderObject: RenderConstrainedBox#d1392)
                                                                          Ôö£_OverlayEntryWidget-[LabeledGlobalKey<_OverlayEntryWidgetState>#1d900](state: _OverlayEntryWidgetState#92302)
                                                                          ÔöéÔööTickerMode(state: _TickerModeState#0efa3(requested mode: enabled))
                                                                          Ôöé Ôöö_EffectiveTickerMode(effective mode: enabled)
                                                                          Ôöé  Ôöö_RenderTheaterMarker
                                                                          Ôöé   ÔööSemantics(container: false, properties: SemanticsProperties, tooltip: null, sortKey: OrdinalSortKey#1a60a(order: 0.0), renderObject: RenderSemanticsAnnotations#b3a23)
                                                                          Ôöé    Ôöö_ModalScope<dynamic>-[LabeledGlobalKey<_ModalScopeState<dynamic>>#b07d0](state: _ModalScopeState<dynamic>#15fea)
                                                                          Ôöé     ÔööAnimatedBuilder(listenable: ValueNotifier<String?>#3d361(null), state: _AnimatedState#3f808)
                                                                          Ôöé      ÔööRestorationScope(dependencies: [UnmanagedRestorationScope], state: _RestorationScopeState#391e4)
                                                                          Ôöé       ÔööUnmanagedRestorationScope
                                                                          Ôöé        Ôöö_ModalScopeStatus(active)
                                                                          Ôöé         ÔööOffstage(offstage: false, renderObject: RenderOffstage#65d2e)
                                                                          Ôöé          ÔööPageStorage
                                                                          Ôöé           ÔööBuilder
                                                                          Ôöé            ÔööActions(dispatcher: null, actions: {DismissIntent: _DismissModalAction#4a6db}, state: _ActionsState#80b35)
                                                                          Ôöé             Ôöö_ActionsScope
                                                                          Ôöé              ÔööPrimaryScrollController(ScrollController#8b54d(one client, offset 0.0))
                                                                          Ôöé               ÔööFocusScope(debugLabel: "_ModalScopeState<dynamic> Focus Scope", focusNode: FocusScopeNode#f42c6(_ModalScopeState<dynamic> Focus Scope [IN FOCUS PATH]), dependencies: [_FocusInheritedScope], state: _FocusScopeState#b3a5a)
                                                                          Ôöé                ÔööSemantics(container: false, properties: SemanticsProperties, tooltip: null, renderObject: RenderSemanticsAnnotations#053fc)
                                                                          Ôöé                 Ôöö_FocusInheritedScope
                                                                          Ôöé                  ÔööRepaintBoundary(renderObject: RenderRepaintBoundary#39df4)
                                                                          Ôöé                   ÔööAnimatedBuilder(listenable: Listenable.merge([AnimationController#cf1a5(ÔÅ¡ 1.000; paused; for MaterialPageRoute<dynamic>(/))ÔŞ®ProxyAnimation, kAlwaysDismissedAnimationÔŞ®ProxyAnimationÔŞ®ProxyAnimation]), dependencies: [_InheritedTheme, _LocalizationsScope-[GlobalKey#400b7]], state: _AnimatedState#cadf4)
                                                                          Ôöé                    Ôöö_ZoomPageTransition
                                                                          Ôöé                     ÔööDualTransitionBuilder(state: _DualTransitionBuilderState#88c75)
                                                                          Ôöé                      Ôöö_ZoomEnterTransition(state: _ZoomEnterTransitionState#075dd)
                                                                          Ôöé                       ÔööSnapshotWidget(dependencies: [MediaQuery], renderObject: _RenderSnapshotWidget#65a36)
                                                                          Ôöé                        Ôöö_ZoomExitTransition(state: _ZoomExitTransitionState#48174)
                                                                          Ôöé                         ÔööSnapshotWidget(dependencies: [MediaQuery], renderObject: _RenderSnapshotWidget#41c7d)
                                                                          Ôöé                          ÔööDualTransitionBuilder(state: _DualTransitionBuilderState#8a61b)
                                                                          Ôöé                           Ôöö_ZoomEnterTransition(state: _ZoomEnterTransitionState#2ed14)
                                                                          Ôöé                            ÔööSnapshotWidget(dependencies: [MediaQuery], renderObject: _RenderSnapshotWidget#37595)
                                                                          Ôöé                             Ôöö_ZoomExitTransition(state: _ZoomExitTransitionState#e4856)
                                                                          Ôöé                              ÔööSnapshotWidget(dependencies: [MediaQuery], renderObject: _RenderSnapshotWidget#00c47)
                                                                          Ôöé                               ÔööAnimatedBuilder(listenable: ValueNotifier<bool>#045d1(false), state: _AnimatedState#d5dd3)
                                                                          Ôöé                                ÔööIgnorePointer(ignoring: false, renderObject: RenderIgnorePointer#37e47)
                                                                          Ôöé                                 ÔööRepaintBoundary-[GlobalKey#3e081](renderObject: RenderRepaintBoundary#19962)
                                                                          Ôöé                                  ÔööBuilder
                                                                          Ôöé                                   ÔööSemantics(container: false, properties: SemanticsProperties, tooltip: null, renderObject: RenderSemanticsAnnotations#9fab7)
                                                                          Ôöé                                    ÔööBirthInfoScreen(state: _BirthInfoScreenState#267b2)
                                                                          Ôöé                                     ÔööScaffold(dependencies: [Directionality, MediaQuery, UnmanagedRestorationScope, _InheritedTheme, _LocalizationsScope-[GlobalKey#400b7], _ScaffoldMessengerScope], state: ScaffoldState#1eec5(tickers: tracking 2 tickers))
                                                                          Ôöé                                      Ôöö_ScaffoldScope
                                                                          Ôöé                                       ÔööScrollNotificationObserver(state: ScrollNotificationObserverState#ec338)
                                                                          Ôöé                                        ÔööNotificationListener<ScrollMetricsNotification>
                                                                          Ôöé                                         ÔööNotificationListener<ScrollNotification>
                                                                          Ôöé                                          Ôöö_ScrollNotificationObserverScope
                                                                          Ôöé                                           ÔööMaterial(type: canvas, color: Color(0xfffafafa), dependencies: [_InheritedTheme, _LocalizationsScope-[GlobalKey#400b7]], state: _MaterialState#ff2df)
                                                                          Ôöé                                            ÔööAnimatedPhysicalModel(duration: 200ms, shape: rectangle, borderRadius: BorderRadius.zero, elevation: 0.0, color: Color(0xfffafafa), animateColor: false, shadowColor: Color(0xff000000), animateShadowColor: true, state: _AnimatedPhysicalModelState#f1fb0(ticker inactive))
                                                                          Ôöé                                             ÔööPhysicalModel(shape: rectangle, borderRadius: BorderRadius.zero, elevation: 0.0, color: Color(0xfffafafa), shadowColor: Color(0xff000000), renderObject: RenderPhysicalModel#ca222)
                                                                          Ôöé                                              ÔööNotificationListener<LayoutChangedNotification>
                                                                          Ôöé                                               Ôöö_InkFeatures-[GlobalKey#03f11 ink renderer](renderObject: _RenderInkFeatures#8486f)
                                                                          Ôöé                                                ÔööAnimatedDefaultTextStyle(duration: 200ms, debugLabel: (englishLike bodyMedium 2014).merge(blackMountainView bodyMedium), inherit: false, color: Color(0xdd000000), family: Roboto, size: 14.0, weight: 400, baseline: alphabetic, decoration: TextDecoration.none, softWrap: wrapping at box width, overflow: clip, state: _AnimatedDefaultTextStyleState#a7c9c(ticker inactive))
                                                                          Ôöé                                                 ÔööDefaultTextStyle(debugLabel: (englishLike bodyMedium 2014).merge(blackMountainView bodyMedium), inherit: false, color: Color(0xdd000000), family: Roboto, size: 14.0, weight: 400, baseline: alphabetic, decoration: TextDecoration.none, softWrap: wrapping at box width, overflow: clip)
                                                                          Ôöé                                                  ÔööAnimatedBuilder(listenable: AnimationController#f7630(ÔÅ¡ 1.000; paused), state: _AnimatedState#8d703)
                                                                          Ôöé                                                   ÔööActions(dispatcher: null, actions: {DismissIntent: _DismissDrawerAction#a2b2c}, state: _ActionsState#e7263)
                                                                          Ôöé                                                    Ôöö_ActionsScope
                                                                          Ôöé                                                     ÔööCustomMultiChildLayout(renderObject: RenderCustomMultiChildLayoutBox#764b1)
                                                                          Ôöé                                                      Ôö£LayoutId-[<_ScaffoldSlot.body>](id: _ScaffoldSlot.body)
                                                                          Ôöé                                                      ÔöéÔööMediaQuery(MediaQueryData(size: Size(800.0, 600.0), devicePixelRatio: 3.0, textScaleFactor: 1.0, platformBrightness: Brightness.light, padding: EdgeInsets.zero, viewPadding: EdgeInsets.zero, viewInsets: EdgeInsets.zero, systemGestureInsets: EdgeInsets.zero, alwaysUse24HourFormat: false, accessibleNavigation: false, highContrast: false, disableAnimations: false, invertColors: false, boldText: false, navigationMode: traditional, gestureSettings: DeviceGestureSettings(touchSlop: null), displayFeatures: []))
                                                                          Ôöé                                                      Ôöé Ôöö_BodyBuilder
                                                                          Ôöé                                                      Ôöé  ÔööKeyedSubtree-[GlobalKey#89ad5]
                                                                          Ôöé                                                      Ôöé   ÔööPadding(padding: EdgeInsets.all(16.0), dependencies: [Directionality], renderObject: RenderPadding#c4827 relayoutBoundary=up1)
                                                                          Ôöé                                                      Ôöé    ÔööForm-[LabeledGlobalKey<FormState>#a726e](state: FormState#93b2e)
                                                                          Ôöé                                                      Ôöé     ÔööWillPopScope(dependencies: [_ModalScopeStatus], state: _WillPopScopeState#df0cf)
                                                                          Ôöé                                                      Ôöé      Ôöö_FormScope
                                                                          Ôöé                                                      Ôöé       ÔööListView(scrollDirection: vertical, AlwaysScrollableScrollPhysics, dependencies: [MediaQuery, PrimaryScrollController, ScrollConfiguration, _InheritedTheme, _LocalizationsScope-[GlobalKey#400b7]])
                                                                          Ôöé                                                      Ôöé        ÔööPrimaryScrollController(no controller)
                                                                          Ôöé                                                      Ôöé         ÔööScrollable(axisDirection: down, physics: AlwaysScrollableScrollPhysics, restorationId: null, dependencies: [MediaQuery, ScrollConfiguration, UnmanagedRestorationScope, _InheritedTheme, _LocalizationsScope-[GlobalKey#400b7]], state: ScrollableState#2a1d0(position: ScrollPositionWithSingleContext#783b6(offset: 0.0, range: 0.0..32.0, viewport: 512.0, ScrollableState, AlwaysScrollableScrollPhysics -> ClampingScrollPhysics -> RangeMaintainingScrollPhysics, IdleScrollActivity#85591, ScrollDirection.idle), effective physics: AlwaysScrollableScrollPhysics -> ClampingScrollPhysics -> RangeMaintainingScrollPhysics))
                                                                          Ôöé                                                      Ôöé          ÔööGlowingOverscrollIndicator(axisDirection: down, show: both sides, Color(0xff2196f3), state: _GlowingOverscrollIndicatorState#79ae9(tickers: tracking 4 tickers))
                                                                          Ôöé                                                      Ôöé           ÔööNotificationListener<ScrollNotification>
                                                                          Ôöé                                                      Ôöé            ÔööRepaintBoundary(renderObject: RenderRepaintBoundary#42d39 relayoutBoundary=up2)
                                                                          Ôöé                                                      Ôöé             ÔööCustomPaint(renderObject: RenderCustomPaint#61eb9 relayoutBoundary=up3)
                                                                          Ôöé                                                      Ôöé              ÔööRepaintBoundary(renderObject: RenderRepaintBoundary#63d3f relayoutBoundary=up4)
                                                                          Ôöé                                                      Ôöé               ÔööNotificationListener<ScrollMetricsNotification>
                                                                          Ôöé                                                      Ôöé                Ôöö_ScrollSemantics-[GlobalKey#cd218](renderObject: _RenderScrollSemantics#c687d relayoutBoundary=up5)
                                                                          Ôöé                                                      Ôöé                 Ôöö_ScrollableScope
                                                                          Ôöé                                                      Ôöé                  ÔööListener(listeners: [signal], behavior: deferToChild, renderObject: RenderPointerListener#be19e relayoutBoundary=up6)
                                                                          Ôöé                                                      Ôöé                   ÔööRawGestureDetector-[LabeledGlobalKey<RawGestureDetectorState>#461ce](state: RawGestureDetectorState#92208(gestures: [vertical drag], behavior: opaque))
                                                                          Ôöé                                                      Ôöé                    Ôöö_GestureSemantics(renderObject: RenderSemanticsGestureHandler#47abd relayoutBoundary=up7)
                                                                          Ôöé                                                      Ôöé                     ÔööListener(listeners: [down, panZoomStart], behavior: opaque, renderObject: RenderPointerListener#3737e relayoutBoundary=up8)
                                                                          Ôöé                                                      Ôöé                      ÔööSemantics(container: false, properties: SemanticsProperties, tooltip: null, renderObject: RenderSemanticsAnnotations#e8208 relayoutBoundary=up9)
                                                                          Ôöé                                                      Ôöé                       ÔööIgnorePointer-[GlobalKey#12ba7](ignoring: false, ignoringSemantics: false, renderObject: RenderIgnorePointer#57c18 relayoutBoundary=up10)
                                                                          Ôöé                                                      Ôöé                        ÔööViewport(axisDirection: down, anchor: 0.0, offset: ScrollPositionWithSingleContext#783b6(offset: 0.0, range: 0.0..32.0, viewport: 512.0, ScrollableState, AlwaysScrollableScrollPhysics -> ClampingScrollPhysics -> RangeMaintainingScrollPhysics, IdleScrollActivity#85591, ScrollDirection.idle), cacheExtent: null, cacheExtentStyle: CacheExtentStyle.pixel, dependencies: [Directionality], renderObject: RenderViewport#6e9b0)
                                                                          Ôöé                                                      Ôöé                         ÔööSliverPadding(padding: EdgeInsets.zero, dependencies: [Directionality], renderObject: RenderSliverPadding#3d24e relayoutBoundary=up1)
                                                                          Ôöé                                                      Ôöé                          ÔööMediaQuery(MediaQueryData(size: Size(800.0, 600.0), devicePixelRatio: 3.0, textScaleFactor: 1.0, platformBrightness: Brightness.light, padding: EdgeInsets.zero, viewPadding: EdgeInsets.zero, viewInsets: EdgeInsets.zero, systemGestureInsets: EdgeInsets.zero, alwaysUse24HourFormat: false, accessibleNavigation: false, highContrast: false, disableAnimations: false, invertColors: false, boldText: false, navigationMode: traditional, gestureSettings: DeviceGestureSettings(touchSlop: null), displayFeatures: []))
                                                                          Ôöé                                                      Ôöé                           ÔööSliverList(delegate: SliverChildListDelegate#1fee4(estimated child count: 15), renderObject: RenderSliverList#f70d3 relayoutBoundary=up2)
                                                                          Ôöé                                                      Ôöé                            Ôö£KeyedSubtree-[Key <[<'name_field'>]>]
                                                                          Ôöé                                                      Ôöé                            ÔöéÔööAutomaticKeepAlive(state: _AutomaticKeepAliveState#c6855(handles: no notifications ever received))
                                                                          Ôöé                                                      Ôöé                            Ôöé ÔööKeepAlive(keepAlive: false)
                                                                          Ôöé                                                      Ôöé                            Ôöé  ÔööNotificationListener<KeepAliveNotification>
                                                                          Ôöé                                                      Ôöé                            Ôöé   Ôöö_SelectionKeepAlive(state: _SelectionKeepAliveState#65ae7)
                                                                          Ôöé                                                      Ôöé                            Ôöé    ÔööIndexedSemantics(index: 0, renderObject: RenderIndexedSemantics#59beb relayoutBoundary=up3)
                                                                          Ôöé                                                      Ôöé                            Ôöé     ÔööRepaintBoundary(renderObject: RenderRepaintBoundary#68530 relayoutBoundary=up4)
                                                                          Ôöé                                                      Ôöé                            Ôöé      ÔööTextFormField-[<'name_field'>](dependencies: [UnmanagedRestorationScope, _FormScope, _InheritedTheme, _LocalizationsScope-[GlobalKey#400b7]], state: _TextFormFieldState#bb162)
                                                                          Ôöé                                                      Ôöé                            Ôöé       ÔööUnmanagedRestorationScope
                                                                          Ôöé                                                      Ôöé                            Ôöé        ÔööTextField(controller: TextEditingController#9a6d3(TextEditingValue(text: ÔöñÔö£, selection: TextSelection.invalid, composing: TextRange(start: -1, end: -1))), enabled: true, decoration: InputDecoration(labelText: "Ad Soyad", floatingLabelBehavior: FloatingLabelBehavior.auto, floatingLabelAlignment: FloatingLabelAlignment.start, alignLabelWithHint: false), dependencies: [DefaultSelectionStyle, MediaQuery, UnmanagedRestorationScope, _InheritedTheme, _LocalizationsScope-[GlobalKey#400b7]], state: _TextFieldState#b514f)
                                                                          Ôöé                                                      Ôöé                            Ôöé         ÔööMouseRegion(listeners: [enter, exit], cursor: SystemMouseCursor(text), renderObject: RenderMouseRegion#1baf4 relayoutBoundary=up5)
                                                                          Ôöé                                                      Ôöé                            Ôöé          ÔööTextFieldTapRegion(groupId: EditableText, renderObject: RenderTapRegion#9135c relayoutBoundary=up6)
                                                                          Ôöé                                                      Ôöé                            Ôöé           ÔööIgnorePointer(ignoring: false, renderObject: RenderIgnorePointer#2d74b relayoutBoundary=up7)
                                                                          Ôöé                                                      Ôöé                            Ôöé            ÔööAnimatedBuilder(listenable: TextEditingController#9a6d3(TextEditingValue(text: ÔöñÔö£, selection: TextSelection.invalid, composing: TextRange(start: -1, end: -1))), state: _AnimatedState#00e5f)
                                                                          Ôöé                                                      Ôöé                            Ôöé             ÔööSemantics(container: false, properties: SemanticsProperties, tooltip: null, renderObject: RenderSemanticsAnnotations#60a09 relayoutBoundary=up8)
                                                                          Ôöé                                                      Ôöé                            Ôöé              ÔööTextSelectionGestureDetector(state: _TextSelectionGestureDetectorState#c7582)
                                                                          Ôöé                                                      Ôöé                            Ôöé               ÔööRawGestureDetector(state: RawGestureDetectorState#d3385(gestures: [tap, long press, tap and horizontal drag], excludeFromSemantics: true, behavior: translucent))
                                                                          Ôöé                                                      Ôöé                            Ôöé                ÔööListener(listeners: [down, panZoomStart], behavior: translucent, renderObject: RenderPointerListener#73b7b relayoutBoundary=up9)
                                                                          Ôöé                                                      Ôöé                            Ôöé                 ÔööAnimatedBuilder(listenable: Listenable.merge([FocusNode#667dd(context: Focus), TextEditingController#9a6d3(TextEditingValue(text: ÔöñÔö£, selection: TextSelection.invalid, composing: TextRange(start: -1, end: -1)))]), state: _AnimatedState#9ac96)
                                                                          Ôöé                                                      Ôöé                            Ôöé                  ÔööInputDecorator(decoration: InputDecoration(labelText: "Ad Soyad", hintMaxLines: "1", floatingLabelBehavior: FloatingLabelBehavior.auto, floatingLabelAlignment: FloatingLabelAlignment.start, alignLabelWithHint: false), isFocused: false, isEmpty: true, dependencies: [Directionality, MediaQuery, _InheritedTheme, _LocalizationsScope-[GlobalKey#400b7]], state: _InputDecoratorState#c41a4(tickers: tracking 2 tickers))
                                                                          Ôöé                                                      Ôöé                            Ôöé                   Ôöö_Decorator(dependencies: [_InheritedTheme, _LocalizationsScope-[GlobalKey#400b7]], renderObject: _RenderDecoration#26efd relayoutBoundary=up10)
                                                                          Ôöé                                                      Ôöé                            Ôöé                    Ôö£RepaintBoundary(renderObject: RenderRepaintBoundary#f299e relayoutBoundary=up11)
                                                                          Ôöé                                                      Ôöé                            Ôöé                    ÔöéÔööUnmanagedRestorationScope
                                                                          Ôöé                                                      Ôöé                            Ôöé                    Ôöé ÔööEditableText-[LabeledGlobalKey<EditableTextState>#0ac11](controller: TextEditingController#9a6d3(TextEditingValue(text: ÔöñÔö£, selection: TextSelection.invalid, composing: TextRange(start: -1, end: -1))), focusNode: FocusNode#667dd, debugLabel: ((englishLike titleMedium 2014).merge(blackMountainView titleMedium)).merge(unknown), inherit: false, color: Color(0xdd000000), family: Roboto, size: 16.0, weight: 400, baseline: alphabetic, decoration: TextDecoration.none, textAlign: start, keyboardType: TextInputType(name: TextInputType.text, signed: null, decimal: null), autofillHints: [], spellCheckConfiguration:
                                                                          Ôöé                                                      Ôöé                            Ôöé                    Ôöé  Ôöé  spell check enabled   : false
                                                                          Ôöé                                                      Ôöé                            Ôöé                    Ôöé  Ôöé    spell check service   : null
                                                                          Ôöé                                                      Ôöé                            Ôöé                    Ôöé  Ôöé    misspelled text style : null
                                                                          Ôöé                                                      Ôöé                            Ôöé                    Ôöé  Ôöé    spell check suggestions toolbar builder: null
                                                                          Ôöé                                                      Ôöé                            Ôöé                    Ôöé  Ôöé, dependencies: [Directionality, MediaQuery, ScrollConfiguration, _EffectiveTickerMode], state: EditableTextState#0b00b(tickers: tracking 1 ticker))
                                                                          Ôöé                                                      Ôöé                            Ôöé                    Ôöé  Ôöö_CompositionCallback(renderObject: _RenderCompositionCallback#c1b68 relayoutBoundary=up12)
                                                                          Ôöé                                                      Ôöé                            Ôöé                    Ôöé   ÔööTextFieldTapRegion(debugLabel: EditableText, groupId: EditableText, renderObject: RenderTapRegion#7ca55 relayoutBoundary=up13)
                                                                          Ôöé                                                      Ôöé                            Ôöé                    Ôöé    ÔööMouseRegion(listeners: <none>, cursor: defer, renderObject: RenderMouseRegion#74c18 relayoutBoundary=up14)
                                                                          Ôöé                                                      Ôöé                            Ôöé                    Ôöé     ÔööActions(dispatcher: null, actions: {DoNothingAndStopPropagationTextIntent: DoNothingAction#3779a, ReplaceTextIntent: CallbackAction<ReplaceTextIntent>#65bcb, UpdateSelectionIntent: CallbackAction<UpdateSelectionIntent>#c0c76, DirectionalFocusIntent: DirectionalFocusAction#d86ba, DismissIntent: CallbackAction<DismissIntent>#c61fe, DeleteCharacterIntent: _OverridableContextAction<DeleteCharacterIntent>#2f13e(defaultAction: _DeleteTextAction<DeleteCharacterIntent>#451e6), DeleteToNextWordBoundaryIntent: _OverridableContextAction<DeleteToNextWordBoundaryIntent>#a7ab6(defaultAction: _DeleteTextAction<DeleteToNextWordBoundaryIntent>#21bd9), DeleteToLineBreakIntent: _OverridableContextAction<DeleteToLineBreakIntent>#46407(defaultAction: _DeleteTextAction<DeleteToLineBreakIntent>#e9a7d), ExtendSelectionByCharacterIntent: _OverridableContextAction<ExtendSelectionByCharacterIntent>#b3f91(defaultAction: _UpdateTextSelectionAction<ExtendSelectionByCharacterIntent>#c0d8a), ExtendSelectionByPageIntent: _OverridableAction<ExtendSelectionByPageIntent>#7d746(defaultAction: CallbackAction<ExtendSelectionByPageIntent>#d3a7a), ExtendSelectionToNextWordBoundaryIntent: _OverridableContextAction<ExtendSelectionToNextWordBoundaryIntent>#f5b75(defaultAction: _UpdateTextSelectionAction<ExtendSelectionToNextWordBoundaryIntent>#0fd7d), ExtendSelectionToNextParagraphBoundaryIntent: _OverridableContextAction<ExtendSelectionToNextParagraphBoundaryIntent>#5fda0(defaultAction: _UpdateTextSelectionAction<ExtendSelectionToNextParagraphBoundaryIntent>#cb867), ExtendSelectionToLineBreakIntent: _OverridableContextAction<ExtendSelectionToLineBreakIntent>#ea26c(defaultAction: _UpdateTextSelectionAction<ExtendSelectionToLineBreakIntent>#38764), ExtendSelectionVerticallyToAdjacentLineIntent: _OverridableContextAction<DirectionalCaretMovementIntent>#57b14(defaultAction: _UpdateTextSelectionVerticallyAction<DirectionalCaretMovementIntent>#a1d81), ExtendSelectionVerticallyToAdjacentPageIntent: _OverridableContextAction<DirectionalCaretMovementIntent>#d3721(defaultAction: _UpdateTextSelectionVerticallyAction<DirectionalCaretMovementIntent>#a1d81), ExtendSelectionToNextParagraphBoundaryOrCaretLocationIntent: _OverridableContextAction<ExtendSelectionToNextParagraphBoundaryOrCaretLocationIntent>#85857(defaultAction: _UpdateTextSelectionAction<ExtendSelectionToNextParagraphBoundaryOrCaretLocationIntent>#76edd), ExtendSelectionToDocumentBoundaryIntent: _OverridableContextAction<ExtendSelectionToDocumentBoundaryIntent>#9adb4(defaultAction: _UpdateTextSelectionAction<ExtendSelectionToDocumentBoundaryIntent>#64052), ExtendSelectionToNextWordBoundaryOrCaretLocationIntent: _OverridableContextAction<ExtendSelectionToNextWordBoundaryOrCaretLocationIntent>#a6b59(defaultAction: _UpdateTextSelectionAction<ExtendSelectionToNextWordBoundaryOrCaretLocationIntent>#998a9), ScrollToDocumentBoundaryIntent: _OverridableAction<ScrollToDocumentBoundaryIntent>#d0c98(defaultAction: CallbackAction<ScrollToDocumentBoundaryIntent>#fe15a), ScrollIntent: CallbackAction<ScrollIntent>#d910c, ExpandSelectionToLineBreakIntent: _OverridableContextAction<ExpandSelectionToLineBreakIntent>#92e0c(defaultAction: _UpdateTextSelectionAction<ExpandSelectionToLineBreakIntent>#a9e39), ExpandSelectionToDocumentBoundaryIntent: _OverridableContextAction<ExpandSelectionToDocumentBoundaryIntent>#23534(defaultAction: _UpdateTextSelectionAction<ExpandSelectionToDocumentBoundaryIntent>#940f8), SelectAllTextIntent: _OverridableContextAction<SelectAllTextIntent>#998ac(defaultAction: _SelectAllAction#75ed3), CopySelectionTextIntent: _OverridableContextAction<CopySelectionTextIntent>#b6fd3(defaultAction: _CopySelectionAction#0da59), PasteTextIntent: _OverridableAction<PasteTextIntent>#59870(defaultAction: CallbackAction<PasteTextIntent>#0bfc4), TransposeCharactersIntent: _OverridableAction<TransposeCharactersIntent>#9907b(defaultAction: CallbackAction<TransposeCharactersIntent>#26016)}, state: _ActionsState#3c072)
                                                                          Ôöé                                                      Ôöé                            Ôöé                    Ôöé      Ôöö_ActionsScope
                                                                          Ôöé                                                      Ôöé                            Ôöé                    Ôöé       ÔööUndoHistory<TextEditingValue>(state: UndoHistoryState<TextEditingValue>#d510c)
                                                                          Ôöé                                                      Ôöé                            Ôöé                    Ôöé        ÔööActions(dispatcher: null, actions: {UndoTextIntent: _OverridableAction<UndoTextIntent>#2314b(defaultAction: CallbackAction<UndoTextIntent>#7abea), RedoTextIntent: _OverridableAction<RedoTextIntent>#6695d(defaultAction: CallbackAction<RedoTextIntent>#0a890)}, state: _ActionsState#20b2e)
                                                                          Ôöé                                                      Ôöé                            Ôöé                    Ôöé         Ôöö_ActionsScope
                                                                          Ôöé                                                      Ôöé                            Ôöé                    Ôöé          ÔööFocus(debugLabel: "EditableText", focusNode: FocusNode#667dd, dependencies: [_FocusInheritedScope], state: _FocusState#e0372)
                                                                          Ôöé                                                      Ôöé                            Ôöé                    Ôöé           Ôöö_FocusInheritedScope
                                                                          Ôöé                                                      Ôöé                            Ôöé                    Ôöé            ÔööScrollable-[GlobalKey#91b61](axisDirection: right, physics: null, restorationId: "editable", dependencies: [MediaQuery, UnmanagedRestorationScope, _InheritedTheme, _LocalizationsScope-[GlobalKey#400b7]], state: ScrollableState#e590a(position: ScrollPositionWithSingleContext#239a7(offset: 0.0, range: 0.0..0.0, viewport: 768.0, ScrollableState, ClampingScrollPhysics -> RangeMaintainingScrollPhysics -> ClampingScrollPhysics -> RangeMaintainingScrollPhysics, IdleScrollActivity#63b2c, ScrollDirection.idle), effective physics: ClampingScrollPhysics -> RangeMaintainingScrollPhysics -> ClampingScrollPhysics -> RangeMaintainingScrollPhysics))
                                                                          Ôöé                                                      Ôöé                            Ôöé                    Ôöé             Ôöö_ScrollableScope
                                                                          Ôöé                                                      Ôöé                            Ôöé                    Ôöé              ÔööListener(listeners: [signal], behavior: deferToChild, renderObject: RenderPointerListener#f36d6 relayoutBoundary=up15)
                                                                          Ôöé                                                      Ôöé                            Ôöé                    Ôöé               ÔööRawGestureDetector-[LabeledGlobalKey<RawGestureDetectorState>#0191d](state: RawGestureDetectorState#22de5(gestures: <none>, excludeFromSemantics: true, behavior: opaque))
                                                                          Ôöé                                                      Ôöé                            Ôöé                    Ôöé                ÔööListener(listeners: [down, panZoomStart], behavior: opaque, renderObject: RenderPointerListener#28c28 relayoutBoundary=up16)
                                                                          Ôöé                                                      Ôöé                            Ôöé                    Ôöé                 ÔööSemantics(container: false, properties: SemanticsProperties, tooltip: null, renderObject: RenderSemanticsAnnotations#b4dcf relayoutBoundary=up17)
                                                                          Ôöé                                                      Ôöé                            Ôöé                    Ôöé                  ÔööIgnorePointer-[GlobalKey#35d66](ignoring: false, ignoringSemantics: false, renderObject: RenderIgnorePointer#e49b4 relayoutBoundary=up18)
                                                                          Ôöé                                                      Ôöé                            Ôöé                    Ôöé                   ÔööCompositedTransformTarget(renderObject: RenderLeaderLayer#47717 relayoutBoundary=up19)
                                                                          Ôöé                                                      Ôöé                            Ôöé                    Ôöé                    ÔööSemantics(container: false, properties: SemanticsProperties, tooltip: null, renderObject: RenderSemanticsAnnotations#1e1fd relayoutBoundary=up20)
                                                                          Ôöé                                                      Ôöé                            Ôöé                    Ôöé                     Ôöö_ScribbleFocusable(state: _ScribbleFocusableState#f666d)
                                                                          Ôöé                                                      Ôöé                            Ôöé                    Ôöé                      Ôöö_Editable-[GlobalKey#94042](dependencies: [_LocalizationsScope-[GlobalKey#400b7]], renderObject: RenderEditable#4c34d relayoutBoundary=up21)
                                                                          Ôöé                                                      Ôöé                            Ôöé                    Ôö£_Shaker(listenable: AnimationController#37ac4(ÔÅ« 0.000; paused), state: _AnimatedState#7ba74)
                                                                          Ôöé                                                      Ôöé                            Ôöé                    ÔöéÔööTransform(dependencies: [Directionality], renderObject: RenderTransform#0c8d9 relayoutBoundary=up11)
                                                                          Ôöé                                                      Ôöé                            Ôöé                    Ôöé ÔööAnimatedOpacity(duration: 167ms, opacity: 1.0, state: _AnimatedOpacityState#ae6cc(ticker inactive))
                                                                          Ôöé                                                      Ôöé                            Ôöé                    Ôöé  ÔööFadeTransition(opacity: AnimationController#3e1bd(ÔÅ« 0.000; paused; for AnimatedOpacity)ÔŞ®Cubic(0.40, 0.00, 0.20, 1.00)ÔŞ®Tween<double>(1.0 ÔåÆ 1.0)ÔŞ®1.0, renderObject: RenderAnimatedOpacity#e3023 relayoutBoundary=up12)
                                                                          Ôöé                                                      Ôöé                            Ôöé                    Ôöé   ÔööAnimatedDefaultTextStyle(duration: 167ms, debugLabel: (((englishLike titleMedium 2014).merge(blackMountainView titleMedium)).merge(unknown)).copyWith, inherit: false, color: Color(0x99000000), family: Roboto, size: 16.0, weight: 400, baseline: alphabetic, height: 1.0x, decoration: TextDecoration.none, softWrap: wrapping at box width, overflow: clip, state: _AnimatedDefaultTextStyleState#c2f67(ticker inactive))
                                                                          Ôöé                                                      Ôöé                            Ôöé                    Ôöé    ÔööDefaultTextStyle(debugLabel: (((englishLike titleMedium 2014).merge(blackMountainView titleMedium)).merge(unknown)).copyWith, inherit: false, color: Color(0x99000000), family: Roboto, size: 16.0, weight: 400, baseline: alphabetic, height: 1.0x, decoration: TextDecoration.none, softWrap: wrapping at box width, overflow: clip)
                                                                          Ôöé                                                      Ôöé                            Ôöé                    Ôöé     ÔööText("Ad Soyad", textAlign: start, overflow: ellipsis, dependencies: [DefaultSelectionStyle, DefaultTextStyle, MediaQuery])
                                                                          Ôöé                                                      Ôöé                            Ôöé                    Ôöé      ÔööRichText(softWrap: wrapping at box width, overflow: ellipsis, maxLines: unlimited, text: "Ad Soyad", dependencies: [Directionality, _LocalizationsScope-[GlobalKey#400b7]], renderObject: RenderParagraph#a668b relayoutBoundary=up13)
                                                                          Ôöé                                                      Ôöé                            Ôöé                    Ôö£_HelperError(state: _HelperErrorState#4b495(ticker inactive))
                                                                          Ôöé                                                      Ôöé                            Ôöé                    ÔöéÔööSizedBox.shrink(renderObject: RenderConstrainedBox#42a06 relayoutBoundary=up11)
                                                                          Ôöé                                                      Ôöé                            Ôöé                    Ôöö_BorderContainer(dependencies: [Directionality], state: _BorderContainerState#49f16(tickers: tracking 2 tickers))
                                                                          Ôöé                                                      Ôöé                            Ôöé                     ÔööCustomPaint(renderObject: RenderCustomPaint#ed10a)
                                                                          Ôöé                                                      Ôöé                            Ôö£KeyedSubtree
                                                                          Ôöé                                                      Ôöé                            ÔöéÔööAutomaticKeepAlive(state: _AutomaticKeepAliveState#3e361(handles: no notifications ever received))
                                                                          Ôöé                                                      Ôöé                            Ôöé ÔööKeepAlive(keepAlive: false)
                                                                          Ôöé                                                      Ôöé                            Ôöé  ÔööNotificationListener<KeepAliveNotification>
                                                                          Ôöé                                                      Ôöé                            Ôöé   Ôöö_SelectionKeepAlive(state: _SelectionKeepAliveState#77433)
                                                                          Ôöé                                                      Ôöé                            Ôöé    ÔööIndexedSemantics(index: 1, renderObject: RenderIndexedSemantics#755b3 relayoutBoundary=up3)
                                                                          Ôöé                                                      Ôöé                            Ôöé     ÔööRepaintBoundary(renderObject: RenderRepaintBoundary#64d74 relayoutBoundary=up4)
                                                                          Ôöé                                                      Ôöé                            Ôöé      ÔööSizedBox(height: 20.0, renderObject: RenderConstrainedBox#b735e relayoutBoundary=up5)
                                                                          Ôöé                                                      Ôöé                            Ôö£KeyedSubtree
                                                                          Ôöé                                                      Ôöé                            ÔöéÔööAutomaticKeepAlive(state: _AutomaticKeepAliveState#cefa2(handles: no notifications ever received))
                                                                          Ôöé                                                      Ôöé                            Ôöé ÔööKeepAlive(keepAlive: false)
                                                                          Ôöé                                                      Ôöé                            Ôöé  ÔööNotificationListener<KeepAliveNotification>
                                                                          Ôöé                                                      Ôöé                            Ôöé   Ôöö_SelectionKeepAlive(state: _SelectionKeepAliveState#01b13)
                                                                          Ôöé                                                      Ôöé                            Ôöé    ÔööIndexedSemantics(index: 2, renderObject: RenderIndexedSemantics#24b95 relayoutBoundary=up3)
                                                                          Ôöé                                                      Ôöé                            Ôöé     ÔööRepaintBoundary(renderObject: RenderRepaintBoundary#68fa2 relayoutBoundary=up4)
                                                                          Ôöé                                                      Ôöé                            Ôöé      ÔööRow(direction: horizontal, mainAxisAlignment: start, crossAxisAlignment: center, dependencies: [Directionality], renderObject: RenderFlex#ca851 relayoutBoundary=up5)
                                                                          Ôöé                                                      Ôöé                            Ôöé       Ôö£Expanded(flex: 1)
                                                                          Ôöé                                                      Ôöé                            Ôöé       ÔöéÔööText("Do─şum Tarihi Se├ğilmedi", dependencies: [DefaultSelectionStyle, DefaultTextStyle, MediaQuery])
                                                                          Ôöé                                                      Ôöé                            Ôöé       Ôöé ÔööRichText(softWrap: wrapping at box width, maxLines: unlimited, text: "Do─şum Tarihi Se├ğilmedi", dependencies: [Directionality, _LocalizationsScope-[GlobalKey#400b7]], renderObject: RenderParagraph#ea303 relayoutBoundary=up6)
                                                                          Ôöé                                                      Ôöé                            Ôöé       ÔööTextButton-[<'birth_date_field'>](dependencies: [MediaQuery, _InheritedTheme, _LocalizationsScope-[GlobalKey#400b7]], state: _ButtonStyleState#6384d)
                                                                          Ôöé                                                      Ôöé                            Ôöé        ÔööSemantics(container: true, properties: SemanticsProperties, tooltip: null, renderObject: RenderSemanticsAnnotations#ca4cc relayoutBoundary=up6)
                                                                          Ôöé                                                      Ôöé                            Ôöé         Ôöö_InputPadding(renderObject: _RenderInputPadding#c7f1e relayoutBoundary=up7)
                                                                          Ôöé                                                      Ôöé                            Ôöé          ÔööConstrainedBox(BoxConstraints(64.0<=w<=Infinity, 36.0<=h<=Infinity), renderObject: RenderConstrainedBox#3d33d relayoutBoundary=up8)
                                                                          Ôöé                                                      Ôöé                            Ôöé           ÔööMaterial(type: button, color: Color(0x00000000), shadowColor: Color(0xff000000), textStyle.debugLabel: ((englishLike labelLarge 2014).merge(blackMountainView labelLarge)).copyWith, textStyle.inherit: false, textStyle.color: MaterialColor(primary value: Color(0xff2196f3)), textStyle.family: Roboto, textStyle.size: 14.0, textStyle.weight: 500, textStyle.baseline: alphabetic, textStyle.decoration: TextDecoration.none, shape: RoundedRectangleBorder(BorderSide(width: 0.0, style: none), BorderRadius.circular(4.0)), dependencies: [_InheritedTheme, _LocalizationsScope-[GlobalKey#400b7]], state: _MaterialState#46900)
                                                                          Ôöé                                                      Ôöé                            Ôöé            Ôöö_MaterialInterior(duration: 200ms, shape: RoundedRectangleBorder(BorderSide(width: 0.0, style: none), BorderRadius.circular(4.0)), elevation: 0.0, color: Color(0x00000000), shadowColor: Color(0xff000000), dependencies: [Directionality, _InheritedTheme, _LocalizationsScope-[GlobalKey#400b7]], state: _MaterialInteriorState#b898d(ticker inactive))
                                                                          Ôöé                                                      Ôöé                            Ôöé             ÔööPhysicalShape(clipper: ShapeBorderClipper, elevation: 0.0, color: Color(0x00000000), shadowColor: Color(0xff000000), renderObject: RenderPhysicalShape#97b3e relayoutBoundary=up9)
                                                                          Ôöé                                                      Ôöé                            Ôöé              Ôöö_ShapeBorderPaint(dependencies: [Directionality])
                                                                          Ôöé                                                      Ôöé                            Ôöé               ÔööCustomPaint(renderObject: RenderCustomPaint#0c25e relayoutBoundary=up10)
                                                                          Ôöé                                                      Ôöé                            Ôöé                ÔööNotificationListener<LayoutChangedNotification>
                                                                          Ôöé                                                      Ôöé                            Ôöé                 Ôöö_InkFeatures-[GlobalKey#2f2ac ink renderer](renderObject: _RenderInkFeatures#92555 relayoutBoundary=up11)
                                                                          Ôöé                                                      Ôöé                            Ôöé                  ÔööAnimatedDefaultTextStyle(duration: 200ms, debugLabel: ((englishLike labelLarge 2014).merge(blackMountainView labelLarge)).copyWith, inherit: false, color: MaterialColor(primary value: Color(0xff2196f3)), family: Roboto, size: 14.0, weight: 500, baseline: alphabetic, decoration: TextDecoration.none, softWrap: wrapping at box width, overflow: clip, state: _AnimatedDefaultTextStyleState#bf0d6(ticker inactive))
                                                                          Ôöé                                                      Ôöé                            Ôöé                   ÔööDefaultTextStyle(debugLabel: ((englishLike labelLarge 2014).merge(blackMountainView labelLarge)).copyWith, inherit: false, color: MaterialColor(primary value: Color(0xff2196f3)), family: Roboto, size: 14.0, weight: 500, baseline: alphabetic, decoration: TextDecoration.none, softWrap: wrapping at box width, overflow: clip)
                                                                          Ôöé                                                      Ôöé                            Ôöé                    ÔööInkWell
                                                                          Ôöé                                                      Ôöé                            Ôöé                     Ôöö_InkResponseStateWidget(gestures: [tap], mouseCursor: ButtonStyleButton_MouseCursor, clipped to BoxShape.rectangle, dependencies: [MediaQuery], state: _InkResponseState#953b5)
                                                                          Ôöé                                                      Ôöé                            Ôöé                      Ôöö_ParentInkResponseProvider
                                                                          Ôöé                                                      Ôöé                            Ôöé                       ÔööActions(dispatcher: null, actions: {ActivateIntent: CallbackAction<ActivateIntent>#b1e31, ButtonActivateIntent: CallbackAction<ButtonActivateIntent>#2d321}, state: _ActionsState#d2914)
                                                                          Ôöé                                                      Ôöé                            Ôöé                        Ôöö_ActionsScope
                                                                          Ôöé                                                      Ôöé                            Ôöé                         ÔööFocus(dependencies: [_FocusInheritedScope], state: _FocusState#cb93e)
                                                                          Ôöé                                                      Ôöé                            Ôöé                          Ôöö_FocusInheritedScope
                                                                          Ôöé                                                      Ôöé                            Ôöé                           ÔööSemantics(container: false, properties: SemanticsProperties, tooltip: null, renderObject: RenderSemanticsAnnotations#023b0 relayoutBoundary=up12)
                                                                          Ôöé                                                      Ôöé                            Ôöé                            ÔööMouseRegion(listeners: [enter, exit], cursor: SystemMouseCursor(click), renderObject: RenderMouseRegion#e0b52 relayoutBoundary=up13)
                                                                          Ôöé                                                      Ôöé                            Ôöé                             ÔööSemantics(container: false, properties: SemanticsProperties, tooltip: null, renderObject: RenderSemanticsAnnotations#43032 relayoutBoundary=up14)
                                                                          Ôöé                                                      Ôöé                            Ôöé                              ÔööGestureDetector(startBehavior: start, dependencies: [MediaQuery])
                                                                          Ôöé                                                      Ôöé                            Ôöé                               ÔööRawGestureDetector(state: RawGestureDetectorState#cc4ec(gestures: [tap], excludeFromSemantics: true, behavior: opaque))
                                                                          Ôöé                                                      Ôöé                            Ôöé                                ÔööListener(listeners: [down, panZoomStart], behavior: opaque, renderObject: RenderPointerListener#fbaa1 relayoutBoundary=up15)
                                                                          Ôöé                                                      Ôöé                            Ôöé                                 ÔööBuilder(dependencies: [IconTheme])
                                                                          Ôöé                                                      Ôöé                            Ôöé                                  ÔööIconTheme(color: MaterialColor(primary value: Color(0xff2196f3)))
                                                                          Ôöé                                                      Ôöé                            Ôöé                                   ÔööPadding(padding: EdgeInsets.all(8.0), dependencies: [Directionality], renderObject: RenderPadding#e70c4 relayoutBoundary=up16)
                                                                          Ôöé                                                      Ôöé                            Ôöé                                    ÔööAlign(alignment: Alignment.center, widthFactor: 1.0, heightFactor: 1.0, dependencies: [Directionality], renderObject: RenderPositionedBox#b5061 relayoutBoundary=up17)
                                                                          Ôöé                                                      Ôöé                            Ôöé                                     ÔööText("Tarih Se├ğ", dependencies: [DefaultSelectionStyle, DefaultTextStyle, MediaQuery])
                                                                          Ôöé                                                      Ôöé                            Ôöé                                      ÔööRichText(softWrap: wrapping at box width, maxLines: unlimited, text: "Tarih Se├ğ", dependencies: [Directionality, _LocalizationsScope-[GlobalKey#400b7]], renderObject: RenderParagraph#c61d7 relayoutBoundary=up18)
                                                                          Ôöé                                                      Ôöé                            Ôö£KeyedSubtree
                                                                          Ôöé                                                      Ôöé                            ÔöéÔööAutomaticKeepAlive(state: _AutomaticKeepAliveState#978b9(handles: no notifications ever received))
                                                                          Ôöé                                                      Ôöé                            Ôöé ÔööKeepAlive(keepAlive: false)
                                                                          Ôöé                                                      Ôöé                            Ôöé  ÔööNotificationListener<KeepAliveNotification>
                                                                          Ôöé                                                      Ôöé                            Ôöé   Ôöö_SelectionKeepAlive(state: _SelectionKeepAliveState#6826b)
                                                                          Ôöé                                                      Ôöé                            Ôöé    ÔööIndexedSemantics(index: 3, renderObject: RenderIndexedSemantics#5012b relayoutBoundary=up3)
                                                                          Ôöé                                                      Ôöé                            Ôöé     ÔööRepaintBoundary(renderObject: RenderRepaintBoundary#f7814 relayoutBoundary=up4)
                                                                          Ôöé                                                      Ôöé                            Ôöé      ÔööSizedBox(height: 20.0, renderObject: RenderConstrainedBox#e681a relayoutBoundary=up5)
                                                                          Ôöé                                                      Ôöé                            Ôö£KeyedSubtree
                                                                          Ôöé                                                      Ôöé                            ÔöéÔööAutomaticKeepAlive(state: _AutomaticKeepAliveState#10060(handles: no notifications ever received))
                                                                          Ôöé                                                      Ôöé                            Ôöé ÔööKeepAlive(keepAlive: false)
                                                                          Ôöé                                                      Ôöé                            Ôöé  ÔööNotificationListener<KeepAliveNotification>
                                                                          Ôöé                                                      Ôöé                            Ôöé   Ôöö_SelectionKeepAlive(state: _SelectionKeepAliveState#13d6f)
                                                                          Ôöé                                                      Ôöé                            Ôöé    ÔööIndexedSemantics(index: 4, renderObject: RenderIndexedSemantics#ac85a relayoutBoundary=up3)
                                                                          Ôöé                                                      Ôöé                            Ôöé     ÔööRepaintBoundary(renderObject: RenderRepaintBoundary#9a6e7 relayoutBoundary=up4)
                                                                          Ôöé                                                      Ôöé                            Ôöé      ÔööRow(direction: horizontal, mainAxisAlignment: start, crossAxisAlignment: center, dependencies: [Directionality], renderObject: RenderFlex#c9a34 relayoutBoundary=up5)
                                                                          Ôöé                                                      Ôöé                            Ôöé       Ôö£Expanded(flex: 1)
                                                                          Ôöé                                                      Ôöé                            Ôöé       ÔöéÔööText("Do─şum Saati Se├ğilmedi", dependencies: [DefaultSelectionStyle, DefaultTextStyle, MediaQuery])
                                                                          Ôöé                                                      Ôöé                            Ôöé       Ôöé ÔööRichText(softWrap: wrapping at box width, maxLines: unlimited, text: "Do─şum Saati Se├ğilmedi", dependencies: [Directionality, _LocalizationsScope-[GlobalKey#400b7]], renderObject: RenderParagraph#cf6c2 relayoutBoundary=up6)
                                                                          Ôöé                                                      Ôöé                            Ôöé       ÔööTextButton-[<'birth_time_field'>](dependencies: [MediaQuery, _InheritedTheme, _LocalizationsScope-[GlobalKey#400b7]], state: _ButtonStyleState#c4b74)
                                                                          Ôöé                                                      Ôöé                            Ôöé        ÔööSemantics(container: true, properties: SemanticsProperties, tooltip: null, renderObject: RenderSemanticsAnnotations#73a99 relayoutBoundary=up6)
                                                                          Ôöé                                                      Ôöé                            Ôöé         Ôöö_InputPadding(renderObject: _RenderInputPadding#1e3e3 relayoutBoundary=up7)
                                                                          Ôöé                                                      Ôöé                            Ôöé          ÔööConstrainedBox(BoxConstraints(64.0<=w<=Infinity, 36.0<=h<=Infinity), renderObject: RenderConstrainedBox#fe71b relayoutBoundary=up8)
                                                                          Ôöé                                                      Ôöé                            Ôöé           ÔööMaterial(type: button, color: Color(0x00000000), shadowColor: Color(0xff000000), textStyle.debugLabel: ((englishLike labelLarge 2014).merge(blackMountainView labelLarge)).copyWith, textStyle.inherit: false, textStyle.color: MaterialColor(primary value: Color(0xff2196f3)), textStyle.family: Roboto, textStyle.size: 14.0, textStyle.weight: 500, textStyle.baseline: alphabetic, textStyle.decoration: TextDecoration.none, shape: RoundedRectangleBorder(BorderSide(width: 0.0, style: none), BorderRadius.circular(4.0)), dependencies: [_InheritedTheme, _LocalizationsScope-[GlobalKey#400b7]], state: _MaterialState#a5f36)
                                                                          Ôöé                                                      Ôöé                            Ôöé            Ôöö_MaterialInterior(duration: 200ms, shape: RoundedRectangleBorder(BorderSide(width: 0.0, style: none), BorderRadius.circular(4.0)), elevation: 0.0, color: Color(0x00000000), shadowColor: Color(0xff000000), dependencies: [Directionality, _InheritedTheme, _LocalizationsScope-[GlobalKey#400b7]], state: _MaterialInteriorState#b2bd5(ticker inactive))
                                                                          Ôöé                                                      Ôöé                            Ôöé             ÔööPhysicalShape(clipper: ShapeBorderClipper, elevation: 0.0, color: Color(0x00000000), shadowColor: Color(0xff000000), renderObject: RenderPhysicalShape#bdb95 relayoutBoundary=up9)
                                                                          Ôöé                                                      Ôöé                            Ôöé              Ôöö_ShapeBorderPaint(dependencies: [Directionality])
                                                                          Ôöé                                                      Ôöé                            Ôöé               ÔööCustomPaint(renderObject: RenderCustomPaint#066bf relayoutBoundary=up10)
                                                                          Ôöé                                                      Ôöé                            Ôöé                ÔööNotificationListener<LayoutChangedNotification>
                                                                          Ôöé                                                      Ôöé                            Ôöé                 Ôöö_InkFeatures-[GlobalKey#6e781 ink renderer](renderObject: _RenderInkFeatures#24c5f relayoutBoundary=up11)
                                                                          Ôöé                                                      Ôöé                            Ôöé                  ÔööAnimatedDefaultTextStyle(duration: 200ms, debugLabel: ((englishLike labelLarge 2014).merge(blackMountainView labelLarge)).copyWith, inherit: false, color: MaterialColor(primary value: Color(0xff2196f3)), family: Roboto, size: 14.0, weight: 500, baseline: alphabetic, decoration: TextDecoration.none, softWrap: wrapping at box width, overflow: clip, state: _AnimatedDefaultTextStyleState#03609(ticker inactive))
                                                                          Ôöé                                                      Ôöé                            Ôöé                   ÔööDefaultTextStyle(debugLabel: ((englishLike labelLarge 2014).merge(blackMountainView labelLarge)).copyWith, inherit: false, color: MaterialColor(primary value: Color(0xff2196f3)), family: Roboto, size: 14.0, weight: 500, baseline: alphabetic, decoration: TextDecoration.none, softWrap: wrapping at box width, overflow: clip)
                                                                          Ôöé                                                      Ôöé                            Ôöé                    ÔööInkWell
                                                                          Ôöé                                                      Ôöé                            Ôöé                     Ôöö_InkResponseStateWidget(gestures: [tap], mouseCursor: ButtonStyleButton_MouseCursor, clipped to BoxShape.rectangle, dependencies: [MediaQuery], state: _InkResponseState#5f52e)
                                                                          Ôöé                                                      Ôöé                            Ôöé                      Ôöö_ParentInkResponseProvider
                                                                          Ôöé                                                      Ôöé                            Ôöé                       ÔööActions(dispatcher: null, actions: {ActivateIntent: CallbackAction<ActivateIntent>#51708, ButtonActivateIntent: CallbackAction<ButtonActivateIntent>#fa034}, state: _ActionsState#91832)
                                                                          Ôöé                                                      Ôöé                            Ôöé                        Ôöö_ActionsScope
                                                                          Ôöé                                                      Ôöé                            Ôöé                         ÔööFocus(dependencies: [_FocusInheritedScope], state: _FocusState#ce609)
                                                                          Ôöé                                                      Ôöé                            Ôöé                          Ôöö_FocusInheritedScope
                                                                          Ôöé                                                      Ôöé                            Ôöé                           ÔööSemantics(container: false, properties: SemanticsProperties, tooltip: null, renderObject: RenderSemanticsAnnotations#6d3d0 relayoutBoundary=up12)
                                                                          Ôöé                                                      Ôöé                            Ôöé                            ÔööMouseRegion(listeners: [enter, exit], cursor: SystemMouseCursor(click), renderObject: RenderMouseRegion#22c03 relayoutBoundary=up13)
                                                                          Ôöé                                                      Ôöé                            Ôöé                             ÔööSemantics(container: false, properties: SemanticsProperties, tooltip: null, renderObject: RenderSemanticsAnnotations#105d6 relayoutBoundary=up14)
                                                                          Ôöé                                                      Ôöé                            Ôöé                              ÔööGestureDetector(startBehavior: start, dependencies: [MediaQuery])
                                                                          Ôöé                                                      Ôöé                            Ôöé                               ÔööRawGestureDetector(state: RawGestureDetectorState#7957d(gestures: [tap], excludeFromSemantics: true, behavior: opaque))
                                                                          Ôöé                                                      Ôöé                            Ôöé                                ÔööListener(listeners: [down, panZoomStart], behavior: opaque, renderObject: RenderPointerListener#00071 relayoutBoundary=up15)
                                                                          Ôöé                                                      Ôöé                            Ôöé                                 ÔööBuilder(dependencies: [IconTheme])
                                                                          Ôöé                                                      Ôöé                            Ôöé                                  ÔööIconTheme(color: MaterialColor(primary value: Color(0xff2196f3)))
                                                                          Ôöé                                                      Ôöé                            Ôöé                                   ÔööPadding(padding: EdgeInsets.all(8.0), dependencies: [Directionality], renderObject: RenderPadding#6eb78 relayoutBoundary=up16)
                                                                          Ôöé                                                      Ôöé                            Ôöé                                    ÔööAlign(alignment: Alignment.center, widthFactor: 1.0, heightFactor: 1.0, dependencies: [Directionality], renderObject: RenderPositionedBox#b5fba relayoutBoundary=up17)
                                                                          Ôöé                                                      Ôöé                            Ôöé                                     ÔööText("Saat Se├ğ", dependencies: [DefaultSelectionStyle, DefaultTextStyle, MediaQuery])
                                                                          Ôöé                                                      Ôöé                            Ôöé                                      ÔööRichText(softWrap: wrapping at box width, maxLines: unlimited, text: "Saat Se├ğ", dependencies: [Directionality, _LocalizationsScope-[GlobalKey#400b7]], renderObject: RenderParagraph#8189b relayoutBoundary=up18)
                                                                          Ôöé                                                      Ôöé                            Ôö£KeyedSubtree
                                                                          Ôöé                                                      Ôöé                            ÔöéÔööAutomaticKeepAlive(state: _AutomaticKeepAliveState#09218(handles: no notifications ever received))
                                                                          Ôöé                                                      Ôöé                            Ôöé ÔööKeepAlive(keepAlive: false)
                                                                          Ôöé                                                      Ôöé                            Ôöé  ÔööNotificationListener<KeepAliveNotification>
                                                                          Ôöé                                                      Ôöé                            Ôöé   Ôöö_SelectionKeepAlive(state: _SelectionKeepAliveState#31ed6)
                                                                          Ôöé                                                      Ôöé                            Ôöé    ÔööIndexedSemantics(index: 5, renderObject: RenderIndexedSemantics#b7273 relayoutBoundary=up3)
                                                                          Ôöé                                                      Ôöé                            Ôöé     ÔööRepaintBoundary(renderObject: RenderRepaintBoundary#c48bf relayoutBoundary=up4)
                                                                          Ôöé                                                      Ôöé                            Ôöé      ÔööSizedBox(height: 20.0, renderObject: RenderConstrainedBox#69f9d relayoutBoundary=up5)
                                                                          Ôöé                                                      Ôöé                            Ôö£KeyedSubtree-[Key <[<'birth_place_field'>]>]
                                                                          Ôöé                                                      Ôöé                            ÔöéÔööAutomaticKeepAlive(state: _AutomaticKeepAliveState#d6e07(handles: no notifications ever received))
                                                                          Ôöé                                                      Ôöé                            Ôöé ÔööKeepAlive(keepAlive: false)
                                                                          Ôöé                                                      Ôöé                            Ôöé  ÔööNotificationListener<KeepAliveNotification>
                                                                          Ôöé                                                      Ôöé                            Ôöé   Ôöö_SelectionKeepAlive(state: _SelectionKeepAliveState#8460a)
                                                                          Ôöé                                                      Ôöé                            Ôöé    ÔööIndexedSemantics(index: 6, renderObject: RenderIndexedSemantics#174d9 relayoutBoundary=up3)
                                                                          Ôöé                                                      Ôöé                            Ôöé     ÔööRepaintBoundary(renderObject: RenderRepaintBoundary#a5e39 relayoutBoundary=up4)
                                                                          Ôöé                                                      Ôöé                            Ôöé      ÔööTextFormField-[<'birth_place_field'>](dependencies: [UnmanagedRestorationScope, _FormScope, _InheritedTheme, _LocalizationsScope-[GlobalKey#400b7]], state: _TextFormFieldState#59a6d)
                                                                          Ôöé                                                      Ôöé                            Ôöé       ÔööUnmanagedRestorationScope
                                                                          Ôöé                                                      Ôöé                            Ôöé        ÔööTextField(controller: TextEditingController#9733d(TextEditingValue(text: ÔöñÔö£, selection: TextSelection.invalid, composing: TextRange(start: -1, end: -1))), enabled: true, decoration: InputDecoration(labelText: "Do─şum Yeri (┼Şehir, ├£lke)", hintText: "├ûrn: Ankara, T├╝rkiye (─░ste─şe ba─şl─▒)", floatingLabelBehavior: FloatingLabelBehavior.auto, floatingLabelAlignment: FloatingLabelAlignment.start, alignLabelWithHint: false), dependencies: [DefaultSelectionStyle, MediaQuery, UnmanagedRestorationScope, _InheritedTheme, _LocalizationsScope-[GlobalKey#400b7]], state: _TextFieldState#3e8c0)
                                                                          Ôöé                                                      Ôöé                            Ôöé         ÔööMouseRegion(listeners: [enter, exit], cursor: SystemMouseCursor(text), renderObject: RenderMouseRegion#81198 relayoutBoundary=up5)
                                                                          Ôöé                                                      Ôöé                            Ôöé          ÔööTextFieldTapRegion(groupId: EditableText, renderObject: RenderTapRegion#6abeb relayoutBoundary=up6)
                                                                          Ôöé                                                      Ôöé                            Ôöé           ÔööIgnorePointer(ignoring: false, renderObject: RenderIgnorePointer#5e788 relayoutBoundary=up7)
                                                                          Ôöé                                                      Ôöé                            Ôöé            ÔööAnimatedBuilder(listenable: TextEditingController#9733d(TextEditingValue(text: ÔöñÔö£, selection: TextSelection.invalid, composing: TextRange(start: -1, end: -1))), state: _AnimatedState#69785)
                                                                          Ôöé                                                      Ôöé                            Ôöé             ÔööSemantics(container: false, properties: SemanticsProperties, tooltip: null, renderObject: RenderSemanticsAnnotations#77e7e relayoutBoundary=up8)
                                                                          Ôöé                                                      Ôöé                            Ôöé              ÔööTextSelectionGestureDetector(state: _TextSelectionGestureDetectorState#6ae8c)
                                                                          Ôöé                                                      Ôöé                            Ôöé               ÔööRawGestureDetector(state: RawGestureDetectorState#6b618(gestures: [tap, long press, tap and horizontal drag], excludeFromSemantics: true, behavior: translucent))
                                                                          Ôöé                                                      Ôöé                            Ôöé                ÔööListener(listeners: [down, panZoomStart], behavior: translucent, renderObject: RenderPointerListener#a1a7d relayoutBoundary=up9)
                                                                          Ôöé                                                      Ôöé                            Ôöé                 ÔööAnimatedBuilder(listenable: Listenable.merge([FocusNode#c2039(context: Focus), TextEditingController#9733d(TextEditingValue(text: ÔöñÔö£, selection: TextSelection.invalid, composing: TextRange(start: -1, end: -1)))]), state: _AnimatedState#9d92c)
                                                                          Ôöé                                                      Ôöé                            Ôöé                  ÔööInputDecorator(decoration: InputDecoration(labelText: "Do─şum Yeri (┼Şehir, ├£lke)", hintText: "├ûrn: Ankara, T├╝rkiye (─░ste─şe ba─şl─▒)", hintMaxLines: "1", floatingLabelBehavior: FloatingLabelBehavior.auto, floatingLabelAlignment: FloatingLabelAlignment.start, alignLabelWithHint: false), isFocused: false, isEmpty: true, dependencies: [Directionality, MediaQuery, _InheritedTheme, _LocalizationsScope-[GlobalKey#400b7]], state: _InputDecoratorState#5dfba(tickers: tracking 2 tickers))
                                                                          Ôöé                                                      Ôöé                            Ôöé                   Ôöö_Decorator(dependencies: [_InheritedTheme, _LocalizationsScope-[GlobalKey#400b7]], renderObject: _RenderDecoration#adaa4 relayoutBoundary=up10)
                                                                          Ôöé                                                      Ôöé                            Ôöé                    Ôö£RepaintBoundary(renderObject: RenderRepaintBoundary#90bd8 relayoutBoundary=up11)
                                                                          Ôöé                                                      Ôöé                            Ôöé                    ÔöéÔööUnmanagedRestorationScope
                                                                          Ôöé                                                      Ôöé                            Ôöé                    Ôöé ÔööEditableText-[LabeledGlobalKey<EditableTextState>#2c1d0](controller: TextEditingController#9733d(TextEditingValue(text: ÔöñÔö£, selection: TextSelection.invalid, composing: TextRange(start: -1, end: -1))), focusNode: FocusNode#c2039, debugLabel: ((englishLike titleMedium 2014).merge(blackMountainView titleMedium)).merge(unknown), inherit: false, color: Color(0xdd000000), family: Roboto, size: 16.0, weight: 400, baseline: alphabetic, decoration: TextDecoration.none, textAlign: start, keyboardType: TextInputType(name: TextInputType.text, signed: null, decimal: null), autofillHints: [], spellCheckConfiguration:
                                                                          Ôöé                                                      Ôöé                            Ôöé                    Ôöé  Ôöé  spell check enabled   : false
                                                                          Ôöé                                                      Ôöé                            Ôöé                    Ôöé  Ôöé    spell check service   : null
                                                                          Ôöé                                                      Ôöé                            Ôöé                    Ôöé  Ôöé    misspelled text style : null
                                                                          Ôöé                                                      Ôöé                            Ôöé                    Ôöé  Ôöé    spell check suggestions toolbar builder: null
                                                                          Ôöé                                                      Ôöé                            Ôöé                    Ôöé  Ôöé, dependencies: [Directionality, MediaQuery, ScrollConfiguration, _EffectiveTickerMode], state: EditableTextState#67cad(tickers: tracking 1 ticker))
                                                                          Ôöé                                                      Ôöé                            Ôöé                    Ôöé  Ôöö_CompositionCallback(renderObject: _RenderCompositionCallback#25759 relayoutBoundary=up12)
                                                                          Ôöé                                                      Ôöé                            Ôöé                    Ôöé   ÔööTextFieldTapRegion(debugLabel: EditableText, groupId: EditableText, renderObject: RenderTapRegion#b5036 relayoutBoundary=up13)
                                                                          Ôöé                                                      Ôöé                            Ôöé                    Ôöé    ÔööMouseRegion(listeners: <none>, cursor: defer, renderObject: RenderMouseRegion#69af3 relayoutBoundary=up14)
                                                                          Ôöé                                                      Ôöé                            Ôöé                    Ôöé     ÔööActions(dispatcher: null, actions: {DoNothingAndStopPropagationTextIntent: DoNothingAction#b7fec, ReplaceTextIntent: CallbackAction<ReplaceTextIntent>#917b0, UpdateSelectionIntent: CallbackAction<UpdateSelectionIntent>#95809, DirectionalFocusIntent: DirectionalFocusAction#218cf, DismissIntent: CallbackAction<DismissIntent>#5df2c, DeleteCharacterIntent: _OverridableContextAction<DeleteCharacterIntent>#b11e1(defaultAction: _DeleteTextAction<DeleteCharacterIntent>#2ebae), DeleteToNextWordBoundaryIntent: _OverridableContextAction<DeleteToNextWordBoundaryIntent>#03c27(defaultAction: _DeleteTextAction<DeleteToNextWordBoundaryIntent>#6046b), DeleteToLineBreakIntent: _OverridableContextAction<DeleteToLineBreakIntent>#40180(defaultAction: _DeleteTextAction<DeleteToLineBreakIntent>#2af7d), ExtendSelectionByCharacterIntent: _OverridableContextAction<ExtendSelectionByCharacterIntent>#bb901(defaultAction: _UpdateTextSelectionAction<ExtendSelectionByCharacterIntent>#de345), ExtendSelectionByPageIntent: _OverridableAction<ExtendSelectionByPageIntent>#edc22(defaultAction: CallbackAction<ExtendSelectionByPageIntent>#974fa), ExtendSelectionToNextWordBoundaryIntent: _OverridableContextAction<ExtendSelectionToNextWordBoundaryIntent>#002c2(defaultAction: _UpdateTextSelectionAction<ExtendSelectionToNextWordBoundaryIntent>#5fa73), ExtendSelectionToNextParagraphBoundaryIntent: _OverridableContextAction<ExtendSelectionToNextParagraphBoundaryIntent>#70933(defaultAction: _UpdateTextSelectionAction<ExtendSelectionToNextParagraphBoundaryIntent>#04083), ExtendSelectionToLineBreakIntent: _OverridableContextAction<ExtendSelectionToLineBreakIntent>#ce47a(defaultAction: _UpdateTextSelectionAction<ExtendSelectionToLineBreakIntent>#af862), ExtendSelectionVerticallyToAdjacentLineIntent: _OverridableContextAction<DirectionalCaretMovementIntent>#f7403(defaultAction: _UpdateTextSelectionVerticallyAction<DirectionalCaretMovementIntent>#9c4cd), ExtendSelectionVerticallyToAdjacentPageIntent: _OverridableContextAction<DirectionalCaretMovementIntent>#f475b(defaultAction: _UpdateTextSelectionVerticallyAction<DirectionalCaretMovementIntent>#9c4cd), ExtendSelectionToNextParagraphBoundaryOrCaretLocationIntent: _OverridableContextAction<ExtendSelectionToNextParagraphBoundaryOrCaretLocationIntent>#1d882(defaultAction: _UpdateTextSelectionAction<ExtendSelectionToNextParagraphBoundaryOrCaretLocationIntent>#7fb83), ExtendSelectionToDocumentBoundaryIntent: _OverridableContextAction<ExtendSelectionToDocumentBoundaryIntent>#ee7cb(defaultAction: _UpdateTextSelectionAction<ExtendSelectionToDocumentBoundaryIntent>#a9f21), ExtendSelectionToNextWordBoundaryOrCaretLocationIntent: _OverridableContextAction<ExtendSelectionToNextWordBoundaryOrCaretLocationIntent>#f73e5(defaultAction: _UpdateTextSelectionAction<ExtendSelectionToNextWordBoundaryOrCaretLocationIntent>#f418f), ScrollToDocumentBoundaryIntent: _OverridableAction<ScrollToDocumentBoundaryIntent>#5b8d1(defaultAction: CallbackAction<ScrollToDocumentBoundaryIntent>#719aa), ScrollIntent: CallbackAction<ScrollIntent>#b59f9, ExpandSelectionToLineBreakIntent: _OverridableContextAction<ExpandSelectionToLineBreakIntent>#7bfd9(defaultAction: _UpdateTextSelectionAction<ExpandSelectionToLineBreakIntent>#0bb20), ExpandSelectionToDocumentBoundaryIntent: _OverridableContextAction<ExpandSelectionToDocumentBoundaryIntent>#0c7ed(defaultAction: _UpdateTextSelectionAction<ExpandSelectionToDocumentBoundaryIntent>#721a3), SelectAllTextIntent: _OverridableContextAction<SelectAllTextIntent>#63746(defaultAction: _SelectAllAction#62c1d), CopySelectionTextIntent: _OverridableContextAction<CopySelectionTextIntent>#74ab9(defaultAction: _CopySelectionAction#17e11), PasteTextIntent: _OverridableAction<PasteTextIntent>#20719(defaultAction: CallbackAction<PasteTextIntent>#05a13), TransposeCharactersIntent: _OverridableAction<TransposeCharactersIntent>#e2eb5(defaultAction: CallbackAction<TransposeCharactersIntent>#4c72f)}, state: _ActionsState#ec094)
                                                                          Ôöé                                                      Ôöé                            Ôöé                    Ôöé      Ôöö_ActionsScope
                                                                          Ôöé                                                      Ôöé                            Ôöé                    Ôöé       ÔööUndoHistory<TextEditingValue>(state: UndoHistoryState<TextEditingValue>#5b3a4)
                                                                          Ôöé                                                      Ôöé                            Ôöé                    Ôöé        ÔööActions(dispatcher: null, actions: {UndoTextIntent: _OverridableAction<UndoTextIntent>#a19a2(defaultAction: CallbackAction<UndoTextIntent>#d65dd), RedoTextIntent: _OverridableAction<RedoTextIntent>#5773a(defaultAction: CallbackAction<RedoTextIntent>#a7890)}, state: _ActionsState#fa8f0)
                                                                          Ôöé                                                      Ôöé                            Ôöé                    Ôöé         Ôöö_ActionsScope
                                                                          Ôöé                                                      Ôöé                            Ôöé                    Ôöé          ÔööFocus(debugLabel: "EditableText", focusNode: FocusNode#c2039, dependencies: [_FocusInheritedScope], state: _FocusState#5da14)
                                                                          Ôöé                                                      Ôöé                            Ôöé                    Ôöé           Ôöö_FocusInheritedScope
                                                                          Ôöé                                                      Ôöé                            Ôöé                    Ôöé            ÔööScrollable-[GlobalKey#659ad](axisDirection: right, physics: null, restorationId: "editable", dependencies: [MediaQuery, UnmanagedRestorationScope, _InheritedTheme, _LocalizationsScope-[GlobalKey#400b7]], state: ScrollableState#8398d(position: ScrollPositionWithSingleContext#8fe24(offset: 0.0, range: 0.0..0.0, viewport: 768.0, ScrollableState, ClampingScrollPhysics -> RangeMaintainingScrollPhysics -> ClampingScrollPhysics -> RangeMaintainingScrollPhysics, IdleScrollActivity#8b2d0, ScrollDirection.idle), effective physics: ClampingScrollPhysics -> RangeMaintainingScrollPhysics -> ClampingScrollPhysics -> RangeMaintainingScrollPhysics))
                                                                          Ôöé                                                      Ôöé                            Ôöé                    Ôöé             Ôöö_ScrollableScope
                                                                          Ôöé                                                      Ôöé                            Ôöé                    Ôöé              ÔööListener(listeners: [signal], behavior: deferToChild, renderObject: RenderPointerListener#78a66 relayoutBoundary=up15)
                                                                          Ôöé                                                      Ôöé                            Ôöé                    Ôöé               ÔööRawGestureDetector-[LabeledGlobalKey<RawGestureDetectorState>#cd546](state: RawGestureDetectorState#93644(gestures: <none>, excludeFromSemantics: true, behavior: opaque))
                                                                          Ôöé                                                      Ôöé                            Ôöé                    Ôöé                ÔööListener(listeners: [down, panZoomStart], behavior: opaque, renderObject: RenderPointerListener#6ec62 relayoutBoundary=up16)
                                                                          Ôöé                                                      Ôöé                            Ôöé                    Ôöé                 ÔööSemantics(container: false, properties: SemanticsProperties, tooltip: null, renderObject: RenderSemanticsAnnotations#22a09 relayoutBoundary=up17)
                                                                          Ôöé                                                      Ôöé                            Ôöé                    Ôöé                  ÔööIgnorePointer-[GlobalKey#ce038](ignoring: false, ignoringSemantics: false, renderObject: RenderIgnorePointer#b7b02 relayoutBoundary=up18)
                                                                          Ôöé                                                      Ôöé                            Ôöé                    Ôöé                   ÔööCompositedTransformTarget(renderObject: RenderLeaderLayer#963d4 relayoutBoundary=up19)
                                                                          Ôöé                                                      Ôöé                            Ôöé                    Ôöé                    ÔööSemantics(container: false, properties: SemanticsProperties, tooltip: null, renderObject: RenderSemanticsAnnotations#8b3fa relayoutBoundary=up20)
                                                                          Ôöé                                                      Ôöé                            Ôöé                    Ôöé                     Ôöö_ScribbleFocusable(state: _ScribbleFocusableState#e5537)
                                                                          Ôöé                                                      Ôöé                            Ôöé                    Ôöé                      Ôöö_Editable-[GlobalKey#57009](dependencies: [_LocalizationsScope-[GlobalKey#400b7]], renderObject: RenderEditable#9c6e7 relayoutBoundary=up21)
                                                                          Ôöé                                                      Ôöé                            Ôöé                    Ôö£_Shaker(listenable: AnimationController#0b8cf(ÔÅ« 0.000; paused), state: _AnimatedState#58323)
                                                                          Ôöé                                                      Ôöé                            Ôöé                    ÔöéÔööTransform(dependencies: [Directionality], renderObject: RenderTransform#4569a relayoutBoundary=up11)
                                                                          Ôöé                                                      Ôöé                            Ôöé                    Ôöé ÔööAnimatedOpacity(duration: 167ms, opacity: 1.0, state: _AnimatedOpacityState#022d9(ticker inactive))
                                                                          Ôöé                                                      Ôöé                            Ôöé                    Ôöé  ÔööFadeTransition(opacity: AnimationController#015d7(ÔÅ« 0.000; paused; for AnimatedOpacity)ÔŞ®Cubic(0.40, 0.00, 0.20, 1.00)ÔŞ®Tween<double>(1.0 ÔåÆ 1.0)ÔŞ®1.0, renderObject: RenderAnimatedOpacity#fc7b6 relayoutBoundary=up12)
                                                                          Ôöé                                                      Ôöé                            Ôöé                    Ôöé   ÔööAnimatedDefaultTextStyle(duration: 167ms, debugLabel: (((englishLike titleMedium 2014).merge(blackMountainView titleMedium)).merge(unknown)).copyWith, inherit: false, color: Color(0x99000000), family: Roboto, size: 16.0, weight: 400, baseline: alphabetic, height: 1.0x, decoration: TextDecoration.none, softWrap: wrapping at box width, overflow: clip, state: _AnimatedDefaultTextStyleState#99d23(ticker inactive))
                                                                          Ôöé                                                      Ôöé                            Ôöé                    Ôöé    ÔööDefaultTextStyle(debugLabel: (((englishLike titleMedium 2014).merge(blackMountainView titleMedium)).merge(unknown)).copyWith, inherit: false, color: Color(0x99000000), family: Roboto, size: 16.0, weight: 400, baseline: alphabetic, height: 1.0x, decoration: TextDecoration.none, softWrap: wrapping at box width, overflow: clip)
                                                                          Ôöé                                                      Ôöé                            Ôöé                    Ôöé     ÔööText("Do─şum Yeri (┼Şehir, ├£lke)", textAlign: start, overflow: ellipsis, dependencies: [DefaultSelectionStyle, DefaultTextStyle, MediaQuery])
                                                                          Ôöé                                                      Ôöé                            Ôöé                    Ôöé      ÔööRichText(softWrap: wrapping at box width, overflow: ellipsis, maxLines: unlimited, text: "Do─şum Yeri (┼Şehir, ├£lke)", dependencies: [Directionality, _LocalizationsScope-[GlobalKey#400b7]], renderObject: RenderParagraph#aacbb relayoutBoundary=up13)
                                                                          Ôöé                                                      Ôöé                            Ôöé                    Ôö£AnimatedOpacity(duration: 167ms, opacity: 0.0, state: _AnimatedOpacityState#74feb(ticker inactive))
                                                                          Ôöé                                                      Ôöé                            Ôöé                    ÔöéÔööFadeTransition(opacity: AnimationController#5b2bc(ÔÅ« 0.000; paused; for AnimatedOpacity)ÔŞ®Cubic(0.40, 0.00, 0.20, 1.00)ÔŞ®Tween<double>(0.0 ÔåÆ 0.0)ÔŞ®0.0, renderObject: RenderAnimatedOpacity#3d062 relayoutBoundary=up11)
                                                                          Ôöé                                                      Ôöé                            Ôöé                    Ôöé ÔööText("├ûrn: Ankara, T├╝rkiye (─░ste─şe ba─şl─▒)", debugLabel: ((englishLike titleMedium 2014).merge(blackMountainView titleMedium)).merge(unknown), inherit: false, color: Color(0x99000000), family: Roboto, size: 16.0, weight: 400, baseline: alphabetic, decoration: TextDecoration.none, textAlign: start, overflow: ellipsis, maxLines: 1, dependencies: [DefaultSelectionStyle, DefaultTextStyle, MediaQuery])
                                                                          Ôöé                                                      Ôöé                            Ôöé                    Ôöé  ÔööRichText(softWrap: wrapping at box width, overflow: ellipsis, maxLines: 1, text: "├ûrn: Ankara, T├╝rkiye (─░ste─şe ba─şl─▒)", dependencies: [Directionality, _LocalizationsScope-[GlobalKey#400b7]], renderObject: RenderParagraph#65149 relayoutBoundary=up12 NEEDS-PAINT)
                                                                          Ôöé                                                      Ôöé                            Ôöé                    Ôö£_HelperError(state: _HelperErrorState#22062(ticker inactive))
                                                                          Ôöé                                                      Ôöé                            Ôöé                    ÔöéÔööSizedBox.shrink(renderObject: RenderConstrainedBox#7b529 relayoutBoundary=up11)
                                                                          Ôöé                                                      Ôöé                            Ôöé                    Ôöö_BorderContainer(dependencies: [Directionality], state: _BorderContainerState#5eae9(tickers: tracking 2 tickers))
                                                                          Ôöé                                                      Ôöé                            Ôöé                     ÔööCustomPaint(renderObject: RenderCustomPaint#08e43)
                                                                          Ôöé                                                      Ôöé                            Ôö£KeyedSubtree
                                                                          Ôöé                                                      Ôöé                            ÔöéÔööAutomaticKeepAlive(state: _AutomaticKeepAliveState#d8c29(handles: no notifications ever received))
                                                                          Ôöé                                                      Ôöé                            Ôöé ÔööKeepAlive(keepAlive: false)
                                                                          Ôöé                                                      Ôöé                            Ôöé  ÔööNotificationListener<KeepAliveNotification>
                                                                          Ôöé                                                      Ôöé                            Ôöé   Ôöö_SelectionKeepAlive(state: _SelectionKeepAliveState#4928a)
                                                                          Ôöé                                                      Ôöé                            Ôöé    ÔööIndexedSemantics(index: 7, renderObject: RenderIndexedSemantics#88279 relayoutBoundary=up3)
                                                                          Ôöé                                                      Ôöé                            Ôöé     ÔööRepaintBoundary(renderObject: RenderRepaintBoundary#001fd relayoutBoundary=up4)
                                                                          Ôöé                                                      Ôöé                            Ôöé      ÔööSizedBox(height: 10.0, renderObject: RenderConstrainedBox#daf11 relayoutBoundary=up5)
                                                                          Ôöé                                                      Ôöé                            Ôö£KeyedSubtree
                                                                          Ôöé                                                      Ôöé                            ÔöéÔööAutomaticKeepAlive(state: _AutomaticKeepAliveState#2c160(handles: no notifications ever received))
                                                                          Ôöé                                                      Ôöé                            Ôöé ÔööKeepAlive(keepAlive: false)
                                                                          Ôöé                                                      Ôöé                            Ôöé  ÔööNotificationListener<KeepAliveNotification>
                                                                          Ôöé                                                      Ôöé                            Ôöé   Ôöö_SelectionKeepAlive(state: _SelectionKeepAliveState#4b225)
                                                                          Ôöé                                                      Ôöé                            Ôöé    ÔööIndexedSemantics(index: 8, renderObject: RenderIndexedSemantics#8a01f relayoutBoundary=up3)
                                                                          Ôöé                                                      Ôöé                            Ôöé     ÔööRepaintBoundary(renderObject: RenderRepaintBoundary#4ad90 relayoutBoundary=up4)
                                                                          Ôöé                                                      Ôöé                            Ôöé      ÔööText("Do─şum yerini girerseniz, enlem ve boylam otomatik olarak doldurulmaya ├ğal─▒┼ş─▒lacakt─▒r. Dilerseniz bu alanlar─▒ manuel olarak da girebilir veya d├╝zeltebilirsiniz.", inherit: true, color: Color(0xff616161), size: 12.0, dependencies: [DefaultSelectionStyle, DefaultTextStyle, MediaQuery])
                                                                          Ôöé                                                      Ôöé                            Ôöé       ÔööRichText(softWrap: wrapping at box width, maxLines: unlimited, text: "Do─şum yerini girerseniz, enlem ve boylam otomatik olarak doldurulmaya ├ğal─▒┼ş─▒lacakt─▒r. Dilerseniz bu alanlar─▒ manuel olarak da girebilir veya d├╝zeltebilirsiniz.", dependencies: [Directionality, _LocalizationsScope-[GlobalKey#400b7]], renderObject: RenderParagraph#79a40 relayoutBoundary=up5)
                                                                          Ôöé                                                      Ôöé                            Ôö£KeyedSubtree
                                                                          Ôöé                                                      Ôöé                            ÔöéÔööAutomaticKeepAlive(state: _AutomaticKeepAliveState#afc71(handles: no notifications ever received))
                                                                          Ôöé                                                      Ôöé                            Ôöé ÔööKeepAlive(keepAlive: false)
                                                                          Ôöé                                                      Ôöé                            Ôöé  ÔööNotificationListener<KeepAliveNotification>
                                                                          Ôöé                                                      Ôöé                            Ôöé   Ôöö_SelectionKeepAlive(state: _SelectionKeepAliveState#57c0d)
                                                                          Ôöé                                                      Ôöé                            Ôöé    ÔööIndexedSemantics(index: 9, renderObject: RenderIndexedSemantics#4f7db relayoutBoundary=up3)
                                                                          Ôöé                                                      Ôöé                            Ôöé     ÔööRepaintBoundary(renderObject: RenderRepaintBoundary#cc418 relayoutBoundary=up4)
                                                                          Ôöé                                                      Ôöé                            Ôöé      ÔööSizedBox(height: 20.0, renderObject: RenderConstrainedBox#faa3b relayoutBoundary=up5)
                                                                          Ôöé                                                      Ôöé                            Ôö£KeyedSubtree
                                                                          Ôöé                                                      Ôöé                            ÔöéÔööAutomaticKeepAlive(state: _AutomaticKeepAliveState#77d8c(keeping subtree alive, handles: 1 active client))
                                                                          Ôöé                                                      Ôöé                            Ôöé ÔööKeepAlive(keepAlive: false)
                                                                          Ôöé                                                      Ôöé                            Ôöé  ÔööNotificationListener<KeepAliveNotification>
                                                                          Ôöé                                                      Ôöé                            Ôöé   Ôöö_SelectionKeepAlive(state: _SelectionKeepAliveState#36e66)
                                                                          Ôöé                                                      Ôöé                            Ôöé    ÔööIndexedSemantics(index: 10, renderObject: RenderIndexedSemantics#7ffd6 relayoutBoundary=up3)
                                                                          Ôöé                                                      Ôöé                            Ôöé     ÔööRepaintBoundary(renderObject: RenderRepaintBoundary#1218f relayoutBoundary=up4)
                                                                          Ôöé                                                      Ôöé                            Ôöé      ÔööTextFormField(dependencies: [UnmanagedRestorationScope, _FormScope, _InheritedTheme, _LocalizationsScope-[GlobalKey#400b7]], state: _TextFormFieldState#1490a)
                                                                          Ôöé                                                      Ôöé                            Ôöé       ÔööUnmanagedRestorationScope
                                                                          Ôöé                                                      Ôöé                            Ôöé        ÔööTextField(controller: TextEditingController#5c63c(TextEditingValue(text: Ôöñ95.0Ôö£, selection: TextSelection.collapsed(offset: 4, affinity: TextAffinity.downstream, isDirectional: false), composing: TextRange(start: -1, end: -1))), enabled: true, decoration: InputDecoration(labelText: "Enlem (Latitude)", hintText: "├ûrn: 39.925533", floatingLabelBehavior: FloatingLabelBehavior.auto, floatingLabelAlignment: FloatingLabelAlignment.start, alignLabelWithHint: false), keyboardType: TextInputType(name: TextInputType.number, signed: true, decimal: true), dependencies: [DefaultSelectionStyle, MediaQuery, UnmanagedRestorationScope, _InheritedTheme, _LocalizationsScope-[GlobalKey#400b7]], state: _TextFieldState#44855)
                                                                          Ôöé                                                      Ôöé                            Ôöé         ÔööMouseRegion(listeners: [enter, exit], cursor: SystemMouseCursor(text), renderObject: RenderMouseRegion#8717e relayoutBoundary=up5)
                                                                          Ôöé                                                      Ôöé                            Ôöé          ÔööTextFieldTapRegion(groupId: EditableText, renderObject: RenderTapRegion#727fa relayoutBoundary=up6)
                                                                          Ôöé                                                      Ôöé                            Ôöé           ÔööIgnorePointer(ignoring: false, renderObject: RenderIgnorePointer#e720d relayoutBoundary=up7)
                                                                          Ôöé                                                      Ôöé                            Ôöé            ÔööAnimatedBuilder(listenable: TextEditingController#5c63c(TextEditingValue(text: Ôöñ95.0Ôö£, selection: TextSelection.collapsed(offset: 4, affinity: TextAffinity.downstream, isDirectional: false), composing: TextRange(start: -1, end: -1))), state: _AnimatedState#3a33b)
                                                                          Ôöé                                                      Ôöé                            Ôöé             ÔööSemantics(container: false, properties: SemanticsProperties, tooltip: null, renderObject: RenderSemanticsAnnotations#46531 relayoutBoundary=up8)
                                                                          Ôöé                                                      Ôöé                            Ôöé              ÔööTextSelectionGestureDetector(state: _TextSelectionGestureDetectorState#89e5c)
                                                                          Ôöé                                                      Ôöé                            Ôöé               ÔööRawGestureDetector(state: RawGestureDetectorState#6b822(gestures: [tap, long press, tap and horizontal drag], excludeFromSemantics: true, behavior: translucent))
                                                                          Ôöé                                                      Ôöé                            Ôöé                ÔööListener(listeners: [down, panZoomStart], behavior: translucent, renderObject: RenderPointerListener#f3cd9 relayoutBoundary=up9)
                                                                          Ôöé                                                      Ôöé                            Ôöé                 ÔööAnimatedBuilder(listenable: Listenable.merge([FocusNode#8e23a([PRIMARY FOCUS])(context: Focus, PRIMARY FOCUS), TextEditingController#5c63c(TextEditingValue(text: Ôöñ95.0Ôö£, selection: TextSelection.collapsed(offset: 4, affinity: TextAffinity.downstream, isDirectional: false), composing: TextRange(start: -1, end: -1)))]), state: _AnimatedState#47b8c)
                                                                          Ôöé                                                      Ôöé                            Ôöé                  ÔööInputDecorator(decoration: InputDecoration(labelText: "Enlem (Latitude)", hintText: "├ûrn: 39.925533", hintMaxLines: "1", floatingLabelBehavior: FloatingLabelBehavior.auto, floatingLabelAlignment: FloatingLabelAlignment.start, alignLabelWithHint: false), isFocused: true, isEmpty: false, dependencies: [Directionality, MediaQuery, _InheritedTheme, _LocalizationsScope-[GlobalKey#400b7]], state: _InputDecoratorState#a06cc(tickers: tracking 2 tickers))
                                                                          Ôöé                                                      Ôöé                            Ôöé                   Ôöö_Decorator(dependencies: [_InheritedTheme, _LocalizationsScope-[GlobalKey#400b7]], renderObject: _RenderDecoration#b201a relayoutBoundary=up10)
                                                                          Ôöé                                                      Ôöé                            Ôöé                    Ôö£RepaintBoundary(renderObject: RenderRepaintBoundary#f179b relayoutBoundary=up11)
                                                                          Ôöé                                                      Ôöé                            Ôöé                    ÔöéÔööUnmanagedRestorationScope
                                                                          Ôöé                                                      Ôöé                            Ôöé                    Ôöé ÔööEditableText-[LabeledGlobalKey<EditableTextState>#f1451](controller: TextEditingController#5c63c(TextEditingValue(text: Ôöñ95.0Ôö£, selection: TextSelection.collapsed(offset: 4, affinity: TextAffinity.downstream, isDirectional: false), composing: TextRange(start: -1, end: -1))), focusNode: FocusNode#8e23a([PRIMARY FOCUS]), debugLabel: ((englishLike titleMedium 2014).merge(blackMountainView titleMedium)).merge(unknown), inherit: false, color: Color(0xdd000000), family: Roboto, size: 16.0, weight: 400, baseline: alphabetic, decoration: TextDecoration.none, textAlign: start, keyboardType: TextInputType(name: TextInputType.number, signed: true, decimal: true), autofillHints: [], spellCheckConfiguration:
                                                                          Ôöé                                                      Ôöé                            Ôöé                    Ôöé  Ôöé  spell check enabled   : false
                                                                          Ôöé                                                      Ôöé                            Ôöé                    Ôöé  Ôöé    spell check service   : null
                                                                          Ôöé                                                      Ôöé                            Ôöé                    Ôöé  Ôöé    misspelled text style : null
                                                                          Ôöé                                                      Ôöé                            Ôöé                    Ôöé  Ôöé    spell check suggestions toolbar builder: null
                                                                          Ôöé                                                      Ôöé                            Ôöé                    Ôöé  Ôöé, dependencies: [Directionality, MediaQuery, ScrollConfiguration, _EffectiveTickerMode, _ViewScope], state: EditableTextState#ef10a(tickers: tracking 1 ticker))
                                                                          Ôöé                                                      Ôöé                            Ôöé                    Ôöé  Ôöö_CompositionCallback(renderObject: _RenderCompositionCallback#7beba relayoutBoundary=up12)
                                                                          Ôöé                                                      Ôöé                            Ôöé                    Ôöé   ÔööTextFieldTapRegion(debugLabel: EditableText, groupId: EditableText, renderObject: RenderTapRegion#03dc6 relayoutBoundary=up13)
                                                                          Ôöé                                                      Ôöé                            Ôöé                    Ôöé    ÔööMouseRegion(listeners: <none>, cursor: defer, renderObject: RenderMouseRegion#ac54b relayoutBoundary=up14)
                                                                          Ôöé                                                      Ôöé                            Ôöé                    Ôöé     ÔööActions(dispatcher: null, actions: {DoNothingAndStopPropagationTextIntent: DoNothingAction#70440, ReplaceTextIntent: CallbackAction<ReplaceTextIntent>#4ad99, UpdateSelectionIntent: CallbackAction<UpdateSelectionIntent>#80873, DirectionalFocusIntent: DirectionalFocusAction#eafc4, DismissIntent: CallbackAction<DismissIntent>#1771d, DeleteCharacterIntent: _OverridableContextAction<DeleteCharacterIntent>#e7aee(defaultAction: _DeleteTextAction<DeleteCharacterIntent>#3558f), DeleteToNextWordBoundaryIntent: _OverridableContextAction<DeleteToNextWordBoundaryIntent>#eb4a3(defaultAction: _DeleteTextAction<DeleteToNextWordBoundaryIntent>#ad7b6), DeleteToLineBreakIntent: _OverridableContextAction<DeleteToLineBreakIntent>#0a852(defaultAction: _DeleteTextAction<DeleteToLineBreakIntent>#a0a82), ExtendSelectionByCharacterIntent: _OverridableContextAction<ExtendSelectionByCharacterIntent>#236fb(defaultAction: _UpdateTextSelectionAction<ExtendSelectionByCharacterIntent>#98361), ExtendSelectionByPageIntent: _OverridableAction<ExtendSelectionByPageIntent>#e1876(defaultAction: CallbackAction<ExtendSelectionByPageIntent>#45a7b), ExtendSelectionToNextWordBoundaryIntent: _OverridableContextAction<ExtendSelectionToNextWordBoundaryIntent>#7f43f(defaultAction: _UpdateTextSelectionAction<ExtendSelectionToNextWordBoundaryIntent>#16b2f), ExtendSelectionToNextParagraphBoundaryIntent: _OverridableContextAction<ExtendSelectionToNextParagraphBoundaryIntent>#029fe(defaultAction: _UpdateTextSelectionAction<ExtendSelectionToNextParagraphBoundaryIntent>#4f960), ExtendSelectionToLineBreakIntent: _OverridableContextAction<ExtendSelectionToLineBreakIntent>#c1b36(defaultAction: _UpdateTextSelectionAction<ExtendSelectionToLineBreakIntent>#f9518), ExtendSelectionVerticallyToAdjacentLineIntent: _OverridableContextAction<DirectionalCaretMovementIntent>#c598a(defaultAction: _UpdateTextSelectionVerticallyAction<DirectionalCaretMovementIntent>#ad677), ExtendSelectionVerticallyToAdjacentPageIntent: _OverridableContextAction<DirectionalCaretMovementIntent>#f7235(defaultAction: _UpdateTextSelectionVerticallyAction<DirectionalCaretMovementIntent>#ad677), ExtendSelectionToNextParagraphBoundaryOrCaretLocationIntent: _OverridableContextAction<ExtendSelectionToNextParagraphBoundaryOrCaretLocationIntent>#2af33(defaultAction: _UpdateTextSelectionAction<ExtendSelectionToNextParagraphBoundaryOrCaretLocationIntent>#51b85), ExtendSelectionToDocumentBoundaryIntent: _OverridableContextAction<ExtendSelectionToDocumentBoundaryIntent>#23012(defaultAction: _UpdateTextSelectionAction<ExtendSelectionToDocumentBoundaryIntent>#46dfe), ExtendSelectionToNextWordBoundaryOrCaretLocationIntent: _OverridableContextAction<ExtendSelectionToNextWordBoundaryOrCaretLocationIntent>#42a2d(defaultAction: _UpdateTextSelectionAction<ExtendSelectionToNextWordBoundaryOrCaretLocationIntent>#f0e0e), ScrollToDocumentBoundaryIntent: _OverridableAction<ScrollToDocumentBoundaryIntent>#37a69(defaultAction: CallbackAction<ScrollToDocumentBoundaryIntent>#29d71), ScrollIntent: CallbackAction<ScrollIntent>#9e4a0, ExpandSelectionToLineBreakIntent: _OverridableContextAction<ExpandSelectionToLineBreakIntent>#34763(defaultAction: _UpdateTextSelectionAction<ExpandSelectionToLineBreakIntent>#dea29), ExpandSelectionToDocumentBoundaryIntent: _OverridableContextAction<ExpandSelectionToDocumentBoundaryIntent>#f2d18(defaultAction: _UpdateTextSelectionAction<ExpandSelectionToDocumentBoundaryIntent>#63f75), SelectAllTextIntent: _OverridableContextAction<SelectAllTextIntent>#1ca81(defaultAction: _SelectAllAction#07965), CopySelectionTextIntent: _OverridableContextAction<CopySelectionTextIntent>#dbb8d(defaultAction: _CopySelectionAction#f3dd9), PasteTextIntent: _OverridableAction<PasteTextIntent>#ed547(defaultAction: CallbackAction<PasteTextIntent>#89009), TransposeCharactersIntent: _OverridableAction<TransposeCharactersIntent>#3f792(defaultAction: CallbackAction<TransposeCharactersIntent>#c703b)}, state: _ActionsState#650bb)
                                                                          Ôöé                                                      Ôöé                            Ôöé                    Ôöé      Ôöö_ActionsScope
                                                                          Ôöé                                                      Ôöé                            Ôöé                    Ôöé       ÔööUndoHistory<TextEditingValue>(state: UndoHistoryState<TextEditingValue>#53d2e)
                                                                          Ôöé                                                      Ôöé                            Ôöé                    Ôöé        ÔööActions(dispatcher: null, actions: {UndoTextIntent: _OverridableAction<UndoTextIntent>#8e1ad(defaultAction: CallbackAction<UndoTextIntent>#da60f), RedoTextIntent: _OverridableAction<RedoTextIntent>#269f1(defaultAction: CallbackAction<RedoTextIntent>#ae390)}, state: _ActionsState#67670)
                                                                          Ôöé                                                      Ôöé                            Ôöé                    Ôöé         Ôöö_ActionsScope
                                                                          Ôöé                                                      Ôöé                            Ôöé                    Ôöé          ÔööFocus(debugLabel: "EditableText", focusNode: FocusNode#8e23a([PRIMARY FOCUS]), dependencies: [_FocusInheritedScope], state: _FocusState#917ad)
                                                                          Ôöé                                                      Ôöé                            Ôöé                    Ôöé           Ôöö_FocusInheritedScope
                                                                          Ôöé                                                      Ôöé                            Ôöé                    Ôöé            ÔööScrollable-[GlobalKey#30090](axisDirection: right, physics: null, restorationId: "editable", dependencies: [MediaQuery, UnmanagedRestorationScope, _InheritedTheme, _LocalizationsScope-[GlobalKey#400b7]], state: ScrollableState#4ad33(position: ScrollPositionWithSingleContext#f197d(offset: 0.0, range: 0.0..0.0, viewport: 768.0, ScrollableState, ClampingScrollPhysics -> RangeMaintainingScrollPhysics -> ClampingScrollPhysics -> RangeMaintainingScrollPhysics, IdleScrollActivity#90dff, ScrollDirection.idle), effective physics: ClampingScrollPhysics -> RangeMaintainingScrollPhysics -> ClampingScrollPhysics -> RangeMaintainingScrollPhysics))
                                                                          Ôöé                                                      Ôöé                            Ôöé                    Ôöé             Ôöö_ScrollableScope
                                                                          Ôöé                                                      Ôöé                            Ôöé                    Ôöé              ÔööListener(listeners: [signal], behavior: deferToChild, renderObject: RenderPointerListener#911d5 relayoutBoundary=up15)
                                                                          Ôöé                                                      Ôöé                            Ôöé                    Ôöé               ÔööRawGestureDetector-[LabeledGlobalKey<RawGestureDetectorState>#7faeb](state: RawGestureDetectorState#92cf5(gestures: <none>, excludeFromSemantics: true, behavior: opaque))
                                                                          Ôöé                                                      Ôöé                            Ôöé                    Ôöé                ÔööListener(listeners: [down, panZoomStart], behavior: opaque, renderObject: RenderPointerListener#6a615 relayoutBoundary=up16)
                                                                          Ôöé                                                      Ôöé                            Ôöé                    Ôöé                 ÔööSemantics(container: false, properties: SemanticsProperties, tooltip: null, renderObject: RenderSemanticsAnnotations#6e7ea relayoutBoundary=up17)
                                                                          Ôöé                                                      Ôöé                            Ôöé                    Ôöé                  ÔööIgnorePointer-[GlobalKey#a3a9a](ignoring: false, ignoringSemantics: false, renderObject: RenderIgnorePointer#7c48e relayoutBoundary=up18)
                                                                          Ôöé                                                      Ôöé                            Ôöé                    Ôöé                   ÔööCompositedTransformTarget(renderObject: RenderLeaderLayer#b4a79 relayoutBoundary=up19)
                                                                          Ôöé                                                      Ôöé                            Ôöé                    Ôöé                    ÔööSemantics(container: false, properties: SemanticsProperties, tooltip: null, renderObject: RenderSemanticsAnnotations#10259 relayoutBoundary=up20)
                                                                          Ôöé                                                      Ôöé                            Ôöé                    Ôöé                     Ôöö_ScribbleFocusable(state: _ScribbleFocusableState#3f7b1)
                                                                          Ôöé                                                      Ôöé                            Ôöé                    Ôöé                      Ôöö_Editable-[GlobalKey#53a10](dependencies: [_LocalizationsScope-[GlobalKey#400b7]], renderObject: RenderEditable#da259 relayoutBoundary=up21)
                                                                          Ôöé                                                      Ôöé                            Ôöé                    Ôö£_Shaker(listenable: AnimationController#d8475(ÔÅ« 0.000; paused), state: _AnimatedState#9c89b)
                                                                          Ôöé                                                      Ôöé                            Ôöé                    ÔöéÔööTransform(dependencies: [Directionality], renderObject: RenderTransform#0e8f9 relayoutBoundary=up11)
                                                                          Ôöé                                                      Ôöé                            Ôöé                    Ôöé ÔööAnimatedOpacity(duration: 167ms, opacity: 1.0, state: _AnimatedOpacityState#9ca8c(ticker inactive))
                                                                          Ôöé                                                      Ôöé                            Ôöé                    Ôöé  ÔööFadeTransition(opacity: AnimationController#b676b(ÔÅ« 0.000; paused; for AnimatedOpacity)ÔŞ®Cubic(0.40, 0.00, 0.20, 1.00)ÔŞ®Tween<double>(1.0 ÔåÆ 1.0)ÔŞ®1.0, renderObject: RenderAnimatedOpacity#1f8d1 relayoutBoundary=up12)
                                                                          Ôöé                                                      Ôöé                            Ôöé                    Ôöé   ÔööAnimatedDefaultTextStyle(duration: 167ms, debugLabel: (((englishLike titleMedium 2014).merge(blackMountainView titleMedium)).copyWith).merge(unknown), inherit: false, color: MaterialColor(primary value: Color(0xff2196f3)), family: Roboto, size: 16.0, weight: 400, baseline: alphabetic, height: 1.0x, decoration: TextDecoration.none, softWrap: wrapping at box width, overflow: clip, state: _AnimatedDefaultTextStyleState#ec525(ticker active))
                                                                          Ôöé                                                      Ôöé                            Ôöé                    Ôöé    ÔööDefaultTextStyle(debugLabel: (((englishLike titleMedium 2014).merge(blackMountainView titleMedium)).merge(unknown)).copyWith, inherit: false, color: Color(0x99000000), family: Roboto, size: 16.0, weight: 400, baseline: alphabetic, height: 1.0x, decoration: TextDecoration.none, softWrap: wrapping at box width, overflow: clip)
                                                                          Ôöé                                                      Ôöé                            Ôöé                    Ôöé     ÔööText("Enlem (Latitude)", textAlign: start, overflow: ellipsis, dependencies: [DefaultSelectionStyle, DefaultTextStyle, MediaQuery])
                                                                          Ôöé                                                      Ôöé                            Ôöé                    Ôöé      ÔööRichText(softWrap: wrapping at box width, overflow: ellipsis, maxLines: unlimited, text: "Enlem (Latitude)", dependencies: [Directionality, _LocalizationsScope-[GlobalKey#400b7]], renderObject: RenderParagraph#554e5 relayoutBoundary=up13)
                                                                          Ôöé                                                      Ôöé                            Ôöé                    Ôö£AnimatedOpacity(duration: 167ms, opacity: 0.0, state: _AnimatedOpacityState#24026(ticker active))
                                                                          Ôöé                                                      Ôöé                            Ôöé                    ÔöéÔööFadeTransition(opacity: AnimationController#b9244(ÔûÂ 0.000; for AnimatedOpacity)ÔŞ®Cubic(0.40, 0.00, 0.20, 1.00)ÔŞ®Tween<double>(0.0 ÔåÆ 0.0)ÔŞ®0.0, renderObject: RenderAnimatedOpacity#80026 relayoutBoundary=up11)
                                                                          Ôöé                                                      Ôöé                            Ôöé                    Ôöé ÔööText("├ûrn: 39.925533", debugLabel: ((englishLike titleMedium 2014).merge(blackMountainView titleMedium)).merge(unknown), inherit: false, color: Color(0x99000000), family: Roboto, size: 16.0, weight: 400, baseline: alphabetic, decoration: TextDecoration.none, textAlign: start, overflow: ellipsis, maxLines: 1, dependencies: [DefaultSelectionStyle, DefaultTextStyle, MediaQuery])
                                                                          Ôöé                                                      Ôöé                            Ôöé                    Ôöé  ÔööRichText(softWrap: wrapping at box width, overflow: ellipsis, maxLines: 1, text: "├ûrn: 39.925533", dependencies: [Directionality, _LocalizationsScope-[GlobalKey#400b7]], renderObject: RenderParagraph#cf0c1 relayoutBoundary=up12 NEEDS-PAINT)
                                                                          Ôöé                                                      Ôöé                            Ôöé                    Ôö£_HelperError(state: _HelperErrorState#a08a0(ticker inactive))
                                                                          Ôöé                                                      Ôöé                            Ôöé                    ÔöéÔööSizedBox.shrink(renderObject: RenderConstrainedBox#32ea4 relayoutBoundary=up11)
                                                                          Ôöé                                                      Ôöé                            Ôöé                    Ôöö_BorderContainer(dependencies: [Directionality], state: _BorderContainerState#26f4b(tickers: tracking 2 tickers))
                                                                          Ôöé                                                      Ôöé                            Ôöé                     ÔööCustomPaint(renderObject: RenderCustomPaint#e3257)
                                                                          Ôöé                                                      Ôöé                            Ôö£KeyedSubtree
                                                                          Ôöé                                                      Ôöé                            ÔöéÔööAutomaticKeepAlive(state: _AutomaticKeepAliveState#3a520(handles: no notifications ever received))
                                                                          Ôöé                                                      Ôöé                            Ôöé ÔööKeepAlive(keepAlive: false)
                                                                          Ôöé                                                      Ôöé                            Ôöé  ÔööNotificationListener<KeepAliveNotification>
                                                                          Ôöé                                                      Ôöé                            Ôöé   Ôöö_SelectionKeepAlive(state: _SelectionKeepAliveState#ce830)
                                                                          Ôöé                                                      Ôöé                            Ôöé    ÔööIndexedSemantics(index: 11, renderObject: RenderIndexedSemantics#06edf relayoutBoundary=up3)
                                                                          Ôöé                                                      Ôöé                            Ôöé     ÔööRepaintBoundary(renderObject: RenderRepaintBoundary#1c449 relayoutBoundary=up4)
                                                                          Ôöé                                                      Ôöé                            Ôöé      ÔööSizedBox(height: 20.0, renderObject: RenderConstrainedBox#8e183 relayoutBoundary=up5)
                                                                          Ôöé                                                      Ôöé                            Ôö£KeyedSubtree
                                                                          Ôöé                                                      Ôöé                            ÔöéÔööAutomaticKeepAlive(state: _AutomaticKeepAliveState#5a47d(handles: no notifications ever received))
                                                                          Ôöé                                                      Ôöé                            Ôöé ÔööKeepAlive(keepAlive: false)
                                                                          Ôöé                                                      Ôöé                            Ôöé  ÔööNotificationListener<KeepAliveNotification>
                                                                          Ôöé                                                      Ôöé                            Ôöé   Ôöö_SelectionKeepAlive(state: _SelectionKeepAliveState#18702)
                                                                          Ôöé                                                      Ôöé                            Ôöé    ÔööIndexedSemantics(index: 12, renderObject: RenderIndexedSemantics#a8ec8 relayoutBoundary=up3)
                                                                          Ôöé                                                      Ôöé                            Ôöé     ÔööRepaintBoundary(renderObject: RenderRepaintBoundary#f60e3 relayoutBoundary=up4)
                                                                          Ôöé                                                      Ôöé                            Ôöé      ÔööTextFormField(dependencies: [UnmanagedRestorationScope, _FormScope, _InheritedTheme, _LocalizationsScope-[GlobalKey#400b7]], state: _TextFormFieldState#50d99)
                                                                          Ôöé                                                      Ôöé                            Ôöé       ÔööUnmanagedRestorationScope
                                                                          Ôöé                                                      Ôöé                            Ôöé        ÔööTextField(controller: TextEditingController#373cf(TextEditingValue(text: ÔöñÔö£, selection: TextSelection.invalid, composing: TextRange(start: -1, end: -1))), enabled: true, decoration: InputDecoration(labelText: "Boylam (Longitude)", hintText: "├ûrn: 32.866287", floatingLabelBehavior: FloatingLabelBehavior.auto, floatingLabelAlignment: FloatingLabelAlignment.start, alignLabelWithHint: false), keyboardType: TextInputType(name: TextInputType.number, signed: true, decimal: true), dependencies: [DefaultSelectionStyle, MediaQuery, UnmanagedRestorationScope, _InheritedTheme, _LocalizationsScope-[GlobalKey#400b7]], state: _TextFieldState#d692f)
                                                                          Ôöé                                                      Ôöé                            Ôöé         ÔööMouseRegion(listeners: [enter, exit], cursor: SystemMouseCursor(text), renderObject: RenderMouseRegion#b38d0 relayoutBoundary=up5)
                                                                          Ôöé                                                      Ôöé                            Ôöé          ÔööTextFieldTapRegion(groupId: EditableText, renderObject: RenderTapRegion#d745f relayoutBoundary=up6)
                                                                          Ôöé                                                      Ôöé                            Ôöé           ÔööIgnorePointer(ignoring: false, renderObject: RenderIgnorePointer#eeee8 relayoutBoundary=up7)
                                                                          Ôöé                                                      Ôöé                            Ôöé            ÔööAnimatedBuilder(listenable: TextEditingController#373cf(TextEditingValue(text: ÔöñÔö£, selection: TextSelection.invalid, composing: TextRange(start: -1, end: -1))), state: _AnimatedState#d42b3)
                                                                          Ôöé                                                      Ôöé                            Ôöé             ÔööSemantics(container: false, properties: SemanticsProperties, tooltip: null, renderObject: RenderSemanticsAnnotations#e882b relayoutBoundary=up8)
                                                                          Ôöé                                                      Ôöé                            Ôöé              ÔööTextSelectionGestureDetector(state: _TextSelectionGestureDetectorState#8678d)
                                                                          Ôöé                                                      Ôöé                            Ôöé               ÔööRawGestureDetector(state: RawGestureDetectorState#eb2aa(gestures: [tap, long press, tap and horizontal drag], excludeFromSemantics: true, behavior: translucent))
                                                                          Ôöé                                                      Ôöé                            Ôöé                ÔööListener(listeners: [down, panZoomStart], behavior: translucent, renderObject: RenderPointerListener#4d1db relayoutBoundary=up9)
                                                                          Ôöé                                                      Ôöé                            Ôöé                 ÔööAnimatedBuilder(listenable: Listenable.merge([FocusNode#b9af9(context: Focus), TextEditingController#373cf(TextEditingValue(text: ÔöñÔö£, selection: TextSelection.invalid, composing: TextRange(start: -1, end: -1)))]), state: _AnimatedState#97e71)
                                                                          Ôöé                                                      Ôöé                            Ôöé                  ÔööInputDecorator(decoration: InputDecoration(labelText: "Boylam (Longitude)", hintText: "├ûrn: 32.866287", hintMaxLines: "1", floatingLabelBehavior: FloatingLabelBehavior.auto, floatingLabelAlignment: FloatingLabelAlignment.start, alignLabelWithHint: false), isFocused: false, isEmpty: true, dependencies: [Directionality, MediaQuery, _InheritedTheme, _LocalizationsScope-[GlobalKey#400b7]], state: _InputDecoratorState#4d99a(tickers: tracking 2 tickers))
                                                                          Ôöé                                                      Ôöé                            Ôöé                   Ôöö_Decorator(dependencies: [_InheritedTheme, _LocalizationsScope-[GlobalKey#400b7]], renderObject: _RenderDecoration#fa36c relayoutBoundary=up10)
                                                                          Ôöé                                                      Ôöé                            Ôöé                    Ôö£RepaintBoundary(renderObject: RenderRepaintBoundary#26617 relayoutBoundary=up11)
                                                                          Ôöé                                                      Ôöé                            Ôöé                    ÔöéÔööUnmanagedRestorationScope
                                                                          Ôöé                                                      Ôöé                            Ôöé                    Ôöé ÔööEditableText-[LabeledGlobalKey<EditableTextState>#f3fcc](controller: TextEditingController#373cf(TextEditingValue(text: ÔöñÔö£, selection: TextSelection.invalid, composing: TextRange(start: -1, end: -1))), focusNode: FocusNode#b9af9, debugLabel: ((englishLike titleMedium 2014).merge(blackMountainView titleMedium)).merge(unknown), inherit: false, color: Color(0xdd000000), family: Roboto, size: 16.0, weight: 400, baseline: alphabetic, decoration: TextDecoration.none, textAlign: start, keyboardType: TextInputType(name: TextInputType.number, signed: true, decimal: true), autofillHints: [], spellCheckConfiguration:
                                                                          Ôöé                                                      Ôöé                            Ôöé                    Ôöé  Ôöé  spell check enabled   : false
                                                                          Ôöé                                                      Ôöé                            Ôöé                    Ôöé  Ôöé    spell check service   : null
                                                                          Ôöé                                                      Ôöé                            Ôöé                    Ôöé  Ôöé    misspelled text style : null
                                                                          Ôöé                                                      Ôöé                            Ôöé                    Ôöé  Ôöé    spell check suggestions toolbar builder: null
                                                                          Ôöé                                                      Ôöé                            Ôöé                    Ôöé  Ôöé, dependencies: [Directionality, MediaQuery, ScrollConfiguration, _EffectiveTickerMode], state: EditableTextState#78a8f(tickers: tracking 1 ticker))
                                                                          Ôöé                                                      Ôöé                            Ôöé                    Ôöé  Ôöö_CompositionCallback(renderObject: _RenderCompositionCallback#44c32 relayoutBoundary=up12)
                                                                          Ôöé                                                      Ôöé                            Ôöé                    Ôöé   ÔööTextFieldTapRegion(debugLabel: EditableText, groupId: EditableText, renderObject: RenderTapRegion#c42c2 relayoutBoundary=up13)
                                                                          Ôöé                                                      Ôöé                            Ôöé                    Ôöé    ÔööMouseRegion(listeners: <none>, cursor: defer, renderObject: RenderMouseRegion#100c1 relayoutBoundary=up14)
                                                                          Ôöé                                                      Ôöé                            Ôöé                    Ôöé     ÔööActions(dispatcher: null, actions: {DoNothingAndStopPropagationTextIntent: DoNothingAction#02e6f, ReplaceTextIntent: CallbackAction<ReplaceTextIntent>#e1ca7, UpdateSelectionIntent: CallbackAction<UpdateSelectionIntent>#8265d, DirectionalFocusIntent: DirectionalFocusAction#2d372, DismissIntent: CallbackAction<DismissIntent>#73633, DeleteCharacterIntent: _OverridableContextAction<DeleteCharacterIntent>#2a589(defaultAction: _DeleteTextAction<DeleteCharacterIntent>#8ca11), DeleteToNextWordBoundaryIntent: _OverridableContextAction<DeleteToNextWordBoundaryIntent>#58f95(defaultAction: _DeleteTextAction<DeleteToNextWordBoundaryIntent>#6e5be), DeleteToLineBreakIntent: _OverridableContextAction<DeleteToLineBreakIntent>#dd7f0(defaultAction: _DeleteTextAction<DeleteToLineBreakIntent>#b9ccb), ExtendSelectionByCharacterIntent: _OverridableContextAction<ExtendSelectionByCharacterIntent>#6bf71(defaultAction: _UpdateTextSelectionAction<ExtendSelectionByCharacterIntent>#728b7), ExtendSelectionByPageIntent: _OverridableAction<ExtendSelectionByPageIntent>#18ccb(defaultAction: CallbackAction<ExtendSelectionByPageIntent>#6cfad), ExtendSelectionToNextWordBoundaryIntent: _OverridableContextAction<ExtendSelectionToNextWordBoundaryIntent>#6f38e(defaultAction: _UpdateTextSelectionAction<ExtendSelectionToNextWordBoundaryIntent>#8243a), ExtendSelectionToNextParagraphBoundaryIntent: _OverridableContextAction<ExtendSelectionToNextParagraphBoundaryIntent>#cb80b(defaultAction: _UpdateTextSelectionAction<ExtendSelectionToNextParagraphBoundaryIntent>#be349), ExtendSelectionToLineBreakIntent: _OverridableContextAction<ExtendSelectionToLineBreakIntent>#6fbd3(defaultAction: _UpdateTextSelectionAction<ExtendSelectionToLineBreakIntent>#c4b10), ExtendSelectionVerticallyToAdjacentLineIntent: _OverridableContextAction<DirectionalCaretMovementIntent>#0b07b(defaultAction: _UpdateTextSelectionVerticallyAction<DirectionalCaretMovementIntent>#fe09b), ExtendSelectionVerticallyToAdjacentPageIntent: _OverridableContextAction<DirectionalCaretMovementIntent>#78d7d(defaultAction: _UpdateTextSelectionVerticallyAction<DirectionalCaretMovementIntent>#fe09b), ExtendSelectionToNextParagraphBoundaryOrCaretLocationIntent: _OverridableContextAction<ExtendSelectionToNextParagraphBoundaryOrCaretLocationIntent>#caf21(defaultAction: _UpdateTextSelectionAction<ExtendSelectionToNextParagraphBoundaryOrCaretLocationIntent>#95d70), ExtendSelectionToDocumentBoundaryIntent: _OverridableContextAction<ExtendSelectionToDocumentBoundaryIntent>#6ffd6(defaultAction: _UpdateTextSelectionAction<ExtendSelectionToDocumentBoundaryIntent>#d8407), ExtendSelectionToNextWordBoundaryOrCaretLocationIntent: _OverridableContextAction<ExtendSelectionToNextWordBoundaryOrCaretLocationIntent>#9bce8(defaultAction: _UpdateTextSelectionAction<ExtendSelectionToNextWordBoundaryOrCaretLocationIntent>#f40fa), ScrollToDocumentBoundaryIntent: _OverridableAction<ScrollToDocumentBoundaryIntent>#d1b72(defaultAction: CallbackAction<ScrollToDocumentBoundaryIntent>#003df), ScrollIntent: CallbackAction<ScrollIntent>#e22ea, ExpandSelectionToLineBreakIntent: _OverridableContextAction<ExpandSelectionToLineBreakIntent>#976a1(defaultAction: _UpdateTextSelectionAction<ExpandSelectionToLineBreakIntent>#d836e), ExpandSelectionToDocumentBoundaryIntent: _OverridableContextAction<ExpandSelectionToDocumentBoundaryIntent>#8111d(defaultAction: _UpdateTextSelectionAction<ExpandSelectionToDocumentBoundaryIntent>#c5a81), SelectAllTextIntent: _OverridableContextAction<SelectAllTextIntent>#d82f1(defaultAction: _SelectAllAction#c9a0a), CopySelectionTextIntent: _OverridableContextAction<CopySelectionTextIntent>#6d5cf(defaultAction: _CopySelectionAction#53030), PasteTextIntent: _OverridableAction<PasteTextIntent>#7b647(defaultAction: CallbackAction<PasteTextIntent>#c9b35), TransposeCharactersIntent: _OverridableAction<TransposeCharactersIntent>#44690(defaultAction: CallbackAction<TransposeCharactersIntent>#201fc)}, state: _ActionsState#3dff2)
                                                                          Ôöé                                                      Ôöé                            Ôöé                    Ôöé      Ôöö_ActionsScope
                                                                          Ôöé                                                      Ôöé                            Ôöé                    Ôöé       ÔööUndoHistory<TextEditingValue>(state: UndoHistoryState<TextEditingValue>#bcb37)
                                                                          Ôöé                                                      Ôöé                            Ôöé                    Ôöé        ÔööActions(dispatcher: null, actions: {UndoTextIntent: _OverridableAction<UndoTextIntent>#46642(defaultAction: CallbackAction<UndoTextIntent>#1ae2e), RedoTextIntent: _OverridableAction<RedoTextIntent>#2364a(defaultAction: CallbackAction<RedoTextIntent>#3e286)}, state: _ActionsState#a9be0)
                                                                          Ôöé                                                      Ôöé                            Ôöé                    Ôöé         Ôöö_ActionsScope
                                                                          Ôöé                                                      Ôöé                            Ôöé                    Ôöé          ÔööFocus(debugLabel: "EditableText", focusNode: FocusNode#b9af9, dependencies: [_FocusInheritedScope], state: _FocusState#59bf7)
                                                                          Ôöé                                                      Ôöé                            Ôöé                    Ôöé           Ôöö_FocusInheritedScope
                                                                          Ôöé                                                      Ôöé                            Ôöé                    Ôöé            ÔööScrollable-[GlobalKey#fc6f2](axisDirection: right, physics: null, restorationId: "editable", dependencies: [MediaQuery, UnmanagedRestorationScope, _InheritedTheme, _LocalizationsScope-[GlobalKey#400b7]], state: ScrollableState#3f437(position: ScrollPositionWithSingleContext#84ff0(offset: 0.0, range: 0.0..0.0, viewport: 768.0, ScrollableState, ClampingScrollPhysics -> RangeMaintainingScrollPhysics -> ClampingScrollPhysics -> RangeMaintainingScrollPhysics, IdleScrollActivity#4f562, ScrollDirection.idle), effective physics: ClampingScrollPhysics -> RangeMaintainingScrollPhysics -> ClampingScrollPhysics -> RangeMaintainingScrollPhysics))
                                                                          Ôöé                                                      Ôöé                            Ôöé                    Ôöé             Ôöö_ScrollableScope
                                                                          Ôöé                                                      Ôöé                            Ôöé                    Ôöé              ÔööListener(listeners: [signal], behavior: deferToChild, renderObject: RenderPointerListener#d8bb8 relayoutBoundary=up15)
                                                                          Ôöé                                                      Ôöé                            Ôöé                    Ôöé               ÔööRawGestureDetector-[LabeledGlobalKey<RawGestureDetectorState>#0293c](state: RawGestureDetectorState#ceee1(gestures: <none>, excludeFromSemantics: true, behavior: opaque))
                                                                          Ôöé                                                      Ôöé                            Ôöé                    Ôöé                ÔööListener(listeners: [down, panZoomStart], behavior: opaque, renderObject: RenderPointerListener#e9658 relayoutBoundary=up16)
                                                                          Ôöé                                                      Ôöé                            Ôöé                    Ôöé                 ÔööSemantics(container: false, properties: SemanticsProperties, tooltip: null, renderObject: RenderSemanticsAnnotations#2b313 relayoutBoundary=up17)
                                                                          Ôöé                                                      Ôöé                            Ôöé                    Ôöé                  ÔööIgnorePointer-[GlobalKey#4d223](ignoring: false, ignoringSemantics: false, renderObject: RenderIgnorePointer#f8d99 relayoutBoundary=up18)
                                                                          Ôöé                                                      Ôöé                            Ôöé                    Ôöé                   ÔööCompositedTransformTarget(renderObject: RenderLeaderLayer#27ff3 relayoutBoundary=up19)
                                                                          Ôöé                                                      Ôöé                            Ôöé                    Ôöé                    ÔööSemantics(container: false, properties: SemanticsProperties, tooltip: null, renderObject: RenderSemanticsAnnotations#3e8a8 relayoutBoundary=up20)
                                                                          Ôöé                                                      Ôöé                            Ôöé                    Ôöé                     Ôöö_ScribbleFocusable(state: _ScribbleFocusableState#4953e)
                                                                          Ôöé                                                      Ôöé                            Ôöé                    Ôöé                      Ôöö_Editable-[GlobalKey#294c0](dependencies: [_LocalizationsScope-[GlobalKey#400b7]], renderObject: RenderEditable#2dfec relayoutBoundary=up21)
                                                                          Ôöé                                                      Ôöé                            Ôöé                    Ôö£_Shaker(listenable: AnimationController#925f1(ÔÅ« 0.000; paused), state: _AnimatedState#a13f2)
                                                                          Ôöé                                                      Ôöé                            Ôöé                    ÔöéÔööTransform(dependencies: [Directionality], renderObject: RenderTransform#a2ad2 relayoutBoundary=up11)
                                                                          Ôöé                                                      Ôöé                            Ôöé                    Ôöé ÔööAnimatedOpacity(duration: 167ms, opacity: 1.0, state: _AnimatedOpacityState#127e1(ticker inactive))
                                                                          Ôöé                                                      Ôöé                            Ôöé                    Ôöé  ÔööFadeTransition(opacity: AnimationController#4a384(ÔÅ« 0.000; paused; for AnimatedOpacity)ÔŞ®Cubic(0.40, 0.00, 0.20, 1.00)ÔŞ®Tween<double>(1.0 ÔåÆ 1.0)ÔŞ®1.0, renderObject: RenderAnimatedOpacity#6562d relayoutBoundary=up12)
                                                                          Ôöé                                                      Ôöé                            Ôöé                    Ôöé   ÔööAnimatedDefaultTextStyle(duration: 167ms, debugLabel: (((englishLike titleMedium 2014).merge(blackMountainView titleMedium)).merge(unknown)).copyWith, inherit: false, color: Color(0x99000000), family: Roboto, size: 16.0, weight: 400, baseline: alphabetic, height: 1.0x, decoration: TextDecoration.none, softWrap: wrapping at box width, overflow: clip, state: _AnimatedDefaultTextStyleState#a5626(ticker inactive))
                                                                          Ôöé                                                      Ôöé                            Ôöé                    Ôöé    ÔööDefaultTextStyle(debugLabel: (((englishLike titleMedium 2014).merge(blackMountainView titleMedium)).merge(unknown)).copyWith, inherit: false, color: Color(0x99000000), family: Roboto, size: 16.0, weight: 400, baseline: alphabetic, height: 1.0x, decoration: TextDecoration.none, softWrap: wrapping at box width, overflow: clip)
                                                                          Ôöé                                                      Ôöé                            Ôöé                    Ôöé     ÔööText("Boylam (Longitude)", textAlign: start, overflow: ellipsis, dependencies: [DefaultSelectionStyle, DefaultTextStyle, MediaQuery])
                                                                          Ôöé                                                      Ôöé                            Ôöé                    Ôöé      ÔööRichText(softWrap: wrapping at box width, overflow: ellipsis, maxLines: unlimited, text: "Boylam (Longitude)", dependencies: [Directionality, _LocalizationsScope-[GlobalKey#400b7]], renderObject: RenderParagraph#162da relayoutBoundary=up13)
                                                                          Ôöé                                                      Ôöé                            Ôöé                    Ôö£AnimatedOpacity(duration: 167ms, opacity: 0.0, state: _AnimatedOpacityState#59aad(ticker inactive))
                                                                          Ôöé                                                      Ôöé                            Ôöé                    ÔöéÔööFadeTransition(opacity: AnimationController#09a42(ÔÅ« 0.000; paused; for AnimatedOpacity)ÔŞ®Cubic(0.40, 0.00, 0.20, 1.00)ÔŞ®Tween<double>(0.0 ÔåÆ 0.0)ÔŞ®0.0, renderObject: RenderAnimatedOpacity#29e5f relayoutBoundary=up11)
                                                                          Ôöé                                                      Ôöé                            Ôöé                    Ôöé ÔööText("├ûrn: 32.866287", debugLabel: ((englishLike titleMedium 2014).merge(blackMountainView titleMedium)).merge(unknown), inherit: false, color: Color(0x99000000), family: Roboto, size: 16.0, weight: 400, baseline: alphabetic, decoration: TextDecoration.none, textAlign: start, overflow: ellipsis, maxLines: 1, dependencies: [DefaultSelectionStyle, DefaultTextStyle, MediaQuery])
                                                                          Ôöé                                                      Ôöé                            Ôöé                    Ôöé  ÔööRichText(softWrap: wrapping at box width, overflow: ellipsis, maxLines: 1, text: "├ûrn: 32.866287", dependencies: [Directionality, _LocalizationsScope-[GlobalKey#400b7]], renderObject: RenderParagraph#3a117 relayoutBoundary=up12 NEEDS-PAINT)
                                                                          Ôöé                                                      Ôöé                            Ôöé                    Ôö£_HelperError(state: _HelperErrorState#e2b25(ticker inactive))
                                                                          Ôöé                                                      Ôöé                            Ôöé                    ÔöéÔööSizedBox.shrink(renderObject: RenderConstrainedBox#5f9f2 relayoutBoundary=up11)
                                                                          Ôöé                                                      Ôöé                            Ôöé                    Ôöö_BorderContainer(dependencies: [Directionality], state: _BorderContainerState#a64eb(tickers: tracking 2 tickers))
                                                                          Ôöé                                                      Ôöé                            Ôöé                     ÔööCustomPaint(renderObject: RenderCustomPaint#add39)
                                                                          Ôöé                                                      Ôöé                            Ôö£KeyedSubtree
                                                                          Ôöé                                                      Ôöé                            ÔöéÔööAutomaticKeepAlive(state: _AutomaticKeepAliveState#7d53d(handles: no notifications ever received))
                                                                          Ôöé                                                      Ôöé                            Ôöé ÔööKeepAlive(keepAlive: false)
                                                                          Ôöé                                                      Ôöé                            Ôöé  ÔööNotificationListener<KeepAliveNotification>
                                                                          Ôöé                                                      Ôöé                            Ôöé   Ôöö_SelectionKeepAlive(state: _SelectionKeepAliveState#b7823)
                                                                          Ôöé                                                      Ôöé                            Ôöé    ÔööIndexedSemantics(index: 13, renderObject: RenderIndexedSemantics#b26cf relayoutBoundary=up3)
                                                                          Ôöé                                                      Ôöé                            Ôöé     ÔööRepaintBoundary(renderObject: RenderRepaintBoundary#26d3a relayoutBoundary=up4)
                                                                          Ôöé                                                      Ôöé                            Ôöé      ÔööSizedBox(height: 30.0, renderObject: RenderConstrainedBox#fe49f relayoutBoundary=up5)
                                                                          Ôöé                                                      Ôöé                            ÔööKeyedSubtree-[Key <[<'submit_button'>]>]
                                                                          Ôöé                                                      Ôöé                             ÔööAutomaticKeepAlive(state: _AutomaticKeepAliveState#86a7d(handles: no notifications ever received))
                                                                          Ôöé                                                      Ôöé                              ÔööKeepAlive(keepAlive: false)
                                                                          Ôöé                                                      Ôöé                               ÔööNotificationListener<KeepAliveNotification>
                                                                          Ôöé                                                      Ôöé                                Ôöö_SelectionKeepAlive(state: _SelectionKeepAliveState#1a4c9)
                                                                          Ôöé                                                      Ôöé                                 ÔööIndexedSemantics(index: 14, renderObject: RenderIndexedSemantics#1df1f relayoutBoundary=up3)
                                                                          Ôöé                                                      Ôöé                                  ÔööRepaintBoundary(renderObject: RenderRepaintBoundary#872b9 relayoutBoundary=up4)
                                                                          Ôöé                                                      Ôöé                                   ÔööElevatedButton-[<'submit_button'>](style: ButtonStyle#1276a(textStyle: MaterialStatePropertyAll(null), padding: MaterialStatePropertyAll(EdgeInsets(0.0, 12.0, 0.0, 12.0))), dependencies: [MediaQuery, _InheritedTheme, _LocalizationsScope-[GlobalKey#400b7]], state: _ButtonStyleState#5d9bc)
                                                                          Ôöé                                                      Ôöé                                    ÔööSemantics(container: true, properties: SemanticsProperties, tooltip: null, renderObject: RenderSemanticsAnnotations#7846e relayoutBoundary=up5)
                                                                          Ôöé                                                      Ôöé                                     Ôöö_InputPadding(renderObject: _RenderInputPadding#0cf38 relayoutBoundary=up6)
                                                                          Ôöé                                                      Ôöé                                      ÔööConstrainedBox(BoxConstraints(64.0<=w<=Infinity, 36.0<=h<=Infinity), renderObject: RenderConstrainedBox#1e939 relayoutBoundary=up7)
                                                                          Ôöé                                                      Ôöé                                       ÔööMaterial(type: button, elevation: 2.0, color: MaterialColor(primary value: Color(0xff2196f3)), shadowColor: Color(0xff000000), textStyle.debugLabel: ((englishLike labelLarge 2014).merge(blackMountainView labelLarge)).copyWith, textStyle.inherit: false, textStyle.color: Color(0xffffffff), textStyle.family: Roboto, textStyle.size: 14.0, textStyle.weight: 500, textStyle.baseline: alphabetic, textStyle.decoration: TextDecoration.none, shape: RoundedRectangleBorder(BorderSide(width: 0.0, style: none), BorderRadius.circular(4.0)), dependencies: [_InheritedTheme, _LocalizationsScope-[GlobalKey#400b7]], state: _MaterialState#bb41b)
                                                                          Ôöé                                                      Ôöé                                        Ôöö_MaterialInterior(duration: 200ms, shape: RoundedRectangleBorder(BorderSide(width: 0.0, style: none), BorderRadius.circular(4.0)), elevation: 2.0, color: MaterialColor(primary value: Color(0xff2196f3)), shadowColor: Color(0xff000000), dependencies: [Directionality, _InheritedTheme, _LocalizationsScope-[GlobalKey#400b7]], state: _MaterialInteriorState#c24b0(ticker inactive))
                                                                          Ôöé                                                      Ôöé                                         ÔööPhysicalShape(clipper: ShapeBorderClipper, elevation: 2.0, color: MaterialColor(primary value: Color(0xff2196f3)), shadowColor: Color(0xff000000), renderObject: RenderPhysicalShape#502a9 relayoutBoundary=up8)
                                                                          Ôöé                                                      Ôöé                                          Ôöö_ShapeBorderPaint(dependencies: [Directionality])
                                                                          Ôöé                                                      Ôöé                                           ÔööCustomPaint(renderObject: RenderCustomPaint#c9f3f relayoutBoundary=up9)
                                                                          Ôöé                                                      Ôöé                                            ÔööNotificationListener<LayoutChangedNotification>
                                                                          Ôöé                                                      Ôöé                                             Ôöö_InkFeatures-[GlobalKey#d4e90 ink renderer](renderObject: _RenderInkFeatures#9fac0 relayoutBoundary=up10)
                                                                          Ôöé                                                      Ôöé                                              ÔööAnimatedDefaultTextStyle(duration: 200ms, debugLabel: ((englishLike labelLarge 2014).merge(blackMountainView labelLarge)).copyWith, inherit: false, color: Color(0xffffffff), family: Roboto, size: 14.0, weight: 500, baseline: alphabetic, decoration: TextDecoration.none, softWrap: wrapping at box width, overflow: clip, state: _AnimatedDefaultTextStyleState#3f184(ticker inactive))
                                                                          Ôöé                                                      Ôöé                                               ÔööDefaultTextStyle(debugLabel: ((englishLike labelLarge 2014).merge(blackMountainView labelLarge)).copyWith, inherit: false, color: Color(0xffffffff), family: Roboto, size: 14.0, weight: 500, baseline: alphabetic, decoration: TextDecoration.none, softWrap: wrapping at box width, overflow: clip)
                                                                          Ôöé                                                      Ôöé                                                ÔööInkWell
                                                                          Ôöé                                                      Ôöé                                                 Ôöö_InkResponseStateWidget(gestures: [tap], mouseCursor: ButtonStyleButton_MouseCursor, clipped to BoxShape.rectangle, dependencies: [MediaQuery], state: _InkResponseState#21673)
                                                                          Ôöé                                                      Ôöé                                                  Ôöö_ParentInkResponseProvider
                                                                          Ôöé                                                      Ôöé                                                   ÔööActions(dispatcher: null, actions: {ActivateIntent: CallbackAction<ActivateIntent>#e6338, ButtonActivateIntent: CallbackAction<ButtonActivateIntent>#29121}, state: _ActionsState#c0b59)
                                                                          Ôöé                                                      Ôöé                                                    Ôöö_ActionsScope
                                                                          Ôöé                                                      Ôöé                                                     ÔööFocus(dependencies: [_FocusInheritedScope], state: _FocusState#b073a)
                                                                          Ôöé                                                      Ôöé                                                      Ôöö_FocusInheritedScope
                                                                          Ôöé                                                      Ôöé                                                       ÔööSemantics(container: false, properties: SemanticsProperties, tooltip: null, renderObject: RenderSemanticsAnnotations#71cb1 relayoutBoundary=up11)
                                                                          Ôöé                                                      Ôöé                                                        ÔööMouseRegion(listeners: [enter, exit], cursor: SystemMouseCursor(click), renderObject: RenderMouseRegion#a7e10 relayoutBoundary=up12)
                                                                          Ôöé                                                      Ôöé                                                         ÔööSemantics(container: false, properties: SemanticsProperties, tooltip: null, renderObject: RenderSemanticsAnnotations#a6350 relayoutBoundary=up13)
                                                                          Ôöé                                                      Ôöé                                                          ÔööGestureDetector(startBehavior: start, dependencies: [MediaQuery])
                                                                          Ôöé                                                      Ôöé                                                           ÔööRawGestureDetector(state: RawGestureDetectorState#c1deb(gestures: [tap], excludeFromSemantics: true, behavior: opaque))
                                                                          Ôöé                                                      Ôöé                                                            ÔööListener(listeners: [down, panZoomStart], behavior: opaque, renderObject: RenderPointerListener#0bb8c relayoutBoundary=up14)
                                                                          Ôöé                                                      Ôöé                                                             ÔööBuilder(dependencies: [IconTheme])
                                                                          Ôöé                                                      Ôöé                                                              ÔööIconTheme(color: Color(0xffffffff))
                                                                          Ôöé                                                      Ôöé                                                               ÔööPadding(padding: EdgeInsets(0.0, 12.0, 0.0, 12.0), dependencies: [Directionality], renderObject: RenderPadding#c4347 relayoutBoundary=up15)
                                                                          Ôöé                                                      Ôöé                                                                ÔööAlign(alignment: Alignment.center, widthFactor: 1.0, heightFactor: 1.0, dependencies: [Directionality], renderObject: RenderPositionedBox#9a124 relayoutBoundary=up16)
                                                                          Ôöé                                                      Ôöé                                                                 ÔööText("Natal Haritam─▒ Hesapla", inherit: true, size: 16.0, dependencies: [DefaultSelectionStyle, DefaultTextStyle, MediaQuery])
                                                                          Ôöé                                                      Ôöé                                                                  ÔööRichText(softWrap: wrapping at box width, maxLines: unlimited, text: "Natal Haritam─▒ Hesapla", dependencies: [Directionality, _LocalizationsScope-[GlobalKey#400b7]], renderObject: RenderParagraph#5f395 relayoutBoundary=up17)
                                                                          Ôöé                                                      Ôö£LayoutId-[<_ScaffoldSlot.appBar>](id: _ScaffoldSlot.appBar)
                                                                          Ôöé                                                      ÔöéÔööMediaQuery(MediaQueryData(size: Size(800.0, 600.0), devicePixelRatio: 3.0, textScaleFactor: 1.0, platformBrightness: Brightness.light, padding: EdgeInsets.zero, viewPadding: EdgeInsets.zero, viewInsets: EdgeInsets.zero, systemGestureInsets: EdgeInsets.zero, alwaysUse24HourFormat: false, accessibleNavigation: false, highContrast: false, disableAnimations: false, invertColors: false, boldText: false, navigationMode: traditional, gestureSettings: DeviceGestureSettings(touchSlop: null), displayFeatures: []))
                                                                          Ôöé                                                      Ôöé ÔööConstrainedBox(BoxConstraints(0.0<=w<=Infinity, 0.0<=h<=56.0), renderObject: RenderConstrainedBox#b6aa6 relayoutBoundary=up1)
                                                                          Ôöé                                                      Ôöé  ÔööFlexibleSpaceBarSettings
                                                                          Ôöé                                                      Ôöé   ÔööAppBar(dependencies: [FlexibleSpaceBarSettings, MediaQuery, _InheritedTheme, _LocalizationsScope-[GlobalKey#400b7], _ModalScopeStatus, _ScrollNotificationObserverScope], state: _AppBarState#6e899)
                                                                          Ôöé                                                      Ôöé    ÔööSemantics(container: true, properties: SemanticsProperties, tooltip: null, renderObject: RenderSemanticsAnnotations#10034 relayoutBoundary=up2)
                                                                          Ôöé                                                      Ôöé     ÔööAnnotatedRegion<SystemUiOverlayStyle>(renderObject: RenderAnnotatedRegion<SystemUiOverlayStyle>#033a3 relayoutBoundary=up3)
                                                                          Ôöé                                                      Ôöé      ÔööMaterial(type: canvas, elevation: 4.0, color: MaterialColor(primary value: Color(0xff2196f3)), shadowColor: Color(0xff000000), dependencies: [_InheritedTheme, _LocalizationsScope-[GlobalKey#400b7]], state: _MaterialState#a5d98)
                                                                          Ôöé                                                      Ôöé       ÔööAnimatedPhysicalModel(duration: 200ms, shape: rectangle, borderRadius: BorderRadius.zero, elevation: 4.0, color: MaterialColor(primary value: Color(0xff2196f3)), animateColor: false, shadowColor: Color(0xff000000), animateShadowColor: true, state: _AnimatedPhysicalModelState#f8c94(ticker inactive))
                                                                          Ôöé                                                      Ôöé        ÔööPhysicalModel(shape: rectangle, borderRadius: BorderRadius.zero, elevation: 4.0, color: MaterialColor(primary value: Color(0xff2196f3)), shadowColor: Color(0xff000000), renderObject: RenderPhysicalModel#8f682 relayoutBoundary=up4)
                                                                          Ôöé                                                      Ôöé         ÔööNotificationListener<LayoutChangedNotification>
                                                                          Ôöé                                                      Ôöé          Ôöö_InkFeatures-[GlobalKey#789ab ink renderer](renderObject: _RenderInkFeatures#85d67 relayoutBoundary=up5)
                                                                          Ôöé                                                      Ôöé           ÔööAnimatedDefaultTextStyle(duration: 200ms, debugLabel: (englishLike bodyMedium 2014).merge(blackMountainView bodyMedium), inherit: false, color: Color(0xdd000000), family: Roboto, size: 14.0, weight: 400, baseline: alphabetic, decoration: TextDecoration.none, softWrap: wrapping at box width, overflow: clip, state: _AnimatedDefaultTextStyleState#b31d4(ticker inactive))
                                                                          Ôöé                                                      Ôöé            ÔööDefaultTextStyle(debugLabel: (englishLike bodyMedium 2014).merge(blackMountainView bodyMedium), inherit: false, color: Color(0xdd000000), family: Roboto, size: 14.0, weight: 400, baseline: alphabetic, decoration: TextDecoration.none, softWrap: wrapping at box width, overflow: clip)
                                                                          Ôöé                                                      Ôöé             ÔööSemantics(container: false, properties: SemanticsProperties, tooltip: null, renderObject: RenderSemanticsAnnotations#6f6b2 relayoutBoundary=up6)
                                                                          Ôöé                                                      Ôöé              ÔööAlign(alignment: Alignment.topCenter, dependencies: [Directionality], renderObject: RenderPositionedBox#d650f relayoutBoundary=up7)
                                                                          Ôöé                                                      Ôöé               ÔööSafeArea(avoid left padding, avoid top padding, avoid right padding, dependencies: [MediaQuery])
                                                                          Ôöé                                                      Ôöé                ÔööPadding(padding: EdgeInsets.zero, dependencies: [Directionality], renderObject: RenderPadding#a0299 relayoutBoundary=up8)
                                                                          Ôöé                                                      Ôöé                 ÔööMediaQuery(MediaQueryData(size: Size(800.0, 600.0), devicePixelRatio: 3.0, textScaleFactor: 1.0, platformBrightness: Brightness.light, padding: EdgeInsets.zero, viewPadding: EdgeInsets.zero, viewInsets: EdgeInsets.zero, systemGestureInsets: EdgeInsets.zero, alwaysUse24HourFormat: false, accessibleNavigation: false, highContrast: false, disableAnimations: false, invertColors: false, boldText: false, navigationMode: traditional, gestureSettings: DeviceGestureSettings(touchSlop: null), displayFeatures: []))
                                                                          Ôöé                                                      Ôöé                  ÔööClipRect(renderObject: RenderClipRect#59a4a relayoutBoundary=up9)
                                                                          Ôöé                                                      Ôöé                   ÔööCustomSingleChildLayout(renderObject: RenderCustomSingleChildLayoutBox#27a82 relayoutBoundary=up10)
                                                                          Ôöé                                                      Ôöé                    ÔööBuilder(dependencies: [IconTheme])
                                                                          Ôöé                                                      Ôöé                     ÔööIconTheme(color: Color(0xffffffff))
                                                                          Ôöé                                                      Ôöé                      ÔööDefaultTextStyle(debugLabel: ((englishLike bodyMedium 2014).merge(blackMountainView bodyMedium)).copyWith, inherit: false, color: Color(0xffffffff), family: Roboto, size: 14.0, weight: 400, baseline: alphabetic, decoration: TextDecoration.none, softWrap: wrapping at box width, overflow: clip)
                                                                          Ôöé                                                      Ôöé                       ÔööNavigationToolbar(dependencies: [Directionality])
                                                                          Ôöé                                                      Ôöé                        ÔööCustomMultiChildLayout(renderObject: RenderCustomMultiChildLayoutBox#69ab8 relayoutBoundary=up11)
                                                                          Ôöé                                                      Ôöé                         ÔööLayoutId-[<_ToolbarSlot.middle>](id: _ToolbarSlot.middle)
                                                                          Ôöé                                                      Ôöé                          ÔööMediaQuery(MediaQueryData(size: Size(800.0, 600.0), devicePixelRatio: 3.0, textScaleFactor: 1.0, platformBrightness: Brightness.light, padding: EdgeInsets.zero, viewPadding: EdgeInsets.zero, viewInsets: EdgeInsets.zero, systemGestureInsets: EdgeInsets.zero, alwaysUse24HourFormat: false, accessibleNavigation: false, highContrast: false, disableAnimations: false, invertColors: false, boldText: false, navigationMode: traditional, gestureSettings: DeviceGestureSettings(touchSlop: null), displayFeatures: []))
                                                                          Ôöé                                                      Ôöé                           ÔööDefaultTextStyle(debugLabel: ((englishLike titleLarge 2014).merge(blackMountainView titleLarge)).copyWith, inherit: false, color: Color(0xffffffff), family: Roboto, size: 20.0, weight: 500, baseline: alphabetic, decoration: TextDecoration.none, softWrap: no wrapping except at line break characters, overflow: ellipsis)
                                                                          Ôöé                                                      Ôöé                            ÔööSemantics(container: false, properties: SemanticsProperties, tooltip: null, renderObject: RenderSemanticsAnnotations#90b04 relayoutBoundary=up12)
                                                                          Ôöé                                                      Ôöé                             Ôöö_AppBarTitleBox(dependencies: [Directionality], renderObject: _RenderAppBarTitleBox#bc260 relayoutBoundary=up13)
                                                                          Ôöé                                                      Ôöé                              ÔööText("Do─şum Bilgilerini Girin", dependencies: [DefaultSelectionStyle, DefaultTextStyle, MediaQuery])
                                                                          Ôöé                                                      Ôöé                               ÔööRichText(softWrap: no wrapping except at line break characters, overflow: ellipsis, maxLines: unlimited, text: "Do─şum Bilgilerini Girin", dependencies: [Directionality, _LocalizationsScope-[GlobalKey#400b7]], renderObject: RenderParagraph#a7e4d relayoutBoundary=up14)
                                                                          Ôöé                                                      ÔööLayoutId-[<_ScaffoldSlot.floatingActionButton>](id: _ScaffoldSlot.floatingActionButton)
                                                                          Ôöé                                                       ÔööMediaQuery(MediaQueryData(size: Size(800.0, 600.0), devicePixelRatio: 3.0, textScaleFactor: 1.0, platformBrightness: Brightness.light, padding: EdgeInsets.zero, viewPadding: EdgeInsets.zero, viewInsets: EdgeInsets.zero, systemGestureInsets: EdgeInsets.zero, alwaysUse24HourFormat: false, accessibleNavigation: false, highContrast: false, disableAnimations: false, invertColors: false, boldText: false, navigationMode: traditional, gestureSettings: DeviceGestureSettings(touchSlop: null), displayFeatures: []))
                                                                          Ôöé                                                        Ôöö_FloatingActionButtonTransition(state: _FloatingActionButtonTransitionState#7c318(tickers: tracking 1 ticker))
                                                                          Ôöé                                                         ÔööStack(alignment: Alignment.centerRight, fit: loose, dependencies: [Directionality], renderObject: RenderStack#affee relayoutBoundary=up1)
                                                                          Ôöé                                                          ÔööScaleTransition(listenable: AnimationMin<double>(_AnimationSwap<double>(AnimationController#f7630(ÔÅ¡ 1.000; paused)ÔŞ®CurveTween(curve: FlippedCurve(Interval(0.5Ôï»1.0)ÔŞ®Cubic(0.25, 0.10, 0.25, 1.00)))ÔŞ®1.0ÔŞ¬ReverseAnimation, AnimationController#f7630(ÔÅ¡ 1.000; paused)ÔŞ®CurveTween(curve: Interval(0.5Ôï»1.0)ÔŞ®Cubic(0.25, 0.10, 0.25, 1.00))ÔŞ®1.0), AnimationController#0fe29(ÔÅ« 0.000; paused)ÔŞ®Cubic(0.42, 0.00, 1.00, 1.00)), state: _AnimatedState#1f39a)
                                                                          Ôöé                                                           ÔööTransform(dependencies: [Directionality], renderObject: RenderTransform#56283 relayoutBoundary=up2)
                                                                          Ôöé                                                            ÔööRotationTransition(listenable: AnimationController#0fe29(ÔÅ« 0.000; paused)ÔŞ®CurveTween(curve: Cubic(0.42, 0.00, 1.00, 1.00))ÔŞ®Tween<double>(0.875 ÔåÆ 1.0)ÔŞ®0.875ÔŞ®TrainHoppingAnimation(next: _AnimationSwap<double>(AnimationController#f7630(ÔÅ¡ 1.000; paused)ÔŞ®Tween<double>(0.75 ÔåÆ 1.0)ÔŞ®1.0, AnimationController#f7630(ÔÅ¡ 1.000; paused)ÔŞ®CurveTween(curve: Threshold)ÔŞ®1.0ÔŞ¬ReverseAnimation)), state: _AnimatedState#cb324)
                                                                          Ôöé                                                             ÔööTransform(dependencies: [Directionality], renderObject: RenderTransform#dc6da relayoutBoundary=up3 NEEDS-PAINT)
                                                                          Ôö£_OverlayEntryWidget-[LabeledGlobalKey<_OverlayEntryWidgetState>#8f802](state: _OverlayEntryWidgetState#0953b)
                                                                          ÔöéÔööTickerMode(state: _TickerModeState#f88eb(requested mode: enabled))
                                                                          Ôöé Ôöö_EffectiveTickerMode(effective mode: enabled)
                                                                          Ôöé  Ôöö_RenderTheaterMarker
                                                                          Ôöé   ÔööTextFieldTapRegion(groupId: EditableText, renderObject: RenderTapRegion#c866e)
                                                                          Ôöé    ÔööExcludeSemantics(excluding: true, renderObject: RenderExcludeSemantics#09116)
                                                                          Ôöé     Ôöö_SelectionHandleOverlay(dependencies: [_InheritedTheme, _LocalizationsScope-[GlobalKey#400b7]], state: _SelectionHandleOverlayState#8894c(ticker inactive))
                                                                          Ôöé      ÔööCompositedTransformFollower(renderObject: RenderFollowerLayer#d36b4)
                                                                          Ôöé       ÔööFadeTransition(opacity: AnimationController#38564(ÔÅ« 0.000; paused), renderObject: RenderAnimatedOpacity#5d40c)
                                                                          Ôöé        ÔööContainer(Alignment.topLeft, constraints: BoxConstraints(w=48.0, h=48.0))
                                                                          Ôöé         ÔööConstrainedBox(BoxConstraints(w=48.0, h=48.0), renderObject: RenderConstrainedBox#effe4 NEEDS-PAINT)
                                                                          Ôöé          ÔööAlign(alignment: Alignment.topLeft, dependencies: [Directionality], renderObject: RenderPositionedBox#8cfe9 NEEDS-PAINT)
                                                                          Ôöé           ÔööRawGestureDetector(state: RawGestureDetectorState#92179(gestures: [pan], behavior: translucent))
                                                                          Ôöé            Ôöö_GestureSemantics(renderObject: RenderSemanticsGestureHandler#67e14 relayoutBoundary=up1 NEEDS-PAINT)
                                                                          Ôöé             ÔööListener(listeners: [down, panZoomStart], behavior: translucent, renderObject: RenderPointerListener#7cd8c relayoutBoundary=up2 NEEDS-PAINT)
                                                                          Ôöé              ÔööPadding(padding: EdgeInsets.all(13.0), dependencies: [Directionality], renderObject: RenderPadding#87e65 relayoutBoundary=up3 NEEDS-PAINT)
                                                                          Ôöé               ÔööTransform(dependencies: [Directionality], renderObject: RenderTransform#c9232 relayoutBoundary=up4 NEEDS-PAINT)
                                                                          Ôöé                ÔööSizedBox(width: 22.0, height: 22.0, renderObject: RenderConstrainedBox#85c8e relayoutBoundary=up5 NEEDS-PAINT)
                                                                          Ôöé                 ÔööCustomPaint(renderObject: RenderCustomPaint#a886f NEEDS-PAINT)
                                                                          Ôöé                  ÔööGestureDetector(startBehavior: start, dependencies: [MediaQuery])
                                                                          Ôöé                   ÔööRawGestureDetector(state: RawGestureDetectorState#5792a(gestures: [tap], behavior: translucent))
                                                                          Ôöé                    Ôöö_GestureSemantics(renderObject: RenderSemanticsGestureHandler#12c95 NEEDS-PAINT)
                                                                          Ôöé                     ÔööListener(listeners: [down, panZoomStart], behavior: translucent, renderObject: RenderPointerListener#93eb7 NEEDS-PAINT)
                                                                          Ôöö_OverlayEntryWidget-[LabeledGlobalKey<_OverlayEntryWidgetState>#7f84e](state: _OverlayEntryWidgetState#2a051)
                                                                           ÔööTickerMode(state: _TickerModeState#be290(requested mode: enabled))
                                                                            Ôöö_EffectiveTickerMode(effective mode: enabled)
                                                                             Ôöö_RenderTheaterMarker
                                                                              ÔööTextFieldTapRegion(groupId: EditableText, renderObject: RenderTapRegion#e7ecd)
                                                                               ÔööExcludeSemantics(excluding: true, renderObject: RenderExcludeSemantics#20616)
                                                                                ÔööSizedBox.shrink(renderObject: RenderConstrainedBox#8def3)


Text widget 0: "Ad Soyad"
Text widget 1: "Do─şum Tarihi Se├ğilmedi"
00:03 +22 -11: C:/dev/AstroYorumAI/test/screens/birth_info_screen_fixed_final_test.dart: BirthInfoScreen Fixed Tests successfully submits valid form without geocoding
ÔòÉÔòÉÔòí EXCEPTION CAUGHT BY WIDGETS ÔòŞÔòÉÔòÉÔòÉÔòÉÔòÉÔòÉÔòÉÔòÉÔòÉÔòÉÔòÉÔòÉÔòÉÔòÉÔòÉÔòÉÔòÉÔòÉÔòÉÔòÉÔòÉÔòÉÔòÉÔòÉÔòÉÔòÉÔòÉÔòÉÔòÉÔòÉÔòÉÔòÉÔòÉÔòÉÔòÉÔòÉÔòÉÔòÉÔòÉÔòÉÔòÉÔòÉÔòÉÔòÉÔòÉÔòÉÔòÉÔòÉÔòÉÔòÉÔòÉÔòÉÔòÉÔòÉÔòÉÔòÉÔòÉÔòÉÔòÉÔòÉÔòÉÔòÉÔòÉÔòÉÔòÉÔòÉÔòÉ
The following message was thrown:
Warning: This application's locale, tr_TR, is not supported by all of its localization delegates.

ÔÇó A MaterialLocalizations delegate that supports the tr_TR locale was not found.
ÔÇó A CupertinoLocalizations delegate that supports the tr_TR locale was not found.

The declared supported locales for this app are: tr_TR

See https://flutter.dev/tutorials/internationalization/ for more information about configuring an
app's locale, supportedLocales, and localizationsDelegates parameters.
ÔòÉÔòÉÔòÉÔòÉÔòÉÔòÉÔòÉÔòÉÔòÉÔòÉÔòÉÔòÉÔòÉÔòÉÔòÉÔòÉÔòÉÔòÉÔòÉÔòÉÔòÉÔòÉÔòÉÔòÉÔòÉÔòÉÔòÉÔòÉÔòÉÔòÉÔòÉÔòÉÔòÉÔòÉÔòÉÔòÉÔòÉÔòÉÔòÉÔòÉÔòÉÔòÉÔòÉÔòÉÔòÉÔòÉÔòÉÔòÉÔòÉÔòÉÔòÉÔòÉÔòÉÔòÉÔòÉÔòÉÔòÉÔòÉÔòÉÔòÉÔòÉÔòÉÔòÉÔòÉÔòÉÔòÉÔòÉÔòÉÔòÉÔòÉÔòÉÔòÉÔòÉÔòÉÔòÉÔòÉÔòÉÔòÉÔòÉÔòÉÔòÉÔòÉÔòÉÔòÉÔòÉÔòÉÔòÉÔòÉÔòÉÔòÉÔòÉÔòÉÔòÉÔòÉÔòÉÔòÉÔòÉÔòÉÔòÉÔòÉ
ÔòÉÔòÉÔòí EXCEPTION CAUGHT BY WIDGETS LIBRARY ÔòŞÔòÉÔòÉÔòÉÔòÉÔòÉÔòÉÔòÉÔòÉÔòÉÔòÉÔòÉÔòÉÔòÉÔòÉÔòÉÔòÉÔòÉÔòÉÔòÉÔòÉÔòÉÔòÉÔòÉÔòÉÔòÉÔòÉÔòÉÔòÉÔòÉÔòÉÔòÉÔòÉÔòÉÔòÉÔòÉÔòÉÔòÉÔòÉÔòÉÔòÉÔòÉÔòÉÔòÉÔòÉÔòÉÔòÉÔòÉÔòÉÔòÉÔòÉÔòÉÔòÉÔòÉÔòÉÔòÉÔòÉÔòÉÔòÉÔòÉ
The following assertion was thrown building AppBar(dirty, dependencies:
[_LocalizationsScope-[GlobalKey#ac3c1], _ScrollNotificationObserverScope], state:
_AppBarState#fce47):
No MaterialLocalizations found.
AppBar widgets require MaterialLocalizations to be provided by a Localizations widget ancestor.
The material library uses Localizations to generate messages, labels, and abbreviations.
To introduce a MaterialLocalizations, either use a MaterialApp at the root of your application to
include them automatically, or add a Localization widget with a MaterialLocalizations delegate.
The specific widget that could not find a MaterialLocalizations ancestor was:
  AppBar
The ancestors of this widget were:
  ...
  FlexibleSpaceBarSettings
  ConstrainedBox
  MediaQuery
  LayoutId-[<_ScaffoldSlot.appBar>]
  CustomMultiChildLayout
  ...

The relevant error-causing widget was:
  AppBar AppBar:file:///C:/dev/AstroYorumAI/lib/screens/birth_info_screen.dart:315:15

When the exception was thrown, this was the stack:
#0      debugCheckHasMaterialLocalizations.<anonymous closure> (package:flutter/src/material/debug.dart:93:7)
#1      debugCheckHasMaterialLocalizations (package:flutter/src/material/debug.dart:113:4)
#2      _AppBarState.build (package:flutter/src/material/app_bar.dart:813:12)
#3      StatefulElement.build (package:flutter/src/widgets/framework.dart:5198:27)
#4      ComponentElement.performRebuild (package:flutter/src/widgets/framework.dart:5086:15)
#5      StatefulElement.performRebuild (package:flutter/src/widgets/framework.dart:5251:11)
#6      Element.rebuild (package:flutter/src/widgets/framework.dart:4805:7)
#7      ComponentElement._firstBuild (package:flutter/src/widgets/framework.dart:5068:5)
#8      StatefulElement._firstBuild (package:flutter/src/widgets/framework.dart:5242:11)
#9      ComponentElement.mount (package:flutter/src/widgets/framework.dart:5062:5)
...     Normal element mounting (22 frames)
#31     Element.inflateWidget (package:flutter/src/widgets/framework.dart:3971:16)
#32     MultiChildRenderObjectElement.inflateWidget (package:flutter/src/widgets/framework.dart:6570:36)
#33     MultiChildRenderObjectElement.mount (package:flutter/src/widgets/framework.dart:6582:32)
...     Normal element mounting (332 frames)
#365    Element.inflateWidget (package:flutter/src/widgets/framework.dart:3971:16)
#366    MultiChildRenderObjectElement.inflateWidget (package:flutter/src/widgets/framework.dart:6570:36)
#367    MultiChildRenderObjectElement.mount (package:flutter/src/widgets/framework.dart:6582:32)
...     Normal element mounting (435 frames)
#802    Element.inflateWidget (package:flutter/src/widgets/framework.dart:3971:16)
#803    Element.updateChild (package:flutter/src/widgets/framework.dart:3702:20)
#804    ComponentElement.performRebuild (package:flutter/src/widgets/framework.dart:5111:16)
#805    Element.rebuild (package:flutter/src/widgets/framework.dart:4805:7)
#806    ProxyElement.update (package:flutter/src/widgets/framework.dart:5417:5)
#807    Element.updateChild (package:flutter/src/widgets/framework.dart:3686:15)
#808    ComponentElement.performRebuild (package:flutter/src/widgets/framework.dart:5111:16)
#809    StatefulElement.performRebuild (package:flutter/src/widgets/framework.dart:5251:11)
#810    Element.rebuild (package:flutter/src/widgets/framework.dart:4805:7)
#811    StatefulElement.update (package:flutter/src/widgets/framework.dart:5274:5)
#812    Element.updateChild (package:flutter/src/widgets/framework.dart:3686:15)
#813    ComponentElement.performRebuild (package:flutter/src/widgets/framework.dart:5111:16)
#814    Element.rebuild (package:flutter/src/widgets/framework.dart:4805:7)
#815    ProxyElement.update (package:flutter/src/widgets/framework.dart:5417:5)
#816    Element.updateChild (package:flutter/src/widgets/framework.dart:3686:15)
#817    ComponentElement.performRebuild (package:flutter/src/widgets/framework.dart:5111:16)
#818    Element.rebuild (package:flutter/src/widgets/framework.dart:4805:7)
#819    StatelessElement.update (package:flutter/src/widgets/framework.dart:5162:5)
#820    Element.updateChild (package:flutter/src/widgets/framework.dart:3686:15)
#821    RenderObjectToWidgetElement._rebuild (package:flutter/src/widgets/binding.dart:1240:16)
#822    RenderObjectToWidgetElement.update (package:flutter/src/widgets/binding.dart:1217:5)
#823    RenderObjectToWidgetElement.performRebuild (package:flutter/src/widgets/binding.dart:1231:7)
#824    Element.rebuild (package:flutter/src/widgets/framework.dart:4805:7)
#825    BuildOwner.buildScope (package:flutter/src/widgets/framework.dart:2780:19)
#826    AutomatedTestWidgetsFlutterBinding.drawFrame (package:flutter_test/src/binding.dart:1386:19)
#827    RendererBinding._handlePersistentFrameCallback (package:flutter/src/rendering/binding.dart:358:5)
#828    SchedulerBinding._invokeFrameCallback (package:flutter/src/scheduler/binding.dart:1284:15)
#829    SchedulerBinding.handleDrawFrame (package:flutter/src/scheduler/binding.dart:1214:9)
#830    AutomatedTestWidgetsFlutterBinding.pump.<anonymous closure> (package:flutter_test/src/binding.dart:1236:9)
#833    TestAsyncUtils.guard (package:flutter_test/src/test_async_utils.dart:68:41)
#834    AutomatedTestWidgetsFlutterBinding.pump (package:flutter_test/src/binding.dart:1222:27)
#835    WidgetTester._pumpWidget (package:flutter_test/src/widget_tester.dart:592:20)
#836    WidgetTester.pumpWidget.<anonymous closure> (package:flutter_test/src/widget_tester.dart:577:14)
#839    TestAsyncUtils.guard (package:flutter_test/src/test_async_utils.dart:68:41)
#840    WidgetTester.pumpWidget (package:flutter_test/src/widget_tester.dart:576:27)
#841    main.<anonymous closure>.<anonymous closure> (file:///C:/dev/AstroYorumAI/test/screens/birth_info_screen_fixed_final_test.dart:209:20)
#842    testWidgets.<anonymous closure>.<anonymous closure> (package:flutter_test/src/widget_tester.dart:170:29)
<asynchronous suspension>
<asynchronous suspension>
(elided 5 frames from dart:async and package:stack_trace)

ÔòÉÔòÉÔòÉÔòÉÔòÉÔòÉÔòÉÔòÉÔòÉÔòÉÔòÉÔòÉÔòÉÔòÉÔòÉÔòÉÔòÉÔòÉÔòÉÔòÉÔòÉÔòÉÔòÉÔòÉÔòÉÔòÉÔòÉÔòÉÔòÉÔòÉÔòÉÔòÉÔòÉÔòÉÔòÉÔòÉÔòÉÔòÉÔòÉÔòÉÔòÉÔòÉÔòÉÔòÉÔòÉÔòÉÔòÉÔòÉÔòÉÔòÉÔòÉÔòÉÔòÉÔòÉÔòÉÔòÉÔòÉÔòÉÔòÉÔòÉÔòÉÔòÉÔòÉÔòÉÔòÉÔòÉÔòÉÔòÉÔòÉÔòÉÔòÉÔòÉÔòÉÔòÉÔòÉÔòÉÔòÉÔòÉÔòÉÔòÉÔòÉÔòÉÔòÉÔòÉÔòÉÔòÉÔòÉÔòÉÔòÉÔòÉÔòÉÔòÉÔòÉÔòÉÔòÉÔòÉÔòÉÔòÉÔòÉÔòÉ
ÔòÉÔòÉÔòí EXCEPTION CAUGHT BY WIDGETS LIBRARY ÔòŞÔòÉÔòÉÔòÉÔòÉÔòÉÔòÉÔòÉÔòÉÔòÉÔòÉÔòÉÔòÉÔòÉÔòÉÔòÉÔòÉÔòÉÔòÉÔòÉÔòÉÔòÉÔòÉÔòÉÔòÉÔòÉÔòÉÔòÉÔòÉÔòÉÔòÉÔòÉÔòÉÔòÉÔòÉÔòÉÔòÉÔòÉÔòÉÔòÉÔòÉÔòÉÔòÉÔòÉÔòÉÔòÉÔòÉÔòÉÔòÉÔòÉÔòÉÔòÉÔòÉÔòÉÔòÉÔòÉÔòÉÔòÉÔòÉÔòÉ
The following assertion was thrown building TextField(controller:
TextEditingController#67b34(TextEditingValue(text: ÔöñÔö£, selection: TextSelection.invalid, composing:
TextRange(start: -1, end: -1))), enabled: true, decoration: InputDecoration(labelText: "Ad Soyad",
floatingLabelBehavior: FloatingLabelBehavior.auto, floatingLabelAlignment:
FloatingLabelAlignment.start, alignLabelWithHint: false), dirty, dependencies: [MediaQuery,
UnmanagedRestorationScope, _LocalizationsScope-[GlobalKey#ac3c1]], state: _TextFieldState#c5960):
No MaterialLocalizations found.
TextField widgets require MaterialLocalizations to be provided by a Localizations widget ancestor.
The material library uses Localizations to generate messages, labels, and abbreviations.
To introduce a MaterialLocalizations, either use a MaterialApp at the root of your application to
include them automatically, or add a Localization widget with a MaterialLocalizations delegate.
The specific widget that could not find a MaterialLocalizations ancestor was:
  TextField
The ancestors of this widget were:
  ...
  UnmanagedRestorationScope
  TextFormField-[<'name_field'>]
  RepaintBoundary
  IndexedSemantics
  _SelectionKeepAlive
  ...

The relevant error-causing widget was:
  TextFormField-[<'name_field'>]
  TextFormField:file:///C:/dev/AstroYorumAI/lib/screens/birth_info_screen.dart:325:46

When the exception was thrown, this was the stack:
#0      debugCheckHasMaterialLocalizations.<anonymous closure> (package:flutter/src/material/debug.dart:93:7)
#1      debugCheckHasMaterialLocalizations (package:flutter/src/material/debug.dart:113:4)
#2      _TextFieldState.build (package:flutter/src/material/text_field.dart:1234:12)
#3      StatefulElement.build (package:flutter/src/widgets/framework.dart:5198:27)
#4      ComponentElement.performRebuild (package:flutter/src/widgets/framework.dart:5086:15)
#5      StatefulElement.performRebuild (package:flutter/src/widgets/framework.dart:5251:11)
#6      Element.rebuild (package:flutter/src/widgets/framework.dart:4805:7)
#7      ComponentElement._firstBuild (package:flutter/src/widgets/framework.dart:5068:5)
#8      StatefulElement._firstBuild (package:flutter/src/widgets/framework.dart:5242:11)
#9      ComponentElement.mount (package:flutter/src/widgets/framework.dart:5062:5)
...     Normal element mounting (55 frames)
#64     Element.inflateWidget (package:flutter/src/widgets/framework.dart:3971:16)
#65     Element.updateChild (package:flutter/src/widgets/framework.dart:3708:18)
#66     SliverMultiBoxAdaptorElement.updateChild (package:flutter/src/widgets/sliver.dart:857:37)
#67     SliverMultiBoxAdaptorElement.createChild.<anonymous closure> (package:flutter/src/widgets/sliver.dart:842:20)
#68     BuildOwner.buildScope (package:flutter/src/widgets/framework.dart:2720:19)
#69     SliverMultiBoxAdaptorElement.createChild (package:flutter/src/widgets/sliver.dart:834:12)
#70     RenderSliverMultiBoxAdaptor._createOrObtainChild.<anonymous closure> (package:flutter/src/rendering/sliver_multi_box_adaptor.dart:351:23)
#71     RenderObject.invokeLayoutCallback.<anonymous closure> (package:flutter/src/rendering/object.dart:2506:59)
#72     PipelineOwner._enableMutationsToDirtySubtrees (package:flutter/src/rendering/object.dart:1062:15)
#73     RenderObject.invokeLayoutCallback (package:flutter/src/rendering/object.dart:2506:14)
#74     RenderSliverMultiBoxAdaptor._createOrObtainChild (package:flutter/src/rendering/sliver_multi_box_adaptor.dart:340:5)
#75     RenderSliverMultiBoxAdaptor.addInitialChild (package:flutter/src/rendering/sliver_multi_box_adaptor.dart:426:5)
#76     RenderSliverList.performLayout (package:flutter/src/rendering/sliver_list.dart:79:12)
#77     RenderObject.layout (package:flutter/src/rendering/object.dart:2395:7)
#78     RenderSliverEdgeInsetsPadding.performLayout (package:flutter/src/rendering/sliver_padding.dart:139:12)
#79     RenderSliverPadding.performLayout (package:flutter/src/rendering/sliver_padding.dart:361:11)
#80     RenderObject.layout (package:flutter/src/rendering/object.dart:2395:7)
#81     RenderViewportBase.layoutChildSequence (package:flutter/src/rendering/viewport.dart:534:13)
#82     RenderViewport._attemptLayout (package:flutter/src/rendering/viewport.dart:1511:12)
#83     RenderViewport.performLayout (package:flutter/src/rendering/viewport.dart:1420:20)
#84     RenderObject.layout (package:flutter/src/rendering/object.dart:2395:7)
#85     RenderBox.layout (package:flutter/src/rendering/box.dart:2386:11)
#86     RenderProxyBoxMixin.performLayout (package:flutter/src/rendering/proxy_box.dart:122:14)
#87     RenderObject.layout (package:flutter/src/rendering/object.dart:2395:7)
#88     RenderBox.layout (package:flutter/src/rendering/box.dart:2386:11)
#89     RenderProxyBoxMixin.performLayout (package:flutter/src/rendering/proxy_box.dart:122:14)
#90     RenderObject.layout (package:flutter/src/rendering/object.dart:2395:7)
#91     RenderBox.layout (package:flutter/src/rendering/box.dart:2386:11)
#92     RenderProxyBoxMixin.performLayout (package:flutter/src/rendering/proxy_box.dart:122:14)
#93     RenderObject.layout (package:flutter/src/rendering/object.dart:2395:7)
#94     RenderBox.layout (package:flutter/src/rendering/box.dart:2386:11)
#95     RenderProxyBoxMixin.performLayout (package:flutter/src/rendering/proxy_box.dart:122:14)
#96     RenderObject.layout (package:flutter/src/rendering/object.dart:2395:7)
#97     RenderBox.layout (package:flutter/src/rendering/box.dart:2386:11)
#98     RenderProxyBoxMixin.performLayout (package:flutter/src/rendering/proxy_box.dart:122:14)
#99     RenderObject.layout (package:flutter/src/rendering/object.dart:2395:7)
#100    RenderBox.layout (package:flutter/src/rendering/box.dart:2386:11)
#101    RenderProxyBoxMixin.performLayout (package:flutter/src/rendering/proxy_box.dart:122:14)
#102    RenderObject.layout (package:flutter/src/rendering/object.dart:2395:7)
#103    RenderBox.layout (package:flutter/src/rendering/box.dart:2386:11)
#104    RenderProxyBoxMixin.performLayout (package:flutter/src/rendering/proxy_box.dart:122:14)
#105    RenderObject.layout (package:flutter/src/rendering/object.dart:2395:7)
#106    RenderBox.layout (package:flutter/src/rendering/box.dart:2386:11)
#107    RenderProxyBoxMixin.performLayout (package:flutter/src/rendering/proxy_box.dart:122:14)
#108    RenderCustomPaint.performLayout (package:flutter/src/rendering/custom_paint.dart:554:11)
#109    RenderObject.layout (package:flutter/src/rendering/object.dart:2395:7)
#110    RenderBox.layout (package:flutter/src/rendering/box.dart:2386:11)
#111    RenderProxyBoxMixin.performLayout (package:flutter/src/rendering/proxy_box.dart:122:14)
#112    RenderObject.layout (package:flutter/src/rendering/object.dart:2395:7)
#113    RenderBox.layout (package:flutter/src/rendering/box.dart:2386:11)
#114    RenderPadding.performLayout (package:flutter/src/rendering/shifted_box.dart:238:12)
#115    RenderObject.layout (package:flutter/src/rendering/object.dart:2395:7)
#116    RenderBox.layout (package:flutter/src/rendering/box.dart:2386:11)
#117    MultiChildLayoutDelegate.layoutChild (package:flutter/src/rendering/custom_layout.dart:171:12)
#118    _ScaffoldLayout.performLayout (package:flutter/src/material/scaffold.dart:1056:7)
#119    MultiChildLayoutDelegate._callPerformLayout (package:flutter/src/rendering/custom_layout.dart:235:7)
#120    RenderCustomMultiChildLayoutBox.performLayout (package:flutter/src/rendering/custom_layout.dart:403:14)
#121    RenderObject.layout (package:flutter/src/rendering/object.dart:2395:7)
#122    RenderBox.layout (package:flutter/src/rendering/box.dart:2386:11)
#123    RenderProxyBoxMixin.performLayout (package:flutter/src/rendering/proxy_box.dart:122:14)
#124    RenderObject.layout (package:flutter/src/rendering/object.dart:2395:7)
#125    RenderBox.layout (package:flutter/src/rendering/box.dart:2386:11)
#126    RenderProxyBoxMixin.performLayout (package:flutter/src/rendering/proxy_box.dart:122:14)
#127    _RenderCustomClip.performLayout (package:flutter/src/rendering/proxy_box.dart:1449:11)
#128    RenderObject.layout (package:flutter/src/rendering/object.dart:2395:7)
#129    RenderBox.layout (package:flutter/src/rendering/box.dart:2386:11)
#130    RenderProxyBoxMixin.performLayout (package:flutter/src/rendering/proxy_box.dart:122:14)
#131    RenderObject.layout (package:flutter/src/rendering/object.dart:2395:7)
#132    RenderBox.layout (package:flutter/src/rendering/box.dart:2386:11)
#133    RenderProxyBoxMixin.performLayout (package:flutter/src/rendering/proxy_box.dart:122:14)
#134    RenderObject.layout (package:flutter/src/rendering/object.dart:2395:7)
#135    RenderBox.layout (package:flutter/src/rendering/box.dart:2386:11)
#136    RenderProxyBoxMixin.performLayout (package:flutter/src/rendering/proxy_box.dart:122:14)
#137    RenderObject.layout (package:flutter/src/rendering/object.dart:2395:7)
#138    RenderBox.layout (package:flutter/src/rendering/box.dart:2386:11)
#139    RenderProxyBoxMixin.performLayout (package:flutter/src/rendering/proxy_box.dart:122:14)
#140    RenderObject.layout (package:flutter/src/rendering/object.dart:2395:7)
#141    RenderBox.layout (package:flutter/src/rendering/box.dart:2386:11)
#142    RenderProxyBoxMixin.performLayout (package:flutter/src/rendering/proxy_box.dart:122:14)
#143    RenderObject.layout (package:flutter/src/rendering/object.dart:2395:7)
#144    RenderBox.layout (package:flutter/src/rendering/box.dart:2386:11)
#145    RenderProxyBoxMixin.performLayout (package:flutter/src/rendering/proxy_box.dart:122:14)
#146    RenderObject.layout (package:flutter/src/rendering/object.dart:2395:7)
#147    RenderBox.layout (package:flutter/src/rendering/box.dart:2386:11)
#148    RenderProxyBoxMixin.performLayout (package:flutter/src/rendering/proxy_box.dart:122:14)
#149    RenderObject.layout (package:flutter/src/rendering/object.dart:2395:7)
#150    RenderBox.layout (package:flutter/src/rendering/box.dart:2386:11)
#151    RenderProxyBoxMixin.performLayout (package:flutter/src/rendering/proxy_box.dart:122:14)
#152    RenderObject.layout (package:flutter/src/rendering/object.dart:2395:7)
#153    RenderBox.layout (package:flutter/src/rendering/box.dart:2386:11)
#154    RenderProxyBoxMixin.performLayout (package:flutter/src/rendering/proxy_box.dart:122:14)
#155    RenderObject.layout (package:flutter/src/rendering/object.dart:2395:7)
#156    RenderBox.layout (package:flutter/src/rendering/box.dart:2386:11)
#157    RenderProxyBoxMixin.performLayout (package:flutter/src/rendering/proxy_box.dart:122:14)
#158    RenderOffstage.performLayout (package:flutter/src/rendering/proxy_box.dart:3751:13)
#159    RenderObject.layout (package:flutter/src/rendering/object.dart:2395:7)
#160    RenderBox.layout (package:flutter/src/rendering/box.dart:2386:11)
#161    RenderProxyBoxMixin.performLayout (package:flutter/src/rendering/proxy_box.dart:122:14)
#162    RenderObject.layout (package:flutter/src/rendering/object.dart:2395:7)
#163    RenderBox.layout (package:flutter/src/rendering/box.dart:2386:11)
#164    _RenderTheaterMixin.performLayout (package:flutter/src/widgets/overlay.dart:832:15)
#165    RenderObject.layout (package:flutter/src/rendering/object.dart:2395:7)
#166    RenderBox.layout (package:flutter/src/rendering/box.dart:2386:11)
#167    RenderProxyBoxMixin.performLayout (package:flutter/src/rendering/proxy_box.dart:122:14)
#168    RenderObject.layout (package:flutter/src/rendering/object.dart:2395:7)
#169    RenderBox.layout (package:flutter/src/rendering/box.dart:2386:11)
#170    RenderProxyBoxMixin.performLayout (package:flutter/src/rendering/proxy_box.dart:122:14)
#171    RenderObject.layout (package:flutter/src/rendering/object.dart:2395:7)
#172    RenderBox.layout (package:flutter/src/rendering/box.dart:2386:11)
#173    RenderProxyBoxMixin.performLayout (package:flutter/src/rendering/proxy_box.dart:122:14)
#174    RenderObject.layout (package:flutter/src/rendering/object.dart:2395:7)
#175    RenderBox.layout (package:flutter/src/rendering/box.dart:2386:11)
#176    RenderProxyBoxMixin.performLayout (package:flutter/src/rendering/proxy_box.dart:122:14)
#177    RenderCustomPaint.performLayout (package:flutter/src/rendering/custom_paint.dart:554:11)
#178    RenderObject.layout (package:flutter/src/rendering/object.dart:2395:7)
#179    RenderBox.layout (package:flutter/src/rendering/box.dart:2386:11)
#180    RenderProxyBoxMixin.performLayout (package:flutter/src/rendering/proxy_box.dart:122:14)
#181    RenderObject.layout (package:flutter/src/rendering/object.dart:2395:7)
#182    RenderBox.layout (package:flutter/src/rendering/box.dart:2386:11)
#183    RenderProxyBoxMixin.performLayout (package:flutter/src/rendering/proxy_box.dart:122:14)
#184    RenderObject.layout (package:flutter/src/rendering/object.dart:2395:7)
#185    RenderBox.layout (package:flutter/src/rendering/box.dart:2386:11)
#186    RenderProxyBoxMixin.performLayout (package:flutter/src/rendering/proxy_box.dart:122:14)
#187    RenderObject.layout (package:flutter/src/rendering/object.dart:2395:7)
#188    RenderBox.layout (package:flutter/src/rendering/box.dart:2386:11)
#189    RenderProxyBoxMixin.performLayout (package:flutter/src/rendering/proxy_box.dart:122:14)
#190    RenderObject.layout (package:flutter/src/rendering/object.dart:2395:7)
#191    RenderBox.layout (package:flutter/src/rendering/box.dart:2386:11)
#192    RenderProxyBoxMixin.performLayout (package:flutter/src/rendering/proxy_box.dart:122:14)
#193    RenderObject.layout (package:flutter/src/rendering/object.dart:2395:7)
#194    RenderBox.layout (package:flutter/src/rendering/box.dart:2386:11)
#195    RenderProxyBoxMixin.performLayout (package:flutter/src/rendering/proxy_box.dart:122:14)
#196    RenderObject.layout (package:flutter/src/rendering/object.dart:2395:7)
#197    RenderBox.layout (package:flutter/src/rendering/box.dart:2386:11)
#198    RenderView.performLayout (package:flutter/src/rendering/view.dart:173:14)
#199    RenderObject._layoutWithoutResize (package:flutter/src/rendering/object.dart:2234:7)
#200    PipelineOwner.flushLayout (package:flutter/src/rendering/object.dart:1016:18)
#201    AutomatedTestWidgetsFlutterBinding.drawFrame (package:flutter_test/src/binding.dart:1388:23)
#202    RendererBinding._handlePersistentFrameCallback (package:flutter/src/rendering/binding.dart:358:5)
#203    SchedulerBinding._invokeFrameCallback (package:flutter/src/scheduler/binding.dart:1284:15)
#204    SchedulerBinding.handleDrawFrame (package:flutter/src/scheduler/binding.dart:1214:9)
#205    AutomatedTestWidgetsFlutterBinding.pump.<anonymous closure> (package:flutter_test/src/binding.dart:1236:9)
#208    TestAsyncUtils.guard (package:flutter_test/src/test_async_utils.dart:68:41)
#209    AutomatedTestWidgetsFlutterBinding.pump (package:flutter_test/src/binding.dart:1222:27)
#210    WidgetTester._pumpWidget (package:flutter_test/src/widget_tester.dart:592:20)
#211    WidgetTester.pumpWidget.<anonymous closure> (package:flutter_test/src/widget_tester.dart:577:14)
#214    TestAsyncUtils.guard (package:flutter_test/src/test_async_utils.dart:68:41)
#215    WidgetTester.pumpWidget (package:flutter_test/src/widget_tester.dart:576:27)
#216    main.<anonymous closure>.<anonymous closure> (file:///C:/dev/AstroYorumAI/test/screens/birth_info_screen_fixed_final_test.dart:209:20)
#217    testWidgets.<anonymous closure>.<anonymous closure> (package:flutter_test/src/widget_tester.dart:170:29)
<asynchronous suspension>
<asynchronous suspension>
(elided 5 frames from dart:async and package:stack_trace)

ÔòÉÔòÉÔòÉÔòÉÔòÉÔòÉÔòÉÔòÉÔòÉÔòÉÔòÉÔòÉÔòÉÔòÉÔòÉÔòÉÔòÉÔòÉÔòÉÔòÉÔòÉÔòÉÔòÉÔòÉÔòÉÔòÉÔòÉÔòÉÔòÉÔòÉÔòÉÔòÉÔòÉÔòÉÔòÉÔòÉÔòÉÔòÉÔòÉÔòÉÔòÉÔòÉÔòÉÔòÉÔòÉÔòÉÔòÉÔòÉÔòÉÔòÉÔòÉÔòÉÔòÉÔòÉÔòÉÔòÉÔòÉÔòÉÔòÉÔòÉÔòÉÔòÉÔòÉÔòÉÔòÉÔòÉÔòÉÔòÉÔòÉÔòÉÔòÉÔòÉÔòÉÔòÉÔòÉÔòÉÔòÉÔòÉÔòÉÔòÉÔòÉÔòÉÔòÉÔòÉÔòÉÔòÉÔòÉÔòÉÔòÉÔòÉÔòÉÔòÉÔòÉÔòÉÔòÉÔòÉÔòÉÔòÉÔòÉÔòÉ
ÔòÉÔòÉÔòí EXCEPTION CAUGHT BY FLUTTER TEST FRAMEWORK ÔòŞÔòÉÔòÉÔòÉÔòÉÔòÉÔòÉÔòÉÔòÉÔòÉÔòÉÔòÉÔòÉÔòÉÔòÉÔòÉÔòÉÔòÉÔòÉÔòÉÔòÉÔòÉÔòÉÔòÉÔòÉÔòÉÔòÉÔòÉÔòÉÔòÉÔòÉÔòÉÔòÉÔòÉÔòÉÔòÉÔòÉÔòÉÔòÉÔòÉÔòÉÔòÉÔòÉÔòÉÔòÉÔòÉÔòÉÔòÉÔòÉÔòÉÔòÉÔòÉÔòÉ
The following StateError was thrown running a test:
Bad state: No element

When the exception was thrown, this was the stack:
#0      Iterable.single (dart:core/iterable.dart:670:25)
#1      WidgetController.state (package:flutter_test/src/controller.dart:436:42)
#2      WidgetTester.showKeyboard.<anonymous closure> (package:flutter_test/src/widget_tester.dart:1095:42)
#5      TestAsyncUtils.guard (package:flutter_test/src/test_async_utils.dart:68:41)
#6      WidgetTester.showKeyboard (package:flutter_test/src/widget_tester.dart:1094:27)
#7      WidgetTester.enterText.<anonymous closure> (package:flutter_test/src/widget_tester.dart:1130:13)
#10     TestAsyncUtils.guard (package:flutter_test/src/test_async_utils.dart:68:41)
#11     WidgetTester.enterText (package:flutter_test/src/widget_tester.dart:1129:27)
#12     main.<anonymous closure>.<anonymous closure> (file:///C:/dev/AstroYorumAI/test/screens/birth_info_screen_fixed_final_test.dart:219:20)
<asynchronous suspension>
<asynchronous suspension>
(elided 5 frames from dart:async and package:stack_trace)

The test description was:
  successfully submits valid form without geocoding
ÔòÉÔòÉÔòÉÔòÉÔòÉÔòÉÔòÉÔòÉÔòÉÔòÉÔòÉÔòÉÔòÉÔòÉÔòÉÔòÉÔòÉÔòÉÔòÉÔòÉÔòÉÔòÉÔòÉÔòÉÔòÉÔòÉÔòÉÔòÉÔòÉÔòÉÔòÉÔòÉÔòÉÔòÉÔòÉÔòÉÔòÉÔòÉÔòÉÔòÉÔòÉÔòÉÔòÉÔòÉÔòÉÔòÉÔòÉÔòÉÔòÉÔòÉÔòÉÔòÉÔòÉÔòÉÔòÉÔòÉÔòÉÔòÉÔòÉÔòÉÔòÉÔòÉÔòÉÔòÉÔòÉÔòÉÔòÉÔòÉÔòÉÔòÉÔòÉÔòÉÔòÉÔòÉÔòÉÔòÉÔòÉÔòÉÔòÉÔòÉÔòÉÔòÉÔòÉÔòÉÔòÉÔòÉÔòÉÔòÉÔòÉÔòÉÔòÉÔòÉÔòÉÔòÉÔòÉÔòÉÔòÉÔòÉÔòÉÔòÉ
ÔòÉÔòÉÔòí EXCEPTION CAUGHT BY FLUTTER TEST FRAMEWORK ÔòŞÔòÉÔòÉÔòÉÔòÉÔòÉÔòÉÔòÉÔòÉÔòÉÔòÉÔòÉÔòÉÔòÉÔòÉÔòÉÔòÉÔòÉÔòÉÔòÉÔòÉÔòÉÔòÉÔòÉÔòÉÔòÉÔòÉÔòÉÔòÉÔòÉÔòÉÔòÉÔòÉÔòÉÔòÉÔòÉÔòÉÔòÉÔòÉÔòÉÔòÉÔòÉÔòÉÔòÉÔòÉÔòÉÔòÉÔòÉÔòÉÔòÉÔòÉÔòÉÔòÉ
The following message was thrown:
Multiple exceptions (4) were detected during the running of the current test, and at least one was
unexpected.
ÔòÉÔòÉÔòÉÔòÉÔòÉÔòÉÔòÉÔòÉÔòÉÔòÉÔòÉÔòÉÔòÉÔòÉÔòÉÔòÉÔòÉÔòÉÔòÉÔòÉÔòÉÔòÉÔòÉÔòÉÔòÉÔòÉÔòÉÔòÉÔòÉÔòÉÔòÉÔòÉÔòÉÔòÉÔòÉÔòÉÔòÉÔòÉÔòÉÔòÉÔòÉÔòÉÔòÉÔòÉÔòÉÔòÉÔòÉÔòÉÔòÉÔòÉÔòÉÔòÉÔòÉÔòÉÔòÉÔòÉÔòÉÔòÉÔòÉÔòÉÔòÉÔòÉÔòÉÔòÉÔòÉÔòÉÔòÉÔòÉÔòÉÔòÉÔòÉÔòÉÔòÉÔòÉÔòÉÔòÉÔòÉÔòÉÔòÉÔòÉÔòÉÔòÉÔòÉÔòÉÔòÉÔòÉÔòÉÔòÉÔòÉÔòÉÔòÉÔòÉÔòÉÔòÉÔòÉÔòÉÔòÉÔòÉÔòÉÔòÉ
00:03 +22 -12: C:/dev/AstroYorumAI/test/screens/birth_info_screen_debug_test.dart: BirthInfoScreen Debug Tests debug validation behavior
00:03 +22 -12: C:/dev/AstroYorumAI/test/screens/birth_info_screen_fixed_final_test.dart: BirthInfoScreen Fixed Tests successfully submits valid form without geocoding [E]
  Test failed. See exception logs above.
  The test description was: successfully submits valid form without geocoding
  
00:03 +23 -12: C:/dev/AstroYorumAI/test/screens/birth_info_screen_debug_test.dart: BirthInfoScreen Debug Tests debug validation behavior
Text widget 2: "Tarih Se├ğ"
Text widget 3: "Do─şum Saati Se├ğilmedi"
Text widget 4: "Saat Se├ğ"
Text widget 5: "Do─şum Yeri (┼Şehir, ├£lke)"
Text widget 6: "├ûrn: Ankara, T├╝rkiye (─░ste─şe ba─şl─▒)"
Text widget 7: "Do─şum yerini girerseniz, enlem ve boylam otomatik olarak doldurulmaya ├ğal─▒┼ş─▒lacakt─▒r. Dilerseniz bu alanlar─▒ manuel olarak da girebilir veya d├╝zeltebilirsiniz."
Text widget 8: "Enlem (Latitude)"
Text widget 9: "├ûrn: 39.925533"
Text widget 10: "Boylam (Longitude)"
Text widget 11: "├ûrn: 32.866287"
Text widget 12: "Natal Haritam─▒ Hesapla"
Text widget 13: "Do─şum Bilgilerini Girin"
Found validation text: 1
00:03 +24 -12: C:/dev/AstroYorumAI/test/screens/birth_info_screen_fixed_test.dart: BirthInfoScreen Fixed Tests validates latitude field correctly
00:03 +24 -12: C:/dev/AstroYorumAI/test/screens/birth_info_screen_fixed_final_test.dart: BirthInfoScreen Fixed Tests handles form validation error display gracefully
ÔòÉÔòÉÔòí EXCEPTION CAUGHT BY WIDGETS ÔòŞÔòÉÔòÉÔòÉÔòÉÔòÉÔòÉÔòÉÔòÉÔòÉÔòÉÔòÉÔòÉÔòÉÔòÉÔòÉÔòÉÔòÉÔòÉÔòÉÔòÉÔòÉÔòÉÔòÉÔòÉÔòÉÔòÉÔòÉÔòÉÔòÉÔòÉÔòÉÔòÉÔòÉÔòÉÔòÉÔòÉÔòÉÔòÉÔòÉÔòÉÔòÉÔòÉÔòÉÔòÉÔòÉÔòÉÔòÉÔòÉÔòÉÔòÉÔòÉÔòÉÔòÉÔòÉÔòÉÔòÉÔòÉÔòÉÔòÉÔòÉÔòÉÔòÉÔòÉÔòÉÔòÉÔòÉÔòÉ
The following message was thrown:
Warning: This application's locale, tr_TR, is not supported by all of its localization delegates.

ÔÇó A MaterialLocalizations delegate that supports the tr_TR locale was not found.
ÔÇó A CupertinoLocalizations delegate that supports the tr_TR locale was not found.

The declared supported locales for this app are: tr_TR

See https://flutter.dev/tutorials/internationalization/ for more information about configuring an
app's locale, supportedLocales, and localizationsDelegates parameters.
ÔòÉÔòÉÔòÉÔòÉÔòÉÔòÉÔòÉÔòÉÔòÉÔòÉÔòÉÔòÉÔòÉÔòÉÔòÉÔòÉÔòÉÔòÉÔòÉÔòÉÔòÉÔòÉÔòÉÔòÉÔòÉÔòÉÔòÉÔòÉÔòÉÔòÉÔòÉÔòÉÔòÉÔòÉÔòÉÔòÉÔòÉÔòÉÔòÉÔòÉÔòÉÔòÉÔòÉÔòÉÔòÉÔòÉÔòÉÔòÉÔòÉÔòÉÔòÉÔòÉÔòÉÔòÉÔòÉÔòÉÔòÉÔòÉÔòÉÔòÉÔòÉÔòÉÔòÉÔòÉÔòÉÔòÉÔòÉÔòÉÔòÉÔòÉÔòÉÔòÉÔòÉÔòÉÔòÉÔòÉÔòÉÔòÉÔòÉÔòÉÔòÉÔòÉÔòÉÔòÉÔòÉÔòÉÔòÉÔòÉÔòÉÔòÉÔòÉÔòÉÔòÉÔòÉÔòÉÔòÉÔòÉÔòÉÔòÉÔòÉ
ÔòÉÔòÉÔòí EXCEPTION CAUGHT BY WIDGETS LIBRARY ÔòŞÔòÉÔòÉÔòÉÔòÉÔòÉÔòÉÔòÉÔòÉÔòÉÔòÉÔòÉÔòÉÔòÉÔòÉÔòÉÔòÉÔòÉÔòÉÔòÉÔòÉÔòÉÔòÉÔòÉÔòÉÔòÉÔòÉÔòÉÔòÉÔòÉÔòÉÔòÉÔòÉÔòÉÔòÉÔòÉÔòÉÔòÉÔòÉÔòÉÔòÉÔòÉÔòÉÔòÉÔòÉÔòÉÔòÉÔòÉÔòÉÔòÉÔòÉÔòÉÔòÉÔòÉÔòÉÔòÉÔòÉÔòÉÔòÉÔòÉ
The following assertion was thrown building AppBar(dirty, dependencies:
[_LocalizationsScope-[GlobalKey#e9cfb], _ScrollNotificationObserverScope], state:
_AppBarState#6de32):
No MaterialLocalizations found.
AppBar widgets require MaterialLocalizations to be provided by a Localizations widget ancestor.
The material library uses Localizations to generate messages, labels, and abbreviations.
To introduce a MaterialLocalizations, either use a MaterialApp at the root of your application to
include them automatically, or add a Localization widget with a MaterialLocalizations delegate.
The specific widget that could not find a MaterialLocalizations ancestor was:
  AppBar
The ancestors of this widget were:
  ...
  FlexibleSpaceBarSettings
  ConstrainedBox
  MediaQuery
  LayoutId-[<_ScaffoldSlot.appBar>]
  CustomMultiChildLayout
  ...

The relevant error-causing widget was:
  AppBar AppBar:file:///C:/dev/AstroYorumAI/lib/screens/birth_info_screen.dart:315:15

When the exception was thrown, this was the stack:
#0      debugCheckHasMaterialLocalizations.<anonymous closure> (package:flutter/src/material/debug.dart:93:7)
#1      debugCheckHasMaterialLocalizations (package:flutter/src/material/debug.dart:113:4)
#2      _AppBarState.build (package:flutter/src/material/app_bar.dart:813:12)
#3      StatefulElement.build (package:flutter/src/widgets/framework.dart:5198:27)
#4      ComponentElement.performRebuild (package:flutter/src/widgets/framework.dart:5086:15)
#5      StatefulElement.performRebuild (package:flutter/src/widgets/framework.dart:5251:11)
#6      Element.rebuild (package:flutter/src/widgets/framework.dart:4805:7)
#7      ComponentElement._firstBuild (package:flutter/src/widgets/framework.dart:5068:5)
#8      StatefulElement._firstBuild (package:flutter/src/widgets/framework.dart:5242:11)
#9      ComponentElement.mount (package:flutter/src/widgets/framework.dart:5062:5)
...     Normal element mounting (22 frames)
#31     Element.inflateWidget (package:flutter/src/widgets/framework.dart:3971:16)
#32     MultiChildRenderObjectElement.inflateWidget (package:flutter/src/widgets/framework.dart:6570:36)
#33     MultiChildRenderObjectElement.mount (package:flutter/src/widgets/framework.dart:6582:32)
...     Normal element mounting (332 frames)
#365    Element.inflateWidget (package:flutter/src/widgets/framework.dart:3971:16)
#366    MultiChildRenderObjectElement.inflateWidget (package:flutter/src/widgets/framework.dart:6570:36)
#367    MultiChildRenderObjectElement.mount (package:flutter/src/widgets/framework.dart:6582:32)
...     Normal element mounting (435 frames)
#802    Element.inflateWidget (package:flutter/src/widgets/framework.dart:3971:16)
#803    Element.updateChild (package:flutter/src/widgets/framework.dart:3702:20)
#804    ComponentElement.performRebuild (package:flutter/src/widgets/framework.dart:5111:16)
#805    Element.rebuild (package:flutter/src/widgets/framework.dart:4805:7)
#806    ProxyElement.update (package:flutter/src/widgets/framework.dart:5417:5)
#807    Element.updateChild (package:flutter/src/widgets/framework.dart:3686:15)
#808    ComponentElement.performRebuild (package:flutter/src/widgets/framework.dart:5111:16)
#809    StatefulElement.performRebuild (package:flutter/src/widgets/framework.dart:5251:11)
#810    Element.rebuild (package:flutter/src/widgets/framework.dart:4805:7)
#811    StatefulElement.update (package:flutter/src/widgets/framework.dart:5274:5)
#812    Element.updateChild (package:flutter/src/widgets/framework.dart:3686:15)
#813    ComponentElement.performRebuild (package:flutter/src/widgets/framework.dart:5111:16)
#814    Element.rebuild (package:flutter/src/widgets/framework.dart:4805:7)
#815    ProxyElement.update (package:flutter/src/widgets/framework.dart:5417:5)
#816    Element.updateChild (package:flutter/src/widgets/framework.dart:3686:15)
#817    ComponentElement.performRebuild (package:flutter/src/widgets/framework.dart:5111:16)
#818    Element.rebuild (package:flutter/src/widgets/framework.dart:4805:7)
#819    StatelessElement.update (package:flutter/src/widgets/framework.dart:5162:5)
#820    Element.updateChild (package:flutter/src/widgets/framework.dart:3686:15)
#821    RenderObjectToWidgetElement._rebuild (package:flutter/src/widgets/binding.dart:1240:16)
#822    RenderObjectToWidgetElement.update (package:flutter/src/widgets/binding.dart:1217:5)
#823    RenderObjectToWidgetElement.performRebuild (package:flutter/src/widgets/binding.dart:1231:7)
#824    Element.rebuild (package:flutter/src/widgets/framework.dart:4805:7)
#825    BuildOwner.buildScope (package:flutter/src/widgets/framework.dart:2780:19)
#826    AutomatedTestWidgetsFlutterBinding.drawFrame (package:flutter_test/src/binding.dart:1386:19)
#827    RendererBinding._handlePersistentFrameCallback (package:flutter/src/rendering/binding.dart:358:5)
#828    SchedulerBinding._invokeFrameCallback (package:flutter/src/scheduler/binding.dart:1284:15)
#829    SchedulerBinding.handleDrawFrame (package:flutter/src/scheduler/binding.dart:1214:9)
#830    AutomatedTestWidgetsFlutterBinding.pump.<anonymous closure> (package:flutter_test/src/binding.dart:1236:9)
#833    TestAsyncUtils.guard (package:flutter_test/src/test_async_utils.dart:68:41)
#834    AutomatedTestWidgetsFlutterBinding.pump (package:flutter_test/src/binding.dart:1222:27)
#835    WidgetTester._pumpWidget (package:flutter_test/src/widget_tester.dart:592:20)
#836    WidgetTester.pumpWidget.<anonymous closure> (package:flutter_test/src/widget_tester.dart:577:14)
#839    TestAsyncUtils.guard (package:flutter_test/src/test_async_utils.dart:68:41)
#840    WidgetTester.pumpWidget (package:flutter_test/src/widget_tester.dart:576:27)
#841    main.<anonymous closure>.<anonymous closure> (file:///C:/dev/AstroYorumAI/test/screens/birth_info_screen_fixed_final_test.dart:262:20)
#842    testWidgets.<anonymous closure>.<anonymous closure> (package:flutter_test/src/widget_tester.dart:170:29)
<asynchronous suspension>
<asynchronous suspension>
(elided 5 frames from dart:async and package:stack_trace)

ÔòÉÔòÉÔòÉÔòÉÔòÉÔòÉÔòÉÔòÉÔòÉÔòÉÔòÉÔòÉÔòÉÔòÉÔòÉÔòÉÔòÉÔòÉÔòÉÔòÉÔòÉÔòÉÔòÉÔòÉÔòÉÔòÉÔòÉÔòÉÔòÉÔòÉÔòÉÔòÉÔòÉÔòÉÔòÉÔòÉÔòÉÔòÉÔòÉÔòÉÔòÉÔòÉÔòÉÔòÉÔòÉÔòÉÔòÉÔòÉÔòÉÔòÉÔòÉÔòÉÔòÉÔòÉÔòÉÔòÉÔòÉÔòÉÔòÉÔòÉÔòÉÔòÉÔòÉÔòÉÔòÉÔòÉÔòÉÔòÉÔòÉÔòÉÔòÉÔòÉÔòÉÔòÉÔòÉÔòÉÔòÉÔòÉÔòÉÔòÉÔòÉÔòÉÔòÉÔòÉÔòÉÔòÉÔòÉÔòÉÔòÉÔòÉÔòÉÔòÉÔòÉÔòÉÔòÉÔòÉÔòÉÔòÉÔòÉÔòÉ
ÔòÉÔòÉÔòí EXCEPTION CAUGHT BY WIDGETS LIBRARY ÔòŞÔòÉÔòÉÔòÉÔòÉÔòÉÔòÉÔòÉÔòÉÔòÉÔòÉÔòÉÔòÉÔòÉÔòÉÔòÉÔòÉÔòÉÔòÉÔòÉÔòÉÔòÉÔòÉÔòÉÔòÉÔòÉÔòÉÔòÉÔòÉÔòÉÔòÉÔòÉÔòÉÔòÉÔòÉÔòÉÔòÉÔòÉÔòÉÔòÉÔòÉÔòÉÔòÉÔòÉÔòÉÔòÉÔòÉÔòÉÔòÉÔòÉÔòÉÔòÉÔòÉÔòÉÔòÉÔòÉÔòÉÔòÉÔòÉÔòÉ
The following assertion was thrown building TextField(controller:
TextEditingController#95276(TextEditingValue(text: ÔöñÔö£, selection: TextSelection.invalid, composing:
TextRange(start: -1, end: -1))), enabled: true, decoration: InputDecoration(labelText: "Ad Soyad",
floatingLabelBehavior: FloatingLabelBehavior.auto, floatingLabelAlignment:
FloatingLabelAlignment.start, alignLabelWithHint: false), dirty, dependencies: [MediaQuery,
UnmanagedRestorationScope, _LocalizationsScope-[GlobalKey#e9cfb]], state: _TextFieldState#891f3):
No MaterialLocalizations found.
TextField widgets require MaterialLocalizations to be provided by a Localizations widget ancestor.
The material library uses Localizations to generate messages, labels, and abbreviations.
To introduce a MaterialLocalizations, either use a MaterialApp at the root of your application to
include them automatically, or add a Localization widget with a MaterialLocalizations delegate.
The specific widget that could not find a MaterialLocalizations ancestor was:
  TextField
The ancestors of this widget were:
  ...
  UnmanagedRestorationScope
  TextFormField-[<'name_field'>]
  RepaintBoundary
  IndexedSemantics
  _SelectionKeepAlive
  ...

The relevant error-causing widget was:
  TextFormField-[<'name_field'>]
  TextFormField:file:///C:/dev/AstroYorumAI/lib/screens/birth_info_screen.dart:325:46

When the exception was thrown, this was the stack:
#0      debugCheckHasMaterialLocalizations.<anonymous closure> (package:flutter/src/material/debug.dart:93:7)
#1      debugCheckHasMaterialLocalizations (package:flutter/src/material/debug.dart:113:4)
#2      _TextFieldState.build (package:flutter/src/material/text_field.dart:1234:12)
#3      StatefulElement.build (package:flutter/src/widgets/framework.dart:5198:27)
#4      ComponentElement.performRebuild (package:flutter/src/widgets/framework.dart:5086:15)
#5      StatefulElement.performRebuild (package:flutter/src/widgets/framework.dart:5251:11)
#6      Element.rebuild (package:flutter/src/widgets/framework.dart:4805:7)
#7      ComponentElement._firstBuild (package:flutter/src/widgets/framework.dart:5068:5)
#8      StatefulElement._firstBuild (package:flutter/src/widgets/framework.dart:5242:11)
#9      ComponentElement.mount (package:flutter/src/widgets/framework.dart:5062:5)
...     Normal element mounting (55 frames)
#64     Element.inflateWidget (package:flutter/src/widgets/framework.dart:3971:16)
#65     Element.updateChild (package:flutter/src/widgets/framework.dart:3708:18)
#66     SliverMultiBoxAdaptorElement.updateChild (package:flutter/src/widgets/sliver.dart:857:37)
#67     SliverMultiBoxAdaptorElement.createChild.<anonymous closure> (package:flutter/src/widgets/sliver.dart:842:20)
#68     BuildOwner.buildScope (package:flutter/src/widgets/framework.dart:2720:19)
#69     SliverMultiBoxAdaptorElement.createChild (package:flutter/src/widgets/sliver.dart:834:12)
#70     RenderSliverMultiBoxAdaptor._createOrObtainChild.<anonymous closure> (package:flutter/src/rendering/sliver_multi_box_adaptor.dart:351:23)
#71     RenderObject.invokeLayoutCallback.<anonymous closure> (package:flutter/src/rendering/object.dart:2506:59)
#72     PipelineOwner._enableMutationsToDirtySubtrees (package:flutter/src/rendering/object.dart:1062:15)
#73     RenderObject.invokeLayoutCallback (package:flutter/src/rendering/object.dart:2506:14)
#74     RenderSliverMultiBoxAdaptor._createOrObtainChild (package:flutter/src/rendering/sliver_multi_box_adaptor.dart:340:5)
#75     RenderSliverMultiBoxAdaptor.addInitialChild (package:flutter/src/rendering/sliver_multi_box_adaptor.dart:426:5)
#76     RenderSliverList.performLayout (package:flutter/src/rendering/sliver_list.dart:79:12)
#77     RenderObject.layout (package:flutter/src/rendering/object.dart:2395:7)
#78     RenderSliverEdgeInsetsPadding.performLayout (package:flutter/src/rendering/sliver_padding.dart:139:12)
#79     RenderSliverPadding.performLayout (package:flutter/src/rendering/sliver_padding.dart:361:11)
#80     RenderObject.layout (package:flutter/src/rendering/object.dart:2395:7)
#81     RenderViewportBase.layoutChildSequence (package:flutter/src/rendering/viewport.dart:534:13)
#82     RenderViewport._attemptLayout (package:flutter/src/rendering/viewport.dart:1511:12)
#83     RenderViewport.performLayout (package:flutter/src/rendering/viewport.dart:1420:20)
#84     RenderObject.layout (package:flutter/src/rendering/object.dart:2395:7)
#85     RenderBox.layout (package:flutter/src/rendering/box.dart:2386:11)
#86     RenderProxyBoxMixin.performLayout (package:flutter/src/rendering/proxy_box.dart:122:14)
#87     RenderObject.layout (package:flutter/src/rendering/object.dart:2395:7)
#88     RenderBox.layout (package:flutter/src/rendering/box.dart:2386:11)
#89     RenderProxyBoxMixin.performLayout (package:flutter/src/rendering/proxy_box.dart:122:14)
#90     RenderObject.layout (package:flutter/src/rendering/object.dart:2395:7)
#91     RenderBox.layout (package:flutter/src/rendering/box.dart:2386:11)
#92     RenderProxyBoxMixin.performLayout (package:flutter/src/rendering/proxy_box.dart:122:14)
#93     RenderObject.layout (package:flutter/src/rendering/object.dart:2395:7)
#94     RenderBox.layout (package:flutter/src/rendering/box.dart:2386:11)
#95     RenderProxyBoxMixin.performLayout (package:flutter/src/rendering/proxy_box.dart:122:14)
#96     RenderObject.layout (package:flutter/src/rendering/object.dart:2395:7)
#97     RenderBox.layout (package:flutter/src/rendering/box.dart:2386:11)
#98     RenderProxyBoxMixin.performLayout (package:flutter/src/rendering/proxy_box.dart:122:14)
#99     RenderObject.layout (package:flutter/src/rendering/object.dart:2395:7)
#100    RenderBox.layout (package:flutter/src/rendering/box.dart:2386:11)
#101    RenderProxyBoxMixin.performLayout (package:flutter/src/rendering/proxy_box.dart:122:14)
#102    RenderObject.layout (package:flutter/src/rendering/object.dart:2395:7)
#103    RenderBox.layout (package:flutter/src/rendering/box.dart:2386:11)
#104    RenderProxyBoxMixin.performLayout (package:flutter/src/rendering/proxy_box.dart:122:14)
#105    RenderObject.layout (package:flutter/src/rendering/object.dart:2395:7)
#106    RenderBox.layout (package:flutter/src/rendering/box.dart:2386:11)
#107    RenderProxyBoxMixin.performLayout (package:flutter/src/rendering/proxy_box.dart:122:14)
#108    RenderCustomPaint.performLayout (package:flutter/src/rendering/custom_paint.dart:554:11)
#109    RenderObject.layout (package:flutter/src/rendering/object.dart:2395:7)
#110    RenderBox.layout (package:flutter/src/rendering/box.dart:2386:11)
#111    RenderProxyBoxMixin.performLayout (package:flutter/src/rendering/proxy_box.dart:122:14)
#112    RenderObject.layout (package:flutter/src/rendering/object.dart:2395:7)
#113    RenderBox.layout (package:flutter/src/rendering/box.dart:2386:11)
#114    RenderPadding.performLayout (package:flutter/src/rendering/shifted_box.dart:238:12)
#115    RenderObject.layout (package:flutter/src/rendering/object.dart:2395:7)
#116    RenderBox.layout (package:flutter/src/rendering/box.dart:2386:11)
#117    MultiChildLayoutDelegate.layoutChild (package:flutter/src/rendering/custom_layout.dart:171:12)
#118    _ScaffoldLayout.performLayout (package:flutter/src/material/scaffold.dart:1056:7)
#119    MultiChildLayoutDelegate._callPerformLayout (package:flutter/src/rendering/custom_layout.dart:235:7)
#120    RenderCustomMultiChildLayoutBox.performLayout (package:flutter/src/rendering/custom_layout.dart:403:14)
#121    RenderObject.layout (package:flutter/src/rendering/object.dart:2395:7)
#122    RenderBox.layout (package:flutter/src/rendering/box.dart:2386:11)
#123    RenderProxyBoxMixin.performLayout (package:flutter/src/rendering/proxy_box.dart:122:14)
#124    RenderObject.layout (package:flutter/src/rendering/object.dart:2395:7)
#125    RenderBox.layout (package:flutter/src/rendering/box.dart:2386:11)
#126    RenderProxyBoxMixin.performLayout (package:flutter/src/rendering/proxy_box.dart:122:14)
#127    _RenderCustomClip.performLayout (package:flutter/src/rendering/proxy_box.dart:1449:11)
#128    RenderObject.layout (package:flutter/src/rendering/object.dart:2395:7)
#129    RenderBox.layout (package:flutter/src/rendering/box.dart:2386:11)
#130    RenderProxyBoxMixin.performLayout (package:flutter/src/rendering/proxy_box.dart:122:14)
#131    RenderObject.layout (package:flutter/src/rendering/object.dart:2395:7)
#132    RenderBox.layout (package:flutter/src/rendering/box.dart:2386:11)
#133    RenderProxyBoxMixin.performLayout (package:flutter/src/rendering/proxy_box.dart:122:14)
#134    RenderObject.layout (package:flutter/src/rendering/object.dart:2395:7)
#135    RenderBox.layout (package:flutter/src/rendering/box.dart:2386:11)
#136    RenderProxyBoxMixin.performLayout (package:flutter/src/rendering/proxy_box.dart:122:14)
#137    RenderObject.layout (package:flutter/src/rendering/object.dart:2395:7)
#138    RenderBox.layout (package:flutter/src/rendering/box.dart:2386:11)
#139    RenderProxyBoxMixin.performLayout (package:flutter/src/rendering/proxy_box.dart:122:14)
#140    RenderObject.layout (package:flutter/src/rendering/object.dart:2395:7)
#141    RenderBox.layout (package:flutter/src/rendering/box.dart:2386:11)
#142    RenderProxyBoxMixin.performLayout (package:flutter/src/rendering/proxy_box.dart:122:14)
#143    RenderObject.layout (package:flutter/src/rendering/object.dart:2395:7)
#144    RenderBox.layout (package:flutter/src/rendering/box.dart:2386:11)
#145    RenderProxyBoxMixin.performLayout (package:flutter/src/rendering/proxy_box.dart:122:14)
#146    RenderObject.layout (package:flutter/src/rendering/object.dart:2395:7)
#147    RenderBox.layout (package:flutter/src/rendering/box.dart:2386:11)
#148    RenderProxyBoxMixin.performLayout (package:flutter/src/rendering/proxy_box.dart:122:14)
#149    RenderObject.layout (package:flutter/src/rendering/object.dart:2395:7)
#150    RenderBox.layout (package:flutter/src/rendering/box.dart:2386:11)
#151    RenderProxyBoxMixin.performLayout (package:flutter/src/rendering/proxy_box.dart:122:14)
#152    RenderObject.layout (package:flutter/src/rendering/object.dart:2395:7)
#153    RenderBox.layout (package:flutter/src/rendering/box.dart:2386:11)
#154    RenderProxyBoxMixin.performLayout (package:flutter/src/rendering/proxy_box.dart:122:14)
#155    RenderObject.layout (package:flutter/src/rendering/object.dart:2395:7)
#156    RenderBox.layout (package:flutter/src/rendering/box.dart:2386:11)
#157    RenderProxyBoxMixin.performLayout (package:flutter/src/rendering/proxy_box.dart:122:14)
#158    RenderOffstage.performLayout (package:flutter/src/rendering/proxy_box.dart:3751:13)
#159    RenderObject.layout (package:flutter/src/rendering/object.dart:2395:7)
#160    RenderBox.layout (package:flutter/src/rendering/box.dart:2386:11)
#161    RenderProxyBoxMixin.performLayout (package:flutter/src/rendering/proxy_box.dart:122:14)
#162    RenderObject.layout (package:flutter/src/rendering/object.dart:2395:7)
#163    RenderBox.layout (package:flutter/src/rendering/box.dart:2386:11)
#164    _RenderTheaterMixin.performLayout (package:flutter/src/widgets/overlay.dart:832:15)
#165    RenderObject.layout (package:flutter/src/rendering/object.dart:2395:7)
#166    RenderBox.layout (package:flutter/src/rendering/box.dart:2386:11)
#167    RenderProxyBoxMixin.performLayout (package:flutter/src/rendering/proxy_box.dart:122:14)
#168    RenderObject.layout (package:flutter/src/rendering/object.dart:2395:7)
#169    RenderBox.layout (package:flutter/src/rendering/box.dart:2386:11)
#170    RenderProxyBoxMixin.performLayout (package:flutter/src/rendering/proxy_box.dart:122:14)
#171    RenderObject.layout (package:flutter/src/rendering/object.dart:2395:7)
#172    RenderBox.layout (package:flutter/src/rendering/box.dart:2386:11)
#173    RenderProxyBoxMixin.performLayout (package:flutter/src/rendering/proxy_box.dart:122:14)
#174    RenderObject.layout (package:flutter/src/rendering/object.dart:2395:7)
#175    RenderBox.layout (package:flutter/src/rendering/box.dart:2386:11)
#176    RenderProxyBoxMixin.performLayout (package:flutter/src/rendering/proxy_box.dart:122:14)
#177    RenderCustomPaint.performLayout (package:flutter/src/rendering/custom_paint.dart:554:11)
#178    RenderObject.layout (package:flutter/src/rendering/object.dart:2395:7)
#179    RenderBox.layout (package:flutter/src/rendering/box.dart:2386:11)
#180    RenderProxyBoxMixin.performLayout (package:flutter/src/rendering/proxy_box.dart:122:14)
#181    RenderObject.layout (package:flutter/src/rendering/object.dart:2395:7)
#182    RenderBox.layout (package:flutter/src/rendering/box.dart:2386:11)
#183    RenderProxyBoxMixin.performLayout (package:flutter/src/rendering/proxy_box.dart:122:14)
#184    RenderObject.layout (package:flutter/src/rendering/object.dart:2395:7)
#185    RenderBox.layout (package:flutter/src/rendering/box.dart:2386:11)
#186    RenderProxyBoxMixin.performLayout (package:flutter/src/rendering/proxy_box.dart:122:14)
#187    RenderObject.layout (package:flutter/src/rendering/object.dart:2395:7)
#188    RenderBox.layout (package:flutter/src/rendering/box.dart:2386:11)
#189    RenderProxyBoxMixin.performLayout (package:flutter/src/rendering/proxy_box.dart:122:14)
#190    RenderObject.layout (package:flutter/src/rendering/object.dart:2395:7)
#191    RenderBox.layout (package:flutter/src/rendering/box.dart:2386:11)
#192    RenderProxyBoxMixin.performLayout (package:flutter/src/rendering/proxy_box.dart:122:14)
#193    RenderObject.layout (package:flutter/src/rendering/object.dart:2395:7)
#194    RenderBox.layout (package:flutter/src/rendering/box.dart:2386:11)
#195    RenderProxyBoxMixin.performLayout (package:flutter/src/rendering/proxy_box.dart:122:14)
#196    RenderObject.layout (package:flutter/src/rendering/object.dart:2395:7)
#197    RenderBox.layout (package:flutter/src/rendering/box.dart:2386:11)
#198    RenderView.performLayout (package:flutter/src/rendering/view.dart:173:14)
#199    RenderObject._layoutWithoutResize (package:flutter/src/rendering/object.dart:2234:7)
#200    PipelineOwner.flushLayout (package:flutter/src/rendering/object.dart:1016:18)
#201    AutomatedTestWidgetsFlutterBinding.drawFrame (package:flutter_test/src/binding.dart:1388:23)
#202    RendererBinding._handlePersistentFrameCallback (package:flutter/src/rendering/binding.dart:358:5)
#203    SchedulerBinding._invokeFrameCallback (package:flutter/src/scheduler/binding.dart:1284:15)
#204    SchedulerBinding.handleDrawFrame (package:flutter/src/scheduler/binding.dart:1214:9)
#205    AutomatedTestWidgetsFlutterBinding.pump.<anonymous closure> (package:flutter_test/src/binding.dart:1236:9)
#208    TestAsyncUtils.guard (package:flutter_test/src/test_async_utils.dart:68:41)
#209    AutomatedTestWidgetsFlutterBinding.pump (package:flutter_test/src/binding.dart:1222:27)
#210    WidgetTester._pumpWidget (package:flutter_test/src/widget_tester.dart:592:20)
#211    WidgetTester.pumpWidget.<anonymous closure> (package:flutter_test/src/widget_tester.dart:577:14)
#214    TestAsyncUtils.guard (package:flutter_test/src/test_async_utils.dart:68:41)
#215    WidgetTester.pumpWidget (package:flutter_test/src/widget_tester.dart:576:27)
#216    main.<anonymous closure>.<anonymous closure> (file:///C:/dev/AstroYorumAI/test/screens/birth_info_screen_fixed_final_test.dart:262:20)
#217    testWidgets.<anonymous closure>.<anonymous closure> (package:flutter_test/src/widget_tester.dart:170:29)
<asynchronous suspension>
<asynchronous suspension>
(elided 5 frames from dart:async and package:stack_trace)

ÔòÉÔòÉÔòÉÔòÉÔòÉÔòÉÔòÉÔòÉÔòÉÔòÉÔòÉÔòÉÔòÉÔòÉÔòÉÔòÉÔòÉÔòÉÔòÉÔòÉÔòÉÔòÉÔòÉÔòÉÔòÉÔòÉÔòÉÔòÉÔòÉÔòÉÔòÉÔòÉÔòÉÔòÉÔòÉÔòÉÔòÉÔòÉÔòÉÔòÉÔòÉÔòÉÔòÉÔòÉÔòÉÔòÉÔòÉÔòÉÔòÉÔòÉÔòÉÔòÉÔòÉÔòÉÔòÉÔòÉÔòÉÔòÉÔòÉÔòÉÔòÉÔòÉÔòÉÔòÉÔòÉÔòÉÔòÉÔòÉÔòÉÔòÉÔòÉÔòÉÔòÉÔòÉÔòÉÔòÉÔòÉÔòÉÔòÉÔòÉÔòÉÔòÉÔòÉÔòÉÔòÉÔòÉÔòÉÔòÉÔòÉÔòÉÔòÉÔòÉÔòÉÔòÉÔòÉÔòÉÔòÉÔòÉÔòÉÔòÉ
ÔòÉÔòÉÔòí EXCEPTION CAUGHT BY FLUTTER TEST FRAMEWORK ÔòŞÔòÉÔòÉÔòÉÔòÉÔòÉÔòÉÔòÉÔòÉÔòÉÔòÉÔòÉÔòÉÔòÉÔòÉÔòÉÔòÉÔòÉÔòÉÔòÉÔòÉÔòÉÔòÉÔòÉÔòÉÔòÉÔòÉÔòÉÔòÉÔòÉÔòÉÔòÉÔòÉÔòÉÔòÉÔòÉÔòÉÔòÉÔòÉÔòÉÔòÉÔòÉÔòÉÔòÉÔòÉÔòÉÔòÉÔòÉÔòÉÔòÉÔòÉÔòÉÔòÉ
The following StateError was thrown running a test:
Bad state: No element

When the exception was thrown, this was the stack:
#0      Iterable.single (dart:core/iterable.dart:670:25)
#1      WidgetController.state (package:flutter_test/src/controller.dart:436:42)
#2      WidgetTester.showKeyboard.<anonymous closure> (package:flutter_test/src/widget_tester.dart:1095:42)
#5      TestAsyncUtils.guard (package:flutter_test/src/test_async_utils.dart:68:41)
#6      WidgetTester.showKeyboard (package:flutter_test/src/widget_tester.dart:1094:27)
#7      WidgetTester.enterText.<anonymous closure> (package:flutter_test/src/widget_tester.dart:1130:13)
#10     TestAsyncUtils.guard (package:flutter_test/src/test_async_utils.dart:68:41)
#11     WidgetTester.enterText (package:flutter_test/src/widget_tester.dart:1129:27)
#12     main.<anonymous closure>.<anonymous closure> (file:///C:/dev/AstroYorumAI/test/screens/birth_info_screen_fixed_final_test.dart:272:20)
<asynchronous suspension>
<asynchronous suspension>
(elided 5 frames from dart:async and package:stack_trace)

The test description was:
  handles form validation error display gracefully
ÔòÉÔòÉÔòÉÔòÉÔòÉÔòÉÔòÉÔòÉÔòÉÔòÉÔòÉÔòÉÔòÉÔòÉÔòÉÔòÉÔòÉÔòÉÔòÉÔòÉÔòÉÔòÉÔòÉÔòÉÔòÉÔòÉÔòÉÔòÉÔòÉÔòÉÔòÉÔòÉÔòÉÔòÉÔòÉÔòÉÔòÉÔòÉÔòÉÔòÉÔòÉÔòÉÔòÉÔòÉÔòÉÔòÉÔòÉÔòÉÔòÉÔòÉÔòÉÔòÉÔòÉÔòÉÔòÉÔòÉÔòÉÔòÉÔòÉÔòÉÔòÉÔòÉÔòÉÔòÉÔòÉÔòÉÔòÉÔòÉÔòÉÔòÉÔòÉÔòÉÔòÉÔòÉÔòÉÔòÉÔòÉÔòÉÔòÉÔòÉÔòÉÔòÉÔòÉÔòÉÔòÉÔòÉÔòÉÔòÉÔòÉÔòÉÔòÉÔòÉÔòÉÔòÉÔòÉÔòÉÔòÉÔòÉÔòÉÔòÉ
ÔòÉÔòÉÔòí EXCEPTION CAUGHT BY FLUTTER TEST FRAMEWORK ÔòŞÔòÉÔòÉÔòÉÔòÉÔòÉÔòÉÔòÉÔòÉÔòÉÔòÉÔòÉÔòÉÔòÉÔòÉÔòÉÔòÉÔòÉÔòÉÔòÉÔòÉÔòÉÔòÉÔòÉÔòÉÔòÉÔòÉÔòÉÔòÉÔòÉÔòÉÔòÉÔòÉÔòÉÔòÉÔòÉÔòÉÔòÉÔòÉÔòÉÔòÉÔòÉÔòÉÔòÉÔòÉÔòÉÔòÉÔòÉÔòÉÔòÉÔòÉÔòÉÔòÉ
The following message was thrown:
Multiple exceptions (4) were detected during the running of the current test, and at least one was
unexpected.
ÔòÉÔòÉÔòÉÔòÉÔòÉÔòÉÔòÉÔòÉÔòÉÔòÉÔòÉÔòÉÔòÉÔòÉÔòÉÔòÉÔòÉÔòÉÔòÉÔòÉÔòÉÔòÉÔòÉÔòÉÔòÉÔòÉÔòÉÔòÉÔòÉÔòÉÔòÉÔòÉÔòÉÔòÉÔòÉÔòÉÔòÉÔòÉÔòÉÔòÉÔòÉÔòÉÔòÉÔòÉÔòÉÔòÉÔòÉÔòÉÔòÉÔòÉÔòÉÔòÉÔòÉÔòÉÔòÉÔòÉÔòÉÔòÉÔòÉÔòÉÔòÉÔòÉÔòÉÔòÉÔòÉÔòÉÔòÉÔòÉÔòÉÔòÉÔòÉÔòÉÔòÉÔòÉÔòÉÔòÉÔòÉÔòÉÔòÉÔòÉÔòÉÔòÉÔòÉÔòÉÔòÉÔòÉÔòÉÔòÉÔòÉÔòÉÔòÉÔòÉÔòÉÔòÉÔòÉÔòÉÔòÉÔòÉÔòÉÔòÉ
00:03 +24 -13: C:/dev/AstroYorumAI/test/screens/birth_info_screen_fixed_test.dart: BirthInfoScreen Fixed Tests validates latitude field correctly
00:03 +24 -13: C:/dev/AstroYorumAI/test/screens/birth_info_screen_fixed_final_test.dart: BirthInfoScreen Fixed Tests handles form validation error display gracefully [E]
  Test failed. See exception logs above.
  The test description was: handles form validation error display gracefully
  
00:03 +24 -13: C:/dev/AstroYorumAI/test/screens/birth_info_screen_debug_test.dart: BirthInfoScreen Debug Tests debug submission behavior without data
Text widget 0 after submission: "Ad Soyad"
Text widget 1 after submission: "Do─şum Tarihi Se├ğilmedi"
Text widget 2 after submission: "Tarih Se├ğ"
Text widget 3 after submission: "Do─şum Saati Se├ğilmedi"
Text widget 4 after submission: "Saat Se├ğ"
Text widget 5 after submission: "Do─şum Yeri (┼Şehir, ├£lke)"
Text widget 6 after submission: "├ûrn: Ankara, T├╝rkiye (─░ste─şe ba─şl─▒)"
Text widget 7 after submission: "Do─şum yerini girerseniz, enlem ve boylam otomatik olarak doldurulmaya ├ğal─▒┼ş─▒lacakt─▒r. Dilerseniz bu alanlar─▒ manuel olarak da girebilir veya d├╝zeltebilirsiniz."
Text widget 8 after submission: "Enlem (Latitude)"
Text widget 9 after submission: "├ûrn: 39.925533"
Text widget 10 after submission: "Boylam (Longitude)"
Text widget 11 after submission: "├ûrn: 32.866287"
Text widget 12 after submission: "Natal Haritam─▒ Hesapla"
Text widget 13 after submission: "Do─şum Bilgilerini Girin"
Found SnackBars: 0
00:03 +25 -13: C:/dev/AstroYorumAI/test/screens/birth_info_screen_fixed_test.dart: BirthInfoScreen Fixed Tests validates latitude field correctly
00:03 +26 -13: C:/dev/AstroYorumAI/test/screens/birth_info_screen_fixed_test.dart: BirthInfoScreen Fixed Tests validates latitude field correctly
00:04 +27 -13: C:/dev/AstroYorumAI/test/screens/birth_info_screen_fixed_test.dart: BirthInfoScreen Fixed Tests validates latitude field correctly
00:04 +28 -13: C:/dev/AstroYorumAI/test/screens/birth_info_screen_test.dart: BirthInfoScreen Widget Tests renders basic form elements correctly
00:04 +29 -13: C:/dev/AstroYorumAI/test/screens/birth_info_screen_validation_fixed_test.dart: BirthInfoScreen Validation Tests (Fixed) validates latitude field correctly
00:04 +30 -13: C:/dev/AstroYorumAI/test/screens/birth_info_screen_validation_fixed_test.dart: BirthInfoScreen Validation Tests (Fixed) validates latitude field correctly
00:04 +31 -13: C:/dev/AstroYorumAI/test/screens/birth_info_screen_validation_fixed_test.dart: BirthInfoScreen Validation Tests (Fixed) validates latitude field correctly
00:04 +32 -13: C:/dev/AstroYorumAI/test/screens/birth_info_screen_validation_fixed_test.dart: BirthInfoScreen Validation Tests (Fixed) validates latitude field correctly
00:04 +33 -13: C:/dev/AstroYorumAI/test/screens/birth_info_screen_validation_fixed_test.dart: BirthInfoScreen Validation Tests (Fixed) validates latitude field correctly
00:04 +34 -13: C:/dev/AstroYorumAI/test/screens/birth_info_screen_validation_fixed_test.dart: BirthInfoScreen Validation Tests (Fixed) validates latitude field correctly
00:04 +35 -13: C:/dev/AstroYorumAI/test/screens/birth_info_screen_validation_fixed_test.dart: BirthInfoScreen Validation Tests (Fixed) validates latitude field correctly
00:04 +35 -13: C:/dev/AstroYorumAI/test/screens/birth_info_screen_fixed_test.dart: BirthInfoScreen Fixed Tests allows valid latitude and longitude values
ÔòÉÔòÉÔòí EXCEPTION CAUGHT BY FLUTTER TEST FRAMEWORK ÔòŞÔòÉÔòÉÔòÉÔòÉÔòÉÔòÉÔòÉÔòÉÔòÉÔòÉÔòÉÔòÉÔòÉÔòÉÔòÉÔòÉÔòÉÔòÉÔòÉÔòÉÔòÉÔòÉÔòÉÔòÉÔòÉÔòÉÔòÉÔòÉÔòÉÔòÉÔòÉÔòÉÔòÉÔòÉÔòÉÔòÉÔòÉÔòÉÔòÉÔòÉÔòÉÔòÉÔòÉÔòÉÔòÉÔòÉÔòÉÔòÉÔòÉÔòÉÔòÉÔòÉ
The following TestFailure was thrown running a test:
Expected: <true>
  Actual: <false>
Form submission should succeed with valid data

When the exception was thrown, this was the stack:
#4      main.<anonymous closure>.<anonymous closure> (file:///C:/dev/AstroYorumAI/test/screens/birth_info_screen_fixed_test.dart:215:7)
<asynchronous suspension>
<asynchronous suspension>
(elided one frame from package:stack_trace)

This was caught by the test expectation on the following line:
  file:///C:/dev/AstroYorumAI/test/screens/birth_info_screen_fixed_test.dart line 215
The test description was:
  allows valid latitude and longitude values
ÔòÉÔòÉÔòÉÔòÉÔòÉÔòÉÔòÉÔòÉÔòÉÔòÉÔòÉÔòÉÔòÉÔòÉÔòÉÔòÉÔòÉÔòÉÔòÉÔòÉÔòÉÔòÉÔòÉÔòÉÔòÉÔòÉÔòÉÔòÉÔòÉÔòÉÔòÉÔòÉÔòÉÔòÉÔòÉÔòÉÔòÉÔòÉÔòÉÔòÉÔòÉÔòÉÔòÉÔòÉÔòÉÔòÉÔòÉÔòÉÔòÉÔòÉÔòÉÔòÉÔòÉÔòÉÔòÉÔòÉÔòÉÔòÉÔòÉÔòÉÔòÉÔòÉÔòÉÔòÉÔòÉÔòÉÔòÉÔòÉÔòÉÔòÉÔòÉÔòÉÔòÉÔòÉÔòÉÔòÉÔòÉÔòÉÔòÉÔòÉÔòÉÔòÉÔòÉÔòÉÔòÉÔòÉÔòÉÔòÉÔòÉÔòÉÔòÉÔòÉÔòÉÔòÉÔòÉÔòÉÔòÉÔòÉÔòÉÔòÉ
00:04 +35 -14: C:/dev/AstroYorumAI/test/screens/birth_info_screen_validation_fixed_test.dart: BirthInfoScreen Validation Tests (Fixed) validates latitude field correctly
00:04 +35 -14: C:/dev/AstroYorumAI/test/screens/birth_info_screen_fixed_test.dart: BirthInfoScreen Fixed Tests allows valid latitude and longitude values [E]
  Test failed. See exception logs above.
  The test description was: allows valid latitude and longitude values
  
00:04 +36 -14: C:/dev/AstroYorumAI/test/screens/birth_info_screen_validation_fixed_test.dart: BirthInfoScreen Validation Tests (Fixed) validates latitude field correctly
ÔòÉÔòÉÔòí EXCEPTION CAUGHT BY FLUTTER TEST FRAMEWORK ÔòŞÔòÉÔòÉÔòÉÔòÉÔòÉÔòÉÔòÉÔòÉÔòÉÔòÉÔòÉÔòÉÔòÉÔòÉÔòÉÔòÉÔòÉÔòÉÔòÉÔòÉÔòÉÔòÉÔòÉÔòÉÔòÉÔòÉÔòÉÔòÉÔòÉÔòÉÔòÉÔòÉÔòÉÔòÉÔòÉÔòÉÔòÉÔòÉÔòÉÔòÉÔòÉÔòÉÔòÉÔòÉÔòÉÔòÉÔòÉÔòÉÔòÉÔòÉÔòÉÔòÉ
The following TestFailure was thrown running a test:
Expected: exactly one matching node in the widget tree
  Actual: _TextFinder:<zero widgets with text "Enlem -90 ile 90 aras─▒nda olmal─▒d─▒r" (ignoring
offstage widgets)>
   Which: means none were found but one was expected

When the exception was thrown, this was the stack:
#4      main.<anonymous closure>.<anonymous closure> (file:///C:/dev/AstroYorumAI/test/screens/birth_info_screen_validation_fixed_test.dart:96:7)
<asynchronous suspension>
<asynchronous suspension>
(elided one frame from package:stack_trace)

This was caught by the test expectation on the following line:
  file:///C:/dev/AstroYorumAI/test/screens/birth_info_screen_validation_fixed_test.dart line 96
The test description was:
  validates latitude field correctly
ÔòÉÔòÉÔòÉÔòÉÔòÉÔòÉÔòÉÔòÉÔòÉÔòÉÔòÉÔòÉÔòÉÔòÉÔòÉÔòÉÔòÉÔòÉÔòÉÔòÉÔòÉÔòÉÔòÉÔòÉÔòÉÔòÉÔòÉÔòÉÔòÉÔòÉÔòÉÔòÉÔòÉÔòÉÔòÉÔòÉÔòÉÔòÉÔòÉÔòÉÔòÉÔòÉÔòÉÔòÉÔòÉÔòÉÔòÉÔòÉÔòÉÔòÉÔòÉÔòÉÔòÉÔòÉÔòÉÔòÉÔòÉÔòÉÔòÉÔòÉÔòÉÔòÉÔòÉÔòÉÔòÉÔòÉÔòÉÔòÉÔòÉÔòÉÔòÉÔòÉÔòÉÔòÉÔòÉÔòÉÔòÉÔòÉÔòÉÔòÉÔòÉÔòÉÔòÉÔòÉÔòÉÔòÉÔòÉÔòÉÔòÉÔòÉÔòÉÔòÉÔòÉÔòÉÔòÉÔòÉÔòÉÔòÉÔòÉÔòÉ
00:04 +36 -15: C:/dev/AstroYorumAI/test/screens/birth_info_screen_validation_simple_test.dart: BirthInfoScreen Validation Tests (Simplified) validates latitude field correctly (blocks submission)
00:04 +36 -15: C:/dev/AstroYorumAI/test/screens/birth_info_screen_validation_fixed_test.dart: BirthInfoScreen Validation Tests (Fixed) validates latitude field correctly [E]
  Test failed. See exception logs above.
  The test description was: validates latitude field correctly
  
00:05 +36 -15: C:/dev/AstroYorumAI/test/screens/birth_info_screen_fixed_test.dart: BirthInfoScreen Fixed Tests displays processing state when form is submitted with geocoding
ÔòÉÔòÉÔòí EXCEPTION CAUGHT BY FLUTTER TEST FRAMEWORK ÔòŞÔòÉÔòÉÔòÉÔòÉÔòÉÔòÉÔòÉÔòÉÔòÉÔòÉÔòÉÔòÉÔòÉÔòÉÔòÉÔòÉÔòÉÔòÉÔòÉÔòÉÔòÉÔòÉÔòÉÔòÉÔòÉÔòÉÔòÉÔòÉÔòÉÔòÉÔòÉÔòÉÔòÉÔòÉÔòÉÔòÉÔòÉÔòÉÔòÉÔòÉÔòÉÔòÉÔòÉÔòÉÔòÉÔòÉÔòÉÔòÉÔòÉÔòÉÔòÉÔòÉ
The following TestFailure was thrown running a test:
Expected: exactly one matching node in the widget tree
  Actual: _WidgetTypeFinder:<zero widgets with type "LoadingIndicator" (ignoring offstage widgets)>
   Which: means none were found but one was expected

When the exception was thrown, this was the stack:
#4      main.<anonymous closure>.<anonymous closure> (file:///C:/dev/AstroYorumAI/test/screens/birth_info_screen_fixed_test.dart:271:7)
<asynchronous suspension>
<asynchronous suspension>
(elided one frame from package:stack_trace)

This was caught by the test expectation on the following line:
  file:///C:/dev/AstroYorumAI/test/screens/birth_info_screen_fixed_test.dart line 271
The test description was:
  displays processing state when form is submitted with geocoding
ÔòÉÔòÉÔòÉÔòÉÔòÉÔòÉÔòÉÔòÉÔòÉÔòÉÔòÉÔòÉÔòÉÔòÉÔòÉÔòÉÔòÉÔòÉÔòÉÔòÉÔòÉÔòÉÔòÉÔòÉÔòÉÔòÉÔòÉÔòÉÔòÉÔòÉÔòÉÔòÉÔòÉÔòÉÔòÉÔòÉÔòÉÔòÉÔòÉÔòÉÔòÉÔòÉÔòÉÔòÉÔòÉÔòÉÔòÉÔòÉÔòÉÔòÉÔòÉÔòÉÔòÉÔòÉÔòÉÔòÉÔòÉÔòÉÔòÉÔòÉÔòÉÔòÉÔòÉÔòÉÔòÉÔòÉÔòÉÔòÉÔòÉÔòÉÔòÉÔòÉÔòÉÔòÉÔòÉÔòÉÔòÉÔòÉÔòÉÔòÉÔòÉÔòÉÔòÉÔòÉÔòÉÔòÉÔòÉÔòÉÔòÉÔòÉÔòÉÔòÉÔòÉÔòÉÔòÉÔòÉÔòÉÔòÉÔòÉÔòÉ
00:05 +36 -16: C:/dev/AstroYorumAI/test/screens/birth_info_screen_validation_simple_test.dart: BirthInfoScreen Validation Tests (Simplified) validates latitude field correctly (blocks submission)
00:05 +36 -16: C:/dev/AstroYorumAI/test/screens/birth_info_screen_fixed_test.dart: BirthInfoScreen Fixed Tests displays processing state when form is submitted with geocoding [E]
  Test failed. See exception logs above.
  The test description was: displays processing state when form is submitted with geocoding
  
00:05 +37 -16: C:/dev/AstroYorumAI/test/screens/birth_info_screen_validation_test.dart: Form Validation Tests validates latitude field correctly
00:05 +37 -16: C:/dev/AstroYorumAI/test/screens/birth_info_screen_validation_fixed_test.dart: BirthInfoScreen Validation Tests (Fixed) validates longitude field correctly
ÔòÉÔòÉÔòí EXCEPTION CAUGHT BY FLUTTER TEST FRAMEWORK ÔòŞÔòÉÔòÉÔòÉÔòÉÔòÉÔòÉÔòÉÔòÉÔòÉÔòÉÔòÉÔòÉÔòÉÔòÉÔòÉÔòÉÔòÉÔòÉÔòÉÔòÉÔòÉÔòÉÔòÉÔòÉÔòÉÔòÉÔòÉÔòÉÔòÉÔòÉÔòÉÔòÉÔòÉÔòÉÔòÉÔòÉÔòÉÔòÉÔòÉÔòÉÔòÉÔòÉÔòÉÔòÉÔòÉÔòÉÔòÉÔòÉÔòÉÔòÉÔòÉÔòÉ
The following TestFailure was thrown running a test:
Expected: exactly one matching node in the widget tree
  Actual: _TextFinder:<zero widgets with text "Boylam -180 ile 180 aras─▒nda olmal─▒d─▒r" (ignoring
offstage widgets)>
   Which: means none were found but one was expected

When the exception was thrown, this was the stack:
#4      main.<anonymous closure>.<anonymous closure> (file:///C:/dev/AstroYorumAI/test/screens/birth_info_screen_validation_fixed_test.dart:148:7)
<asynchronous suspension>
<asynchronous suspension>
(elided one frame from package:stack_trace)

This was caught by the test expectation on the following line:
  file:///C:/dev/AstroYorumAI/test/screens/birth_info_screen_validation_fixed_test.dart line 148
The test description was:
  validates longitude field correctly
ÔòÉÔòÉÔòÉÔòÉÔòÉÔòÉÔòÉÔòÉÔòÉÔòÉÔòÉÔòÉÔòÉÔòÉÔòÉÔòÉÔòÉÔòÉÔòÉÔòÉÔòÉÔòÉÔòÉÔòÉÔòÉÔòÉÔòÉÔòÉÔòÉÔòÉÔòÉÔòÉÔòÉÔòÉÔòÉÔòÉÔòÉÔòÉÔòÉÔòÉÔòÉÔòÉÔòÉÔòÉÔòÉÔòÉÔòÉÔòÉÔòÉÔòÉÔòÉÔòÉÔòÉÔòÉÔòÉÔòÉÔòÉÔòÉÔòÉÔòÉÔòÉÔòÉÔòÉÔòÉÔòÉÔòÉÔòÉÔòÉÔòÉÔòÉÔòÉÔòÉÔòÉÔòÉÔòÉÔòÉÔòÉÔòÉÔòÉÔòÉÔòÉÔòÉÔòÉÔòÉÔòÉÔòÉÔòÉÔòÉÔòÉÔòÉÔòÉÔòÉÔòÉÔòÉÔòÉÔòÉÔòÉÔòÉÔòÉÔòÉ
00:05 +37 -17: C:/dev/AstroYorumAI/test/screens/birth_info_screen_validation_test.dart: Form Validation Tests validates latitude field correctly
00:05 +37 -17: C:/dev/AstroYorumAI/test/screens/birth_info_screen_validation_fixed_test.dart: BirthInfoScreen Validation Tests (Fixed) validates longitude field correctly [E]
  Test failed. See exception logs above.
  The test description was: validates longitude field correctly
  
00:05 +38 -17: C:/dev/AstroYorumAI/test/screens/birth_info_screen_validation_test.dart: Form Validation Tests validates latitude field correctly
00:05 +39 -17: C:/dev/AstroYorumAI/test/screens/birth_info_screen_validation_test.dart: Form Validation Tests validates latitude field correctly
00:05 +40 -17: C:/dev/AstroYorumAI/test/screens/birth_info_simple_debug_test.dart: BirthInfoScreen Debug Tests DEBUG: What happens with invalid latitude?
00:05 +40 -17: C:/dev/AstroYorumAI/test/screens/birth_info_screen_validation_fixed_test.dart: BirthInfoScreen Validation Tests (Fixed) displays processing state when form is submitted with geocoding

Warning: A call to tap() with finder "exactly one widget with text "Natal Haritam─▒ Hesapla" (ignoring offstage widgets): Text("Natal Haritam─▒ Hesapla", inherit: true, size: 16.0, dependencies: [DefaultSelectionStyle, DefaultTextStyle, MediaQuery, _ScrollableScope])" derived an Offset (Offset(400.0, 592.0)) that would not hit test on the specified widget.
Maybe the widget is actually off-screen, or another widget is obscuring it, or the widget cannot receive pointer events.
The finder corresponds to this RenderBox: RenderParagraph#289e1 relayoutBoundary=up17
The hit test result at that offset is: HitTestResult(_RenderInkFeatures#4f6e0@Offset(400.0, 592.0), RenderPhysicalModel#362d7@Offset(400.0, 592.0), RenderSemanticsAnnotations#17cc1@Offset(400.0, 592.0), RenderRepaintBoundary#ee1ca@Offset(400.0, 592.0), RenderIgnorePointer#0eb54@Offset(400.0, 592.0), _RenderSnapshotWidget#98e4f@Offset(400.0, 592.0), _RenderSnapshotWidget#0017e@Offset(400.0, 592.0), _RenderSnapshotWidget#14589@Offset(400.0, 592.0), _RenderSnapshotWidget#8efbb@Offset(400.0, 592.0), RenderRepaintBoundary#e52ab@Offset(400.0, 592.0), RenderSemanticsAnnotations#0d916@Offset(400.0, 592.0), RenderOffstage#73797@Offset(400.0, 592.0), RenderSemanticsAnnotations#c673a@Offset(400.0, 592.0), _RenderTheater#79d86@Offset(400.0, 592.0), RenderAbsorbPointer#d27ca@Offset(400.0, 592.0), RenderPointerListener#baa3d@Offset(400.0, 592.0), RenderSemanticsAnnotations#38ea4@Offset(400.0, 592.0), RenderCustomPaint#32033@Offset(400.0, 592.0), RenderSemanticsAnnotations#84434@Offset(400.0, 592.0), RenderSemanticsAnnotations#593cc@Offset(400.0, 592.0), RenderTapRegionSurface#4dc09@Offset(400.0, 592.0), RenderSemanticsAnnotations#37a28@Offset(400.0, 592.0), RenderSemanticsAnnotations#425ad@Offset(400.0, 592.0), RenderSemanticsAnnotations#df312@Offset(400.0, 592.0), HitTestEntry<HitTestTarget>#86f58(RenderView#97eff), HitTestEntry<HitTestTarget>#902c6(<AutomatedTestWidgetsFlutterBinding>))
#0      WidgetController._getElementPoint (package:flutter_test/src/controller.dart:1347:25)
#1      WidgetController.getCenter (package:flutter_test/src/controller.dart:1232:12)
#2      WidgetController.tap (package:flutter_test/src/controller.dart:554:18)
#3      main.<anonymous closure>.<anonymous closure> (file:///C:/dev/AstroYorumAI/test/screens/birth_info_screen_validation_fixed_test.dart:201:20)
<asynchronous suspension>
#4      StackZoneSpecification._registerUnaryCallback.<anonymous closure> (package:stack_trace/src/stack_zone_specification.dart:124:15)
<asynchronous suspension>
To silence this warning, pass "warnIfMissed: false" to "tap()".
To make this warning fatal, set WidgetController.hitTestWarningShouldBeFatal to true.

00:05 +41 -17: C:/dev/AstroYorumAI/test/screens/birth_info_simple_debug_test.dart: BirthInfoScreen Debug Tests DEBUG: What happens with invalid latitude?
00:05 +41 -17: C:/dev/AstroYorumAI/test/screens/birth_info_screen_validation_fixed_test.dart: BirthInfoScreen Validation Tests (Fixed) displays processing state when form is submitted with geocoding
ÔòÉÔòÉÔòí EXCEPTION CAUGHT BY FLUTTER TEST FRAMEWORK ÔòŞÔòÉÔòÉÔòÉÔòÉÔòÉÔòÉÔòÉÔòÉÔòÉÔòÉÔòÉÔòÉÔòÉÔòÉÔòÉÔòÉÔòÉÔòÉÔòÉÔòÉÔòÉÔòÉÔòÉÔòÉÔòÉÔòÉÔòÉÔòÉÔòÉÔòÉÔòÉÔòÉÔòÉÔòÉÔòÉÔòÉÔòÉÔòÉÔòÉÔòÉÔòÉÔòÉÔòÉÔòÉÔòÉÔòÉÔòÉÔòÉÔòÉÔòÉÔòÉÔòÉ
The following TestFailure was thrown running a test:
Expected: exactly one matching node in the widget tree
  Actual: _WidgetTypeFinder:<zero widgets with type "LoadingIndicator" (ignoring offstage widgets)>
   Which: means none were found but one was expected

When the exception was thrown, this was the stack:
#4      main.<anonymous closure>.<anonymous closure> (file:///C:/dev/AstroYorumAI/test/screens/birth_info_screen_validation_fixed_test.dart:208:7)
<asynchronous suspension>
<asynchronous suspension>
(elided one frame from package:stack_trace)

This was caught by the test expectation on the following line:
  file:///C:/dev/AstroYorumAI/test/screens/birth_info_screen_validation_fixed_test.dart line 208
The test description was:
  displays processing state when form is submitted with geocoding
ÔòÉÔòÉÔòÉÔòÉÔòÉÔòÉÔòÉÔòÉÔòÉÔòÉÔòÉÔòÉÔòÉÔòÉÔòÉÔòÉÔòÉÔòÉÔòÉÔòÉÔòÉÔòÉÔòÉÔòÉÔòÉÔòÉÔòÉÔòÉÔòÉÔòÉÔòÉÔòÉÔòÉÔòÉÔòÉÔòÉÔòÉÔòÉÔòÉÔòÉÔòÉÔòÉÔòÉÔòÉÔòÉÔòÉÔòÉÔòÉÔòÉÔòÉÔòÉÔòÉÔòÉÔòÉÔòÉÔòÉÔòÉÔòÉÔòÉÔòÉÔòÉÔòÉÔòÉÔòÉÔòÉÔòÉÔòÉÔòÉÔòÉÔòÉÔòÉÔòÉÔòÉÔòÉÔòÉÔòÉÔòÉÔòÉÔòÉÔòÉÔòÉÔòÉÔòÉÔòÉÔòÉÔòÉÔòÉÔòÉÔòÉÔòÉÔòÉÔòÉÔòÉÔòÉÔòÉÔòÉÔòÉÔòÉÔòÉÔòÉ
00:05 +41 -18: C:/dev/AstroYorumAI/test/screens/birth_info_simple_debug_test.dart: BirthInfoScreen Debug Tests DEBUG: What happens with invalid latitude?
00:05 +41 -18: C:/dev/AstroYorumAI/test/screens/birth_info_screen_validation_fixed_test.dart: BirthInfoScreen Validation Tests (Fixed) displays processing state when form is submitted with geocoding [E]
  Test failed. See exception logs above.
  The test description was: displays processing state when form is submitted with geocoding
  
00:05 +42 -18: C:/dev/AstroYorumAI/test/screens/birth_info_simple_debug_test.dart: BirthInfoScreen Debug Tests DEBUG: What happens with invalid latitude?
=== BEFORE SUBMIT ===
TextFormFields found: 4
Submit button found: 1
00:05 +42 -18: C:/dev/AstroYorumAI/test/screens/birth_info_validation_debug_test.dart: BirthInfoScreen Validation Debug DEBUG: Check validation behavior step by step
=== INITIAL STATE ===
Forms found: 1
00:05 +42 -18: C:/dev/AstroYorumAI/test/screens/birth_info_screen_validation_fixed_test.dart: BirthInfoScreen Validation Tests (Fixed) allows valid latitude and longitude values to submit

Warning: A call to tap() with finder "exactly one widget with text "Natal Haritam─▒ Hesapla" (ignoring offstage widgets): Text("Natal Haritam─▒ Hesapla", inherit: true, size: 16.0, dependencies: [DefaultSelectionStyle, DefaultTextStyle, MediaQuery, _ScrollableScope])" derived an Offset (Offset(400.0, 592.0)) that would not hit test on the specified widget.
Maybe the widget is actually off-screen, or another widget is obscuring it, or the widget cannot receive pointer events.
The finder corresponds to this RenderBox: RenderParagraph#2d32a relayoutBoundary=up17
The hit test result at that offset is: HitTestResult(_RenderInkFeatures#ccdc1@Offset(400.0, 592.0), RenderPhysicalModel#acecc@Offset(400.0, 592.0), RenderSemanticsAnnotations#2d981@Offset(400.0, 592.0), RenderRepaintBoundary#611ff@Offset(400.0, 592.0), RenderIgnorePointer#3acc7@Offset(400.0, 592.0), _RenderSnapshotWidget#4ef21@Offset(400.0, 592.0), _RenderSnapshotWidget#340d4@Offset(400.0, 592.0), _RenderSnapshotWidget#0f8c0@Offset(400.0, 592.0), _RenderSnapshotWidget#4e71d@Offset(400.0, 592.0), RenderRepaintBoundary#e1ff9@Offset(400.0, 592.0), RenderSemanticsAnnotations#005c0@Offset(400.0, 592.0), RenderOffstage#5a850@Offset(400.0, 592.0), RenderSemanticsAnnotations#8d5f7@Offset(400.0, 592.0), _RenderTheater#bf5da@Offset(400.0, 592.0), RenderAbsorbPointer#29ced@Offset(400.0, 592.0), RenderPointerListener#e3d78@Offset(400.0, 592.0), RenderSemanticsAnnotations#7fd68@Offset(400.0, 592.0), RenderCustomPaint#7be1e@Offset(400.0, 592.0), RenderSemanticsAnnotations#7b5fe@Offset(400.0, 592.0), RenderSemanticsAnnotations#0319a@Offset(400.0, 592.0), RenderTapRegionSurface#d8b33@Offset(400.0, 592.0), RenderSemanticsAnnotations#85053@Offset(400.0, 592.0), RenderSemanticsAnnotations#79af4@Offset(400.0, 592.0), RenderSemanticsAnnotations#9aca9@Offset(400.0, 592.0), HitTestEntry<HitTestTarget>#0e3fb(RenderView#97eff), HitTestEntry<HitTestTarget>#8c0a3(<AutomatedTestWidgetsFlutterBinding>))
#0      WidgetController._getElementPoint (package:flutter_test/src/controller.dart:1347:25)
#1      WidgetController.getCenter (package:flutter_test/src/controller.dart:1232:12)
#2      WidgetController.tap (package:flutter_test/src/controller.dart:554:18)
#3      main.<anonymous closure>.<anonymous closure> (file:///C:/dev/AstroYorumAI/test/screens/birth_info_screen_validation_fixed_test.dart:262:20)
<asynchronous suspension>
#4      StackZoneSpecification._registerUnaryCallback.<anonymous closure> (package:stack_trace/src/stack_zone_specification.dart:124:15)
<asynchronous suspension>
To silence this warning, pass "warnIfMissed: false" to "tap()".
To make this warning fatal, set WidgetController.hitTestWarningShouldBeFatal to true.

00:05 +43 -18: C:/dev/AstroYorumAI/test/screens/birth_info_simple_debug_test.dart: BirthInfoScreen Debug Tests DEBUG: What happens with invalid latitude?
=== AFTER SUBMIT ===
All text widgets:
  Text: "Ad Soyad"
  Text: "Do─şum Tarihi Se├ğilmedi"
  Text: "Tarih Se├ğ"
  Text: "Do─şum Saati Se├ğilmedi"
  Text: "Saat Se├ğ"
  Text: "Do─şum Yeri (┼Şehir, ├£lke)"
  Text: "├ûrn: Ankara, T├╝rkiye (─░ste─şe ba─şl─▒)"
  Text: "Do─şum yerini girerseniz, enlem ve boylam otomatik olarak doldurulmaya ├ğal─▒┼ş─▒lacakt─▒r. Dilerseniz bu alanlar─▒ manuel olarak da girebilir veya d├╝zeltebilirsiniz."
  Text: "Enlem (Latitude)"
  Text: "├ûrn: 39.925533"
  Text: "Boylam (Longitude)"
  Text: "├ûrn: 32.866287"
  Text: "Natal Haritam─▒ Hesapla"
00:05 +43 -18: C:/dev/AstroYorumAI/test/screens/birth_info_screen_validation_simple_test.dart: BirthInfoScreen Validation Tests (Simplified) allows valid coordinates to submit
ÔòÉÔòÉÔòí EXCEPTION CAUGHT BY FLUTTER TEST FRAMEWORK ÔòŞÔòÉÔòÉÔòÉÔòÉÔòÉÔòÉÔòÉÔòÉÔòÉÔòÉÔòÉÔòÉÔòÉÔòÉÔòÉÔòÉÔòÉÔòÉÔòÉÔòÉÔòÉÔòÉÔòÉÔòÉÔòÉÔòÉÔòÉÔòÉÔòÉÔòÉÔòÉÔòÉÔòÉÔòÉÔòÉÔòÉÔòÉÔòÉÔòÉÔòÉÔòÉÔòÉÔòÉÔòÉÔòÉÔòÉÔòÉÔòÉÔòÉÔòÉÔòÉÔòÉ
The following TestFailure was thrown running a test:
Expected: <true>
  Actual: <false>
Form submission should succeed with valid coordinates

When the exception was thrown, this was the stack:
#4      main.<anonymous closure>.<anonymous closure> (file:///C:/dev/AstroYorumAI/test/screens/birth_info_screen_validation_simple_test.dart:197:7)
<asynchronous suspension>
<asynchronous suspension>
(elided one frame from package:stack_trace)

This was caught by the test expectation on the following line:
  file:///C:/dev/AstroYorumAI/test/screens/birth_info_screen_validation_simple_test.dart line 197
The test description was:
  allows valid coordinates to submit
ÔòÉÔòÉÔòÉÔòÉÔòÉÔòÉÔòÉÔòÉÔòÉÔòÉÔòÉÔòÉÔòÉÔòÉÔòÉÔòÉÔòÉÔòÉÔòÉÔòÉÔòÉÔòÉÔòÉÔòÉÔòÉÔòÉÔòÉÔòÉÔòÉÔòÉÔòÉÔòÉÔòÉÔòÉÔòÉÔòÉÔòÉÔòÉÔòÉÔòÉÔòÉÔòÉÔòÉÔòÉÔòÉÔòÉÔòÉÔòÉÔòÉÔòÉÔòÉÔòÉÔòÉÔòÉÔòÉÔòÉÔòÉÔòÉÔòÉÔòÉÔòÉÔòÉÔòÉÔòÉÔòÉÔòÉÔòÉÔòÉÔòÉÔòÉÔòÉÔòÉÔòÉÔòÉÔòÉÔòÉÔòÉÔòÉÔòÉÔòÉÔòÉÔòÉÔòÉÔòÉÔòÉÔòÉÔòÉÔòÉÔòÉÔòÉÔòÉÔòÉÔòÉÔòÉÔòÉÔòÉÔòÉÔòÉÔòÉÔòÉ
00:05 +43 -18: C:/dev/AstroYorumAI/test/screens/birth_info_simple_debug_test.dart: BirthInfoScreen Debug Tests DEBUG: What happens with invalid latitude?
  Text: "Do─şum Bilgilerini Girin"
All error messages containing "Enlem":
  Found 1 widgets
  Error text: "Enlem (Latitude)"
SnackBars found: 0
Exact validation message found: 0
00:05 +44 -18: C:/dev/AstroYorumAI/test/screens/birth_info_validation_debug_test.dart: BirthInfoScreen Validation Debug DEBUG: Check validation behavior step by step
00:05 +44 -19: C:/dev/AstroYorumAI/test/screens/birth_info_validation_debug_test.dart: BirthInfoScreen Validation Debug DEBUG: Check validation behavior step by step
00:05 +44 -19: C:/dev/AstroYorumAI/test/screens/birth_info_screen_validation_simple_test.dart: BirthInfoScreen Validation Tests (Simplified) allows valid coordinates to submit [E]
  Test failed. See exception logs above.
  The test description was: allows valid coordinates to submit
  
00:05 +44 -19: C:/dev/AstroYorumAI/test/screens/birth_info_screen_validation_fixed_test.dart: BirthInfoScreen Validation Tests (Fixed) allows valid latitude and longitude values to submit
ÔòÉÔòÉÔòí EXCEPTION CAUGHT BY FLUTTER TEST FRAMEWORK ÔòŞÔòÉÔòÉÔòÉÔòÉÔòÉÔòÉÔòÉÔòÉÔòÉÔòÉÔòÉÔòÉÔòÉÔòÉÔòÉÔòÉÔòÉÔòÉÔòÉÔòÉÔòÉÔòÉÔòÉÔòÉÔòÉÔòÉÔòÉÔòÉÔòÉÔòÉÔòÉÔòÉÔòÉÔòÉÔòÉÔòÉÔòÉÔòÉÔòÉÔòÉÔòÉÔòÉÔòÉÔòÉÔòÉÔòÉÔòÉÔòÉÔòÉÔòÉÔòÉÔòÉ
The following TestFailure was thrown running a test:
Expected: true
  Actual: <false>

When the exception was thrown, this was the stack:
#4      main.<anonymous closure>.<anonymous closure> (file:///C:/dev/AstroYorumAI/test/screens/birth_info_screen_validation_fixed_test.dart:266:7)
<asynchronous suspension>
<asynchronous suspension>
(elided one frame from package:stack_trace)

This was caught by the test expectation on the following line:
  file:///C:/dev/AstroYorumAI/test/screens/birth_info_screen_validation_fixed_test.dart line 266
The test description was:
  allows valid latitude and longitude values to submit
ÔòÉÔòÉÔòÉÔòÉÔòÉÔòÉÔòÉÔòÉÔòÉÔòÉÔòÉÔòÉÔòÉÔòÉÔòÉÔòÉÔòÉÔòÉÔòÉÔòÉÔòÉÔòÉÔòÉÔòÉÔòÉÔòÉÔòÉÔòÉÔòÉÔòÉÔòÉÔòÉÔòÉÔòÉÔòÉÔòÉÔòÉÔòÉÔòÉÔòÉÔòÉÔòÉÔòÉÔòÉÔòÉÔòÉÔòÉÔòÉÔòÉÔòÉÔòÉÔòÉÔòÉÔòÉÔòÉÔòÉÔòÉÔòÉÔòÉÔòÉÔòÉÔòÉÔòÉÔòÉÔòÉÔòÉÔòÉÔòÉÔòÉÔòÉÔòÉÔòÉÔòÉÔòÉÔòÉÔòÉÔòÉÔòÉÔòÉÔòÉÔòÉÔòÉÔòÉÔòÉÔòÉÔòÉÔòÉÔòÉÔòÉÔòÉÔòÉÔòÉÔòÉÔòÉÔòÉÔòÉÔòÉÔòÉÔòÉÔòÉ
00:05 +44 -20: C:/dev/AstroYorumAI/test/screens/birth_info_validation_debug_test.dart: BirthInfoScreen Validation Debug DEBUG: Check validation behavior step by step
00:05 +44 -20: C:/dev/AstroYorumAI/test/screens/birth_info_screen_validation_fixed_test.dart: BirthInfoScreen Validation Tests (Fixed) allows valid latitude and longitude values to submit [E]
  Test failed. See exception logs above.
  The test description was: allows valid latitude and longitude values to submit
  
00:05 +44 -20: C:/dev/AstroYorumAI/test/screens/birth_info_simple_debug_test.dart: BirthInfoScreen Debug Tests DEBUG: What happens when submitting without date?
=== BEFORE SUBMIT (no date) ===
00:05 +45 -20: C:/dev/AstroYorumAI/test/screens/birth_info_validation_debug_test.dart: BirthInfoScreen Validation Debug DEBUG: Check validation behavior step by step
00:05 +45 -20: C:/dev/AstroYorumAI/test/screens/birth_info_simple_debug_test.dart: BirthInfoScreen Debug Tests DEBUG: What happens when submitting without date?
=== AFTER SUBMIT (no date) ===
All text widgets:
SnackBars found: 0
Material (SnackBar container) found: 5
Date validation message found: 0
00:05 +46 -20: C:/dev/AstroYorumAI/test/screens/birth_info_validation_debug_test.dart: BirthInfoScreen Validation Debug DEBUG: Check validation behavior step by step
=== ENTERING INVALID LATITUDE ===
=== CHECKING FOCUS CHANGE VALIDATION ===
All text widgets after focus change:
  Found Enlem text: "Enlem (Latitude)"
=== SUBMITTING FORM ===
All text widgets after form submission:
  Found validation-related text: "Enlem (Latitude)"
=== CHECKING FOR ERROR INDICATORS ===
Found 0 red-colored texts
InputDecorators found: 4
00:06 +47 -20: C:/dev/AstroYorumAI/test/screens/birth_info_validation_fix_test.dart: BirthInfoScreen Validation Fix Test validates latitude field correctly - FIXED
00:06 +48 -20: C:/dev/AstroYorumAI/test/screens/birth_info_validation_fix_test.dart: BirthInfoScreen Validation Fix Test validates latitude field correctly - FIXED
00:06 +48 -20: C:/dev/AstroYorumAI/test/screens/birth_info_screen_validation_test.dart: Form Validation Tests allows valid latitude and longitude values to submit
Backend API Error: 400 - 
00:06 +49 -20: C:/dev/AstroYorumAI/test/screens/birth_info_validation_fix_test.dart: BirthInfoScreen Validation Fix Test validates latitude field correctly - FIXED
00:06 +50 -20: C:/dev/AstroYorumAI/test/screens/birth_info_validation_fix_test.dart: BirthInfoScreen Validation Fix Test validates latitude field correctly - FIXED
00:06 +51 -20: C:/dev/AstroYorumAI/test/screens/debug_button_state_test.dart: Debug button state test
00:06 +51 -20: C:/dev/AstroYorumAI/test/screens/birth_info_screen_validation_test.dart: Geocoding Tests successfully geocodes and populates fields
DEBUG: About to submit form for geocoding
Birth place: Ankara, Turkey
00:06 +51 -20: C:/dev/AstroYorumAI/test/screens/debug_button_state_test.dart: Debug button state test
DEBUG: Submit button by text found: 1
00:06 +51 -20: C:/dev/AstroYorumAI/test/screens/birth_info_screen_validation_test.dart: Geocoding Tests successfully geocodes and populates fields
Name field text: "nameField.controller?.text}"
Latitude field text: "latField.controller?.text}"
Longitude field text: "lonField.controller?.text}"
DEBUG: Checking if date/time are properly set in screen...
00:06 +52 -20: C:/dev/AstroYorumAI/test/screens/debug_button_state_test.dart: Debug button state test
00:06 +53 -20: C:/dev/AstroYorumAI/test/screens/debug_button_state_test.dart: Debug button state test
00:06 +54 -20: C:/dev/AstroYorumAI/test/screens/debug_button_state_test.dart: Debug button state test
00:06 +55 -20: C:/dev/AstroYorumAI/test/screens/debug_button_state_test.dart: Debug button state test
00:06 +55 -20: C:/dev/AstroYorumAI/test/screens/debug_single_validation_test.dart: Debug Single Validation Test DEBUG: Test widget build and basic interaction
­şöı Test ba┼şlat─▒l─▒yor...
­şöı Mocks kuruldu...
­şöı Profile olu┼şturuldu...
00:06 +56 -20: C:/dev/AstroYorumAI/test/screens/debug_button_state_test.dart: Debug button state test
DEBUG: ElevatedButton widgets found: 1
DEBUG: Found button by text
DEBUG: Attempting to tap button by text...
DEBUG: Button tap by text completed
DEBUG: Attempting to tap button by type...
DEBUG: Button tap by type completed
00:06 +56 -20: C:/dev/AstroYorumAI/test/screens/birth_info_screen_validation_test.dart: Geocoding Tests shows error when geocoding service throws an error
Geocoding error in BirthInfoScreen: Exception: Simulated Geocoding Service Error
00:06 +57 -20: C:/dev/AstroYorumAI/test/screens/debug_button_tap_test.dart: Debug button tap test
00:06 +57 -20: C:/dev/AstroYorumAI/test/screens/birth_info_screen_test.dart: BirthInfoScreen Widget Tests displays processing state when form is submitted
DEBUG: About to submit form. Birth place entered: ─░stanbul
DEBUG: Latitude field value: 
DEBUG: Longitude field value: 
DEBUG: Checking for LoadingIndicator after form submission...
DEBUG: Found 0 LoadingIndicator widgets
DEBUG: Found 14 text widgets
DEBUG: LoadingIndicator not found. Checking if validation failed...
DEBUG: Still on form screen - validation likely failed, test should be updated
00:06 +58 -20: C:/dev/AstroYorumAI/test/screens/debug_button_tap_test.dart: Debug button tap test
00:06 +59 -20: C:/dev/AstroYorumAI/test/screens/debug_button_tap_test.dart: Debug button tap test
=== Fields filled ===
Submit button found: 1
=== About to tap button ===
=== After tapping button ===
Error text found: 0
00:06 +60 -20: C:/dev/AstroYorumAI/test/screens/debug_button_visibility_test.dart: Debug: Check button visibility in geocoding scenario
00:06 +61 -20: C:/dev/AstroYorumAI/test/screens/debug_button_visibility_test.dart: Debug: Check button visibility in geocoding scenario
00:07 +61 -20: C:/dev/AstroYorumAI/test/screens/birth_info_validation_fix_test.dart: BirthInfoScreen Validation Fix Test displays processing state when form is submitted - FIXED
ÔòÉÔòÉÔòí EXCEPTION CAUGHT BY FLUTTER TEST FRAMEWORK ÔòŞÔòÉÔòÉÔòÉÔòÉÔòÉÔòÉÔòÉÔòÉÔòÉÔòÉÔòÉÔòÉÔòÉÔòÉÔòÉÔòÉÔòÉÔòÉÔòÉÔòÉÔòÉÔòÉÔòÉÔòÉÔòÉÔòÉÔòÉÔòÉÔòÉÔòÉÔòÉÔòÉÔòÉÔòÉÔòÉÔòÉÔòÉÔòÉÔòÉÔòÉÔòÉÔòÉÔòÉÔòÉÔòÉÔòÉÔòÉÔòÉÔòÉÔòÉÔòÉÔòÉ
The following TestFailure was thrown running a test:
Expected: exactly one matching node in the widget tree
  Actual: _WidgetTypeFinder:<zero widgets with type "LoadingIndicator" (ignoring offstage widgets)>
   Which: means none were found but one was expected

When the exception was thrown, this was the stack:
#4      main.<anonymous closure>.<anonymous closure> (file:///C:/dev/AstroYorumAI/test/screens/birth_info_validation_fix_test.dart:179:7)
<asynchronous suspension>
<asynchronous suspension>
(elided one frame from package:stack_trace)

This was caught by the test expectation on the following line:
  file:///C:/dev/AstroYorumAI/test/screens/birth_info_validation_fix_test.dart line 179
The test description was:
  displays processing state when form is submitted - FIXED
ÔòÉÔòÉÔòÉÔòÉÔòÉÔòÉÔòÉÔòÉÔòÉÔòÉÔòÉÔòÉÔòÉÔòÉÔòÉÔòÉÔòÉÔòÉÔòÉÔòÉÔòÉÔòÉÔòÉÔòÉÔòÉÔòÉÔòÉÔòÉÔòÉÔòÉÔòÉÔòÉÔòÉÔòÉÔòÉÔòÉÔòÉÔòÉÔòÉÔòÉÔòÉÔòÉÔòÉÔòÉÔòÉÔòÉÔòÉÔòÉÔòÉÔòÉÔòÉÔòÉÔòÉÔòÉÔòÉÔòÉÔòÉÔòÉÔòÉÔòÉÔòÉÔòÉÔòÉÔòÉÔòÉÔòÉÔòÉÔòÉÔòÉÔòÉÔòÉÔòÉÔòÉÔòÉÔòÉÔòÉÔòÉÔòÉÔòÉÔòÉÔòÉÔòÉÔòÉÔòÉÔòÉÔòÉÔòÉÔòÉÔòÉÔòÉÔòÉÔòÉÔòÉÔòÉÔòÉÔòÉÔòÉÔòÉÔòÉÔòÉ
00:07 +61 -21: C:/dev/AstroYorumAI/test/screens/debug_button_visibility_test.dart: Debug: Check button visibility in geocoding scenario
00:07 +61 -21: C:/dev/AstroYorumAI/test/screens/birth_info_validation_fix_test.dart: BirthInfoScreen Validation Fix Test displays processing state when form is submitted - FIXED [E]
  Test failed. See exception logs above.
  The test description was: displays processing state when form is submitted - FIXED
  
00:07 +62 -21: C:/dev/AstroYorumAI/test/screens/debug_button_visibility_test.dart: Debug: Check button visibility in geocoding scenario
=== DEBUG: Initial State ===
Submit button by text: 1
ElevatedButton widgets: 1
Button onPressed is null (disabled): false
=== DEBUG: After filling name ===
Submit button by text: 1
Button onPressed is null (disabled): false
=== DEBUG: After filling birth place ===
Submit button by text: 1
Button onPressed is null (disabled): false
=== DEBUG: After clearing coordinates ===
Submit button by text: 1
Button onPressed is null (disabled): false
=== DEBUG: Trying to scroll to button ===
Successfully scrolled to button
Submit button by text after scroll: 1
=== DEBUG: Final state ===
Submit button by text: 1
ElevatedButton widgets: 1
All ElevatedButton widgets:
  Button 0: enabled=true, child=Text("Natal Haritam─▒ Hesapla", inherit: true, size: 16.0)
All Text widgets:
  Text 0: "Ad Soyad"
  Text 1: "Do─şum Tarihi: 01/01/2000"
  Text 2: "Tarih Se├ğ"
  Text 3: "Do─şum Saati: 12:00"
  Text 4: "Saat Se├ğ"
  Text 5: "Do─şum Yeri (┼Şehir, ├£lke)"
  Text 6: "├ûrn: Ankara, T├╝rkiye (─░ste─şe ba─şl─▒)"
  Text 7: "Do─şum yerini girerseniz, enlem ve boylam otomatik olarak doldurulmaya ├ğal─▒┼ş─▒lacakt─▒r. Dilerseniz bu alanlar─▒ manuel olarak da girebilir veya d├╝zeltebilirsiniz."
  Text 8: "Enlem (Latitude)"
  Text 9: "├ûrn: 39.925533"
  Text 10: "Boylam (Longitude)"
  Text 11: "├ûrn: 32.866287"
  Text 12: "Natal Haritam─▒ Hesapla"
  Text 13: "Do─şum Bilgilerini Girin"
00:07 +63 -21: C:/dev/AstroYorumAI/test/screens/debug_simple_validation_test.dart: Simple validation debug test
=== Before tapping submit button ===
00:07 +63 -22: C:/dev/AstroYorumAI/test/screens/debug_simple_validation_test.dart: Simple validation debug test
00:07 +63 -22: C:/dev/AstroYorumAI/test/screens/home_screen_test.dart: HomeScreen Widget Tests Shows loading indicator and then displays active profile [E]
  type 'Null' is not a subtype of type 'Future<UserProfile?>'
  test\screens\home_screen_test.dart 10:7   MockProfileManagementService.getActiveProfile
  test\screens\home_screen_test.dart 19:24  main.<fn>.<fn>
  
00:07 +63 -23: C:/dev/AstroYorumAI/test/screens/debug_simple_validation_test.dart: Simple validation debug test
00:07 +63 -23: C:/dev/AstroYorumAI/test/screens/home_screen_test.dart: HomeScreen Widget Tests Displays active profile after loading [E]
  Bad state: Cannot call `when` within a stub response
  package:mockito/src/mock.dart 1207:5     when
  test\screens\home_screen_test.dart 19:7  main.<fn>.<fn>
  
00:07 +63 -24: C:/dev/AstroYorumAI/test/screens/debug_simple_validation_test.dart: Simple validation debug test
00:07 +63 -24: C:/dev/AstroYorumAI/test/screens/home_screen_test.dart: HomeScreen Widget Tests Navigates to profile management screen on button tap [E]
  Bad state: Cannot call `when` within a stub response
  package:mockito/src/mock.dart 1207:5     when
  test\screens\home_screen_test.dart 19:7  main.<fn>.<fn>
  
00:07 +63 -24: C:/dev/AstroYorumAI/test/screens/debug_simple_validation_test.dart: Simple validation debug test
=== After tapping submit button ===
Error text found: 0
All Text widgets count: 14
00:07 +64 -24: C:/dev/AstroYorumAI/test/screens/debug_single_validation_test.dart: Debug Single Validation Test DEBUG: Test widget build and basic interaction
00:07 +64 -24: C:/dev/AstroYorumAI/test/screens/debug_validation_test.dart: Debug Form Validation
BUTTON PRESSED - calling validate()
VALIDATOR CALLED with value: "95"
VALIDATOR RETURNING: "Enlem -90 ile 90 aras─▒nda olmal─▒d─▒r"
BUTTON PRESSED - validate() returned: false
=== All Text Widgets ===
Text 0: "Test Field"
Text 1: "Enlem -90 ile 90 aras─▒nda olmal─▒d─▒r"
Text 2: "Validate"
00:07 +65 -24: C:/dev/AstroYorumAI/test/screens/debug_single_validation_test.dart: Debug Single Validation Test DEBUG: Test widget build and basic interaction
­şöı Widget pump edildi...
­şöı PumpAndSettle tamamland─▒...
­şöı Form widget bulundu
­şöı TextFormField widget'lar─▒ bulundu
­şöı ElevatedButton widget bulundu
­şöı Latitude alan─▒na text giriliyor...
­şöı Latitude text girildi
­şöı Longitude alan─▒na text giriliyor...
­şöı Longitude text girildi
­şöı Submit button'a t─▒klan─▒yor...

Warning: A call to tap() with finder "exactly one widget with type "ElevatedButton" (ignoring offstage widgets): ElevatedButton-[<'submit_button'>](style: ButtonStyle#730a6(textStyle: MaterialStatePropertyAll(null), padding: MaterialStatePropertyAll(EdgeInsets(0.0, 12.0, 0.0, 12.0))), dependencies: [MediaQuery, _InheritedTheme, _LocalizationsScope-[GlobalKey#ec33a]], state: _ButtonStyleState#e1b24)" derived an Offset (Offset(400.0, 592.0)) that would not hit test on the specified widget.
Maybe the widget is actually off-screen, or another widget is obscuring it, or the widget cannot receive pointer events.
The finder corresponds to this RenderBox: RenderSemanticsAnnotations#18067 relayoutBoundary=up5
The hit test result at that offset is: HitTestResult(_RenderInkFeatures#702db@Offset(400.0, 592.0), RenderPhysicalModel#988ad@Offset(400.0, 592.0), RenderSemanticsAnnotations#a1092@Offset(400.0, 592.0), RenderRepaintBoundary#402e8@Offset(400.0, 592.0), RenderIgnorePointer#0a6fe@Offset(400.0, 592.0), _RenderSnapshotWidget#98b96@Offset(400.0, 592.0), _RenderSnapshotWidget#63f13@Offset(400.0, 592.0), _RenderSnapshotWidget#a877e@Offset(400.0, 592.0), _RenderSnapshotWidget#6bf4c@Offset(400.0, 592.0), RenderRepaintBoundary#3a97c@Offset(400.0, 592.0), RenderSemanticsAnnotations#17be6@Offset(400.0, 592.0), RenderOffstage#f701c@Offset(400.0, 592.0), RenderSemanticsAnnotations#6c534@Offset(400.0, 592.0), _RenderTheater#a6d2f@Offset(400.0, 592.0), RenderAbsorbPointer#514f9@Offset(400.0, 592.0), RenderPointerListener#a539f@Offset(400.0, 592.0), RenderSemanticsAnnotations#5253b@Offset(400.0, 592.0), RenderCustomPaint#ad4f9@Offset(400.0, 592.0), RenderSemanticsAnnotations#6aa5a@Offset(400.0, 592.0), RenderSemanticsAnnotations#242ec@Offset(400.0, 592.0), RenderTapRegionSurface#2f38e@Offset(400.0, 592.0), RenderSemanticsAnnotations#957fb@Offset(400.0, 592.0), RenderSemanticsAnnotations#dea34@Offset(400.0, 592.0), RenderSemanticsAnnotations#b4225@Offset(400.0, 592.0), HitTestEntry<HitTestTarget>#0764d(RenderView#3fafc), HitTestEntry<HitTestTarget>#896d6(<AutomatedTestWidgetsFlutterBinding>))
#0      WidgetController._getElementPoint (package:flutter_test/src/controller.dart:1347:25)
#1      WidgetController.getCenter (package:flutter_test/src/controller.dart:1232:12)
#2      WidgetController.tap (package:flutter_test/src/controller.dart:554:18)
#3      main.<anonymous closure>.<anonymous closure> (file:///C:/dev/AstroYorumAI/test/screens/debug_single_validation_test.dart:116:22)
<asynchronous suspension>
#4      StackZoneSpecification._registerUnaryCallback.<anonymous closure> (package:stack_trace/src/stack_zone_specification.dart:124:15)
<asynchronous suspension>
To silence this warning, pass "warnIfMissed: false" to "tap()".
To make this warning fatal, set WidgetController.hitTestWarningShouldBeFatal to true.

­şöı Submit button t─▒kland─▒, ilk pump tamamland─▒
­şöı ─░kinci pump tamamland─▒
­şöı PumpAndSettle (2s timeout) tamamland─▒
­şöı Test ba┼şar─▒yla tamamland─▒!
00:07 +66 -24: C:/dev/AstroYorumAI/test/screens/debug_valid_coords_test.dart: Debug valid coordinates test
00:07 +66 -24: C:/dev/AstroYorumAI/test/screens/settings_screen_test.dart: (setUpAll)
Firebase initialization warning in test: PlatformException(channel-error, Unable to establish connection on channel., null, null)
00:07 +66 -24: C:/dev/AstroYorumAI/test/screens/debug_valid_coords_test.dart: Debug valid coordinates test
00:08 +66 -24: C:/dev/AstroYorumAI/test/screens/notification_settings_screen_test.dart: Bildirim ayarlar─▒ varsay─▒lan de─şerlerle geliyor mu?
ÔòÉÔòÉÔòí EXCEPTION CAUGHT BY FLUTTER TEST FRAMEWORK ÔòŞÔòÉÔòÉÔòÉÔòÉÔòÉÔòÉÔòÉÔòÉÔòÉÔòÉÔòÉÔòÉÔòÉÔòÉÔòÉÔòÉÔòÉÔòÉÔòÉÔòÉÔòÉÔòÉÔòÉÔòÉÔòÉÔòÉÔòÉÔòÉÔòÉÔòÉÔòÉÔòÉÔòÉÔòÉÔòÉÔòÉÔòÉÔòÉÔòÉÔòÉÔòÉÔòÉÔòÉÔòÉÔòÉÔòÉÔòÉÔòÉÔòÉÔòÉÔòÉÔòÉ
The following TestFailure was thrown running a test:
Expected: exactly one matching node in the widget tree
  Actual: _KeyFinder:<zero widgets with key [<'daily_reminder_switch'>] (ignoring offstage widgets)>
   Which: means none were found but one was expected

When the exception was thrown, this was the stack:
#4      main.<anonymous closure> (file:///C:/dev/AstroYorumAI/test/screens/notification_settings_screen_test.dart:17:5)
<asynchronous suspension>
<asynchronous suspension>
(elided one frame from package:stack_trace)

This was caught by the test expectation on the following line:
  file:///C:/dev/AstroYorumAI/test/screens/notification_settings_screen_test.dart line 17
The test description was:
  Bildirim ayarlar─▒ varsay─▒lan de─şerlerle geliyor mu?
ÔòÉÔòÉÔòÉÔòÉÔòÉÔòÉÔòÉÔòÉÔòÉÔòÉÔòÉÔòÉÔòÉÔòÉÔòÉÔòÉÔòÉÔòÉÔòÉÔòÉÔòÉÔòÉÔòÉÔòÉÔòÉÔòÉÔòÉÔòÉÔòÉÔòÉÔòÉÔòÉÔòÉÔòÉÔòÉÔòÉÔòÉÔòÉÔòÉÔòÉÔòÉÔòÉÔòÉÔòÉÔòÉÔòÉÔòÉÔòÉÔòÉÔòÉÔòÉÔòÉÔòÉÔòÉÔòÉÔòÉÔòÉÔòÉÔòÉÔòÉÔòÉÔòÉÔòÉÔòÉÔòÉÔòÉÔòÉÔòÉÔòÉÔòÉÔòÉÔòÉÔòÉÔòÉÔòÉÔòÉÔòÉÔòÉÔòÉÔòÉÔòÉÔòÉÔòÉÔòÉÔòÉÔòÉÔòÉÔòÉÔòÉÔòÉÔòÉÔòÉÔòÉÔòÉÔòÉÔòÉÔòÉÔòÉÔòÉÔòÉ
00:08 +66 -25: C:/dev/AstroYorumAI/test/screens/debug_valid_coords_test.dart: Debug valid coordinates test
00:08 +66 -25: C:/dev/AstroYorumAI/test/screens/notification_settings_screen_test.dart: Bildirim ayarlar─▒ varsay─▒lan de─şerlerle geliyor mu? [E]
  Test failed. See exception logs above.
  The test description was: Bildirim ayarlar─▒ varsay─▒lan de─şerlerle geliyor mu?
  
00:08 +66 -25: C:/dev/AstroYorumAI/test/screens/debug_valid_coords_test.dart: Debug valid coordinates test
DEBUG: Entering valid coordinates...
DEBUG: About to submit form...
DEBUG: Form submitted. saveWasCalled: false
DEBUG: Title still found: true
ÔòÉÔòÉÔòí EXCEPTION CAUGHT BY FLUTTER TEST FRAMEWORK ÔòŞÔòÉÔòÉÔòÉÔòÉÔòÉÔòÉÔòÉÔòÉÔòÉÔòÉÔòÉÔòÉÔòÉÔòÉÔòÉÔòÉÔòÉÔòÉÔòÉÔòÉÔòÉÔòÉÔòÉÔòÉÔòÉÔòÉÔòÉÔòÉÔòÉÔòÉÔòÉÔòÉÔòÉÔòÉÔòÉÔòÉÔòÉÔòÉÔòÉÔòÉÔòÉÔòÉÔòÉÔòÉÔòÉÔòÉÔòÉÔòÉÔòÉÔòÉÔòÉÔòÉ
The following TestFailure was thrown running a test:
Expected: <true>
  Actual: <false>
Form submission should succeed with valid coordinates

When the exception was thrown, this was the stack:
#4      main.<anonymous closure> (file:///C:/dev/AstroYorumAI/test/screens/debug_valid_coords_test.dart:84:5)
<asynchronous suspension>
<asynchronous suspension>
(elided one frame from package:stack_trace)

This was caught by the test expectation on the following line:
  file:///C:/dev/AstroYorumAI/test/screens/debug_valid_coords_test.dart line 84
The test description was:
  Debug valid coordinates test
ÔòÉÔòÉÔòÉÔòÉÔòÉÔòÉÔòÉÔòÉÔòÉÔòÉÔòÉÔòÉÔòÉÔòÉÔòÉÔòÉÔòÉÔòÉÔòÉÔòÉÔòÉÔòÉÔòÉÔòÉÔòÉÔòÉÔòÉÔòÉÔòÉÔòÉÔòÉÔòÉÔòÉÔòÉÔòÉÔòÉÔòÉÔòÉÔòÉÔòÉÔòÉÔòÉÔòÉÔòÉÔòÉÔòÉÔòÉÔòÉÔòÉÔòÉÔòÉÔòÉÔòÉÔòÉÔòÉÔòÉÔòÉÔòÉÔòÉÔòÉÔòÉÔòÉÔòÉÔòÉÔòÉÔòÉÔòÉÔòÉÔòÉÔòÉÔòÉÔòÉÔòÉÔòÉÔòÉÔòÉÔòÉÔòÉÔòÉÔòÉÔòÉÔòÉÔòÉÔòÉÔòÉÔòÉÔòÉÔòÉÔòÉÔòÉÔòÉÔòÉÔòÉÔòÉÔòÉÔòÉÔòÉÔòÉÔòÉÔòÉ
00:08 +66 -26: C:/dev/AstroYorumAI/test/screens/settings_screen_test.dart: SettingsScreen Widget Tests should display settings sections
00:08 +66 -26: C:/dev/AstroYorumAI/test/screens/debug_valid_coords_test.dart: Debug valid coordinates test [E]
  Test failed. See exception logs above.
  The test description was: Debug valid coordinates test
  
00:08 +66 -26: C:/dev/AstroYorumAI/test/screens/notification_settings_screen_test.dart: Kullan─▒c─▒ ayar─▒ de─şi┼ştirdi─şinde switch durumu de─şi┼şiyor mu?
ÔòÉÔòÉÔòí EXCEPTION CAUGHT BY FLUTTER TEST FRAMEWORK ÔòŞÔòÉÔòÉÔòÉÔòÉÔòÉÔòÉÔòÉÔòÉÔòÉÔòÉÔòÉÔòÉÔòÉÔòÉÔòÉÔòÉÔòÉÔòÉÔòÉÔòÉÔòÉÔòÉÔòÉÔòÉÔòÉÔòÉÔòÉÔòÉÔòÉÔòÉÔòÉÔòÉÔòÉÔòÉÔòÉÔòÉÔòÉÔòÉÔòÉÔòÉÔòÉÔòÉÔòÉÔòÉÔòÉÔòÉÔòÉÔòÉÔòÉÔòÉÔòÉÔòÉ
The following assertion was thrown running a test:
The finder "zero widgets with key [<'daily_reminder_switch'>] (ignoring offstage widgets)" (used in
a call to "tap()") could not find any matching widgets.

When the exception was thrown, this was the stack:
#0      WidgetController._getElementPoint (package:flutter_test/src/controller.dart:1293:7)
#1      WidgetController.getCenter (package:flutter_test/src/controller.dart:1232:12)
#2      WidgetController.tap (package:flutter_test/src/controller.dart:554:18)
#3      main.<anonymous closure> (file:///C:/dev/AstroYorumAI/test/screens/notification_settings_screen_test.dart:38:18)
<asynchronous suspension>
<asynchronous suspension>
(elided one frame from package:stack_trace)

The test description was:
  Kullan─▒c─▒ ayar─▒ de─şi┼ştirdi─şinde switch durumu de─şi┼şiyor mu?
ÔòÉÔòÉÔòÉÔòÉÔòÉÔòÉÔòÉÔòÉÔòÉÔòÉÔòÉÔòÉÔòÉÔòÉÔòÉÔòÉÔòÉÔòÉÔòÉÔòÉÔòÉÔòÉÔòÉÔòÉÔòÉÔòÉÔòÉÔòÉÔòÉÔòÉÔòÉÔòÉÔòÉÔòÉÔòÉÔòÉÔòÉÔòÉÔòÉÔòÉÔòÉÔòÉÔòÉÔòÉÔòÉÔòÉÔòÉÔòÉÔòÉÔòÉÔòÉÔòÉÔòÉÔòÉÔòÉÔòÉÔòÉÔòÉÔòÉÔòÉÔòÉÔòÉÔòÉÔòÉÔòÉÔòÉÔòÉÔòÉÔòÉÔòÉÔòÉÔòÉÔòÉÔòÉÔòÉÔòÉÔòÉÔòÉÔòÉÔòÉÔòÉÔòÉÔòÉÔòÉÔòÉÔòÉÔòÉÔòÉÔòÉÔòÉÔòÉÔòÉÔòÉÔòÉÔòÉÔòÉÔòÉÔòÉÔòÉÔòÉ
00:08 +66 -27: C:/dev/AstroYorumAI/test/screens/settings_screen_test.dart: SettingsScreen Widget Tests should display settings sections
00:08 +66 -27: C:/dev/AstroYorumAI/test/screens/notification_settings_screen_test.dart: Kullan─▒c─▒ ayar─▒ de─şi┼ştirdi─şinde switch durumu de─şi┼şiyor mu? [E]
  Test failed. See exception logs above.
  The test description was: Kullan─▒c─▒ ayar─▒ de─şi┼ştirdi─şinde switch durumu de─şi┼şiyor mu?
  
00:08 +66 -27: C:/dev/AstroYorumAI/test/screens/notification_settings_screen_test.dart: Kaydet butonuna bas─▒ld─▒─ş─▒nda i┼şlem yap─▒l─▒yor mu?
ÔòÉÔòÉÔòí EXCEPTION CAUGHT BY FLUTTER TEST FRAMEWORK ÔòŞÔòÉÔòÉÔòÉÔòÉÔòÉÔòÉÔòÉÔòÉÔòÉÔòÉÔòÉÔòÉÔòÉÔòÉÔòÉÔòÉÔòÉÔòÉÔòÉÔòÉÔòÉÔòÉÔòÉÔòÉÔòÉÔòÉÔòÉÔòÉÔòÉÔòÉÔòÉÔòÉÔòÉÔòÉÔòÉÔòÉÔòÉÔòÉÔòÉÔòÉÔòÉÔòÉÔòÉÔòÉÔòÉÔòÉÔòÉÔòÉÔòÉÔòÉÔòÉÔòÉ
The following TestFailure was thrown running a test:
Expected: exactly one matching node in the widget tree
  Actual: _KeyFinder:<zero widgets with key [<'save_button'>] (ignoring offstage widgets)>
   Which: means none were found but one was expected

When the exception was thrown, this was the stack:
#4      main.<anonymous closure> (file:///C:/dev/AstroYorumAI/test/screens/notification_settings_screen_test.dart:55:5)
<asynchronous suspension>
<asynchronous suspension>
(elided one frame from package:stack_trace)

This was caught by the test expectation on the following line:
  file:///C:/dev/AstroYorumAI/test/screens/notification_settings_screen_test.dart line 55
The test description was:
  Kaydet butonuna bas─▒ld─▒─ş─▒nda i┼şlem yap─▒l─▒yor mu?
ÔòÉÔòÉÔòÉÔòÉÔòÉÔòÉÔòÉÔòÉÔòÉÔòÉÔòÉÔòÉÔòÉÔòÉÔòÉÔòÉÔòÉÔòÉÔòÉÔòÉÔòÉÔòÉÔòÉÔòÉÔòÉÔòÉÔòÉÔòÉÔòÉÔòÉÔòÉÔòÉÔòÉÔòÉÔòÉÔòÉÔòÉÔòÉÔòÉÔòÉÔòÉÔòÉÔòÉÔòÉÔòÉÔòÉÔòÉÔòÉÔòÉÔòÉÔòÉÔòÉÔòÉÔòÉÔòÉÔòÉÔòÉÔòÉÔòÉÔòÉÔòÉÔòÉÔòÉÔòÉÔòÉÔòÉÔòÉÔòÉÔòÉÔòÉÔòÉÔòÉÔòÉÔòÉÔòÉÔòÉÔòÉÔòÉÔòÉÔòÉÔòÉÔòÉÔòÉÔòÉÔòÉÔòÉÔòÉÔòÉÔòÉÔòÉÔòÉÔòÉÔòÉÔòÉÔòÉÔòÉÔòÉÔòÉÔòÉÔòÉ
00:08 +66 -28: C:/dev/AstroYorumAI/test/screens/settings_screen_test.dart: SettingsScreen Widget Tests should display settings sections
00:08 +66 -28: C:/dev/AstroYorumAI/test/screens/notification_settings_screen_test.dart: Kaydet butonuna bas─▒ld─▒─ş─▒nda i┼şlem yap─▒l─▒yor mu? [E]
  Test failed. See exception logs above.
  The test description was: Kaydet butonuna bas─▒ld─▒─ş─▒nda i┼şlem yap─▒l─▒yor mu?
  
00:08 +66 -28: C:/dev/AstroYorumAI/test/services/astrology_api_service_test.dart: AstrologyApiService (setUpAll)
Firebase initialization warning in test: PlatformException(channel-error, Unable to establish connection on channel., null, null)
00:08 +66 -28: C:/dev/AstroYorumAI/test/screens/settings_screen_test.dart: SettingsScreen Widget Tests should display settings sections
00:08 +67 -28: C:/dev/AstroYorumAI/test/screens/settings_screen_test.dart: SettingsScreen Widget Tests should display settings sections
00:08 +68 -28: C:/dev/AstroYorumAI/test/screens/settings_screen_test.dart: SettingsScreen Widget Tests should display settings sections
00:08 +69 -28: C:/dev/AstroYorumAI/test/screens/settings_screen_test.dart: SettingsScreen Widget Tests should display settings sections
00:08 +70 -28: C:/dev/AstroYorumAI/test/screens/settings_screen_test.dart: SettingsScreen Widget Tests should display settings sections
00:08 +71 -28: C:/dev/AstroYorumAI/test/screens/settings_screen_test.dart: SettingsScreen Widget Tests should display settings sections
00:08 +72 -28: C:/dev/AstroYorumAI/test/screens/settings_screen_test.dart: SettingsScreen Widget Tests should display settings sections
00:08 +73 -28: C:/dev/AstroYorumAI/test/screens/settings_screen_test.dart: SettingsScreen Widget Tests should display settings sections
00:08 +74 -28: C:/dev/AstroYorumAI/test/screens/settings_screen_test.dart: SettingsScreen Widget Tests should display settings sections
00:08 +75 -28: C:/dev/AstroYorumAI/test/screens/settings_screen_test.dart: SettingsScreen Widget Tests should display settings sections
00:08 +76 -28: C:/dev/AstroYorumAI/test/screens/settings_screen_test.dart: SettingsScreen Widget Tests should display settings sections
00:08 +77 -28: C:/dev/AstroYorumAI/test/screens/settings_screen_test.dart: SettingsScreen Widget Tests should display settings sections
00:08 +78 -28: C:/dev/AstroYorumAI/test/screens/settings_screen_test.dart: SettingsScreen Widget Tests should display settings sections
00:08 +79 -28: C:/dev/AstroYorumAI/test/screens/settings_screen_test.dart: SettingsScreen Widget Tests should display settings sections
00:08 +80 -28: C:/dev/AstroYorumAI/test/screens/settings_screen_test.dart: SettingsScreen Widget Tests should display settings sections
00:08 +81 -28: C:/dev/AstroYorumAI/test/screens/settings_screen_test.dart: SettingsScreen Widget Tests should display settings sections
00:08 +82 -28: C:/dev/AstroYorumAI/test/screens/settings_screen_test.dart: SettingsScreen Widget Tests should display settings sections
00:08 +83 -28: C:/dev/AstroYorumAI/test/screens/settings_screen_test.dart: SettingsScreen Widget Tests should display settings sections
00:08 +83 -28: C:/dev/AstroYorumAI/test/services/astrology_api_service_test.dart: AstrologyApiService getDailyHoroscope API Integration Tests should work with real API call
  Skip: Integration test - requires network access
00:08 +83 ~1 -28: C:/dev/AstroYorumAI/test/screens/settings_screen_test.dart: SettingsScreen Widget Tests should display settings sections
00:08 +84 ~1 -28: C:/dev/AstroYorumAI/test/screens/settings_screen_test.dart: SettingsScreen Widget Tests should display settings sections
00:08 +85 ~1 -28: C:/dev/AstroYorumAI/test/screens/settings_screen_test.dart: SettingsScreen Widget Tests should display settings sections
00:08 +86 ~1 -28: C:/dev/AstroYorumAI/test/screens/settings_screen_test.dart: SettingsScreen Widget Tests should display settings sections
00:08 +87 ~1 -28: C:/dev/AstroYorumAI/test/screens/settings_screen_test.dart: SettingsScreen Widget Tests should display settings sections
00:08 +88 ~1 -28: C:/dev/AstroYorumAI/test/screens/settings_screen_test.dart: SettingsScreen Widget Tests should display settings sections
00:08 +89 ~1 -28: C:/dev/AstroYorumAI/test/screens/settings_screen_test.dart: SettingsScreen Widget Tests should display settings sections
00:08 +90 ~1 -28: C:/dev/AstroYorumAI/test/screens/settings_screen_test.dart: SettingsScreen Widget Tests should display settings sections
00:08 +91 ~1 -28: C:/dev/AstroYorumAI/test/screens/settings_screen_test.dart: SettingsScreen Widget Tests should display settings sections
00:08 +92 ~1 -28: C:/dev/AstroYorumAI/test/screens/settings_screen_test.dart: SettingsScreen Widget Tests should display settings sections
00:08 +93 ~1 -28: C:/dev/AstroYorumAI/test/screens/settings_screen_test.dart: SettingsScreen Widget Tests should display settings sections
00:08 +94 ~1 -28: C:/dev/AstroYorumAI/test/screens/settings_screen_test.dart: SettingsScreen Widget Tests should display settings sections
00:08 +95 ~1 -28: C:/dev/AstroYorumAI/test/screens/settings_screen_test.dart: SettingsScreen Widget Tests should display settings sections
00:08 +96 ~1 -28: C:/dev/AstroYorumAI/test/screens/settings_screen_test.dart: SettingsScreen Widget Tests should display settings sections
00:08 +97 ~1 -28: C:/dev/AstroYorumAI/test/screens/simple_validation_test.dart: Simple TextFormField validation test
00:08 +98 ~1 -28: C:/dev/AstroYorumAI/test/screens/simple_validation_test.dart: Simple TextFormField validation test
00:08 +99 ~1 -28: C:/dev/AstroYorumAI/test/screens/simple_validation_test.dart: Simple TextFormField validation test
00:08 +100 ~1 -28: C:/dev/AstroYorumAI/test/screens/simple_validation_test.dart: Simple TextFormField validation test
00:08 +101 ~1 -28: C:/dev/AstroYorumAI/test/screens/simple_validation_test.dart: Simple TextFormField validation test
00:08 +102 ~1 -28: C:/dev/AstroYorumAI/test/screens/simple_validation_test.dart: Simple TextFormField validation test
00:08 +103 ~1 -28: C:/dev/AstroYorumAI/test/screens/simple_validation_test.dart: Simple TextFormField validation test
00:08 +104 ~1 -28: C:/dev/AstroYorumAI/test/screens/simple_validation_test.dart: Simple TextFormField validation test
00:08 +105 ~1 -28: C:/dev/AstroYorumAI/test/screens/simple_validation_test.dart: Simple TextFormField validation test
00:08 +106 ~1 -28: C:/dev/AstroYorumAI/test/screens/simple_validation_test.dart: Simple TextFormField validation test
00:08 +107 ~1 -28: C:/dev/AstroYorumAI/test/screens/simple_validation_test.dart: Simple TextFormField validation test
00:08 +108 ~1 -28: C:/dev/AstroYorumAI/test/screens/simple_validation_test.dart: Simple TextFormField validation test
00:08 +109 ~1 -28: C:/dev/AstroYorumAI/test/screens/simple_validation_test.dart: Simple TextFormField validation test
00:08 +110 ~1 -28: C:/dev/AstroYorumAI/test/screens/simple_validation_test.dart: Simple TextFormField validation test
00:08 +111 ~1 -28: C:/dev/AstroYorumAI/test/screens/simple_validation_test.dart: Simple TextFormField validation test
00:08 +112 ~1 -28: C:/dev/AstroYorumAI/test/screens/simple_validation_test.dart: Simple TextFormField validation test
00:08 +113 ~1 -28: C:/dev/AstroYorumAI/test/screens/simple_validation_test.dart: Simple TextFormField validation test
00:08 +114 ~1 -28: C:/dev/AstroYorumAI/test/screens/simple_validation_test.dart: Simple TextFormField validation test
00:08 +115 ~1 -28: C:/dev/AstroYorumAI/test/screens/simple_validation_test.dart: Simple TextFormField validation test
00:08 +116 ~1 -28: C:/dev/AstroYorumAI/test/screens/simple_validation_test.dart: Simple TextFormField validation test
00:08 +117 ~1 -28: C:/dev/AstroYorumAI/test/screens/simple_validation_test.dart: Simple TextFormField validation test
00:08 +118 ~1 -28: C:/dev/AstroYorumAI/test/screens/simple_validation_test.dart: Simple TextFormField validation test
DEBUG: Button pressed, calling validate
00:08 +119 ~1 -28: C:/dev/AstroYorumAI/test/screens/simple_validation_test.dart: Simple TextFormField validation test
DEBUG: Validator called with value: 95
DEBUG: Validation failed - latitude out of range
00:08 +120 ~1 -28: C:/dev/AstroYorumAI/test/screens/simple_validation_test.dart: Simple TextFormField validation test
DEBUG: Validation result: false
00:08 +121 ~1 -28: C:/dev/AstroYorumAI/test/screens/simple_validation_test.dart: Simple TextFormField validation test
00:08 +122 ~1 -28: C:/dev/AstroYorumAI/test/screens/simple_validation_test.dart: Simple TextFormField validation test
00:08 +123 ~1 -28: C:/dev/AstroYorumAI/test/screens/simple_validation_test.dart: Simple TextFormField validation test
00:08 +124 ~1 -28: C:/dev/AstroYorumAI/test/screens/simple_validation_test.dart: Simple TextFormField validation test
00:08 +125 ~1 -28: C:/dev/AstroYorumAI/test/screens/simple_validation_test.dart: Simple TextFormField validation test
00:08 +126 ~1 -28: C:/dev/AstroYorumAI/test/screens/simple_validation_test.dart: Simple TextFormField validation test
00:08 +127 ~1 -28: C:/dev/AstroYorumAI/test/screens/simple_validation_test.dart: Simple TextFormField validation test
=== Looking for validation error ===
00:08 +128 ~1 -28: C:/dev/AstroYorumAI/test/screens/simple_validation_test.dart: Simple TextFormField validation test
00:08 +129 ~1 -28: C:/dev/AstroYorumAI/test/screens/simple_validation_test.dart: Simple TextFormField validation test
00:08 +130 ~1 -28: C:/dev/AstroYorumAI/test/screens/simple_validation_test.dart: Simple TextFormField validation test
00:08 +131 ~1 -28: C:/dev/AstroYorumAI/test/screens/simple_validation_test.dart: Simple TextFormField validation test
00:08 +132 ~1 -28: C:/dev/AstroYorumAI/test/screens/simple_validation_test.dart: Simple TextFormField validation test
00:08 +133 ~1 -28: C:/dev/AstroYorumAI/test/screens/simple_validation_test.dart: Simple TextFormField validation test
00:08 +133 ~1 -28: C:/dev/AstroYorumAI/test/services/astrology_backend_service_test.dart: AstrologyBackendService getNatalChart API Integration should work with real backend API call
  Skip: Integration test - requires backend server
00:08 +133 ~2 -28: C:/dev/AstroYorumAI/test/screens/simple_validation_test.dart: Simple TextFormField validation test
00:08 +134 ~2 -28: C:/dev/AstroYorumAI/test/screens/simple_validation_test.dart: Simple TextFormField validation test
00:08 +135 ~2 -28: C:/dev/AstroYorumAI/test/screens/simple_validation_test.dart: Simple TextFormField validation test
00:08 +136 ~2 -28: C:/dev/AstroYorumAI/test/screens/simple_validation_test.dart: Simple TextFormField validation test
00:08 +137 ~2 -28: C:/dev/AstroYorumAI/test/screens/simple_validation_test.dart: Simple TextFormField validation test
00:08 +138 ~2 -28: C:/dev/AstroYorumAI/test/screens/simple_validation_test.dart: Simple TextFormField validation test
Found error messages: 1
00:08 +139 ~2 -28: C:/dev/AstroYorumAI/test/screens/simple_validation_test.dart: Simple TextFormField validation test
00:08 +140 ~2 -28: C:/dev/AstroYorumAI/test/screens/simple_validation_test.dart: Simple TextFormField validation test
Found text containing "90": 1
All text widgets:
  0: "Enlem (Latitude)"
  1: "Enlem -90 ile 90 aras─▒nda olmal─▒d─▒r"
  2: "Validate"
00:08 +141 ~2 -28: C:/dev/AstroYorumAI/test/screens/splash_screen_test.dart: SplashScreen Widget Tests displays correct UI elements
00:08 +142 ~2 -28: C:/dev/AstroYorumAI/test/screens/splash_screen_test.dart: SplashScreen Widget Tests displays correct UI elements
00:08 +143 ~2 -28: C:/dev/AstroYorumAI/test/screens/splash_screen_test.dart: SplashScreen Widget Tests displays correct UI elements
00:08 +144 ~2 -28: C:/dev/AstroYorumAI/test/screens/splash_screen_test.dart: SplashScreen Widget Tests displays correct UI elements
00:08 +145 ~2 -28: C:/dev/AstroYorumAI/test/screens/splash_screen_test.dart: SplashScreen Widget Tests displays correct UI elements
00:09 +146 ~2 -28: C:/dev/AstroYorumAI/test/screens/splash_screen_test.dart: SplashScreen Widget Tests displays correct UI elements
00:09 +146 ~2 -28: C:/dev/AstroYorumAI/test/services/astrology_calendar_service_test.dart: AstrologyCalendarService getAllEvents should return sample events when no events stored
Firebase initialization warning in test: PlatformException(channel-error, Unable to establish connection on channel., null, null)
00:09 +147 ~2 -28: C:/dev/AstroYorumAI/test/screens/splash_screen_test.dart: SplashScreen Widget Tests displays correct UI elements
00:09 +148 ~2 -28: C:/dev/AstroYorumAI/test/screens/splash_screen_test.dart: SplashScreen Widget Tests displays correct UI elements
00:09 +148 ~2 -28: C:/dev/AstroYorumAI/test/services/astrology_calendar_service_test.dart: AstrologyCalendarService getAllEvents should return stored events when available
Firebase initialization warning in test: PlatformException(channel-error, Unable to establish connection on channel., null, null)
00:09 +149 ~2 -28: C:/dev/AstroYorumAI/test/screens/splash_screen_test.dart: SplashScreen Widget Tests displays correct UI elements
00:09 +149 ~2 -28: C:/dev/AstroYorumAI/test/services/astrology_calendar_service_test.dart: AstrologyCalendarService getAllEvents should handle JSON parsing correctly
Firebase initialization warning in test: PlatformException(channel-error, Unable to establish connection on channel., null, null)
00:09 +150 ~2 -28: C:/dev/AstroYorumAI/test/screens/splash_screen_test.dart: SplashScreen Widget Tests displays correct UI elements
00:09 +150 ~2 -28: C:/dev/AstroYorumAI/test/services/astrology_calendar_service_test.dart: AstrologyCalendarService getEventsInRange should return events within date range
Firebase initialization warning in test: PlatformException(channel-error, Unable to establish connection on channel., null, null)
00:09 +151 ~2 -28: C:/dev/AstroYorumAI/test/screens/splash_screen_test.dart: SplashScreen Widget Tests displays correct UI elements
00:09 +151 ~2 -28: C:/dev/AstroYorumAI/test/services/astrology_calendar_service_test.dart: AstrologyCalendarService getEventsInRange should handle empty date range
Firebase initialization warning in test: PlatformException(channel-error, Unable to establish connection on channel., null, null)
00:09 +152 ~2 -28: C:/dev/AstroYorumAI/test/screens/splash_screen_test.dart: SplashScreen Widget Tests displays correct UI elements
00:09 +152 ~2 -28: C:/dev/AstroYorumAI/test/services/astrology_calendar_service_test.dart: AstrologyCalendarService getEventsInRange should handle reverse date range
Firebase initialization warning in test: PlatformException(channel-error, Unable to establish connection on channel., null, null)
00:09 +153 ~2 -28: C:/dev/AstroYorumAI/test/screens/splash_screen_test.dart: SplashScreen Widget Tests displays correct UI elements
00:09 +153 ~2 -28: C:/dev/AstroYorumAI/test/services/astrology_calendar_service_test.dart: AstrologyCalendarService getEventsInRange should handle date range spanning multiple months
Firebase initialization warning in test: PlatformException(channel-error, Unable to establish connection on channel., null, null)
00:09 +154 ~2 -28: C:/dev/AstroYorumAI/test/screens/splash_screen_test.dart: SplashScreen Widget Tests displays correct UI elements
00:09 +154 ~2 -28: C:/dev/AstroYorumAI/test/services/astrology_calendar_service_test.dart: AstrologyCalendarService getEventsInRange should return events within the specified date range
Firebase initialization warning in test: PlatformException(channel-error, Unable to establish connection on channel., null, null)
00:09 +155 ~2 -28: C:/dev/AstroYorumAI/test/screens/splash_screen_test.dart: SplashScreen Widget Tests displays correct UI elements
00:09 +155 ~2 -28: C:/dev/AstroYorumAI/test/services/astrology_calendar_service_test.dart: AstrologyCalendarService getUpcomingEvents should return events for next 30 days by default
Firebase initialization warning in test: PlatformException(channel-error, Unable to establish connection on channel., null, null)
00:09 +156 ~2 -28: C:/dev/AstroYorumAI/test/screens/splash_screen_test.dart: SplashScreen Widget Tests displays correct UI elements
00:09 +156 ~2 -28: C:/dev/AstroYorumAI/test/services/astrology_calendar_service_test.dart: AstrologyCalendarService getUpcomingEvents should handle custom days parameter
Firebase initialization warning in test: PlatformException(channel-error, Unable to establish connection on channel., null, null)
00:09 +157 ~2 -28: C:/dev/AstroYorumAI/test/screens/splash_screen_test.dart: SplashScreen Widget Tests displays correct UI elements
00:09 +157 ~2 -28: C:/dev/AstroYorumAI/test/services/astrology_calendar_service_test.dart: AstrologyCalendarService getUpcomingEvents should handle zero days parameter
Firebase initialization warning in test: PlatformException(channel-error, Unable to establish connection on channel., null, null)
00:09 +158 ~2 -28: C:/dev/AstroYorumAI/test/screens/splash_screen_test.dart: SplashScreen Widget Tests displays correct UI elements
00:09 +158 ~2 -28: C:/dev/AstroYorumAI/test/services/astrology_calendar_service_test.dart: AstrologyCalendarService getUpcomingEvents should handle large days parameter
Firebase initialization warning in test: PlatformException(channel-error, Unable to establish connection on channel., null, null)
00:09 +159 ~2 -28: C:/dev/AstroYorumAI/test/screens/splash_screen_test.dart: SplashScreen Widget Tests displays correct UI elements
00:09 +159 ~2 -28: C:/dev/AstroYorumAI/test/services/astrology_calendar_service_test.dart: AstrologyCalendarService getUpcomingEvents should return events for the next 30 days by default
Firebase initialization warning in test: PlatformException(channel-error, Unable to establish connection on channel., null, null)
00:09 +160 ~2 -28: C:/dev/AstroYorumAI/test/screens/splash_screen_test.dart: SplashScreen Widget Tests displays correct UI elements
00:09 +160 ~2 -28: C:/dev/AstroYorumAI/test/services/astrology_calendar_service_test.dart: AstrologyCalendarService getTodaysEvents should return events for today
Firebase initialization warning in test: PlatformException(channel-error, Unable to establish connection on channel., null, null)
00:09 +161 ~2 -28: C:/dev/AstroYorumAI/test/screens/splash_screen_test.dart: SplashScreen Widget Tests displays correct UI elements
00:09 +161 ~2 -28: C:/dev/AstroYorumAI/test/services/astrology_calendar_service_test.dart: AstrologyCalendarService getTodaysEvents should handle timezone considerations
Firebase initialization warning in test: PlatformException(channel-error, Unable to establish connection on channel., null, null)
00:09 +162 ~2 -28: C:/dev/AstroYorumAI/test/screens/splash_screen_test.dart: SplashScreen Widget Tests displays correct UI elements
00:09 +162 ~2 -28: C:/dev/AstroYorumAI/test/services/astrology_calendar_service_test.dart: AstrologyCalendarService getTodaysEvents should return events for today
Firebase initialization warning in test: PlatformException(channel-error, Unable to establish connection on channel., null, null)
00:09 +163 ~2 -28: C:/dev/AstroYorumAI/test/screens/splash_screen_test.dart: SplashScreen Widget Tests displays correct UI elements
00:09 +163 ~2 -28: C:/dev/AstroYorumAI/test/services/astrology_calendar_service_test.dart: AstrologyCalendarService getEventsForMonth should return events for specific month
Firebase initialization warning in test: PlatformException(channel-error, Unable to establish connection on channel., null, null)
00:09 +164 ~2 -28: C:/dev/AstroYorumAI/test/screens/splash_screen_test.dart: SplashScreen Widget Tests displays correct UI elements
00:09 +164 ~2 -28: C:/dev/AstroYorumAI/test/services/astrology_calendar_service_test.dart: AstrologyCalendarService getEventsForMonth should handle February in leap year
Firebase initialization warning in test: PlatformException(channel-error, Unable to establish connection on channel., null, null)
00:09 +165 ~2 -28: C:/dev/AstroYorumAI/test/screens/splash_screen_test.dart: SplashScreen Widget Tests displays correct UI elements
00:09 +165 ~2 -28: C:/dev/AstroYorumAI/test/services/astrology_calendar_service_test.dart: AstrologyCalendarService getEventsForMonth should handle December (year boundary)
Firebase initialization warning in test: PlatformException(channel-error, Unable to establish connection on channel., null, null)
00:09 +166 ~2 -28: C:/dev/AstroYorumAI/test/screens/splash_screen_test.dart: SplashScreen Widget Tests displays correct UI elements
00:09 +166 ~2 -28: C:/dev/AstroYorumAI/test/services/astrology_calendar_service_test.dart: AstrologyCalendarService addCustomEvent should add custom event to existing events
Firebase initialization warning in test: PlatformException(channel-error, Unable to establish connection on channel., null, null)
00:09 +167 ~2 -28: C:/dev/AstroYorumAI/test/screens/splash_screen_test.dart: SplashScreen Widget Tests displays correct UI elements
00:09 +167 ~2 -28: C:/dev/AstroYorumAI/test/services/astrology_calendar_service_test.dart: AstrologyCalendarService addCustomEvent should maintain chronological order after adding event
Firebase initialization warning in test: PlatformException(channel-error, Unable to establish connection on channel., null, null)
00:09 +168 ~2 -28: C:/dev/AstroYorumAI/test/screens/splash_screen_test.dart: SplashScreen Widget Tests displays correct UI elements
00:09 +168 ~2 -28: C:/dev/AstroYorumAI/test/services/astrology_calendar_service_test.dart: AstrologyCalendarService addCustomEvent should handle duplicate event IDs
Firebase initialization warning in test: PlatformException(channel-error, Unable to establish connection on channel., null, null)
00:09 +169 ~2 -28: C:/dev/AstroYorumAI/test/screens/splash_screen_test.dart: SplashScreen Widget Tests displays correct UI elements
00:09 +169 ~2 -28: C:/dev/AstroYorumAI/test/services/astrology_calendar_service_test.dart: AstrologyCalendarService addCustomEvent should add a custom event and persist it
Firebase initialization warning in test: PlatformException(channel-error, Unable to establish connection on channel., null, null)
00:09 +170 ~2 -28: C:/dev/AstroYorumAI/test/screens/splash_screen_test.dart: SplashScreen Widget Tests displays correct UI elements
00:09 +170 ~2 -28: C:/dev/AstroYorumAI/test/services/astrology_calendar_service_test.dart: AstrologyCalendarService removeEvent should remove event by ID
Firebase initialization warning in test: PlatformException(channel-error, Unable to establish connection on channel., null, null)
00:09 +170 ~2 -28: C:/dev/AstroYorumAI/test/screens/settings_screen_test.dart: SettingsScreen Widget Tests should show manual backup button
Cloud sync completed successfully
00:09 +171 ~2 -28: C:/dev/AstroYorumAI/test/screens/splash_screen_test.dart: SplashScreen Widget Tests displays correct UI elements
00:09 +172 ~2 -28: C:/dev/AstroYorumAI/test/screens/splash_screen_test.dart: SplashScreen Widget Tests displays correct UI elements
00:09 +172 ~2 -28: C:/dev/AstroYorumAI/test/services/astrology_calendar_service_test.dart: AstrologyCalendarService removeEvent should handle removing non-existent event
Firebase initialization warning in test: PlatformException(channel-error, Unable to establish connection on channel., null, null)
00:09 +173 ~2 -28: C:/dev/AstroYorumAI/test/screens/splash_screen_test.dart: SplashScreen Widget Tests displays correct UI elements
00:09 +173 ~2 -28: C:/dev/AstroYorumAI/test/services/auth_service_test.dart: AuthService Tests (setUpAll)
Firebase initialization warning in test: PlatformException(channel-error, Unable to establish connection on channel., null, null)
00:09 +173 ~2 -28: C:/dev/AstroYorumAI/test/screens/splash_screen_test.dart: SplashScreen Widget Tests displays correct UI elements
00:09 +173 ~2 -28: C:/dev/AstroYorumAI/test/services/astrology_calendar_service_test.dart: AstrologyCalendarService removeEvent should remove all instances of duplicate IDs
Firebase initialization warning in test: PlatformException(channel-error, Unable to establish connection on channel., null, null)
00:09 +174 ~2 -28: C:/dev/AstroYorumAI/test/screens/splash_screen_test.dart: SplashScreen Widget Tests displays correct UI elements
00:09 +174 ~2 -28: C:/dev/AstroYorumAI/test/services/astrology_calendar_service_test.dart: AstrologyCalendarService needsUpdate should return true when no last update timestamp
Firebase initialization warning in test: PlatformException(channel-error, Unable to establish connection on channel., null, null)
00:09 +175 ~2 -28: C:/dev/AstroYorumAI/test/screens/splash_screen_test.dart: SplashScreen Widget Tests displays correct UI elements
00:09 +175 ~2 -28: C:/dev/AstroYorumAI/test/services/astrology_calendar_service_test.dart: AstrologyCalendarService needsUpdate should return true when last update is old
Firebase initialization warning in test: PlatformException(channel-error, Unable to establish connection on channel., null, null)
00:09 +176 ~2 -28: C:/dev/AstroYorumAI/test/screens/splash_screen_test.dart: SplashScreen Widget Tests displays correct UI elements
00:09 +176 ~2 -28: C:/dev/AstroYorumAI/test/services/astrology_calendar_service_test.dart: AstrologyCalendarService needsUpdate should return false when last update is recent
Firebase initialization warning in test: PlatformException(channel-error, Unable to establish connection on channel., null, null)
00:09 +177 ~2 -28: C:/dev/AstroYorumAI/test/screens/splash_screen_test.dart: SplashScreen Widget Tests displays correct UI elements
00:09 +178 ~2 -28: C:/dev/AstroYorumAI/test/screens/settings_screen_test.dart: SettingsScreen Widget Tests should show restore confirmation dialog
00:09 +178 ~2 -28: C:/dev/AstroYorumAI/test/services/astrology_calendar_service_test.dart: AstrologyCalendarService needsUpdate should handle exactly 7 days threshold
Firebase initialization warning in test: PlatformException(channel-error, Unable to establish connection on channel., null, null)
00:09 +179 ~2 -28: C:/dev/AstroYorumAI/test/screens/settings_screen_test.dart: SettingsScreen Widget Tests should show restore confirmation dialog
00:09 +180 ~2 -28: C:/dev/AstroYorumAI/test/screens/settings_screen_test.dart: SettingsScreen Widget Tests should show restore confirmation dialog
00:09 +180 ~2 -28: C:/dev/AstroYorumAI/test/services/astrology_calendar_service_test.dart: AstrologyCalendarService getEventsByType should filter events by type
Firebase initialization warning in test: PlatformException(channel-error, Unable to establish connection on channel., null, null)
00:09 +181 ~2 -28: C:/dev/AstroYorumAI/test/screens/settings_screen_test.dart: SettingsScreen Widget Tests should show restore confirmation dialog
00:09 +181 ~2 -28: C:/dev/AstroYorumAI/test/services/astrology_calendar_service_test.dart: AstrologyCalendarService getEventsByType should return empty list for non-existent type
Firebase initialization warning in test: PlatformException(channel-error, Unable to establish connection on channel., null, null)
00:09 +182 ~2 -28: C:/dev/AstroYorumAI/test/screens/settings_screen_test.dart: SettingsScreen Widget Tests should show restore confirmation dialog
00:09 +183 ~2 -28: C:/dev/AstroYorumAI/test/screens/settings_screen_test.dart: SettingsScreen Widget Tests should show restore confirmation dialog
00:09 +183 ~2 -28: C:/dev/AstroYorumAI/test/services/astrology_calendar_service_test.dart: AstrologyCalendarService getEventsByType should handle case sensitivity
Firebase initialization warning in test: PlatformException(channel-error, Unable to establish connection on channel., null, null)
00:09 +184 ~2 -28: C:/dev/AstroYorumAI/test/screens/settings_screen_test.dart: SettingsScreen Widget Tests should show restore confirmation dialog
00:09 +185 ~2 -28: C:/dev/AstroYorumAI/test/screens/settings_screen_test.dart: SettingsScreen Widget Tests should show restore confirmation dialog
00:09 +185 ~2 -28: C:/dev/AstroYorumAI/test/services/astrology_calendar_service_test.dart: AstrologyCalendarService getImportantEvents should return only important events
Firebase initialization warning in test: PlatformException(channel-error, Unable to establish connection on channel., null, null)
00:09 +186 ~2 -28: C:/dev/AstroYorumAI/test/screens/settings_screen_test.dart: SettingsScreen Widget Tests should show restore confirmation dialog
00:09 +187 ~2 -28: C:/dev/AstroYorumAI/test/screens/settings_screen_test.dart: SettingsScreen Widget Tests should show restore confirmation dialog
00:09 +187 ~2 -28: C:/dev/AstroYorumAI/test/services/astrology_calendar_service_test.dart: AstrologyCalendarService getImportantEvents should return empty list if no important events
Firebase initialization warning in test: PlatformException(channel-error, Unable to establish connection on channel., null, null)
00:09 +188 ~2 -28: C:/dev/AstroYorumAI/test/screens/settings_screen_test.dart: SettingsScreen Widget Tests should show restore confirmation dialog
00:09 +189 ~2 -28: C:/dev/AstroYorumAI/test/screens/settings_screen_test.dart: SettingsScreen Widget Tests should show restore confirmation dialog
00:09 +189 ~2 -28: C:/dev/AstroYorumAI/test/services/astrology_calendar_service_test.dart: AstrologyCalendarService searchEvents should search by title
Firebase initialization warning in test: PlatformException(channel-error, Unable to establish connection on channel., null, null)
00:09 +190 ~2 -28: C:/dev/AstroYorumAI/test/screens/settings_screen_test.dart: SettingsScreen Widget Tests should show restore confirmation dialog
00:09 +191 ~2 -28: C:/dev/AstroYorumAI/test/screens/settings_screen_test.dart: SettingsScreen Widget Tests should show restore confirmation dialog
00:09 +191 ~2 -28: C:/dev/AstroYorumAI/test/services/astrology_calendar_service_test.dart: AstrologyCalendarService searchEvents should search by description
Firebase initialization warning in test: PlatformException(channel-error, Unable to establish connection on channel., null, null)
00:09 +192 ~2 -28: C:/dev/AstroYorumAI/test/screens/settings_screen_test.dart: SettingsScreen Widget Tests should show restore confirmation dialog
00:09 +192 ~2 -28: C:/dev/AstroYorumAI/test/services/astrology_calendar_service_test.dart: AstrologyCalendarService searchEvents should search by planet involved
Firebase initialization warning in test: PlatformException(channel-error, Unable to establish connection on channel., null, null)
00:09 +193 ~2 -28: C:/dev/AstroYorumAI/test/screens/settings_screen_test.dart: SettingsScreen Widget Tests should show restore confirmation dialog
00:09 +194 ~2 -28: C:/dev/AstroYorumAI/test/screens/settings_screen_test.dart: SettingsScreen Widget Tests should show restore confirmation dialog
00:09 +194 ~2 -28: C:/dev/AstroYorumAI/test/services/astrology_calendar_service_test.dart: AstrologyCalendarService searchEvents should search by sign involved
Firebase initialization warning in test: PlatformException(channel-error, Unable to establish connection on channel., null, null)
00:09 +195 ~2 -28: C:/dev/AstroYorumAI/test/screens/settings_screen_test.dart: SettingsScreen Widget Tests should show restore confirmation dialog
00:09 +196 ~2 -28: C:/dev/AstroYorumAI/test/screens/settings_screen_test.dart: SettingsScreen Widget Tests should show restore confirmation dialog
00:09 +196 ~2 -28: C:/dev/AstroYorumAI/test/services/astrology_calendar_service_test.dart: AstrologyCalendarService searchEvents should handle case insensitive search
Firebase initialization warning in test: PlatformException(channel-error, Unable to establish connection on channel., null, null)
00:09 +197 ~2 -28: C:/dev/AstroYorumAI/test/screens/settings_screen_test.dart: SettingsScreen Widget Tests should show restore confirmation dialog
00:09 +198 ~2 -28: C:/dev/AstroYorumAI/test/screens/settings_screen_test.dart: SettingsScreen Widget Tests should show restore confirmation dialog
00:09 +198 ~2 -28: C:/dev/AstroYorumAI/test/services/astrology_calendar_service_test.dart: AstrologyCalendarService searchEvents should return empty list for no matches
Firebase initialization warning in test: PlatformException(channel-error, Unable to establish connection on channel., null, null)
00:09 +199 ~2 -28: C:/dev/AstroYorumAI/test/screens/settings_screen_test.dart: SettingsScreen Widget Tests should show restore confirmation dialog
00:09 +200 ~2 -28: C:/dev/AstroYorumAI/test/screens/settings_screen_test.dart: SettingsScreen Widget Tests should show restore confirmation dialog
00:09 +200 ~2 -28: C:/dev/AstroYorumAI/test/services/astrology_calendar_service_test.dart: AstrologyCalendarService searchEvents should handle empty search query
Firebase initialization warning in test: PlatformException(channel-error, Unable to establish connection on channel., null, null)
00:09 +201 ~2 -28: C:/dev/AstroYorumAI/test/screens/settings_screen_test.dart: SettingsScreen Widget Tests should show restore confirmation dialog
00:09 +202 ~2 -28: C:/dev/AstroYorumAI/test/screens/settings_screen_test.dart: SettingsScreen Widget Tests should show restore confirmation dialog
00:09 +202 ~2 -28: C:/dev/AstroYorumAI/test/services/astrology_calendar_service_test.dart: AstrologyCalendarService searchEvents should handle null planet/sign fields
Firebase initialization warning in test: PlatformException(channel-error, Unable to establish connection on channel., null, null)
00:09 +203 ~2 -28: C:/dev/AstroYorumAI/test/screens/settings_screen_test.dart: SettingsScreen Widget Tests should show restore confirmation dialog
00:09 +204 ~2 -28: C:/dev/AstroYorumAI/test/screens/settings_screen_test.dart: SettingsScreen Widget Tests should show restore confirmation dialog
00:09 +204 ~2 -28: C:/dev/AstroYorumAI/test/services/astrology_calendar_service_test.dart: AstrologyCalendarService Sample Events Generation should generate events for multiple months
Firebase initialization warning in test: PlatformException(channel-error, Unable to establish connection on channel., null, null)
00:09 +205 ~2 -28: C:/dev/AstroYorumAI/test/screens/settings_screen_test.dart: SettingsScreen Widget Tests should show restore confirmation dialog
00:09 +206 ~2 -28: C:/dev/AstroYorumAI/test/screens/settings_screen_test.dart: SettingsScreen Widget Tests should show restore confirmation dialog
00:09 +207 ~2 -28: C:/dev/AstroYorumAI/test/screens/splash_screen_test.dart: SplashScreen Widget Tests displays loading indicator with correct styling
00:09 +207 ~2 -28: C:/dev/AstroYorumAI/test/services/astrology_calendar_service_test.dart: AstrologyCalendarService Sample Events Generation should include different types of events
Firebase initialization warning in test: PlatformException(channel-error, Unable to establish connection on channel., null, null)
00:09 +208 ~2 -28: C:/dev/AstroYorumAI/test/screens/splash_screen_test.dart: SplashScreen Widget Tests displays loading indicator with correct styling
00:09 +208 ~2 -28: C:/dev/AstroYorumAI/test/services/astrology_calendar_service_test.dart: AstrologyCalendarService Sample Events Generation should include important events
Firebase initialization warning in test: PlatformException(channel-error, Unable to establish connection on channel., null, null)
00:09 +209 ~2 -28: C:/dev/AstroYorumAI/test/screens/splash_screen_test.dart: SplashScreen Widget Tests displays loading indicator with correct styling
00:09 +209 ~2 -28: C:/dev/AstroYorumAI/test/services/astrology_calendar_service_test.dart: AstrologyCalendarService Sample Events Generation should have valid event properties
Firebase initialization warning in test: PlatformException(channel-error, Unable to establish connection on channel., null, null)
00:09 +210 ~2 -28: C:/dev/AstroYorumAI/test/screens/splash_screen_test.dart: SplashScreen Widget Tests displays loading indicator with correct styling
00:09 +210 ~2 -28: C:/dev/AstroYorumAI/test/services/astrology_calendar_service_test.dart: AstrologyCalendarService Storage and Persistence should persist events across service calls
Firebase initialization warning in test: PlatformException(channel-error, Unable to establish connection on channel., null, null)
00:09 +211 ~2 -28: C:/dev/AstroYorumAI/test/screens/splash_screen_test.dart: SplashScreen Widget Tests displays loading indicator with correct styling
00:09 +211 ~2 -28: C:/dev/AstroYorumAI/test/services/astrology_calendar_service_test.dart: AstrologyCalendarService Storage and Persistence should update last update timestamp when saving
Firebase initialization warning in test: PlatformException(channel-error, Unable to establish connection on channel., null, null)
00:09 +212 ~2 -28: C:/dev/AstroYorumAI/test/screens/splash_screen_test.dart: SplashScreen Widget Tests displays loading indicator with correct styling
00:09 +212 ~2 -28: C:/dev/AstroYorumAI/test/services/astrology_calendar_service_test.dart: AstrologyCalendarService Error Handling should handle corrupted JSON data
Firebase initialization warning in test: PlatformException(channel-error, Unable to establish connection on channel., null, null)
00:09 +213 ~2 -28: C:/dev/AstroYorumAI/test/screens/splash_screen_test.dart: SplashScreen Widget Tests displays loading indicator with correct styling
00:09 +213 ~2 -28: C:/dev/AstroYorumAI/test/services/astrology_calendar_service_test.dart: AstrologyCalendarService Error Handling should handle invalid date strings
Firebase initialization warning in test: PlatformException(channel-error, Unable to establish connection on channel., null, null)
00:09 +214 ~2 -28: C:/dev/AstroYorumAI/test/screens/splash_screen_test.dart: SplashScreen Widget Tests displays loading indicator with correct styling
00:09 +215 ~2 -28: C:/dev/AstroYorumAI/test/screens/settings_screen_test.dart: SettingsScreen Widget Tests should display help sections
00:09 +216 ~2 -28: C:/dev/AstroYorumAI/test/screens/splash_screen_test.dart: SplashScreen Widget Tests navigates to BirthInfoScreen when no saved user info
00:09 +217 ~2 -28: C:/dev/AstroYorumAI/test/services/cloud_sync_service_test.dart: (setUpAll)
Firebase initialization warning in test: PlatformException(channel-error, Unable to establish connection on channel., null, null)
00:09 +217 ~2 -28: C:/dev/AstroYorumAI/test/screens/settings_screen_test.dart: SettingsScreen Widget Tests should show sign out confirmation dialog
00:09 +218 ~2 -28: C:/dev/AstroYorumAI/test/screens/splash_screen_test.dart: SplashScreen Widget Tests navigates to BirthInfoScreen when saved info is incomplete
00:09 +219 ~2 -28: C:/dev/AstroYorumAI/test/screens/splash_screen_test.dart: SplashScreen Widget Tests navigates to BirthInfoScreen when saved info is incomplete
00:09 +219 ~2 -28: C:/dev/AstroYorumAI/test/services/cloud_sync_service_test.dart: CloudSyncService Tests syncToCloud should sync successfully when user is signed in
Cloud sync completed successfully
00:09 +220 ~2 -28: C:/dev/AstroYorumAI/test/screens/splash_screen_test.dart: SplashScreen Widget Tests navigates to BirthInfoScreen when saved info is incomplete
00:09 +221 ~2 -28: C:/dev/AstroYorumAI/test/screens/splash_screen_test.dart: SplashScreen Widget Tests navigates to BirthInfoScreen when saved info is incomplete
00:09 +221 ~2 -28: C:/dev/AstroYorumAI/test/services/cloud_sync_service_test.dart: CloudSyncService Tests syncFromCloud should handle empty cloud data gracefully
No cloud data found for user
00:09 +222 ~2 -28: C:/dev/AstroYorumAI/test/screens/splash_screen_test.dart: SplashScreen Widget Tests navigates to BirthInfoScreen when saved info is incomplete
00:09 +222 ~2 -28: C:/dev/AstroYorumAI/test/services/cloud_sync_service_test.dart: CloudSyncService Tests syncFromCloud should restore data when cloud data exists
Cloud restore completed successfully
00:09 +223 ~2 -28: C:/dev/AstroYorumAI/test/screens/splash_screen_test.dart: SplashScreen Widget Tests navigates to BirthInfoScreen when saved info is incomplete
00:09 +224 ~2 -28: C:/dev/AstroYorumAI/test/screens/splash_screen_test.dart: SplashScreen Widget Tests navigates to BirthInfoScreen when saved info is incomplete
00:09 +225 ~2 -28: C:/dev/AstroYorumAI/test/services/cloud_sync_service_test.dart: CloudSyncService Tests getLastSyncTime should return DateTime when sync time exists
00:09 +226 ~2 -28: C:/dev/AstroYorumAI/test/screens/splash_screen_test.dart: SplashScreen Widget Tests navigates to NatalChartScreen when complete saved info exists
00:09 +227 ~2 -28: C:/dev/AstroYorumAI/test/screens/splash_screen_test.dart: SplashScreen Widget Tests navigates to NatalChartScreen when complete saved info exists
00:09 +227 ~2 -28: C:/dev/AstroYorumAI/test/services/cloud_sync_service_test.dart: CloudSyncService Tests deleteCloudData should delete cloud data successfully
All cloud data deleted
00:09 +228 ~2 -28: C:/dev/AstroYorumAI/test/screens/splash_screen_test.dart: SplashScreen Widget Tests navigates to NatalChartScreen when complete saved info exists
Backend API Error: 400 - 
00:09 +229 ~2 -28: C:/dev/AstroYorumAI/test/screens/splash_screen_test.dart: SplashScreen Widget Tests onLocaleChange callback is properly stored
00:09 +230 ~2 -28: C:/dev/AstroYorumAI/test/services/export_share_service_test.dart: ExportShareService (setUpAll)
Firebase initialization warning in test: PlatformException(channel-error, Unable to establish connection on channel., null, null)
00:09 +230 ~2 -28: C:/dev/AstroYorumAI/test/screens/splash_screen_test.dart: SplashScreen Widget Tests handles service injection correctly
00:09 +230 ~2 -28: C:/dev/AstroYorumAI/test/services/export_share_service_test.dart: ExportShareService generateNatalChartPdf should attempt to generate PDF file with basic profile data
Custom font loading failed, using PDF default font for Turkish characters
00:09 +231 ~2 -28: C:/dev/AstroYorumAI/test/services/export_share_service_test.dart: ExportShareService generateNatalChartPdf should attempt to generate PDF file with basic profile data
Using PDF default font (should support basic Turkish characters)
Helvetica-Bold has no Unicode support see https://github.com/DavBfr/dart_pdf/wiki/Fonts-Management
Unable to find a font to draw "─░" (U+130) try to provide a TextStyle.fontFallback
Unable to find a font to draw "─ş" (U+11f) try to provide a TextStyle.fontFallback
Helvetica has no Unicode support see https://github.com/DavBfr/dart_pdf/wiki/Fonts-Management
Unable to find a font to draw "─▒" (U+131) try to provide a TextStyle.fontFallback
Unable to find a font to draw "┼ş" (U+15f) try to provide a TextStyle.fontFallback
Unable to find a font to draw "┼ş" (U+15f) try to provide a TextStyle.fontFallback
Unable to find a font to draw "┼ş" (U+15f) try to provide a TextStyle.fontFallback
Unable to find a font to draw "─▒" (U+131) try to provide a TextStyle.fontFallback
00:10 +232 ~2 -28: C:/dev/AstroYorumAI/test/services/extended_astrology_api_service_test.dart: ExtendedAstrologyApiService getHoroscope should handle valid zodiac sign parameter
00:10 +232 ~2 -28: C:/dev/AstroYorumAI/test/services/export_share_service_test.dart: ExportShareService generateNatalChartPdf should attempt to generate PDF file with horoscope data
Custom font loading failed, using PDF default font for Turkish characters
Using PDF default font (should support basic Turkish characters)
Helvetica-Bold has no Unicode support see https://github.com/DavBfr/dart_pdf/wiki/Fonts-Management
Unable to find a font to draw "─░" (U+130) try to provide a TextStyle.fontFallback
Unable to find a font to draw "─ş" (U+11f) try to provide a TextStyle.fontFallback
Helvetica has no Unicode support see https://github.com/DavBfr/dart_pdf/wiki/Fonts-Management
00:10 +233 ~2 -28: C:/dev/AstroYorumAI/test/services/export_share_service_test.dart: ExportShareService generateNatalChartPdf should attempt to generate PDF file with horoscope data
Unable to find a font to draw "─▒" (U+131) try to provide a TextStyle.fontFallback
Unable to find a font to draw "┼ş" (U+15f) try to provide a TextStyle.fontFallback
Unable to find a font to draw "┼ş" (U+15f) try to provide a TextStyle.fontFallback
Unable to find a font to draw "─▒" (U+131) try to provide a TextStyle.fontFallback
Unable to find a font to draw "─▒" (U+131) try to provide a TextStyle.fontFallback
Unable to find a font to draw "┼ş" (U+15f) try to provide a TextStyle.fontFallback
Unable to find a font to draw "┼ş" (U+15f) try to provide a TextStyle.fontFallback
Unable to find a font to draw "─▒" (U+131) try to provide a TextStyle.fontFallback
00:10 +234 ~2 -28: C:/dev/AstroYorumAI/test/services/extended_astrology_api_service_test.dart: ExtendedAstrologyApiService getHoroscope should handle valid period parameters
00:10 +235 ~2 -28: C:/dev/AstroYorumAI/test/services/export_share_service_test.dart: ExportShareService generateNatalChartPdf should handle profile without optional fields
Custom font loading failed, using PDF default font for Turkish characters
Using PDF default font (should support basic Turkish characters)
Helvetica-Bold has no Unicode support see https://github.com/DavBfr/dart_pdf/wiki/Fonts-Management
Unable to find a font to draw "─░" (U+130) try to provide a TextStyle.fontFallback
Unable to find a font to draw "─ş" (U+11f) try to provide a TextStyle.fontFallback
Helvetica has no Unicode support see https://github.com/DavBfr/dart_pdf/wiki/Fonts-Management
Unable to find a font to draw "─▒" (U+131) try to provide a TextStyle.fontFallback
Unable to find a font to draw "┼ş" (U+15f) try to provide a TextStyle.fontFallback
Unable to find a font to draw "┼ş" (U+15f) try to provide a TextStyle.fontFallback
Unable to find a font to draw "┼ş" (U+15f) try to provide a TextStyle.fontFallback
Unable to find a font to draw "─▒" (U+131) try to provide a TextStyle.fontFallback
00:10 +236 ~2 -28: C:/dev/AstroYorumAI/test/services/extended_astrology_api_service_test.dart: ExtendedAstrologyApiService getHoroscope should construct correct API URL with default period
00:10 +237 ~2 -28: C:/dev/AstroYorumAI/test/services/export_share_service_test.dart: ExportShareService generateNatalChartPdf should handle empty planet positions list
00:10 +238 ~2 -28: C:/dev/AstroYorumAI/test/services/export_share_service_test.dart: ExportShareService generateNatalChartPdf should handle empty planet positions list
Custom font loading failed, using PDF default font for Turkish characters
Using PDF default font (should support basic Turkish characters)
Helvetica-Bold has no Unicode support see https://github.com/DavBfr/dart_pdf/wiki/Fonts-Management
Unable to find a font to draw "─░" (U+130) try to provide a TextStyle.fontFallback
Unable to find a font to draw "─ş" (U+11f) try to provide a TextStyle.fontFallback
Helvetica has no Unicode support see https://github.com/DavBfr/dart_pdf/wiki/Fonts-Management
00:10 +239 ~2 -28: C:/dev/AstroYorumAI/test/services/export_share_service_test.dart: ExportShareService generateNatalChartPdf should handle empty planet positions list
Unable to find a font to draw "─▒" (U+131) try to provide a TextStyle.fontFallback
Unable to find a font to draw "┼ş" (U+15f) try to provide a TextStyle.fontFallback
Unable to find a font to draw "┼ş" (U+15f) try to provide a TextStyle.fontFallback
Unable to find a font to draw "─▒" (U+131) try to provide a TextStyle.fontFallback
00:10 +240 ~2 -28: C:/dev/AstroYorumAI/test/services/extended_astrology_api_service_test.dart: ExtendedAstrologyApiService getHoroscope should handle HTTP POST method requirement
00:10 +241 ~2 -28: C:/dev/AstroYorumAI/test/services/export_share_service_test.dart: ExportShareService generateCalendarPdf should attempt to generate calendar PDF with events
Custom font loading failed, using PDF default font for Turkish characters
00:10 +242 ~2 -28: C:/dev/AstroYorumAI/test/services/export_share_service_test.dart: ExportShareService generateCalendarPdf should attempt to generate calendar PDF with events
Using PDF default font for calendar (should support basic Turkish characters)
Helvetica-Bold has no Unicode support see https://github.com/DavBfr/dart_pdf/wiki/Fonts-Management
Unable to find a font to draw "─░" (U+130) try to provide a TextStyle.fontFallback
Unable to find a font to draw "─░" (U+130) try to provide a TextStyle.fontFallback
Unable to find a font to draw "─░" (U+130) try to provide a TextStyle.fontFallback
Helvetica has no Unicode support see https://github.com/DavBfr/dart_pdf/wiki/Fonts-Management
Unable to find a font to draw "─▒" (U+131) try to provide a TextStyle.fontFallback
Unable to find a font to draw "─░" (U+130) try to provide a TextStyle.fontFallback
Unable to find a font to draw "┼ş" (U+15f) try to provide a TextStyle.fontFallback
00:10 +243 ~2 -28: C:/dev/AstroYorumAI/test/services/export_share_service_test.dart: ExportShareService generateCalendarPdf should attempt to generate calendar PDF with events
Unable to find a font to draw "─▒" (U+131) try to provide a TextStyle.fontFallback
Unable to find a font to draw "┼ş" (U+15f) try to provide a TextStyle.fontFallback
Unable to find a font to draw "┼ş" (U+15f) try to provide a TextStyle.fontFallback
Unable to find a font to draw "─▒" (U+131) try to provide a TextStyle.fontFallback
00:10 +244 ~2 -28: C:/dev/AstroYorumAI/test/services/extended_astrology_api_service_test.dart: ExtendedAstrologyApiService getHoroscope Parameter Validation should validate required sign parameter
00:10 +245 ~2 -28: C:/dev/AstroYorumAI/test/services/export_share_service_test.dart: ExportShareService generateCalendarPdf should handle empty events list
Custom font loading failed, using PDF default font for Turkish characters
00:10 +246 ~2 -28: C:/dev/AstroYorumAI/test/services/export_share_service_test.dart: ExportShareService generateCalendarPdf should handle empty events list
Using PDF default font for calendar (should support basic Turkish characters)
Helvetica-Bold has no Unicode support see https://github.com/DavBfr/dart_pdf/wiki/Fonts-Management
Unable to find a font to draw "─░" (U+130) try to provide a TextStyle.fontFallback
Unable to find a font to draw "─░" (U+130) try to provide a TextStyle.fontFallback
Unable to find a font to draw "─░" (U+130) try to provide a TextStyle.fontFallback
Helvetica has no Unicode support see https://github.com/DavBfr/dart_pdf/wiki/Fonts-Management
Unable to find a font to draw "─▒" (U+131) try to provide a TextStyle.fontFallback
Unable to find a font to draw "┼ş" (U+15f) try to provide a TextStyle.fontFallback
Unable to find a font to draw "┼ş" (U+15f) try to provide a TextStyle.fontFallback
Unable to find a font to draw "─▒" (U+131) try to provide a TextStyle.fontFallback
00:10 +247 ~2 -28: C:/dev/AstroYorumAI/test/services/extended_astrology_api_service_test.dart: ExtendedAstrologyApiService getHoroscope Parameter Validation should validate period parameter options
00:10 +248 ~2 -28: C:/dev/AstroYorumAI/test/services/export_share_service_test.dart: ExportShareService generateCalendarPdf should handle reasonable number of events
00:10 +249 ~2 -28: C:/dev/AstroYorumAI/test/services/export_share_service_test.dart: ExportShareService generateCalendarPdf should handle reasonable number of events
00:10 +250 ~2 -28: C:/dev/AstroYorumAI/test/services/export_share_service_test.dart: ExportShareService generateCalendarPdf should handle reasonable number of events
Custom font loading failed, using PDF default font for Turkish characters
Using PDF default font for calendar (should support basic Turkish characters)
Helvetica-Bold has no Unicode support see https://github.com/DavBfr/dart_pdf/wiki/Fonts-Management
Unable to find a font to draw "─░" (U+130) try to provide a TextStyle.fontFallback
Unable to find a font to draw "─░" (U+130) try to provide a TextStyle.fontFallback
Unable to find a font to draw "─░" (U+130) try to provide a TextStyle.fontFallback
Helvetica has no Unicode support see https://github.com/DavBfr/dart_pdf/wiki/Fonts-Management
Unable to find a font to draw "─▒" (U+131) try to provide a TextStyle.fontFallback
Unable to find a font to draw "┼ş" (U+15f) try to provide a TextStyle.fontFallback
Unable to find a font to draw "┼ş" (U+15f) try to provide a TextStyle.fontFallback
Unable to find a font to draw "─▒" (U+131) try to provide a TextStyle.fontFallback
00:10 +251 ~2 -28: C:/dev/AstroYorumAI/test/services/extended_astrology_api_service_test.dart: ExtendedAstrologyApiService getHoroscope Error Handling should return null on API failure
00:10 +252 ~2 -28: C:/dev/AstroYorumAI/test/services/export_share_service_test.dart: ExportShareService shareNatalChart should share natal chart successfully
Custom font loading failed, using PDF default font for Turkish characters
00:10 +253 ~2 -28: C:/dev/AstroYorumAI/test/services/export_share_service_test.dart: ExportShareService shareNatalChart should share natal chart successfully
Using PDF default font (should support basic Turkish characters)
Helvetica-Bold has no Unicode support see https://github.com/DavBfr/dart_pdf/wiki/Fonts-Management
Unable to find a font to draw "─░" (U+130) try to provide a TextStyle.fontFallback
Unable to find a font to draw "─ş" (U+11f) try to provide a TextStyle.fontFallback
Helvetica has no Unicode support see https://github.com/DavBfr/dart_pdf/wiki/Fonts-Management
Unable to find a font to draw "─▒" (U+131) try to provide a TextStyle.fontFallback
Unable to find a font to draw "┼ş" (U+15f) try to provide a TextStyle.fontFallback
Unable to find a font to draw "┼ş" (U+15f) try to provide a TextStyle.fontFallback
Unable to find a font to draw "─▒" (U+131) try to provide a TextStyle.fontFallback
Unable to find a font to draw "─▒" (U+131) try to provide a TextStyle.fontFallback
Unable to find a font to draw "┼ş" (U+15f) try to provide a TextStyle.fontFallback
Unable to find a font to draw "┼ş" (U+15f) try to provide a TextStyle.fontFallback
Unable to find a font to draw "─▒" (U+131) try to provide a TextStyle.fontFallback
00:10 +254 ~2 -28: C:/dev/AstroYorumAI/test/services/export_share_service_test.dart: ExportShareService shareNatalChart should share natal chart successfully
00:10 +255 ~2 -28: C:/dev/AstroYorumAI/test/services/extended_astrology_api_service_test.dart: ExtendedAstrologyApiService getHoroscope Error Handling should handle null response body
00:10 +256 ~2 -28: C:/dev/AstroYorumAI/test/services/export_share_service_test.dart: ExportShareService shareNatalChart should handle sharing errors gracefully
Custom font loading failed, using PDF default font for Turkish characters
00:10 +257 ~2 -28: C:/dev/AstroYorumAI/test/services/export_share_service_test.dart: ExportShareService shareNatalChart should handle sharing errors gracefully
Using PDF default font (should support basic Turkish characters)
Helvetica-Bold has no Unicode support see https://github.com/DavBfr/dart_pdf/wiki/Fonts-Management
Unable to find a font to draw "─░" (U+130) try to provide a TextStyle.fontFallback
Unable to find a font to draw "─ş" (U+11f) try to provide a TextStyle.fontFallback
Helvetica has no Unicode support see https://github.com/DavBfr/dart_pdf/wiki/Fonts-Management
Unable to find a font to draw "─▒" (U+131) try to provide a TextStyle.fontFallback
Unable to find a font to draw "┼ş" (U+15f) try to provide a TextStyle.fontFallback
Unable to find a font to draw "┼ş" (U+15f) try to provide a TextStyle.fontFallback
Unable to find a font to draw "─▒" (U+131) try to provide a TextStyle.fontFallback
00:10 +258 ~2 -28: C:/dev/AstroYorumAI/test/services/extended_astrology_api_service_test.dart: ExtendedAstrologyApiService getHoroscope Response Processing should handle complete response structure
00:10 +259 ~2 -28: C:/dev/AstroYorumAI/test/services/export_share_service_test.dart: ExportShareService shareTextSummary should generate and share text summary
Would share text: ­şîş Test User - Astroloji Profili ­şîş

­şôà Do─şum: 15 Haziran 1990
­şòÉ Saat: 14:30
­şôı Yer: Istanbul, Turkey

Ô¡É Gezegen Pozisyonlar─▒:
Ôİë G├╝ne┼ş: Gemini (24.5┬░)
Ôİ¢ Ay: Pisces (12.3┬░)
Ôİ┐ Merk├╝r: Gemini (18.7┬░)
ÔÖÇ Ven├╝s: Cancer (5.1┬░)
ÔÖé Mars: Leo (28.9┬░)
ÔÖâ J├╝piter: Virgo (15.4┬░)
ÔÖä Sat├╝rn: Capricorn (22.8┬░)
ÔÖà Uran├╝s: Aquarius (7.2┬░)
ÔÖå Nept├╝n: Pisces (19.6┬░)
ÔÖç Pl├╝ton: Scorpio (14.3┬░)

Ô£¿ Astroloji Master ile ke┼şfedildi

00:10 +260 ~2 -28: C:/dev/AstroYorumAI/test/services/export_share_service_test.dart: ExportShareService shareTextSummary should generate and share text summary
Subject: Test User - Astroloji ├ûzeti
00:10 +261 ~2 -28: C:/dev/AstroYorumAI/test/services/extended_astrology_api_service_test.dart: ExtendedAstrologyApiService getHoroscope Response Processing should handle weekly horoscope response
00:10 +262 ~2 -28: C:/dev/AstroYorumAI/test/services/export_share_service_test.dart: ExportShareService shareTextSummary should handle empty planet positions in text summary
Would share text: ­şîş Test User - Astroloji Profili ­şîş

­şôà Do─şum: 15 Haziran 1990
­şòÉ Saat: 14:30
­şôı Yer: Istanbul, Turkey

Ô¡É Gezegen Pozisyonlar─▒:

Ô£¿ Astroloji Master ile ke┼şfedildi

Subject: Test User - Astroloji ├ûzeti
00:10 +263 ~2 -28: C:/dev/AstroYorumAI/test/services/extended_astrology_api_service_test.dart: ExtendedAstrologyApiService getHoroscope Response Processing should handle monthly horoscope response
00:10 +264 ~2 -28: C:/dev/AstroYorumAI/test/services/export_share_service_test.dart: ExportShareService shareCalendarEvents should share calendar events successfully
00:10 +264 ~2 -28: C:/dev/AstroYorumAI/test/services/extended_astrology_api_service_test.dart: ExtendedAstrologyApiService getHoroscope API Integration should work with real API call
  Skip: Integration test - requires network access
00:10 +264 ~3 -28: C:/dev/AstroYorumAI/test/services/export_share_service_test.dart: ExportShareService shareCalendarEvents should share calendar events successfully
Custom font loading failed, using PDF default font for Turkish characters
Using PDF default font for calendar (should support basic Turkish characters)
Helvetica-Bold has no Unicode support see https://github.com/DavBfr/dart_pdf/wiki/Fonts-Management
Unable to find a font to draw "─░" (U+130) try to provide a TextStyle.fontFallback
Unable to find a font to draw "─░" (U+130) try to provide a TextStyle.fontFallback
Unable to find a font to draw "─░" (U+130) try to provide a TextStyle.fontFallback
Helvetica has no Unicode support see https://github.com/DavBfr/dart_pdf/wiki/Fonts-Management
Unable to find a font to draw "─▒" (U+131) try to provide a TextStyle.fontFallback
Unable to find a font to draw "─░" (U+130) try to provide a TextStyle.fontFallback
Unable to find a font to draw "┼ş" (U+15f) try to provide a TextStyle.fontFallback
Unable to find a font to draw "─▒" (U+131) try to provide a TextStyle.fontFallback
00:10 +265 ~3 -28: C:/dev/AstroYorumAI/test/services/export_share_service_test.dart: ExportShareService shareCalendarEvents should share calendar events successfully
Unable to find a font to draw "┼ş" (U+15f) try to provide a TextStyle.fontFallback
Unable to find a font to draw "┼ş" (U+15f) try to provide a TextStyle.fontFallback
Unable to find a font to draw "─▒" (U+131) try to provide a TextStyle.fontFallback
00:10 +266 ~3 -28: C:/dev/AstroYorumAI/test/services/extended_astrology_api_service_test.dart: ExtendedAstrologyApiService getHoroscope API Integration should handle different time periods
00:10 +267 ~3 -28: C:/dev/AstroYorumAI/test/services/export_share_service_test.dart: ExportShareService shareCalendarEvents should handle sharing empty events list
Custom font loading failed, using PDF default font for Turkish characters
Using PDF default font for calendar (should support basic Turkish characters)
Helvetica-Bold has no Unicode support see https://github.com/DavBfr/dart_pdf/wiki/Fonts-Management
00:10 +268 ~3 -28: C:/dev/AstroYorumAI/test/services/export_share_service_test.dart: ExportShareService shareCalendarEvents should handle sharing empty events list
Unable to find a font to draw "─░" (U+130) try to provide a TextStyle.fontFallback
Unable to find a font to draw "─░" (U+130) try to provide a TextStyle.fontFallback
Unable to find a font to draw "─░" (U+130) try to provide a TextStyle.fontFallback
Helvetica has no Unicode support see https://github.com/DavBfr/dart_pdf/wiki/Fonts-Management
Unable to find a font to draw "─▒" (U+131) try to provide a TextStyle.fontFallback
Unable to find a font to draw "┼ş" (U+15f) try to provide a TextStyle.fontFallback
Unable to find a font to draw "┼ş" (U+15f) try to provide a TextStyle.fontFallback
Unable to find a font to draw "─▒" (U+131) try to provide a TextStyle.fontFallback
00:10 +269 ~3 -28: C:/dev/AstroYorumAI/test/services/extended_astrology_api_service_test.dart: ExtendedAstrologyApiService getHoroscope Service Configuration should use HTTPS for security
00:10 +270 ~3 -28: C:/dev/AstroYorumAI/test/services/export_share_service_test.dart: ExportShareService shareChartImage should share image bytes successfully
00:10 +271 ~3 -28: C:/dev/AstroYorumAI/test/services/export_share_service_test.dart: ExportShareService shareChartImage should share image bytes successfully
00:10 +272 ~3 -28: C:/dev/AstroYorumAI/test/services/extended_astrology_api_service_test.dart: ExtendedAstrologyApiService getHoroscope Service Configuration should validate query parameter format
00:10 +273 ~3 -28: C:/dev/AstroYorumAI/test/services/export_share_service_test.dart: ExportShareService shareChartImage should handle empty image bytes
00:10 +274 ~3 -28: C:/dev/AstroYorumAI/test/services/extended_astrology_api_service_test.dart: ExtendedAstrologyApiService getHoroscope Data Types and Casting should handle type casting safety
00:10 +275 ~3 -28: C:/dev/AstroYorumAI/test/services/export_share_service_test.dart: ExportShareService generateSocialMediaText should generate social media text with all planets
00:10 +276 ~3 -28: C:/dev/AstroYorumAI/test/services/extended_astrology_api_service_test.dart: ExtendedAstrologyApiService getHoroscope Data Types and Casting should handle dynamic response values
00:10 +277 ~3 -28: C:/dev/AstroYorumAI/test/services/extended_astrology_api_service_test.dart: ExtendedAstrologyApiService getHoroscope Data Types and Casting should handle string response fields
00:10 +278 ~3 -28: C:/dev/AstroYorumAI/test/services/export_share_service_test.dart: ExportShareService generateSocialMediaText should handle missing Sun and Moon positions
00:10 +279 ~3 -28: C:/dev/AstroYorumAI/test/services/extended_astrology_api_service_test.dart: ExtendedAstrologyApiService getHoroscope Performance and Reliability should handle request timeouts
00:10 +280 ~3 -28: C:/dev/AstroYorumAI/test/services/export_share_service_test.dart: ExportShareService generateSocialMediaText should handle empty planet positions
00:10 +281 ~3 -28: C:/dev/AstroYorumAI/test/services/extended_astrology_api_service_test.dart: ExtendedAstrologyApiService getHoroscope Performance and Reliability should handle concurrent requests
00:10 +282 ~3 -28: C:/dev/AstroYorumAI/test/services/export_share_service_test.dart: ExportShareService shareAsText should share detailed text with horoscope data
Would share text: ­şîş Test User - Astroloji Profili ­şîş

­şôà Do─şum: 15 Haziran 1990
­şòÉ Saat: 14:30
­şôı Yer: Istanbul, Turkey

Ôİë G├╝ne┼ş Burcu: Gemini
Ôİ¢ Ay Burcu: Pisces

­şôè G├╝nl├╝k Yorum:
Bug├╝n harika bir g├╝n olacak! G├╝ne┼ş Ikizler burcunda olan sizler i├ğin yeni f─▒rsatlar kap─▒da.

Ô¡É Gezegen Pozisyonlar─▒:
Ôİë G├╝ne┼ş: Gemini (24.5┬░)
Ôİ¢ Ay: Pisces (12.3┬░)
Ôİ┐ Merk├╝r: Gemini (18.7┬░)
ÔÖÇ Ven├╝s: Cancer (5.1┬░)
ÔÖé Mars: Leo (28.9┬░)
ÔÖâ J├╝piter: Virgo (15.4┬░)
ÔÖä Sat├╝rn: Capricorn (22.8┬░)
ÔÖà Uran├╝s: Aquarius (7.2┬░)
ÔÖå Nept├╝n: Pisces (19.6┬░)
ÔÖç Pl├╝ton: Scorpio (14.3┬░)

Ô£¿ Astroloji Master ile ke┼şfedildi

Subject: Test User - Astroloji Profili
00:10 +283 ~3 -28: C:/dev/AstroYorumAI/test/services/extended_astrology_api_service_test.dart: ExtendedAstrologyApiService getHoroscope Performance and Reliability should validate response size limits
00:10 +284 ~3 -28: C:/dev/AstroYorumAI/test/services/export_share_service_test.dart: ExportShareService shareAsText should share text without horoscope data
Would share text: ­şîş Test User - Astroloji Profili ­şîş

­şôà Do─şum: 15 Haziran 1990
­şòÉ Saat: 14:30
­şôı Yer: Istanbul, Turkey

Ôİë G├╝ne┼ş Burcu: Gemini
Ôİ¢ Ay Burcu: Pisces

Ô¡É Gezegen Pozisyonlar─▒:
Ôİë G├╝ne┼ş: Gemini (24.5┬░)
Ôİ¢ Ay: Pisces (12.3┬░)
Ôİ┐ Merk├╝r: Gemini (18.7┬░)
ÔÖÇ Ven├╝s: Cancer (5.1┬░)
ÔÖé Mars: Leo (28.9┬░)
ÔÖâ J├╝piter: Virgo (15.4┬░)
ÔÖä Sat├╝rn: Capricorn (22.8┬░)
ÔÖà Uran├╝s: Aquarius (7.2┬░)
ÔÖå Nept├╝n: Pisces (19.6┬░)
ÔÖç Pl├╝ton: Scorpio (14.3┬░)

Ô£¿ Astroloji Master ile ke┼şfedildi

Subject: Test User - Astroloji Profili
00:10 +285 ~3 -28: C:/dev/AstroYorumAI/test/services/extended_astrology_api_service_test.dart: ExtendedAstrologyApiService Service Architecture should follow static method pattern
00:10 +286 ~3 -28: C:/dev/AstroYorumAI/test/services/export_share_service_test.dart: ExportShareService shareAsText should handle profile without optional fields
Would share text: ­şîş Minimal User - Astroloji Profili ­şîş

­şôà Do─şum: 1 Ocak 1995

Ôİë G├╝ne┼ş Burcu: Gemini
Ôİ¢ Ay Burcu: Pisces

Ô¡É Gezegen Pozisyonlar─▒:
Ôİë G├╝ne┼ş: Gemini (24.5┬░)
Ôİ¢ Ay: Pisces (12.3┬░)
Ôİ┐ Merk├╝r: Gemini (18.7┬░)
ÔÖÇ Ven├╝s: Cancer (5.1┬░)
ÔÖé Mars: Leo (28.9┬░)
ÔÖâ J├╝piter: Virgo (15.4┬░)
ÔÖä Sat├╝rn: Capricorn (22.8┬░)
ÔÖà Uran├╝s: Aquarius (7.2┬░)
ÔÖå Nept├╝n: Pisces (19.6┬░)
ÔÖç Pl├╝ton: Scorpio (14.3┬░)

Ô£¿ Astroloji Master ile ke┼şfedildi

00:10 +287 ~3 -28: C:/dev/AstroYorumAI/test/services/export_share_service_test.dart: ExportShareService shareAsText should handle profile without optional fields
Subject: Minimal User - Astroloji Profili
00:10 +288 ~3 -28: C:/dev/AstroYorumAI/test/services/extended_astrology_api_service_test.dart: ExtendedAstrologyApiService Service Architecture should validate error logging
00:10 +289 ~3 -28: C:/dev/AstroYorumAI/test/services/export_share_service_test.dart: ExportShareService shareAsPdf should share PDF with all data
Custom font loading failed, using PDF default font for Turkish characters
Using PDF default font (should support basic Turkish characters)
Helvetica-Bold has no Unicode support see https://github.com/DavBfr/dart_pdf/wiki/Fonts-Management
Unable to find a font to draw "─░" (U+130) try to provide a TextStyle.fontFallback
Unable to find a font to draw "─ş" (U+11f) try to provide a TextStyle.fontFallback
Helvetica has no Unicode support see https://github.com/DavBfr/dart_pdf/wiki/Fonts-Management
Unable to find a font to draw "─▒" (U+131) try to provide a TextStyle.fontFallback
Unable to find a font to draw "┼ş" (U+15f) try to provide a TextStyle.fontFallback
Unable to find a font to draw "┼ş" (U+15f) try to provide a TextStyle.fontFallback
Unable to find a font to draw "─▒" (U+131) try to provide a TextStyle.fontFallback
Unable to find a font to draw "─▒" (U+131) try to provide a TextStyle.fontFallback
Unable to find a font to draw "┼ş" (U+15f) try to provide a TextStyle.fontFallback
Unable to find a font to draw "┼ş" (U+15f) try to provide a TextStyle.fontFallback
Unable to find a font to draw "─▒" (U+131) try to provide a TextStyle.fontFallback
00:10 +290 ~3 -28: C:/dev/AstroYorumAI/test/services/export_share_service_test.dart: ExportShareService shareAsPdf should share PDF without optional data
Custom font loading failed, using PDF default font for Turkish characters
Using PDF default font (should support basic Turkish characters)
Helvetica-Bold has no Unicode support see https://github.com/DavBfr/dart_pdf/wiki/Fonts-Management
Unable to find a font to draw "─░" (U+130) try to provide a TextStyle.fontFallback
Unable to find a font to draw "─ş" (U+11f) try to provide a TextStyle.fontFallback
Helvetica has no Unicode support see https://github.com/DavBfr/dart_pdf/wiki/Fonts-Management
Unable to find a font to draw "─▒" (U+131) try to provide a TextStyle.fontFallback
Unable to find a font to draw "┼ş" (U+15f) try to provide a TextStyle.fontFallback
Unable to find a font to draw "┼ş" (U+15f) try to provide a TextStyle.fontFallback
Unable to find a font to draw "┼ş" (U+15f) try to provide a TextStyle.fontFallback
Unable to find a font to draw "─▒" (U+131) try to provide a TextStyle.fontFallback
00:10 +291 ~3 -28: C:/dev/AstroYorumAI/test/services/geocoding_service_test.dart: GeocodingService getCoordinates should return coordinates for a valid place
  Skip: Integration test - requires network access
00:10 +291 ~4 -28: C:/dev/AstroYorumAI/test/services/export_share_service_test.dart: ExportShareService shareToSocialMedia should share social media formatted text
Would share text: ­şîş Benim Astroloji Profilim ­şîş

­şæñ Test User
­şôà 15 Haziran 1990
Ôİë G├╝ne┼ş Burcu: Gemini
Ôİ¢ Ay Burcu: Pisces

Ô£¿ Astroloji Master ile ke┼şfet!

#astroloji #burclar #natalharita #astrology
Subject: Astroloji Profili
00:10 +292 ~4 -28: C:/dev/AstroYorumAI/test/services/geocoding_service_test.dart: GeocodingService getCoordinates should handle valid coordinates parsing
00:10 +292 ~4 -28: C:/dev/AstroYorumAI/test/services/export_share_service_test.dart: ExportShareService shareToSocialMedia should handle missing planet data for social media
Would share text: ­şîş Benim Astroloji Profilim ­şîş

­şæñ Test User
­şôà 15 Haziran 1990
Ôİë G├╝ne┼ş Burcu: Bilinmiyor
Ôİ¢ Ay Burcu: Bilinmiyor

Ô£¿ Astroloji Master ile ke┼şfet!

#astroloji #burclar #natalharita #astrology
Subject: Astroloji Profili
00:10 +293 ~4 -28: C:/dev/AstroYorumAI/test/services/geocoding_service_test.dart: GeocodingService getCoordinates should handle valid coordinates parsing
00:10 +293 ~4 -28: C:/dev/AstroYorumAI/test/services/export_share_service_test.dart: ExportShareService exportAsPdf should attempt to export PDF and handle result
Custom font loading failed, using PDF default font for Turkish characters
Using PDF default font (should support basic Turkish characters)
Helvetica-Bold has no Unicode support see https://github.com/DavBfr/dart_pdf/wiki/Fonts-Management
Unable to find a font to draw "─░" (U+130) try to provide a TextStyle.fontFallback
Unable to find a font to draw "─ş" (U+11f) try to provide a TextStyle.fontFallback
Helvetica has no Unicode support see https://github.com/DavBfr/dart_pdf/wiki/Fonts-Management
Unable to find a font to draw "─▒" (U+131) try to provide a TextStyle.fontFallback
Unable to find a font to draw "┼ş" (U+15f) try to provide a TextStyle.fontFallback
Unable to find a font to draw "┼ş" (U+15f) try to provide a TextStyle.fontFallback
Unable to find a font to draw "─▒" (U+131) try to provide a TextStyle.fontFallback
Unable to find a font to draw "─▒" (U+131) try to provide a TextStyle.fontFallback
Unable to find a font to draw "┼ş" (U+15f) try to provide a TextStyle.fontFallback
Unable to find a font to draw "┼ş" (U+15f) try to provide a TextStyle.fontFallback
Unable to find a font to draw "─▒" (U+131) try to provide a TextStyle.fontFallback
00:10 +294 ~4 -28: C:/dev/AstroYorumAI/test/services/geocoding_service_test.dart: GeocodingService getCoordinates should handle valid coordinates parsing
00:10 +295 ~4 -28: C:/dev/AstroYorumAI/test/services/export_share_service_test.dart: ExportShareService exportAsPdf should attempt to export PDF without optional data
00:10 +296 ~4 -28: C:/dev/AstroYorumAI/test/services/export_share_service_test.dart: ExportShareService exportAsPdf should attempt to export PDF without optional data
Custom font loading failed, using PDF default font for Turkish characters
Using PDF default font (should support basic Turkish characters)
Helvetica-Bold has no Unicode support see https://github.com/DavBfr/dart_pdf/wiki/Fonts-Management
Unable to find a font to draw "─░" (U+130) try to provide a TextStyle.fontFallback
Unable to find a font to draw "─ş" (U+11f) try to provide a TextStyle.fontFallback
Helvetica has no Unicode support see https://github.com/DavBfr/dart_pdf/wiki/Fonts-Management
Unable to find a font to draw "─▒" (U+131) try to provide a TextStyle.fontFallback
Unable to find a font to draw "┼ş" (U+15f) try to provide a TextStyle.fontFallback
Unable to find a font to draw "┼ş" (U+15f) try to provide a TextStyle.fontFallback
Unable to find a font to draw "┼ş" (U+15f) try to provide a TextStyle.fontFallback
00:10 +297 ~4 -28: C:/dev/AstroYorumAI/test/services/export_share_service_test.dart: ExportShareService exportAsPdf should attempt to export PDF without optional data
Unable to find a font to draw "─▒" (U+131) try to provide a TextStyle.fontFallback
00:10 +298 ~4 -28: C:/dev/AstroYorumAI/test/services/geocoding_service_test.dart: GeocodingService getCoordinates should handle empty response array
00:10 +299 ~4 -28: C:/dev/AstroYorumAI/test/services/export_share_service_test.dart: ExportShareService exportAsPdf should handle empty planet positions in export
Custom font loading failed, using PDF default font for Turkish characters
Using PDF default font (should support basic Turkish characters)
Helvetica-Bold has no Unicode support see https://github.com/DavBfr/dart_pdf/wiki/Fonts-Management
Unable to find a font to draw "─░" (U+130) try to provide a TextStyle.fontFallback
Unable to find a font to draw "─ş" (U+11f) try to provide a TextStyle.fontFallback
Helvetica has no Unicode support see https://github.com/DavBfr/dart_pdf/wiki/Fonts-Management
Unable to find a font to draw "─▒" (U+131) try to provide a TextStyle.fontFallback
Unable to find a font to draw "┼ş" (U+15f) try to provide a TextStyle.fontFallback
Unable to find a font to draw "┼ş" (U+15f) try to provide a TextStyle.fontFallback
Unable to find a font to draw "─▒" (U+131) try to provide a TextStyle.fontFallback
00:10 +300 ~4 -28: C:/dev/AstroYorumAI/test/services/geocoding_service_test.dart: GeocodingService getCoordinates should handle malformed JSON response
00:10 +301 ~4 -28: C:/dev/AstroYorumAI/test/services/export_share_service_test.dart: ExportShareService Helper Methods should convert planet names to Turkish correctly
00:10 +302 ~4 -28: C:/dev/AstroYorumAI/test/services/geocoding_service_test.dart: GeocodingService getCoordinates should encode place names correctly
00:10 +303 ~4 -28: C:/dev/AstroYorumAI/test/services/export_share_service_test.dart: ExportShareService Helper Methods should handle unknown planet names
00:10 +304 ~4 -28: C:/dev/AstroYorumAI/test/services/geocoding_service_test.dart: GeocodingService getCoordinates should handle special characters in place names
00:10 +305 ~4 -28: C:/dev/AstroYorumAI/test/services/geocoding_service_test.dart: GeocodingService getCoordinates should handle special characters in place names
00:10 +306 ~4 -28: C:/dev/AstroYorumAI/test/services/export_share_service_test.dart: ExportShareService Error Handling should handle PDF generation errors in shareNatalChart
00:10 +307 ~4 -28: C:/dev/AstroYorumAI/test/services/export_share_service_test.dart: ExportShareService Error Handling should handle PDF generation errors in shareNatalChart
Custom font loading failed, using PDF default font for Turkish characters
Using PDF default font (should support basic Turkish characters)
Helvetica-Bold has no Unicode support see https://github.com/DavBfr/dart_pdf/wiki/Fonts-Management
Unable to find a font to draw "─░" (U+130) try to provide a TextStyle.fontFallback
Unable to find a font to draw "─ş" (U+11f) try to provide a TextStyle.fontFallback
Helvetica has no Unicode support see https://github.com/DavBfr/dart_pdf/wiki/Fonts-Management
Unable to find a font to draw "─▒" (U+131) try to provide a TextStyle.fontFallback
Unable to find a font to draw "┼ş" (U+15f) try to provide a TextStyle.fontFallback
00:10 +308 ~4 -28: C:/dev/AstroYorumAI/test/services/export_share_service_test.dart: ExportShareService Error Handling should handle PDF generation errors in shareNatalChart
Unable to find a font to draw "┼ş" (U+15f) try to provide a TextStyle.fontFallback
Unable to find a font to draw "┼ş" (U+15f) try to provide a TextStyle.fontFallback
Unable to find a font to draw "─▒" (U+131) try to provide a TextStyle.fontFallback
00:10 +309 ~4 -28: C:/dev/AstroYorumAI/test/services/geocoding_service_test.dart: GeocodingService getCoordinates API Response Handling should handle empty response array
00:10 +310 ~4 -28: C:/dev/AstroYorumAI/test/services/export_share_service_test.dart: ExportShareService Error Handling should handle PDF generation errors in shareCalendarEvents
Custom font loading failed, using PDF default font for Turkish characters
Using PDF default font for calendar (should support basic Turkish characters)
Helvetica-Bold has no Unicode support see https://github.com/DavBfr/dart_pdf/wiki/Fonts-Management
Unable to find a font to draw "─░" (U+130) try to provide a TextStyle.fontFallback
Unable to find a font to draw "─░" (U+130) try to provide a TextStyle.fontFallback
Unable to find a font to draw "─░" (U+130) try to provide a TextStyle.fontFallback
Helvetica has no Unicode support see https://github.com/DavBfr/dart_pdf/wiki/Fonts-Management
Unable to find a font to draw "─▒" (U+131) try to provide a TextStyle.fontFallback
Unable to find a font to draw "─░" (U+130) try to provide a TextStyle.fontFallback
Unable to find a font to draw "┼ş" (U+15f) try to provide a TextStyle.fontFallback
Unable to find a font to draw "─▒" (U+131) try to provide a TextStyle.fontFallback
Unable to find a font to draw "┼ş" (U+15f) try to provide a TextStyle.fontFallback
Unable to find a font to draw "┼ş" (U+15f) try to provide a TextStyle.fontFallback
Unable to find a font to draw "─▒" (U+131) try to provide a TextStyle.fontFallback
00:10 +311 ~4 -28: C:/dev/AstroYorumAI/test/services/geocoding_service_test.dart: GeocodingService getCoordinates Error Handling should handle network timeouts gracefully
00:10 +312 ~4 -28: C:/dev/AstroYorumAI/test/services/export_share_service_test.dart: ExportShareService Error Handling should handle PDF generation errors in shareAsPdf
00:10 +313 ~4 -28: C:/dev/AstroYorumAI/test/services/export_share_service_test.dart: ExportShareService Error Handling should handle PDF generation errors in shareAsPdf
Custom font loading failed, using PDF default font for Turkish characters
Using PDF default font (should support basic Turkish characters)
Helvetica-Bold has no Unicode support see https://github.com/DavBfr/dart_pdf/wiki/Fonts-Management
Unable to find a font to draw "─░" (U+130) try to provide a TextStyle.fontFallback
Unable to find a font to draw "─ş" (U+11f) try to provide a TextStyle.fontFallback
Helvetica has no Unicode support see https://github.com/DavBfr/dart_pdf/wiki/Fonts-Management
Unable to find a font to draw "─▒" (U+131) try to provide a TextStyle.fontFallback
Unable to find a font to draw "┼ş" (U+15f) try to provide a TextStyle.fontFallback
Unable to find a font to draw "┼ş" (U+15f) try to provide a TextStyle.fontFallback
Unable to find a font to draw "┼ş" (U+15f) try to provide a TextStyle.fontFallback
Unable to find a font to draw "─▒" (U+131) try to provide a TextStyle.fontFallback
00:10 +314 ~4 -28: C:/dev/AstroYorumAI/test/services/geocoding_service_test.dart: GeocodingService getCoordinates Error Handling should handle malformed JSON responses
00:10 +315 ~4 -28: C:/dev/AstroYorumAI/test/services/export_share_service_test.dart: ExportShareService Error Handling should handle PDF generation errors in exportAsPdf
00:10 +316 ~4 -28: C:/dev/AstroYorumAI/test/services/export_share_service_test.dart: ExportShareService Error Handling should handle PDF generation errors in exportAsPdf
Custom font loading failed, using PDF default font for Turkish characters
Using PDF default font (should support basic Turkish characters)
Helvetica-Bold has no Unicode support see https://github.com/DavBfr/dart_pdf/wiki/Fonts-Management
Unable to find a font to draw "─░" (U+130) try to provide a TextStyle.fontFallback
Unable to find a font to draw "─ş" (U+11f) try to provide a TextStyle.fontFallback
Helvetica has no Unicode support see https://github.com/DavBfr/dart_pdf/wiki/Fonts-Management
Unable to find a font to draw "─▒" (U+131) try to provide a TextStyle.fontFallback
Unable to find a font to draw "┼ş" (U+15f) try to provide a TextStyle.fontFallback
Unable to find a font to draw "┼ş" (U+15f) try to provide a TextStyle.fontFallback
Unable to find a font to draw "┼ş" (U+15f) try to provide a TextStyle.fontFallback
Unable to find a font to draw "─▒" (U+131) try to provide a TextStyle.fontFallback
00:10 +317 ~4 -28: C:/dev/AstroYorumAI/test/services/geocoding_service_test.dart: GeocodingService getCoordinates URL Construction should handle empty place name
00:10 +318 ~4 -28: C:/dev/AstroYorumAI/test/services/export_share_service_test.dart: ExportShareService Data Formatting should attempt to format dates correctly in Turkish locale
00:10 +319 ~4 -28: C:/dev/AstroYorumAI/test/services/export_share_service_test.dart: ExportShareService Data Formatting should attempt to format dates correctly in Turkish locale
Custom font loading failed, using PDF default font for Turkish characters
Using PDF default font (should support basic Turkish characters)
Helvetica-Bold has no Unicode support see https://github.com/DavBfr/dart_pdf/wiki/Fonts-Management
Unable to find a font to draw "─░" (U+130) try to provide a TextStyle.fontFallback
Unable to find a font to draw "─ş" (U+11f) try to provide a TextStyle.fontFallback
Helvetica has no Unicode support see https://github.com/DavBfr/dart_pdf/wiki/Fonts-Management
Unable to find a font to draw "─▒" (U+131) try to provide a TextStyle.fontFallback
Unable to find a font to draw "┼ş" (U+15f) try to provide a TextStyle.fontFallback
Unable to find a font to draw "┼ş" (U+15f) try to provide a TextStyle.fontFallback
Unable to find a font to draw "┼ş" (U+15f) try to provide a TextStyle.fontFallback
Unable to find a font to draw "─▒" (U+131) try to provide a TextStyle.fontFallback
00:10 +320 ~4 -28: C:/dev/AstroYorumAI/test/services/export_share_service_test.dart: ExportShareService Data Formatting should attempt to format dates correctly in Turkish locale
00:10 +321 ~4 -28: C:/dev/AstroYorumAI/test/services/export_share_service_test.dart: ExportShareService Data Formatting should attempt to format coordinates with proper precision
00:10 +322 ~4 -28: C:/dev/AstroYorumAI/test/services/export_share_service_test.dart: ExportShareService Data Formatting should attempt to format coordinates with proper precision
Custom font loading failed, using PDF default font for Turkish characters
Using PDF default font (should support basic Turkish characters)
Helvetica-Bold has no Unicode support see https://github.com/DavBfr/dart_pdf/wiki/Fonts-Management
00:10 +323 ~4 -28: C:/dev/AstroYorumAI/test/services/export_share_service_test.dart: ExportShareService Data Formatting should attempt to format coordinates with proper precision
Unable to find a font to draw "─░" (U+130) try to provide a TextStyle.fontFallback
Unable to find a font to draw "─ş" (U+11f) try to provide a TextStyle.fontFallback
Helvetica has no Unicode support see https://github.com/DavBfr/dart_pdf/wiki/Fonts-Management
Unable to find a font to draw "─▒" (U+131) try to provide a TextStyle.fontFallback
Unable to find a font to draw "─▒" (U+131) try to provide a TextStyle.fontFallback
Unable to find a font to draw "┼ş" (U+15f) try to provide a TextStyle.fontFallback
Unable to find a font to draw "┼ş" (U+15f) try to provide a TextStyle.fontFallback
Unable to find a font to draw "┼ş" (U+15f) try to provide a TextStyle.fontFallback
Unable to find a font to draw "─▒" (U+131) try to provide a TextStyle.fontFallback
00:10 +324 ~4 -28: C:/dev/AstroYorumAI/test/services/geocoding_service_test.dart: GeocodingService getCoordinates UTF-8 Handling should handle UTF-8 encoded responses
00:10 +325 ~4 -28: C:/dev/AstroYorumAI/test/services/export_share_service_test.dart: ExportShareService Data Formatting should attempt to format planet degrees with one decimal place
Custom font loading failed, using PDF default font for Turkish characters
Using PDF default font (should support basic Turkish characters)
Helvetica-Bold has no Unicode support see https://github.com/DavBfr/dart_pdf/wiki/Fonts-Management
Unable to find a font to draw "─░" (U+130) try to provide a TextStyle.fontFallback
00:10 +326 ~4 -28: C:/dev/AstroYorumAI/test/services/export_share_service_test.dart: ExportShareService Data Formatting should attempt to format planet degrees with one decimal place
Unable to find a font to draw "─ş" (U+11f) try to provide a TextStyle.fontFallback
Helvetica has no Unicode support see https://github.com/DavBfr/dart_pdf/wiki/Fonts-Management
Unable to find a font to draw "─▒" (U+131) try to provide a TextStyle.fontFallback
Unable to find a font to draw "┼ş" (U+15f) try to provide a TextStyle.fontFallback
Unable to find a font to draw "┼ş" (U+15f) try to provide a TextStyle.fontFallback
Unable to find a font to draw "┼ş" (U+15f) try to provide a TextStyle.fontFallback
Unable to find a font to draw "─▒" (U+131) try to provide a TextStyle.fontFallback
00:10 +327 ~4 -28: C:/dev/AstroYorumAI/test/services/geocoding_service_test.dart: GeocodingService getCoordinates Edge Cases should handle null input gracefully
00:10 +328 ~4 -28: C:/dev/AstroYorumAI/test/services/export_share_service_test.dart: ExportShareService (tearDownAll)
00:10 +328 ~4 -28: C:/dev/AstroYorumAI/test/services/geocoding_service_test.dart: GeocodingService getCoordinates Edge Cases should handle whitespace-only input
00:10 +329 ~4 -28: C:/dev/AstroYorumAI/test/services/geocoding_service_test.dart: GeocodingService getCoordinates Edge Cases should handle very short place names
00:10 +330 ~4 -28: C:/dev/AstroYorumAI/test/services/geocoding_service_test.dart: GeocodingService Integration Test Helpers should validate expected response structure
00:10 +331 ~4 -28: C:/dev/AstroYorumAI/test/services/localization_service_test.dart: LocalizationService Tests getCurrentLocale should return system locale when no preference is saved
00:10 +332 ~4 -28: C:/dev/AstroYorumAI/test/services/localization_service_test.dart: LocalizationService Tests getCurrentLocale should return saved locale preference
00:10 +333 ~4 -28: C:/dev/AstroYorumAI/test/services/localization_service_test.dart: LocalizationService Tests setCurrentLocale should save locale preference
00:10 +334 ~4 -28: C:/dev/AstroYorumAI/test/services/localization_service_test.dart: LocalizationService Tests setCurrentLocale should handle different locales
00:10 +335 ~4 -28: C:/dev/AstroYorumAI/test/services/localization_service_test.dart: LocalizationService Tests getSupportedLocales should return list of supported locales
00:10 +336 ~4 -28: C:/dev/AstroYorumAI/test/services/localization_service_test.dart: LocalizationService Tests getLanguageDisplayName should return correct display names for supported languages
00:10 +337 ~4 -28: C:/dev/AstroYorumAI/test/services/localization_service_test.dart: LocalizationService Tests getLanguageDisplayName should return language code for unsupported languages
00:10 +338 ~4 -28: C:/dev/AstroYorumAI/test/services/localization_service_test.dart: LocalizationService Tests isSupported should return true for supported locales
00:10 +339 ~4 -28: C:/dev/AstroYorumAI/test/services/localization_service_test.dart: LocalizationService Tests isSupported should return false for unsupported locales
00:10 +340 ~4 -28: C:/dev/AstroYorumAI/test/services/notification_service_test.dart: NotificationService Tests Initialization Tests should initialize notification plugin successfully
00:10 +341 ~4 -28: C:/dev/AstroYorumAI/test/services/notification_service_test.dart: NotificationService Tests Permission Tests should request notification permissions
00:10 +341 ~4 -28: C:/dev/AstroYorumAI/test/services/notification_service_test.dart: NotificationService Tests Initialization Tests should initialize notification plugin successfully
Firebase initialization warning in test: PlatformException(channel-error, Unable to establish connection on channel., null, null)
00:10 +342 ~4 -28: C:/dev/AstroYorumAI/test/services/notification_service_test.dart: NotificationService Tests Immediate Notifications should show immediate notification successfully
00:10 +342 ~4 -28: C:/dev/AstroYorumAI/test/services/notification_service_test.dart: NotificationService Tests Permission Tests should request notification permissions
Firebase initialization warning in test: PlatformException(channel-error, Unable to establish connection on channel., null, null)
00:10 +343 ~4 -28: C:/dev/AstroYorumAI/test/services/profile_management_service_test.dart: (setUpAll)
00:10 +343 ~4 -28: C:/dev/AstroYorumAI/test/services/notification_service_test.dart: NotificationService Tests Immediate Notifications should show immediate notification successfully
Firebase initialization warning in test: PlatformException(channel-error, Unable to establish connection on channel., null, null)
00:10 +344 ~4 -28: C:/dev/AstroYorumAI/test/services/profile_management_service_test.dart: (setUpAll)
00:10 +344 ~4 -28: C:/dev/AstroYorumAI/test/services/notification_service_test.dart: NotificationService Tests Immediate Notifications should show notification without payload
Firebase initialization warning in test: PlatformException(channel-error, Unable to establish connection on channel., null, null)
00:10 +345 ~4 -28: C:/dev/AstroYorumAI/test/services/profile_management_service_test.dart: (setUpAll)
00:10 +345 ~4 -28: C:/dev/AstroYorumAI/test/services/notification_service_test.dart: NotificationService Tests Scheduled Notifications should schedule daily horoscope notification
Firebase initialization warning in test: PlatformException(channel-error, Unable to establish connection on channel., null, null)
00:10 +346 ~4 -28: C:/dev/AstroYorumAI/test/services/profile_management_service_test.dart: (setUpAll)
00:10 +346 ~4 -28: C:/dev/AstroYorumAI/test/services/notification_service_test.dart: NotificationService Tests Scheduled Notifications should schedule weekly horoscope notification
Firebase initialization warning in test: PlatformException(channel-error, Unable to establish connection on channel., null, null)
00:10 +347 ~4 -28: C:/dev/AstroYorumAI/test/services/profile_management_service_test.dart: (setUpAll)
00:10 +347 ~4 -28: C:/dev/AstroYorumAI/test/services/notification_service_test.dart: NotificationService Tests Scheduled Notifications should schedule celestial event notification
Firebase initialization warning in test: PlatformException(channel-error, Unable to establish connection on channel., null, null)
00:10 +348 ~4 -28: C:/dev/AstroYorumAI/test/services/profile_management_service_test.dart: (setUpAll)
00:10 +348 ~4 -28: C:/dev/AstroYorumAI/test/services/notification_service_test.dart: NotificationService Tests Scheduled Notifications should validate hour parameter bounds
Firebase initialization warning in test: PlatformException(channel-error, Unable to establish connection on channel., null, null)
00:10 +349 ~4 -28: C:/dev/AstroYorumAI/test/services/profile_management_service_test.dart: (setUpAll)
00:10 +349 ~4 -28: C:/dev/AstroYorumAI/test/services/notification_service_test.dart: NotificationService Tests Scheduled Notifications should validate weekday parameter bounds
Firebase initialization warning in test: PlatformException(channel-error, Unable to establish connection on channel., null, null)
00:10 +350 ~4 -28: C:/dev/AstroYorumAI/test/services/profile_management_service_test.dart: (setUpAll)
00:10 +350 ~4 -28: C:/dev/AstroYorumAI/test/services/notification_service_test.dart: NotificationService Tests Notification Management should cancel profile notifications
Firebase initialization warning in test: PlatformException(channel-error, Unable to establish connection on channel., null, null)
00:10 +351 ~4 -28: C:/dev/AstroYorumAI/test/services/profile_management_service_test.dart: (setUpAll)
00:10 +351 ~4 -28: C:/dev/AstroYorumAI/test/services/notification_service_test.dart: NotificationService Tests Notification Management should cancel all notifications
Firebase initialization warning in test: PlatformException(channel-error, Unable to establish connection on channel., null, null)
00:10 +351 ~4 -28: C:/dev/AstroYorumAI/test/services/profile_management_service_test.dart: (setUpAll)
Firebase initialization warning in test: PlatformException(channel-error, Unable to establish connection on channel., null, null)
00:10 +351 ~4 -28: C:/dev/AstroYorumAI/test/services/notification_service_test.dart: NotificationService Tests Notification Management should get pending notifications
00:10 +352 ~4 -28: C:/dev/AstroYorumAI/test/services/profile_management_service_test.dart: ProfileManagementService Tests Profile CRUD Operations should create new profile with unique ID
00:10 +352 ~4 -28: C:/dev/AstroYorumAI/test/services/notification_service_test.dart: NotificationService Tests Notification Management should get pending notifications
Firebase initialization warning in test: PlatformException(channel-error, Unable to establish connection on channel., null, null)
00:10 +353 ~4 -28: C:/dev/AstroYorumAI/test/services/profile_management_service_test.dart: ProfileManagementService Tests Profile CRUD Operations should create new profile with unique ID
00:10 +353 ~4 -28: C:/dev/AstroYorumAI/test/services/notification_service_test.dart: NotificationService Tests Zodiac Sign Logic should correctly identify Gemini zodiac sign
Firebase initialization warning in test: PlatformException(channel-error, Unable to establish connection on channel., null, null)
00:10 +354 ~4 -28: C:/dev/AstroYorumAI/test/services/profile_management_service_test.dart: ProfileManagementService Tests Profile CRUD Operations should create new profile with unique ID
00:10 +354 ~4 -28: C:/dev/AstroYorumAI/test/services/notification_service_test.dart: NotificationService Tests Zodiac Sign Logic should correctly identify Aries zodiac sign
Firebase initialization warning in test: PlatformException(channel-error, Unable to establish connection on channel., null, null)
00:10 +355 ~4 -28: C:/dev/AstroYorumAI/test/services/notification_service_test.dart: NotificationService Tests Zodiac Sign Logic should correctly identify Capricorn zodiac sign
00:10 +356 ~4 -28: C:/dev/AstroYorumAI/test/services/profile_management_service_test.dart: ProfileManagementService Tests Profile CRUD Operations should save profile successfully
00:10 +356 ~4 -28: C:/dev/AstroYorumAI/test/services/notification_service_test.dart: NotificationService Tests Zodiac Sign Logic should correctly identify Capricorn zodiac sign
Firebase initialization warning in test: PlatformException(channel-error, Unable to establish connection on channel., null, null)
00:10 +357 ~4 -28: C:/dev/AstroYorumAI/test/services/profile_management_service_test.dart: ProfileManagementService Tests Profile CRUD Operations should save profile successfully
00:10 +357 ~4 -28: C:/dev/AstroYorumAI/test/services/notification_service_test.dart: NotificationService Tests Time Calculations should calculate next scheduled time correctly for daily notifications
Firebase initialization warning in test: PlatformException(channel-error, Unable to establish connection on channel., null, null)
00:10 +358 ~4 -28: C:/dev/AstroYorumAI/test/services/profile_management_service_test.dart: ProfileManagementService Tests Profile CRUD Operations should save profile successfully
00:10 +358 ~4 -28: C:/dev/AstroYorumAI/test/services/notification_service_test.dart: NotificationService Tests Time Calculations should calculate next weekly notification time correctly
Firebase initialization warning in test: PlatformException(channel-error, Unable to establish connection on channel., null, null)
00:10 +359 ~4 -28: C:/dev/AstroYorumAI/test/services/notification_service_test.dart: NotificationService Tests Profile Integration should use profile information in notification scheduling
00:10 +360 ~4 -28: C:/dev/AstroYorumAI/test/services/profile_management_service_test.dart: ProfileManagementService Tests Profile CRUD Operations should set first profile as default and active
00:10 +360 ~4 -28: C:/dev/AstroYorumAI/test/services/notification_service_test.dart: NotificationService Tests Profile Integration should use profile information in notification scheduling
Firebase initialization warning in test: PlatformException(channel-error, Unable to establish connection on channel., null, null)
00:10 +361 ~4 -28: C:/dev/AstroYorumAI/test/services/notification_service_test.dart: NotificationService Tests Profile Integration should generate unique notification IDs based on profile
00:10 +362 ~4 -28: C:/dev/AstroYorumAI/test/services/profile_management_service_test.dart: ProfileManagementService Tests Profile CRUD Operations should update existing profile
00:10 +362 ~4 -28: C:/dev/AstroYorumAI/test/services/notification_service_test.dart: NotificationService Tests Profile Integration should generate unique notification IDs based on profile
Firebase initialization warning in test: PlatformException(channel-error, Unable to establish connection on channel., null, null)
00:10 +363 ~4 -28: C:/dev/AstroYorumAI/test/services/profile_management_service_test.dart: ProfileManagementService Tests Profile CRUD Operations should update existing profile
00:10 +363 ~4 -28: C:/dev/AstroYorumAI/test/services/notification_service_test.dart: NotificationService Tests Celestial Event Notifications should handle celestial events with profile ID
Firebase initialization warning in test: PlatformException(channel-error, Unable to establish connection on channel., null, null)
00:10 +364 ~4 -28: C:/dev/AstroYorumAI/test/services/profile_management_service_test.dart: ProfileManagementService Tests Profile CRUD Operations should update existing profile
00:10 +364 ~4 -28: C:/dev/AstroYorumAI/test/services/notification_service_test.dart: NotificationService Tests Celestial Event Notifications should handle celestial events without profile ID
Firebase initialization warning in test: PlatformException(channel-error, Unable to establish connection on channel., null, null)
00:10 +365 ~4 -28: C:/dev/AstroYorumAI/test/services/profile_management_service_test.dart: ProfileManagementService Tests Profile CRUD Operations should update existing profile
00:10 +365 ~4 -28: C:/dev/AstroYorumAI/test/services/notification_service_test.dart: NotificationService Tests Celestial Event Notifications should accept future event times
Firebase initialization warning in test: PlatformException(channel-error, Unable to establish connection on channel., null, null)
00:10 +366 ~4 -28: C:/dev/AstroYorumAI/test/services/profile_management_service_test.dart: ProfileManagementService Tests Profile CRUD Operations should update existing profile
00:10 +366 ~4 -28: C:/dev/AstroYorumAI/test/services/notification_service_test.dart: NotificationService Tests API Consistency Tests should have consistent parameter types for time values
Firebase initialization warning in test: PlatformException(channel-error, Unable to establish connection on channel., null, null)
00:10 +367 ~4 -28: C:/dev/AstroYorumAI/test/services/notification_service_test.dart: NotificationService Tests API Consistency Tests should accept all required parameters for notifications
00:10 +368 ~4 -28: C:/dev/AstroYorumAI/test/services/profile_management_service_test.dart: ProfileManagementService Tests Profile CRUD Operations should retrieve all profiles
00:10 +368 ~4 -28: C:/dev/AstroYorumAI/test/services/notification_service_test.dart: NotificationService Tests API Consistency Tests should accept all required parameters for notifications
Firebase initialization warning in test: PlatformException(channel-error, Unable to establish connection on channel., null, null)
00:10 +369 ~4 -28: C:/dev/AstroYorumAI/test/services/notification_service_test.dart: NotificationService Tests Additional NotificationService Tests Bildirim planlama ba┼şar─▒l─▒ olmal─▒
00:10 +370 ~4 -28: C:/dev/AstroYorumAI/test/services/notification_service_test.dart: NotificationService Tests Additional NotificationService Tests Bildirim planlama ba┼şar─▒l─▒ olmal─▒
00:10 +371 ~4 -28: C:/dev/AstroYorumAI/test/services/profile_management_service_test.dart: ProfileManagementService Tests Profile Deletion should delete profile successfully
00:10 +371 ~4 -28: C:/dev/AstroYorumAI/test/services/notification_service_test.dart: NotificationService Tests Additional NotificationService Tests Bildirim planlama ba┼şar─▒l─▒ olmal─▒
Firebase initialization warning in test: PlatformException(channel-error, Unable to establish connection on channel., null, null)
00:10 +372 ~4 -28: C:/dev/AstroYorumAI/test/services/notification_service_test.dart: NotificationService Tests Additional NotificationService Tests Bildirim iptal etme ba┼şar─▒l─▒ olmal─▒
00:10 +373 ~4 -28: C:/dev/AstroYorumAI/test/services/profile_management_service_test.dart: ProfileManagementService Tests Profile Deletion should return false when deleting non-existent profile
00:10 +373 ~4 -28: C:/dev/AstroYorumAI/test/services/notification_service_test.dart: NotificationService Tests Additional NotificationService Tests Bildirim iptal etme ba┼şar─▒l─▒ olmal─▒
Firebase initialization warning in test: PlatformException(channel-error, Unable to establish connection on channel., null, null)
00:10 +374 ~4 -28: C:/dev/AstroYorumAI/test/services/notification_service_test.dart: NotificationService Tests Additional NotificationService Tests T├╝m bildirimler iptal edilmeli
00:10 +375 ~4 -28: C:/dev/AstroYorumAI/test/services/profile_management_service_test.dart: ProfileManagementService Tests Profile Deletion should set new active profile when deleting active profile
00:10 +376 ~4 -28: C:/dev/AstroYorumAI/test/services/profile_management_service_test.dart: ProfileManagementService Tests Active Profile Management should set and get active profile
00:10 +377 ~4 -28: C:/dev/AstroYorumAI/test/services/profile_management_service_test.dart: ProfileManagementService Tests Active Profile Management should return null when no active profile is set
00:10 +378 ~4 -28: C:/dev/AstroYorumAI/test/services/profile_management_service_test.dart: ProfileManagementService Tests Active Profile Management should return null when active profile ID does not exist
00:10 +379 ~4 -28: C:/dev/AstroYorumAI/test/services/profile_management_service_test.dart: ProfileManagementService Tests Active Profile Management should get active profile ID
00:10 +380 ~4 -28: C:/dev/AstroYorumAI/test/services/profile_management_service_test.dart: ProfileManagementService Tests Profile Import and Creation should import profile from birth info
00:10 +381 ~4 -28: C:/dev/AstroYorumAI/test/services/profile_management_service_test.dart: ProfileManagementService Tests Profile Import and Creation should create profile with minimal data
00:10 +382 ~4 -28: C:/dev/AstroYorumAI/test/services/profile_management_service_test.dart: ProfileManagementService Tests Profile Search and Count should search profiles by name
00:10 +383 ~4 -28: C:/dev/AstroYorumAI/test/services/user_preferences_service_test.dart: (setUpAll)
00:10 +384 ~4 -28: C:/dev/AstroYorumAI/test/services/user_preferences_service_test.dart: (setUpAll)
00:10 +385 ~4 -28: C:/dev/AstroYorumAI/test/services/user_preferences_service_test.dart: (setUpAll)
00:10 +386 ~4 -28: C:/dev/AstroYorumAI/test/services/user_preferences_service_test.dart: (setUpAll)
00:10 +387 ~4 -28: C:/dev/AstroYorumAI/test/services/user_preferences_service_test.dart: (setUpAll)
00:10 +388 ~4 -28: C:/dev/AstroYorumAI/test/services/user_preferences_service_test.dart: (setUpAll)
00:10 +389 ~4 -28: C:/dev/AstroYorumAI/test/services/user_preferences_service_test.dart: (setUpAll)
00:10 +390 ~4 -28: C:/dev/AstroYorumAI/test/services/user_preferences_service_test.dart: (setUpAll)
Firebase initialization warning in test: PlatformException(channel-error, Unable to establish connection on channel., null, null)
00:11 +390 ~4 -28: C:/dev/AstroYorumAI/test/services/user_preferences_service_test.dart: UserPreferencesService Tests saveUserBirthInfo should save complete UserBirthInfo successfully
UserBirthInfo saved: {"name":"Test User","birthDate":"1990-05-15T00:00:00.000","birthTime":"14:30","birthPlace":"Istanbul, Turkey","latitude":41.0082,"longitude":28.9784}
UserBirthInfo loaded: {name: Test User, birthDate: 1990-05-15T00:00:00.000, birthTime: 14:30, birthPlace: Istanbul, Turkey, latitude: 41.0082, longitude: 28.9784}
UserBirthInfo cleared from SharedPreferences.
00:11 +391 ~4 -28: C:/dev/AstroYorumAI/test/services/user_preferences_service_test.dart: UserPreferencesService Tests saveUserBirthInfo should save UserBirthInfo with minimal data
UserBirthInfo saved: {"name":null,"birthDate":"1995-12-25T00:00:00.000","birthTime":"10:00","birthPlace":null,"latitude":40.0,"longitude":30.0}
UserBirthInfo loaded: {name: null, birthDate: 1995-12-25T00:00:00.000, birthTime: 10:00, birthPlace: null, latitude: 40.0, longitude: 30.0}
UserBirthInfo cleared from SharedPreferences.
00:11 +392 ~4 -28: C:/dev/AstroYorumAI/test/services/user_preferences_service_test.dart: UserPreferencesService Tests saveUserBirthInfo should overwrite existing UserBirthInfo
UserBirthInfo saved: {"name":"Initial User","birthDate":"1990-01-01T00:00:00.000","birthTime":"12:00","birthPlace":null,"latitude":0.0,"longitude":0.0}
UserBirthInfo saved: {"name":"Updated User","birthDate":"1995-06-15T00:00:00.000","birthTime":"18:30","birthPlace":"Ankara, Turkey","latitude":39.9334,"longitude":32.8597}
UserBirthInfo loaded: {name: Updated User, birthDate: 1995-06-15T00:00:00.000, birthTime: 18:30, birthPlace: Ankara, Turkey, latitude: 39.9334, longitude: 32.8597}
UserBirthInfo cleared from SharedPreferences.
00:11 +393 ~4 -28: C:/dev/AstroYorumAI/test/services/user_preferences_service_test.dart: UserPreferencesService Tests loadUserBirthInfo should return null when no data exists
No UserBirthInfo found in SharedPreferences.
UserBirthInfo cleared from SharedPreferences.
00:11 +394 ~4 -28: C:/dev/AstroYorumAI/test/services/user_preferences_service_test.dart: UserPreferencesService Tests loadUserBirthInfo should load saved UserBirthInfo correctly
UserBirthInfo saved: {"name":"Test Load User","birthDate":"1988-03-20T00:00:00.000","birthTime":"09:15","birthPlace":"Izmir, Turkey","latitude":38.4192,"longitude":27.1287}
UserBirthInfo loaded: {name: Test Load User, birthDate: 1988-03-20T00:00:00.000, birthTime: 09:15, birthPlace: Izmir, Turkey, latitude: 38.4192, longitude: 27.1287}
UserBirthInfo cleared from SharedPreferences.
00:11 +395 ~4 -28: C:/dev/AstroYorumAI/test/services/user_preferences_service_test.dart: UserPreferencesService Tests loadUserBirthInfo should handle invalid JSON data gracefully
No UserBirthInfo found in SharedPreferences.
No UserBirthInfo found in SharedPreferences.
UserBirthInfo cleared from SharedPreferences.
00:11 +396 ~4 -28: C:/dev/AstroYorumAI/test/services/user_preferences_service_test.dart: UserPreferencesService Tests loadUserBirthInfo should handle data with missing required fields
No UserBirthInfo found in SharedPreferences.
No UserBirthInfo found in SharedPreferences.
UserBirthInfo cleared from SharedPreferences.
00:11 +397 ~4 -28: C:/dev/AstroYorumAI/test/services/user_preferences_service_test.dart: UserPreferencesService Tests loadUserBirthInfo should handle data with invalid date format
No UserBirthInfo found in SharedPreferences.
No UserBirthInfo found in SharedPreferences.
UserBirthInfo cleared from SharedPreferences.
00:11 +398 ~4 -28: C:/dev/AstroYorumAI/test/services/user_preferences_service_test.dart: UserPreferencesService Tests loadUserBirthInfo should handle data with wrong field types
No UserBirthInfo found in SharedPreferences.
No UserBirthInfo found in SharedPreferences.
UserBirthInfo cleared from SharedPreferences.
00:11 +399 ~4 -28: C:/dev/AstroYorumAI/test/services/user_preferences_service_test.dart: UserPreferencesService Tests clearUserBirthInfo should clear saved UserBirthInfo
UserBirthInfo saved: {"name":"Test User To Clear","birthDate":"1992-08-10T00:00:00.000","birthTime":"16:45","birthPlace":null,"latitude":45.0,"longitude":35.0}
UserBirthInfo loaded: {name: Test User To Clear, birthDate: 1992-08-10T00:00:00.000, birthTime: 16:45, birthPlace: null, latitude: 45.0, longitude: 35.0}
UserBirthInfo cleared from SharedPreferences.
No UserBirthInfo found in SharedPreferences.
UserBirthInfo cleared from SharedPreferences.
00:11 +400 ~4 -28: C:/dev/AstroYorumAI/test/services/user_preferences_service_test.dart: UserPreferencesService Tests clearUserBirthInfo should complete successfully even when no data exists
UserBirthInfo cleared from SharedPreferences.
No UserBirthInfo found in SharedPreferences.
UserBirthInfo cleared from SharedPreferences.
00:11 +401 ~4 -28: C:/dev/AstroYorumAI/test/services/user_preferences_service_test.dart: UserPreferencesService Tests error scenarios should handle SharedPreferences exceptions gracefully
UserBirthInfo saved: {"name":"Error Test User","birthDate":"1985-11-05T00:00:00.000","birthTime":"07:20","birthPlace":null,"latitude":50.0,"longitude":40.0}
UserBirthInfo loaded: {name: Error Test User, birthDate: 1985-11-05T00:00:00.000, birthTime: 07:20, birthPlace: null, latitude: 50.0, longitude: 40.0}
UserBirthInfo cleared from SharedPreferences.
UserBirthInfo cleared from SharedPreferences.
00:11 +402 ~4 -28: C:/dev/AstroYorumAI/test/services/user_preferences_service_test.dart: UserPreferencesService Tests data validation edge cases should handle null birthDate
UserBirthInfo saved: {"name":"Test User","birthDate":null,"birthTime":"12:00","birthPlace":null,"latitude":40.0,"longitude":30.0}
UserBirthInfo loaded but failed validation. Data: {name: Test User, birthDate: null, birthTime: 12:00, birthPlace: null, latitude: 40.0, longitude: 30.0}
UserBirthInfo cleared from SharedPreferences.
UserBirthInfo cleared from SharedPreferences.
00:11 +403 ~4 -28: C:/dev/AstroYorumAI/test/services/user_preferences_service_test.dart: UserPreferencesService Tests data validation edge cases should handle extreme coordinate values
UserBirthInfo saved: {"name":"Extreme Coordinates User","birthDate":"2000-01-01T00:00:00.000","birthTime":"00:00","birthPlace":"North Pole","latitude":90.0,"longitude":180.0}
UserBirthInfo loaded: {name: Extreme Coordinates User, birthDate: 2000-01-01T00:00:00.000, birthTime: 00:00, birthPlace: North Pole, latitude: 90.0, longitude: 180.0}
UserBirthInfo cleared from SharedPreferences.
00:11 +404 ~4 -28: C:/dev/AstroYorumAI/test/services/user_preferences_service_test.dart: UserPreferencesService Tests data validation edge cases should handle very long names and places
UserBirthInfo saved: {"name":"AAAAAAAAAAAAAAAAAAAAAAAAAAAAAAAAAAAAAAAAAAAAAAAAAAAAAAAAAAAAAAAAAAAAAAAAAAAAAAAAAAAAAAAAAAAAAAAAAAAAAAAAAAAAAAAAAAAAAAAAAAAAAAAAAAAAAAAAAAAAAAAAAAAAAAAAAAAAAAAAAAAAAAAAAAAAAAAAAAAAAAAAAAAAAAAAAAAAAAAAAAAAAAAAAAAAAAAAAAAAAAAAAAAAAAAAAAAAAAAAAAAAAAAAAAAAAAAAAAAAAAAAAAAAAAAAAAAAAAAAAAAAAAAAAAAAAAAAAAAAAAAAAAAAAAAAAAAAAAAAAAAAAAAAAAAAAAAAAAAAAAAAAAAAAAAAAAAAAAAAAAAAAAAAAAAAAAAAAAAAAAAAAAAAAAAAAAAAAAAAAAAAAAAAAAAAAAAAAAAAAAAAAAAAAAAAAAAAAAAAAAAAAAAAAAAAAAAAAAAAAAAAAAAAAAAAAAAAAAAAAAAAAAAAAAAAAAAAAAAAAAAAAAAAAAAAAAAAAAAAAAAAAAAAAAAAAAAAAAAAAAAAAAAAAAAAAAAAAAAAAAAAAAAAAAAAAAAAAAAAAAAAAAAAAAAAAAAAAAAAAAAAAAAAAAAAAAAAAAAAAAAAAAAAAAAAAAAAAAAAAAAAAAAAAAAAAAAAAAAAAAAAAAAAAAAAAAAAAAAAAAAAAAAAAAAAAAAAAAAAAAAAAAAAAAAAAAAAAAAAAAAAAAAAAAAAAAAAAAAAAAAAAAAAAAAAAAAAAAAAAAAAAAAAAAAAAAAAAAAAAAAAAAAAAAAAAAAAAAAAAAAAAAAAAAAAAAAAAAAAAAAAAAAAAAAAAAAAAAAAAAAAAAAAAAAAAAAAAAAAAAAAAAAAAAAAAAAAAAAAAAAAAAAAAAAAAAAAAAAAAAAAAAAAAAAAAAAAAAAAAAAAAAAAAAAAAAAAAAAAAAAAAAAAAAAAAAAAAAAAAAAAAAAAAAAAAAAAAAAAAAAAAAAAAAAAAAAAAAAA","birthDate":"1975-06-30T00:00:00.000","birthTime":"23:59","birthPlace":"BBBBBBBBBBBBBBBBBBBBBBBBBBBBBBBBBBBBBBBBBBBBBBBBBBBBBBBBBBBBBBBBBBBBBBBBBBBBBBBBBBBBBBBBBBBBBBBBBBBBBBBBBBBBBBBBBBBBBBBBBBBBBBBBBBBBBBBBBBBBBBBBBBBBBBBBBBBBBBBBBBBBBBBBBBBBBBBBBBBBBBBBBBBBBBBBBBBBBBBBBBBBBBBBBBBBBBBBBBBBBBBBBBBBBBBBBBBBBBBBBBBBBBBBBBBBBBBBBBBBBBBBBBBBBBBBBBBBBBBBBBBBBBBBBBBBBBBBBBBBBBBBBBBBBBBBBBBBBBBBBBBBBBBBBBBBBBBBBBBBBBBBBBBBBBBBBBBBBBBBBBBBBBBBBBBBBBBBBBBBBBBBBBBBBBBBBBBBBBBBBBBBBBBBBBBBBBBBBBBBBBBBBBBBBBBBBBBBBBBBBBBBBBBBBBBBBBBBBBBBBBBBBBBBBBBBBBBBBBBBBBBBBBBBBBBBBBBBBBBBBBBBBBBBBBBBBBBBBBBBBBBBBBBBBBBBBBBBBBBBBBBBBBBBBBBBBBBBBBBBBBBBBBBBBBBBBBBBBBBBBBBBBBBBBBBBBBBBBBBBBBBBBBBBBBBBBBBBBBBBBBBBBBBBBBBBBBBBBBBBBBBBBBBBBBBBBBBBBBBBBBBBBBBBBBBBBBBBBBBBBBBBBBBBBBBBBBBBBBBBBBBBBBBBBBBBBBBBBBBBBBBBBBBBBBBBBBBBBBBBBBBBBBBBBBBBBBBBBBBBBBBBBBBBBBBBBBBBBBBBBBBBBBBBBBBBBBBBBBBBBBBBBBBBBBBBBBBBBBBBBBBBBBBBBBBBBBBBBBBBBBBBBBBBBBBBBBBBBBBBBBBBBBBBBBBBBBBBBBBBBBBBBBBBBBBBBBBBBBBBBBBBBBBBBBBBBBBBBBBBBBBBBBBBBBBBBBBBBBBBBBBBBBBBBBBBBBBBBBBBBBBBBBBBBBBBBBBBBBBBBBBBBBBBBBBBBBBBBBBB","latitude":0.0,"longitude":0.0}
UserBirthInfo loaded: {name: AAAAAAAAAAAAAAAAAAAAAAAAAAAAAAAAAAAAAAAAAAAAAAAAAAAAAAAAAAAAAAAAAAAAAAAAAAAAAAAAAAAAAAAAAAAAAAAAAAAAAAAAAAAAAAAAAAAAAAAAAAAAAAAAAAAAAAAAAAAAAAAAAAAAAAAAAAAAAAAAAAAAAAAAAAAAAAAAAAAAAAAAAAAAAAAAAAAAAAAAAAAAAAAAAAAAAAAAAAAAAAAAAAAAAAAAAAAAAAAAAAAAAAAAAAAAAAAAAAAAAAAAAAAAAAAAAAAAAAAAAAAAAAAAAAAAAAAAAAAAAAAAAAAAAAAAAAAAAAAAAAAAAAAAAAAAAAAAAAAAAAAAAAAAAAAAAAAAAAAAAAAAAAAAAAAAAAAAAAAAAAAAAAAAAAAAAAAAAAAAAAAAAAAAAAAAAAAAAAAAAAAAAAAAAAAAAAAAAAAAAAAAAAAAAAAAAAAAAAAAAAAAAAAAAAAAAAAAAAAAAAAAAAAAAAAAAAAAAAAAAAAAAAAAAAAAAAAAAAAAAAAAAAAAAAAAAAAAAAAAAAAAAAAAAAAAAAAAAAAAAAAAAAAAAAAAAAAAAAAAAAAAAAAAAAAAAAAAAAAAAAAAAAAAAAAAAAAAAAAAAAAAAAAAAAAAAAAAAAAAAAAAAAAAAAAAAAAAAAAAAAAAAAAAAAAAAAAAAAAAAAAAAAAAAAAAAAAAAAAAAAAAAAAAAAAAAAAAAAAAAAAAAAAAAAAAAAAAAAAAAAAAAAAAAAAAAAAAAAAAAAAAAAAAAAAAAAAAAAAAAAAAAAAAAAAAAAAAAAAAAAAAAAAAAAAAAAAAAAAAAAAAAAAAAAAAAAAAAAAAAAAAAAAAAAAAAAAAAAAAAAAAAAAAAAAAAAAAAAAAAAAAAAAAAAAAAAAAAAAAAAAAAAAAAAAAAAAAAAAAAAAAAAAAAAAAAAAAAAAAAAAAAAAAAAAAAAAAAAAAAAAAAAAAAAAAAAAAAAAAAAAAAAAAAAAAAAAAAAAA, birthDate: 1975-06-30T00:00:00.000, birthTime: 23:59, birthPlace: BBBBBBBBBBBBBBBBBBBBBBBBBBBBBBBBBBBBBBBBBBBBBBBBBBBBBBBBBBBBBBBBBBBBBBBBBBBBBBBBBBBBBBBBBBBBBBBBBBBBBBBBBBBBBBBBBBBBBBBBBBBBBBBBBBBBBBBBBBBBBBBBBBBBBBBBBBBBBBBBBBBBBBBBBBBBBBBBBBBBBBBBBBBBBBBBBBBBBBBBBBBBBBBBBBBBBBBBBBBBBBBBBBBBBBBBBBBBBBBBBBBBBBBBBBBBBBBBBBBBBBBBBBBBBBBBBBBBBBBBBBBBBBBBBBBBBBBBBBBBBBBBBBBBBBBBBBBBBBBBBBBBBBBBBBBBBBBBBBBBBBBBBBBBBBBBBBBBBBBBBBBBBBBBBBBBBBBBBBBBBBBBBBBBBBBBBBBBBBBBBBBBBBBBBBBBBBBBBBBBBBBBBBBBBBBBBBBBBBBBBBBBBBBBBBBBBBBBBBBBBBBBBBBBBBBBBBBBBBBBBBBBBBBBBBBBBBBBBBBBBBBBBBBBBBBBBBBBBBBBBBBBBBBBBBBBBBBBBBBBBBBBBBBBBBBBBBBBBBBBBBBBBBBBBBBBBBBBBBBBBBBBBBBBBBBBBBBBBBBBBBBBBBBBBBBBBBBBBBBBBBBBBBBBBBBBBBBBBBBBBBBBBBBBBBBBBBBBBBBBBBBBBBBBBBBBBBBBBBBBBBBBBBBBBBBBBBBBBBBBBBBBBBBBBBBBBBBBBBBBBBBBBBBBBBBBBBBBBBBBBBBBBBBBBBBBBBBBBBBBBBBBBBBBBBBBBBBBBBBBBBBBBBBBBBBBBBBBBBBBBBBBBBBBBBBBBBBBBBBBBBBBBBBBBBBBBBBBBBBBBBBBBBBBBBBBBBBBBBBBBBBBBBBBBBBBBBBBBBBBBBBBBBBBBBBBBBBBBBBBBBBBBBBBBBBBBBBBBBBBBBBBBBBBBBBBBBBBBBBBBBBBBBBBBBBBBBBBBBBBBBBBBBBBBBBBBBBBBBBBBBBBBBBBBBBBBBBBBBBB, latitude: 0.0, longitude: 0.0}
UserBirthInfo cleared from SharedPreferences.
00:11 +405 ~4 -28: C:/dev/AstroYorumAI/test/services/user_preferences_service_test.dart: (tearDownAll)
00:11 +405 ~4 -28: C:/dev/AstroYorumAI/test/widget_test.dart: (setUpAll)
Firebase initialization warning in test: PlatformException(channel-error, Unable to establish connection on channel., null, null)
00:11 +405 ~4 -28: C:/dev/AstroYorumAI/test/widget_test.dart: App launches and shows main screen
No UserBirthInfo found in SharedPreferences.
00:12 +406 ~4 -28: C:/dev/AstroYorumAI/test/widget_test.dart: (tearDownAll)
00:12 +406 ~4 -28: Some tests failed.
